error: could not compile `carpai` (lib) due to 205 previous errors; 64 warnings emitted
