cargo :     Blocking waiting for file lock on build directory
所在位置 行:1 字符: 200
+ ... rgo/CarpAI; cargo check -p carpai > d:/studying/Codecargo/CarpAI/buil ...
+                 ~~~~~~~~~~~~~~~~~~~~~~~~~~~~~~~~~~~~~~~~~~~~~~~~~~~~~~~~~
    + CategoryInfo          : NotSpecified: (    Blocking wa...build directory:String) [], RemoteException
    + FullyQualifiedErrorId : NativeCommandError
 
warning: unreachable pattern
    --> crates\jcode-tui-markdown\src\lib.rs:1347:67
     |
1347 |     matches!(trimmed.chars().next(), Some('✓' | '✗' | '+' | '|' | '+'))
     |                                                       ---         ^^^ no value can reach this
     |                                                       |
     |                                                       matches all the relevant values
     |
     = note: `#[warn(unreachable_patterns)]` (part of `#[warn(unused)]`) on by default

warning: unreachable pattern
   --> crates\jcode-cross-file-repair\src\ast.rs:251:13
    |
233 |             "function_declaration" | "method_definition" | "class_declaration" |
    |             ---------------------- matches all the relevant values
...
251 |             "function_declaration" | "method_declaration" | "type_declaration" => {
    |             ^^^^^^^^^^^^^^^^^^^^^^ no value can reach this
    |
    = note: `#[warn(unreachable_patterns)]` (part of `#[warn(unused)]`) on by default

warning: field `ast_adapter` is never read
 --> crates\jcode-cross-file-repair\src\file_processor.rs:9:5
  |
8 | pub struct CrossFileProcessor<A: AstAdapter> {
  |            ------------------ field in this struct
9 |     ast_adapter: Arc<A>,
  |     ^^^^^^^^^^^
  |
  = note: `#[warn(dead_code)]` (part of `#[warn(unused)]`) on by default

warning: `jcode-tui-markdown` (lib) generated 1 warning
warning: `jcode-cross-file-repair` (lib) generated 2 warnings
warning: unused variable: `v`
   --> crates\jcode-tool-core\src\settings_priority.rs:135:28
    |
135 |         self.get(key).map(|v| {
    |                            ^ help: if this is intentional, prefix it with an underscore: `_v`
    |
    = note: `#[warn(unused_variables)]` (part of `#[warn(unused)]`) on by default

warning: type `SubAgentStatus` is more private than the item `SubAgentPool::snapshot`
   --> crates\jcode-tool-core\src\sub_agent.rs:430:5
    |
430 |     pub async fn snapshot(&self) -> Vec<(SubAgentId, SubAgentStatus, Option<String>)> {
    |     ^^^^^^^^^^^^^^^^^^^^^^^^^^^^^^^^^^^^^^^^^^^^^^^^^^^^^^^^^^^^^^^^^^^^^^^^^^^^^^^^^ method `SubAgentPool::snaps
hot` is reachable at visibility `pub`
    |
note: but type `SubAgentStatus` is only usable at visibility `pub(self)`
   --> crates\jcode-tool-core\src\sub_agent.rs:133:1
    |
133 | enum SubAgentStatus {
    | ^^^^^^^^^^^^^^^^^^^
    = note: `#[warn(private_interfaces)]` on by default

warning: field `messages` is never read
   --> crates\jcode-tool-core\src\streaming_executor.rs:106:5
    |
104 | struct ToolExecutionResult {
    |        ------------------- field in this struct
105 |     /// Result messages (typically one, but could be multiple with progress).
106 |     messages: Vec<ToolResultMessage>,
    |     ^^^^^^^^
    |
    = note: `#[warn(dead_code)]` (part of `#[warn(unused)]`) on by default

warning: fields `has_errored` and `errored_tool_description` are never read
   --> crates\jcode-tool-core\src\streaming_executor.rs:212:5
    |
202 | pub struct StreamingToolExecutor {
    |            --------------------- fields in this struct
...
212 |     has_errored: bool,
    |     ^^^^^^^^^^^
213 |     /// Description of the errored tool (for error messages).
214 |     errored_tool_description: String,
    |     ^^^^^^^^^^^^^^^^^^^^^^^^

warning: associated items `exec_loop` and `all_done` are never used
   --> crates\jcode-tool-core\src\streaming_executor.rs:355:14
    |
221 | impl StreamingToolExecutor {
    | -------------------------- associated items in this implementation
...
355 |     async fn exec_loop(me: &mut Self, cancel_token: &CancellationToken) {
    |              ^^^^^^^^^
...
500 |     fn all_done(&self) -> bool {
    |        ^^^^^^^^

warning: fields `nesting_level`, `created_at`, `started_at`, and `turns_used` are never read
   --> crates\jcode-tool-core\src\sub_agent.rs:176:5
    |
173 | struct SubAgentInstance {
    |        ---------------- fields in this struct
...
176 |     nesting_level: u32,
    |     ^^^^^^^^^^^^^
177 |     current_task: Option<SubAgentTask>,
178 |     created_at: std::time::Instant,
    |     ^^^^^^^^^^
179 |     started_at: Option<std::time::Instant>,
    |     ^^^^^^^^^^
180 |     completed_at: Option<std::time::Instant>,
181 |     turns_used: u32,
    |     ^^^^^^^^^^

warning: fields `description` and `tags` are never read
  --> crates\jcode-tool-core\src\tool_discovery.rs:33:5
   |
31 | struct ToolIndexEntry {
   |        -------------- fields in this struct
32 |     name: String,
33 |     description: String,
   |     ^^^^^^^^^^^
34 |     tags: Vec<String>,
   |     ^^^^

warning: `jcode-tool-core` (lib) generated 7 warnings (run `cargo fix --lib -p jcode-tool-core` to apply 1 suggestion)
warning: struct `CheckResult` is never constructed
 --> crates\jcode-micro-ci\src\phases.rs:8:12
  |
8 | pub struct CheckResult {
  |            ^^^^^^^^^^^
  |
  = note: `#[warn(dead_code)]` (part of `#[warn(unused)]`) on by default

warning: method `clear` is never used
  --> crates\jcode-micro-ci\src\phases.rs:63:12
   |
40 | impl IncrementalCache {
   | --------------------- method in this implementation
...
63 |     pub fn clear(&mut self) {
   |            ^^^^^

warning: struct `GitDiffAstCheck` is never constructed
   --> crates\jcode-micro-ci\src\phases.rs:278:12
    |
278 | pub struct GitDiffAstCheck;
    |            ^^^^^^^^^^^^^^^

warning: associated function `new` is never used
   --> crates\jcode-micro-ci\src\phases.rs:281:12
    |
280 | impl GitDiffAstCheck {
    | -------------------- associated function in this implementation
281 |     pub fn new() -> Self { Self }
    |            ^^^

warning: `jcode-micro-ci` (lib) generated 4 warnings
warning: value assigned to `security_issues` is never read
   --> crates\jcode-skills\src\builtin.rs:292:35
    |
292 |         let mut security_issues = Vec::new();
    |                                   ^^^^^^^^^^
    |
    = help: maybe it is overwritten before being read?
    = note: `#[warn(unused_assignments)]` (part of `#[warn(unused)]`) on by default

warning: value assigned to `performance_issues` is never read
   --> crates\jcode-skills\src\builtin.rs:293:38
    |
293 |         let mut performance_issues = Vec::new();
    |                                      ^^^^^^^^^^
    |
    = help: maybe it is overwritten before being read?

warning: value assigned to `style_issues` is never read
   --> crates\jcode-skills\src\builtin.rs:294:32
    |
294 |         let mut style_issues = Vec::new();
    |                                ^^^^^^^^^^
    |
    = help: maybe it is overwritten before being read?

warning: value assigned to `best_practices` is never read
   --> crates\jcode-skills\src\builtin.rs:295:34
    |
295 |         let mut best_practices = Vec::new();
    |                                  ^^^^^^^^^^
    |
    = help: maybe it is overwritten before being read?

warning: unused variable: `file_path`
   --> crates\jcode-skills\src\builtin.rs:417:54
    |
417 |     async fn check_best_practices(&self, code: &str, file_path: &str, language: &str) -> Vec<BestPracticeSuggesti
on> {
    |                                                      ^^^^^^^^^ help: if this is intentional, prefix it with an un
derscore: `_file_path`
    |
    = note: `#[warn(unused_variables)]` (part of `#[warn(unused)]`) on by default

warning: field `category` is never read
   --> crates\jcode-skills\src\builtin.rs:175:5
    |
171 | struct SecurityRule {
    |        ------------ field in this struct
...
175 |     category: &'static str,
    |     ^^^^^^^^
    |
    = note: `#[warn(dead_code)]` (part of `#[warn(unused)]`) on by default

warning: field `id` is never read
   --> crates\jcode-skills\src\builtin.rs:182:5
    |
181 | struct PerformanceRule {
    |        --------------- field in this struct
182 |     id: &'static str,
    |     ^^

warning: `jcode-skills` (lib) generated 7 warnings (run `cargo fix --lib -p jcode-skills` to apply 1 suggestion)
warning: unused variable: `request`
  --> crates\jcode-mcp-advanced\src\sampling.rs:53:32
   |
53 |     pub async fn sample(&self, request: CreateMessageRequest) -> Result<CreateResult, String> {
   |                                ^^^^^^^ help: if this is intentional, prefix it with an underscore: `_request`
   |
   = note: `#[warn(unused_variables)]` (part of `#[warn(unused)]`) on by default

warning: unused variable: `cb`
  --> crates\jcode-mcp-advanced\src\sampling.rs:58:13
   |
58 |         let cb = self.callback.as_ref().unwrap();
   |             ^^ help: if this is intentional, prefix it with an underscore: `_cb`

warning: unused variable: `auth_code`
   --> crates\jcode-mcp-advanced\src\auth.rs:155:9
    |
155 |         auth_code: &str,
    |         ^^^^^^^^^ help: if this is intentional, prefix it with an underscore: `_auth_code`

warning: type `CreateResult` is more private than the item `SamplingHandler::sample`
  --> crates\jcode-mcp-advanced\src\sampling.rs:53:5
   |
53 |     pub async fn sample(&self, request: CreateMessageRequest) -> Result<CreateResult, String> {
   |     ^^^^^^^^^^^^^^^^^^^^^^^^^^^^^^^^^^^^^^^^^^^^^^^^^^^^^^^^^^^^^^^^^^^^^^^^^^^^^^^^^^^^^^^^^ method `SamplingHand
ler::sample` is reachable at visibility `pub`
   |
note: but type `CreateResult` is only usable at visibility `pub(self)`
  --> crates\jcode-mcp-advanced\src\sampling.rs:85:1
   |
85 | struct CreateResult {
   | ^^^^^^^^^^^^^^^^^^^
   = note: `#[warn(private_interfaces)]` on by default

warning: method `is_connected` is never used
   --> crates\jcode-mcp-advanced\src\transport.rs:328:8
    |
295 | impl TransportEnum {
    | ------------------ method in this implementation
...
328 |     fn is_connected(&self) -> bool {
    |        ^^^^^^^^^^^^
    |
    = note: `#[warn(dead_code)]` (part of `#[warn(unused)]`) on by default

warning: field `session_id` is never read
   --> crates\jcode-mcp-advanced\src\transport.rs:452:5
    |
449 | pub struct HttpTransport {
    |            ------------- field in this struct
...
452 |     session_id: Arc<tokio::sync::RwLock<Option<String>>>,
    |     ^^^^^^^^^^
    |
    = note: `HttpTransport` has derived impls for the traits `Clone` and `Debug`, but these are intentionally ignored d
uring dead code analysis

warning: field `sampling_handler` is never read
  --> crates\jcode-mcp-advanced\src\client.rs:57:5
   |
44 | pub struct MCPClient {
   |            --------- field in this struct
...
57 |     sampling_handler: Arc<RwLock<Option<SamplingHandler>>>,
   |     ^^^^^^^^^^^^^^^^

warning: fields `role`, `content`, `model`, and `stop_reason` are never read
  --> crates\jcode-mcp-advanced\src\sampling.rs:86:5
   |
85 | struct CreateResult {
   |        ------------ fields in this struct
86 |     role: String,
   |     ^^^^
87 |     content: ContentBlock,
   |     ^^^^^^^
88 |     model: Option<String>,
   |     ^^^^^
89 |     stop_reason: Option<String>,
   |     ^^^^^^^^^^^

warning: field `metadata_cache` is never read
  --> crates\jcode-mcp-advanced\src\auth.rs:65:5
   |
59 | pub struct McpAuthManager {
   |            -------------- field in this struct
...
65 |     metadata_cache: Arc<Mutex<HashMap<String, AuthServerMetadata>>>,
   |     ^^^^^^^^^^^^^^

warning: unused implementer of `std::future::Future` that must be used
  --> crates\jcode-mcp-advanced\src\client.rs:98:9
   |
98 |         self.conn_manager.set_state(ConnectionState::Connecting);
   |         ^^^^^^^^^^^^^^^^^^^^^^^^^^^^^^^^^^^^^^^^^^^^^^^^^^^^^^^^
   |
   = note: futures do nothing unless you `.await` or poll them
   = note: `#[warn(unused_must_use)]` (part of `#[warn(unused)]`) on by default

warning: unused implementer of `std::future::Future` that must be used
   --> crates\jcode-mcp-advanced\src\client.rs:111:17
    |
111 | /                 self.conn_manager.set_state(ConnectionState::Failed {
112 | |                     error: e.to_string(),
113 | |                     retryable: matches!(e, TransportError::Io(_)),
114 | |                 });
    | |__________________^
    |
    = note: futures do nothing unless you `.await` or poll them

warning: unused `Result` that must be used
   --> crates\jcode-mcp-advanced\src\client.rs:123:9
    |
123 |         self.send_initialized_notification().await;
    |         ^^^^^^^^^^^^^^^^^^^^^^^^^^^^^^^^^^^^^^^^^^
    |
    = note: this `Result` may be an `Err` variant, which should be handled
help: use `let _ = ...` to ignore the resulting value
    |
123 |         let _ = self.send_initialized_notification().await;
    |         +++++++

warning: unused implementer of `std::future::Future` that must be used
   --> crates\jcode-mcp-advanced\src\client.rs:132:9
    |
132 | /         self.conn_manager.set_state(ConnectionState::Connected {
133 | |             capabilities: init_result.capabilities,
134 | |             server_info: Some(init_result.server_info),
135 | |         });
    | |__________^
    |
    = note: futures do nothing unless you `.await` or poll them

warning: unused implementer of `std::future::Future` that must be used
   --> crates\jcode-mcp-advanced\src\client.rs:204:9
    |
204 | /         self.conn_manager.set_state(ConnectionState::Disconnected {
205 | |             reason: "Client initiated disconnect".into(),
206 | |         });
    | |__________^
    |
    = note: futures do nothing unless you `.await` or poll them

warning: use of deprecated unit struct `ast_operations::RegexAstOperations`: Use TreeSitterAstOperations instead — rege
x-based operations lack scope awareness and may incorrectly match comments/strings
  --> crates\jcode-lsp\src\lib.rs:93:5
   |
93 |     RegexAstOperations,
   |     ^^^^^^^^^^^^^^^^^^
   |
   = note: `#[warn(deprecated)]` on by default

warning: use of deprecated struct `ast_operations::RegexAstOperations`: Use TreeSitterAstOperations instead — regex-bas
ed operations lack scope awareness and may incorrectly match comments/strings
   --> crates\jcode-lsp\src\ast_operations.rs:125:18
    |
125 | impl Default for RegexAstOperations {
    |                  ^^^^^^^^^^^^^^^^^^

warning: use of deprecated struct `ast_operations::RegexAstOperations`: Use TreeSitterAstOperations instead — regex-bas
ed operations lack scope awareness and may incorrectly match comments/strings
   --> crates\jcode-lsp\src\ast_operations.rs:131:6
    |
131 | impl RegexAstOperations {
    |      ^^^^^^^^^^^^^^^^^^

warning: use of deprecated struct `ast_operations::RegexAstOperations`: Use TreeSitterAstOperations instead — regex-bas
ed operations lack scope awareness and may incorrectly match comments/strings
   --> crates\jcode-lsp\src\ast_operations.rs:260:24
    |
260 | impl AstOperations for RegexAstOperations {
    |                        ^^^^^^^^^^^^^^^^^^

warning: use of deprecated struct `ast_operations::RegexAstOperations`: Use TreeSitterAstOperations instead — regex-bas
ed operations lack scope awareness and may incorrectly match comments/strings
    --> crates\jcode-lsp\src\ast_operations.rs:1056:29
     |
1056 |         let selected_code = RegexAstOperations::extract_lines(&content, params.start_line, params.end_line);
     |                             ^^^^^^^^^^^^^^^^^^

warning: use of deprecated struct `ast_operations::RegexAstOperations`: Use TreeSitterAstOperations instead — regex-bas
ed operations lack scope awareness and may incorrectly match comments/strings
    --> crates\jcode-lsp\src\ast_operations.rs:1147:33
     |
1147 |             let function_body = RegexAstOperations::new().extract_function_body(&content, func_start, func_end);
     |                                 ^^^^^^^^^^^^^^^^^^

warning: use of deprecated struct `ast_operations::RegexAstOperations`: Use TreeSitterAstOperations instead — regex-bas
ed operations lack scope awareness and may incorrectly match comments/strings
    --> crates\jcode-lsp\src\ast_operations.rs:1284:20
     |
1284 |             return RegexAstOperations::new().encapsulate_field(params).await;
     |                    ^^^^^^^^^^^^^^^^^^

warning: use of deprecated struct `ast_operations::RegexAstOperations`: Use TreeSitterAstOperations instead — regex-bas
ed operations lack scope awareness and may incorrectly match comments/strings
    --> crates\jcode-lsp\src\ast_operations.rs:1290:24
     |
1290 |                 return RegexAstOperations::new().encapsulate_field(params).await;
     |                        ^^^^^^^^^^^^^^^^^^

warning: use of deprecated struct `ast_operations::RegexAstOperations`: Use TreeSitterAstOperations instead — regex-bas
ed operations lack scope awareness and may incorrectly match comments/strings
    --> crates\jcode-lsp\src\ast_operations.rs:1423:30
     |
1423 |             let symbol_def = RegexAstOperations::extract_lines(&source_content, start, end);
     |                              ^^^^^^^^^^^^^^^^^^

warning: use of deprecated struct `ast_operations::RegexAstOperations`: Use TreeSitterAstOperations instead — regex-bas
ed operations lack scope awareness and may incorrectly match comments/strings
    --> crates\jcode-lsp\src\ast_operations.rs:1460:13
     |
1460 |             RegexAstOperations::new().move_symbol(file_path, symbol_name, target_path).await
     |             ^^^^^^^^^^^^^^^^^^

warning: use of deprecated field `lsp_types::InitializeParams::root_uri`: Use `workspace_folders` instead when possible
   --> crates\jcode-lsp\src\client.rs:343:13
    |
343 |             root_uri: root_uri.or_else(|| Url::from_file_path(std::env::current_dir().unwrap_or_default()).ok()),
    |             ^^^^^^^^^^^^^^^^^^^^^^^^^^^^^^^^^^^^^^^^^^^^^^^^^^^^^^^^^^^^^^^^^^^^^^^^^^^^^^^^^^^^^^^^^^^^^^^^^^^^

warning: type `DocumentStats` is more private than the item `DocumentSyncManager::get_document_stats`
   --> crates\jcode-lsp\src\document_sync.rs:281:5
    |
281 |     pub async fn get_document_stats(&self, uri: &str) -> Option<DocumentStats> {
    |     ^^^^^^^^^^^^^^^^^^^^^^^^^^^^^^^^^^^^^^^^^^^^^^^^^^^^^^^^^^^^^^^^^^^^^^^^^^ method `DocumentSyncManager::get_d
ocument_stats` is reachable at visibility `pub`
    |
note: but type `DocumentStats` is only usable at visibility `pub(self)`
   --> crates\jcode-lsp\src\document_sync.rs:64:1
    |
 64 | struct DocumentStats {
    | ^^^^^^^^^^^^^^^^^^^^
    = note: `#[warn(private_interfaces)]` on by default

warning: type `GlobalStats` is more private than the item `DiagnosticsManager::get_global_stats`
   --> crates\jcode-lsp\src\diagnostics.rs:317:5
    |
317 |     pub async fn get_global_stats(&self) -> GlobalStats {
    |     ^^^^^^^^^^^^^^^^^^^^^^^^^^^^^^^^^^^^^^^^^^^^^^^^^^^ method `DiagnosticsManager::get_global_stats` is reachabl
e at visibility `pub`
    |
note: but type `GlobalStats` is only usable at visibility `pub(self)`
   --> crates\jcode-lsp\src\diagnostics.rs:147:1
    |
147 | struct GlobalStats {
    | ^^^^^^^^^^^^^^^^^^

warning: fields `stdout`, `root_uri`, and `on_crash` are never read
   --> crates\jcode-lsp\src\client.rs:109:5
    |
101 | pub struct LspClient {
    |            --------- fields in this struct
...
109 |     stdout: Arc<RwLock<Option<tokio::process::ChildStdout>>>,
    |     ^^^^^^
...
115 |     root_uri: Arc<RwLock<Url>>,
    |     ^^^^^^^^
...
142 |     on_crash: Arc<RwLock<Option<Box<dyn Fn(LspError) + Send + Sync>>>>,
    |     ^^^^^^^^
    |
    = note: `#[warn(dead_code)]` (part of `#[warn(unused)]`) on by default

warning: field `ext_to_lang` is never read
   --> crates\jcode-lsp\src\server_manager.rs:281:5
    |
270 | pub struct LspServerManager {
    |            ---------------- field in this struct
...
281 |     ext_to_lang: HashMap<String, String>,
    |     ^^^^^^^^^^^

warning: field `language_id` is never read
  --> crates\jcode-lsp\src\document_sync.rs:43:5
   |
35 | struct DocumentState {
   |        ------------- field in this struct
...
43 |     language_id: String,
   |     ^^^^^^^^^^^

warning: fields `timestamp`, `range`, `new_text`, and `old_text_length` are never read
  --> crates\jcode-lsp\src\document_sync.rs:57:5
   |
56 | struct DocumentChange {
   |        -------------- fields in this struct
57 |     timestamp: std::time::Instant,
   |     ^^^^^^^^^
58 |     range: Option<Range>,
   |     ^^^^^
59 |     new_text: String,
   |     ^^^^^^^^
60 |     old_text_length: u32,
   |     ^^^^^^^^^^^^^^^
   |
   = note: `DocumentChange` has derived impls for the traits `Clone` and `Debug`, but these are intentionally ignored d
uring dead code analysis

warning: fields `uri`, `received_at`, `is_read`, and `quick_fixes` are never read
  --> crates\jcode-lsp\src\diagnostics.rs:63:5
   |
58 | pub struct EnhancedDiagnostic {
   |            ------------------ fields in this struct
...
63 |     uri: Url,
   |     ^^^
...
66 |     received_at: std::time::Instant,
   |     ^^^^^^^^^^^
...
69 |     is_read: bool,
   |     ^^^^^^^
...
72 |     quick_fixes: Vec<CodeAction>,
   |     ^^^^^^^^^^^
   |
   = note: `EnhancedDiagnostic` has derived impls for the traits `Clone` and `Debug`, but these are intentionally ignor
ed during dead code analysis

warning: field `max_cached_files` is never read
   --> crates\jcode-lsp\src\diagnostics.rs:160:5
    |
158 | pub struct DiagnosticsConfig {
    |            ----------------- field in this struct
159 |     /// 最大缓存文件数
160 |     max_cached_files: usize,
    |     ^^^^^^^^^^^^^^^^
    |
    = note: `DiagnosticsConfig` has derived impls for the traits `Clone` and `Debug`, but these are intentionally ignor
ed during dead code analysis

warning: variants `Default`, `Contextual`, and `Frequency` are never constructed
  --> crates\jcode-lsp\src\completion.rs:51:5
   |
49 | pub enum CompletionSortStrategy {
   |          ---------------------- variants in this enum
50 |     /// 默认 LSP 排序
51 |     Default,
   |     ^^^^^^^
...
54 |     Contextual,
   |     ^^^^^^^^^^
...
57 |     Frequency,
   |     ^^^^^^^^^
   |
   = note: `CompletionSortStrategy` has derived impls for the traits `Clone` and `Debug`, but these are intentionally i
gnored during dead code analysis

warning: function `expand_simple_snippet` is never used
   --> crates\jcode-lsp\src\completion.rs:371:8
    |
371 | pub fn expand_simple_snippet(snippet: &str) -> Option<(String, Vec<usize>)> {
    |        ^^^^^^^^^^^^^^^^^^^^^

warning: trait `WithPerformanceTracking` is never used
   --> crates\jcode-lsp\src\performance.rs:538:11
    |
538 | pub trait WithPerformanceTracking {
    |           ^^^^^^^^^^^^^^^^^^^^^^^

warning: struct `LruCache` is never constructed
   --> crates\jcode-lsp\src\performance.rs:647:12
    |
647 | pub struct LruCache<K, V> where K: Eq + std::hash::Hash + Clone, V: Clone {
    |            ^^^^^^^^

warning: multiple associated items are never used
   --> crates\jcode-lsp\src\performance.rs:660:12
    |
656 | / impl<K, V> LruCache<K, V>
657 | | where K: Eq + std::hash::Hash + Clone,
658 | |       V: Clone,
    | |_______________- associated items in this implementation
659 |   {
660 |       pub fn new(capacity: usize, ttl: Duration) -> Self {
    |              ^^^
...
671 |       pub fn get(&self, key: &K) -> Option<V> {
    |              ^^^
...
687 |       pub fn put(&mut self, key: K, value: V) {
    |              ^^^
...
701 |       pub fn clear_expired(&mut self) -> usize {
    |              ^^^^^^^^^^^^^
...
707 |       pub fn hit_rate(&self) -> f64 {
    |              ^^^^^^^^
...
715 |       pub fn len(&self) -> usize { self.map.len() }
    |              ^^^
716 |       
717 |       pub fn is_empty(&self) -> bool { self.map.is_empty() }
    |              ^^^^^^^^

warning: struct `RequestBatcher` is never constructed
   --> crates\jcode-lsp\src\performance.rs:721:12
    |
721 | pub struct RequestBatcher<T> {
    |            ^^^^^^^^^^^^^^

warning: associated items `new`, `add_request`, `flush`, and `pending_count` are never used
   --> crates\jcode-lsp\src\performance.rs:729:12
    |
728 | impl<T> RequestBatcher<T> {
    | ------------------------- associated items in this implementation
729 |     pub fn new(batch_size: usize, batch_timeout: Duration) -> Self {
    |            ^^^
...
739 |     pub fn add_request(&mut self, request: T) -> Option<Vec<T>> {
    |            ^^^^^^^^^^^
...
754 |     pub fn flush(&mut self) -> Option<Vec<T>> {
    |            ^^^^^
...
764 |     pub fn pending_count(&self) -> usize { self.pending.len() }
    |            ^^^^^^^^^^^^^

warning: struct `BufferPool` is never constructed
   --> crates\jcode-lsp\src\performance.rs:768:12
    |
768 | pub struct BufferPool<T> {
    |            ^^^^^^^^^^

warning: associated items `new`, `acquire`, `release`, and `available` are never used
   --> crates\jcode-lsp\src\performance.rs:775:12
    |
774 | impl<T: Default + Clone> BufferPool<T> {
    | -------------------------------------- associated items in this implementation
775 |     pub fn new(default_capacity: usize, max_pool_size: usize) -> Self {
    |            ^^^
...
784 |     pub fn acquire(&mut self) -> Vec<T> {
    |            ^^^^^^^
...
789 |     pub fn release(&mut self, mut buffer: Vec<T>) {
    |            ^^^^^^^
...
798 |     pub fn available(&self) -> usize { self.pool.len() }
    |            ^^^^^^^^^

warning: struct `ConcurrencyLimiter` is never constructed
   --> crates\jcode-lsp\src\performance.rs:802:12
    |
802 | pub struct ConcurrencyLimiter {
    |            ^^^^^^^^^^^^^^^^^^

warning: associated items `new`, `acquire_permit`, `try_acquire_permit`, and `available_permits` are never used
   --> crates\jcode-lsp\src\performance.rs:808:12
    |
807 | impl ConcurrencyLimiter {
    | ----------------------- associated items in this implementation
808 |     pub fn new(max_concurrent: usize) -> Self {
    |            ^^^
...
816 |     pub async fn acquire_permit(&self) -> tokio::sync::SemaphorePermit<'_> {
    |                  ^^^^^^^^^^^^^^
...
821 |     pub fn try_acquire_permit(&self) -> Option<tokio::sync::SemaphorePermit<'_>> {
    |            ^^^^^^^^^^^^^^^^^^
...
826 |     pub fn available_permits(&self) -> usize {
    |            ^^^^^^^^^^^^^^^^^

warning: methods `language_id` and `supported_extensions` are never used
   --> crates\jcode-lsp\src\tree_sitter.rs:514:8
    |
512 | pub trait LanguageParser: Send + Sync {
    |           -------------- methods in this trait
513 |     async fn parse(&self, source: &str) -> Result<AstNode, ParseError>;
514 |     fn language_id(&self) -> LanguageId;
    |        ^^^^^^^^^^^
515 |     fn supported_extensions(&self) -> Vec<&str>;
    |        ^^^^^^^^^^^^^^^^^^^^

warning: fields `block_id` and `children` are never read
   --> crates\jcode-lsp\src\enhanced_tree_sitter.rs:252:5
    |
251 | struct DominatorTreeNode {
    |        ----------------- fields in this struct
252 |     block_id: BlockId,
    |     ^^^^^^^^
253 |     children: Vec<Box<DominatorTreeNode>>,
    |     ^^^^^^^^
    |
    = note: `DominatorTreeNode` has derived impls for the traits `Clone` and `Debug`, but these are intentionally ignor
ed during dead code analysis

warning: field `root` is never read
   --> crates\jcode-lsp\src\enhanced_tree_sitter.rs:259:5
    |
258 | pub struct DominatorTree {
    |            ------------- field in this struct
259 |     root: Option<Box<DominatorTreeNode>>,
    |     ^^^^
    |
    = note: `DominatorTree` has derived impls for the traits `Clone` and `Debug`, but these are intentionally ignored d
uring dead code analysis

warning: unused implementer of `futures::Future` that must be used
   --> crates\jcode-lsp\src\diagnostics.rs:570:9
    |
570 |         engine.register_builtin_patterns();
    |         ^^^^^^^^^^^^^^^^^^^^^^^^^^^^^^^^^^
    |
    = note: futures do nothing unless you `.await` or poll them
    = note: `#[warn(unused_must_use)]` (part of `#[warn(unused)]`) on by default

warning: struct `DefaultCandidateGenerator` is never constructed
  --> crates\jcode-completion\src\llm_candidate.rs:82:12
   |
82 | pub struct DefaultCandidateGenerator;
   |            ^^^^^^^^^^^^^^^^^^^^^^^^^
   |
   = note: `#[warn(dead_code)]` (part of `#[warn(unused)]`) on by default

warning: associated items `new` and `candidates_for_context` are never used
  --> crates\jcode-completion\src\llm_candidate.rs:85:12
   |
84 | impl DefaultCandidateGenerator {
   | ------------------------------ associated items in this implementation
85 |     pub fn new() -> Self { Self }
   |            ^^^
86 |
87 |     fn candidates_for_context(&self, ctx: &CompletionContext) -> Vec<CompletionCandidate> {
   |        ^^^^^^^^^^^^^^^^^^^^^^

warning: field `field_preferences` is never read
  --> crates\jcode-completion\src\memory_ranker.rs:76:5
   |
73 | pub struct DefaultMemoryRanker {
   |            ------------------- field in this struct
...
76 |     field_preferences: RwLock<HashMap<String, f64>>,
   |     ^^^^^^^^^^^^^^^^^

warning: method `tracker` is never used
  --> crates\jcode-completion\src\memory_ranker.rs:87:12
   |
79 | impl DefaultMemoryRanker {
   | ------------------------ method in this implementation
...
87 |     pub fn tracker(&self) -> Arc<UsageTracker> { self.tracker.clone() }
   |            ^^^^^^^

warning: field `server_name` is never read
  --> crates\jcode-completion\src\lsp_provider.rs:21:5
   |
19 | pub struct LspConnection {
   |            ------------- field in this struct
20 |     child: Mutex<Option<std::process::Child>>,
21 |     server_name: String,
   |     ^^^^^^^^^^^

warning: fields `let_re`, `import_re`, `generic_re`, and `lambda_re` are never read
  --> crates\jcode-completion\src\treesitter_provider.rs:31:5
   |
28 | pub struct TreeSitterAstProvider {
   |            --------------------- fields in this struct
...
31 |     let_re: Regex,
   |     ^^^^^^
32 |     import_re: Regex,
   |     ^^^^^^^^^
33 |     generic_re: Regex,
   |     ^^^^^^^^^^
34 |     lambda_re: Regex,
   |     ^^^^^^^^^

warning: `jcode-mcp-advanced` (lib) generated 14 warnings (run `cargo fix --lib -p jcode-mcp-advanced` to apply 3 sugge
stions)
warning: `jcode-lsp` (lib) generated 34 warnings
warning: `jcode-completion` (lib) generated 6 warnings
warning: function `command_parts` is never used
   --> crates\jcode-terminal-launch\src\lib.rs:345:4
    |
345 | fn command_parts(command: &TerminalCommand) -> Vec<String> {
    |    ^^^^^^^^^^^^^
    |
    = note: `#[warn(dead_code)]` (part of `#[warn(unused)]`) on by default

warning: `jcode-terminal-launch` (lib) generated 1 warning
    Checking carpai v0.12.0 (D:\studying\Codecargo\CarpAI)
error: cannot use a comma after the base struct
   --> src\completion\bash\registry.rs:300:9
    |
300 |         ..Default::default(),
    |         ^^^^^^^^^^^^^^^^^^^^
    |
    = note: the base struct must always be the last field
help: remove this comma
    |
300 -         ..Default::default(),
300 +         ..Default::default()
    |

error: cannot use a comma after the base struct
   --> src\completion\bash\registry.rs:336:9
    |
336 |         ..Default::default(),
    |         ^^^^^^^^^^^^^^^^^^^^
    |
    = note: the base struct must always be the last field
help: remove this comma
    |
336 -         ..Default::default(),
336 +         ..Default::default()
    |

error: cannot use a comma after the base struct
   --> src\completion\bash\registry.rs:351:9
    |
351 |         ..Default::default(),
    |         ^^^^^^^^^^^^^^^^^^^^
    |
    = note: the base struct must always be the last field
help: remove this comma
    |
351 -         ..Default::default(),
351 +         ..Default::default()
    |

error: cannot use a comma after the base struct
   --> src\completion\bash\registry.rs:382:9
    |
382 |         ..Default::default(),
    |         ^^^^^^^^^^^^^^^^^^^^
    |
    = note: the base struct must always be the last field
help: remove this comma
    |
382 -         ..Default::default(),
382 +         ..Default::default()
    |

error: cannot use a comma after the base struct
   --> src\completion\bash\registry.rs:414:9
    |
414 |         ..Default::default(),
    |         ^^^^^^^^^^^^^^^^^^^^
    |
    = note: the base struct must always be the last field
help: remove this comma
    |
414 -         ..Default::default(),
414 +         ..Default::default()
    |

error: cannot use a comma after the base struct
   --> src\completion\bash\registry.rs:475:9
    |
475 |         ..Default::default(),
    |         ^^^^^^^^^^^^^^^^^^^^
    |
    = note: the base struct must always be the last field
help: remove this comma
    |
475 -         ..Default::default(),
475 +         ..Default::default()
    |

error: cannot use a comma after the base struct
   --> src\completion\bash\registry.rs:597:9
    |
597 |         ..Default::default(),
    |         ^^^^^^^^^^^^^^^^^^^^
    |
    = note: the base struct must always be the last field
help: remove this comma
    |
597 -         ..Default::default(),
597 +         ..Default::default()
    |

error: cannot use a comma after the base struct
   --> src\completion\bash\registry.rs:607:9
    |
607 |         ..Default::default(),
    |         ^^^^^^^^^^^^^^^^^^^^
    |
    = note: the base struct must always be the last field
help: remove this comma
    |
607 -         ..Default::default(),
607 +         ..Default::default()
    |

error: cannot use a comma after the base struct
   --> src\completion\bash\registry.rs:628:13
    |
628 |             ..Default::default(),
    |             ^^^^^^^^^^^^^^^^^^^^
    |
    = note: the base struct must always be the last field
help: remove this comma
    |
628 -             ..Default::default(),
628 +             ..Default::default()
    |

error: cannot use a comma after the base struct
   --> src\completion\bash\registry.rs:686:9
    |
686 |         ..Default::default(),
    |         ^^^^^^^^^^^^^^^^^^^^
    |
    = note: the base struct must always be the last field
help: remove this comma
    |
686 -         ..Default::default(),
686 +         ..Default::default()
    |

error: cannot use a comma after the base struct
   --> src\completion\bash\registry.rs:701:9
    |
701 |         ..Default::default(),
    |         ^^^^^^^^^^^^^^^^^^^^
    |
    = note: the base struct must always be the last field
help: remove this comma
    |
701 -         ..Default::default(),
701 +         ..Default::default()
    |

error: cannot use a comma after the base struct
   --> src\completion\bash\registry.rs:715:9
    |
715 |         ..Default::default(),
    |         ^^^^^^^^^^^^^^^^^^^^
    |
    = note: the base struct must always be the last field
help: remove this comma
    |
715 -         ..Default::default(),
715 +         ..Default::default()
    |

error: cannot use a comma after the base struct
   --> src\completion\bash\registry.rs:736:13
    |
736 |             ..Default::default(),
    |             ^^^^^^^^^^^^^^^^^^^^
    |
    = note: the base struct must always be the last field
help: remove this comma
    |
736 -             ..Default::default(),
736 +             ..Default::default()
    |

error: expected one of `,`, `.`, `?`, `}`, or an operator, found `default_value`
   --> src\completion\bash\registry.rs:558:25
    |
554 |                 ArgSpec { 
    |                 ------- while parsing this struct
...
557 |                     required: false 
    |                                    -
    |                                    |
    |                                    expected one of `,`, `.`, `?`, `}`, or an operator
    |                                    help: try adding a comma: `,`
558 |                         default_value: None,
    |                         ^^^^^^^^^^^^^ unexpected token

error: expected one of `,`, `.`, `?`, `}`, or an operator, found `default_value`
   --> src\completion\bash\registry.rs:659:25
    |
651 |                 ArgSpec { 
    |                 ------- while parsing this struct
...
658 |                     required: true 
    |                                   -
    |                                   |
    |                                   expected one of `,`, `.`, `?`, `}`, or an operator
    |                                   help: try adding a comma: `,`
659 |                         default_value: None,
    |                         ^^^^^^^^^^^^^ unexpected token

error: argument never used
   --> src\reasoning\cot_engine.rs:918:13
    |
912 | /             "## 验证确认\n\n\
913 | |              对推导结果进行验证...\n\n\
914 | |              ✅ 一致性检查: 通过\n\
915 | |              ✅ 边界情况检查: 通过\n\
916 | |              ✅ 约束满足检查: 通过\n\n\
917 | |              **验证结论**: 推导合理可信",
    | |________________________________________- formatting specifier missing
918 | /             previous_steps.last()
919 | |                 .map(|s| s.description.as_str())
920 | |                 .unwrap_or("无")
    | |________________________________^ argument never used
    |
help: format specifiers use curly braces, consider adding a format specifier
    |
912 |             "## 验证确认\n\n\
...
916 |              ✅ 约束满足检查: 通过\n\n\
917 ~              **验证结论**: 推导合理可信{}",
    |

error: 12 positional arguments in format string, but there are 10 arguments
   --> src\nlp\skeletons.rs:207:24
    |
207 |         r#">// Package {} - Auto-generated by Carpai NLP Engine
    |                        ^^
208 | //
209 | // Generated at: {}
    |                  ^^
...
212 | // {}
    |    ^^
...
221 | // {} represents the main application/component
    |    ^^
222 | type {} struct {{
    |      ^^
...
227 | // New creates a new instance of {}
    |                                  ^^
228 | func New() *{} {{
    |             ^^
229 |     return &{}{{
    |             ^^
230 |         Name: "{}",
    |                ^^
...
236 | func (app *{}) Run() error {{
    |            ^^
237 |     log.Println("Starting {}...")
    |                           ^^
...
240 |     // Original: {}
    |                  ^^
...
252 |         analysis.key_concepts.first().unwrap_or(&"main".to_string()),
    |         ------------------------------------------------------------
253 |         chrono::Local::now().format("%Y-%m-%d").to_string(),
    |         ---------------------------------------------------
254 |         analysis.original_text.chars().take(200).collect::<String>(),
    |         ------------------------------------------------------------
255 |         analysis.key_concepts.first().unwrap_or(&"App".to_string()),
    |         -----------------------------------------------------------
256 |         analysis.key_concepts.first().unwrap_or(&"App".to_string()),
    |         -----------------------------------------------------------
257 |         analysis.key_concepts.first().unwrap_or(&"App".to_string()),
    |         -----------------------------------------------------------
258 |         analysis.key_concepts.first().unwrap_or(&"App".to_string()),
    |         -----------------------------------------------------------
259 |         analysis.key_concepts.first().unwrap_or(&"App".to_string()),
    |         -----------------------------------------------------------
260 |         analysis.original_text.chars().take(100).collect::<String>(),
    |         ------------------------------------------------------------
261 |         analysis.original_text.chars().take(50).collect::<String>()
    |         -----------------------------------------------------------

error[E0432]: unresolved import `crate::tui::RunResult`
 --> src\cli\hot_exec.rs:5:20
  |
5 | use crate::{build, tui::RunResult, update};
  |                    ^^^^^^^^^^^^^^ no `RunResult` in `tui`

error[E0432]: unresolved import `super::RunResult`
 --> src\tui\app\replay.rs:1:52
  |
1 | use super::{App, DisplayMessage, ProcessingStatus, RunResult};
  |                                                    ^^^^^^^^^
  |                                                    |
  |                                                    no `RunResult` in `tui::app`
  |                                                    help: a similar name exists in the module: `TuiResult`

error[E0432]: unresolved import `app::RunResult`
  --> src\tui\mod.rs:37:56
   |
37 | pub use app::{App, CopyBadgeUiState, ProcessingStatus, RunResult};
   |                                                        ^^^^^^^^^
   |                                                        |
   |                                                        no `RunResult` in `tui::app`
   |                                                        help: a similar name exists in the module: `TuiResult`

error[E0425]: cannot find function, tuple struct or tuple variant `AssertUnwindSafe` in this scope
   --> src\provider\openai_provider_impl.rs:317:26
    |
317 |             let result = AssertUnwindSafe(stream_task).catch_unwind().await;
    |                          ^^^^^^^^^^^^^^^^ not found in this scope
    |
help: consider importing this tuple struct
    |
  1 + use std::panic::AssertUnwindSafe;
    |

error[E0433]: failed to resolve: use of undeclared type `ReceiverStream`
   --> src\provider\openai_provider_impl.rs:337:21
    |
337 |         Ok(Box::pin(ReceiverStream::new(rx)))
    |                     ^^^^^^^^^^^^^^ use of undeclared type `ReceiverStream`
    |
    = note: struct `crate::provider::openrouter::openrouter_sse_stream::ReceiverStream` exists but is inaccessible
help: consider importing this struct
    |
  1 + use tokio_stream::wrappers::ReceiverStream;
    |

error[E0433]: failed to resolve: use of unresolved module or unlinked crate `oauth`
  --> src\provider\openai_stream_runtime.rs:34:21
   |
34 |     let refreshed = oauth::refresh_openai_tokens(&refresh_token).await?;
   |                     ^^^^^ use of unresolved module or unlinked crate `oauth`
   |
   = help: if you wanted to use a crate named `oauth`, use `cargo add oauth` to add it to your `Cargo.toml`
help: consider importing this module
   |
 1 + use crate::auth::oauth;
   |

error[E0425]: cannot find type `WsError` in this scope
   --> src\provider\openai_stream_runtime.rs:208:44
    |
208 | pub(super) fn is_ws_upgrade_required(err: &WsError) -> bool {
    |                                            ^^^^^^^ not found in this scope

error[E0433]: failed to resolve: use of undeclared type `HashSet`
   --> src\provider\openai_stream_runtime.rs:365:36
    |
365 |     let mut completed_tool_items = HashSet::new();
    |                                    ^^^^^^^ use of undeclared type `HashSet`
    |
    = note: struct `crate::tui::session_picker::render::HashSet` exists but is inaccessible
help: consider importing this struct
    |
  1 + use std::collections::HashSet;
    |

error[E0425]: cannot find type `VecDeque` in this scope
   --> src\provider\openai_stream_runtime.rs:367:22
    |
367 |     let mut pending: VecDeque<StreamEvent> = VecDeque::new();
    |                      ^^^^^^^^ not found in this scope
    |
    = note: struct `crate::tui::ui::status_support::VecDeque` exists but is inaccessible
help: consider importing this struct
    |
  1 + use std::collections::VecDeque;
    |

error[E0433]: failed to resolve: use of undeclared type `VecDeque`
   --> src\provider\openai_stream_runtime.rs:367:46
    |
367 |     let mut pending: VecDeque<StreamEvent> = VecDeque::new();
    |                                              ^^^^^^^^ use of undeclared type `VecDeque`
    |
    = note: struct `crate::tui::ui::status_support::VecDeque` exists but is inaccessible
help: consider importing this struct
    |
  1 + use std::collections::VecDeque;
    |

error[E0433]: failed to resolve: use of undeclared type `HeaderValue`
   --> src\provider\openai_stream_runtime.rs:582:9
    |
582 |         HeaderValue::from_str(&format!("Bearer {}", access_token)).map_err(|err| {
    |         ^^^^^^^^^^^ use of undeclared type `HeaderValue`
    |
help: consider importing one of these items
    |
  1 + use attohttpc::header::HeaderValue;
    |
  1 + use aws_sdk_bedrockruntime::primitives::event_stream::HeaderValue;
    |
  1 + use aws_smithy_types::event_stream::HeaderValue;
    |
  1 + use hyper::header::HeaderValue;
    |
    = and 1 other candidate

error[E0433]: failed to resolve: use of undeclared type `HeaderValue`
   --> src\provider\openai_stream_runtime.rs:590:33
    |
590 |         .insert("Content-Type", HeaderValue::from_static("application/json"));
    |                                 ^^^^^^^^^^^ use of undeclared type `HeaderValue`
    |
help: consider importing one of these items
    |
  1 + use attohttpc::header::HeaderValue;
    |
  1 + use aws_sdk_bedrockruntime::primitives::event_stream::HeaderValue;
    |
  1 + use aws_smithy_types::event_stream::HeaderValue;
    |
  1 + use hyper::header::HeaderValue;
    |
    = and 1 other candidate

error[E0433]: failed to resolve: use of undeclared type `HeaderValue`
   --> src\provider\openai_stream_runtime.rs:595:35
    |
595 |             .insert("originator", HeaderValue::from_static(ORIGINATOR));
    |                                   ^^^^^^^^^^^ use of undeclared type `HeaderValue`
    |
help: consider importing one of these items
    |
  1 + use attohttpc::header::HeaderValue;
    |
  1 + use aws_sdk_bedrockruntime::primitives::event_stream::HeaderValue;
    |
  1 + use aws_smithy_types::event_stream::HeaderValue;
    |
  1 + use hyper::header::HeaderValue;
    |
    = and 1 other candidate

error[E0433]: failed to resolve: use of undeclared type `HeaderValue`
   --> src\provider\openai_stream_runtime.rs:597:34
    |
597 |             let account_header = HeaderValue::from_str(account_id).map_err(|err| {
    |                                  ^^^^^^^^^^^ use of undeclared type `HeaderValue`
    |
help: consider importing one of these items
    |
  1 + use attohttpc::header::HeaderValue;
    |
  1 + use aws_sdk_bedrockruntime::primitives::event_stream::HeaderValue;
    |
  1 + use aws_smithy_types::event_stream::HeaderValue;
    |
  1 + use hyper::header::HeaderValue;
    |
    = and 1 other candidate

error[E0425]: cannot find function `connect_async` in this scope
   --> src\provider\openai_stream_runtime.rs:615:9
    |
615 |         connect_async(ws_request),
    |         ^^^^^^^^^^^^^ not found in this scope
    |
help: consider importing this function
    |
  1 + use tokio_tungstenite::connect_async;
    |

error[E0433]: failed to resolve: use of undeclared type `HashSet`
   --> src\provider\openai_stream_runtime.rs:699:36
    |
699 |     let mut completed_tool_items = HashSet::new();
    |                                    ^^^^^^^ use of undeclared type `HashSet`
    |
    = note: struct `crate::tui::session_picker::render::HashSet` exists but is inaccessible
help: consider importing this struct
    |
  1 + use std::collections::HashSet;
    |

error[E0425]: cannot find type `VecDeque` in this scope
   --> src\provider\openai_stream_runtime.rs:704:22
    |
704 |     let mut pending: VecDeque<StreamEvent> = VecDeque::new();
    |                      ^^^^^^^^ not found in this scope
    |
    = note: struct `crate::tui::ui::status_support::VecDeque` exists but is inaccessible
help: consider importing this struct
    |
  1 + use std::collections::VecDeque;
    |

error[E0433]: failed to resolve: use of undeclared type `VecDeque`
   --> src\provider\openai_stream_runtime.rs:704:46
    |
704 |     let mut pending: VecDeque<StreamEvent> = VecDeque::new();
    |                                              ^^^^^^^^ use of undeclared type `VecDeque`
    |
    = note: struct `crate::tui::ui::status_support::VecDeque` exists but is inaccessible
help: consider importing this struct
    |
  1 + use std::collections::VecDeque;
    |

error[E0425]: cannot find type `RunResult` in this scope
   --> src\tui\app\run_shell.rs:6:73
    |
  6 |     pub async fn run(mut self, mut terminal: DefaultTerminal) -> Result<RunResult> {
    |                                                                         ^^^^^^^^^
    |
   ::: src\tui\app.rs:408:1
    |
408 | pub struct TuiResult {
    | -------------------- similarly named struct `TuiResult` defined here
    |
help: a struct with a similar name exists
    |
  6 -     pub async fn run(mut self, mut terminal: DefaultTerminal) -> Result<RunResult> {
  6 +     pub async fn run(mut self, mut terminal: DefaultTerminal) -> Result<TuiResult> {
    |
help: you might be missing a type parameter
    |
  3 | impl<RunResult> App {
    |     +++++++++++

error[E0422]: cannot find struct, variant or union type `RunResult` in this scope
   --> src\tui\app\run_shell.rs:85:12
    |
 85 |         Ok(RunResult {
    |            ^^^^^^^^^
    |
   ::: src\tui\app.rs:408:1
    |
408 | pub struct TuiResult {
    | -------------------- similarly named struct `TuiResult` defined here
    |
help: a struct with a similar name exists
    |
 85 -         Ok(RunResult {
 85 +         Ok(TuiResult {
    |

error[E0425]: cannot find type `RunResult` in this scope
   --> src\tui\app\run_shell.rs:96:80
    |
 96 |     pub async fn run_remote(mut self, mut terminal: DefaultTerminal) -> Result<RunResult> {
    |                                                                                ^^^^^^^^^
    |
   ::: src\tui\app.rs:408:1
    |
408 | pub struct TuiResult {
    | -------------------- similarly named struct `TuiResult` defined here
    |
help: a struct with a similar name exists
    |
 96 -     pub async fn run_remote(mut self, mut terminal: DefaultTerminal) -> Result<RunResult> {
 96 +     pub async fn run_remote(mut self, mut terminal: DefaultTerminal) -> Result<TuiResult> {
    |
help: you might be missing a type parameter
    |
  3 | impl<RunResult> App {
    |     +++++++++++

error[E0422]: cannot find struct, variant or union type `RunResult` in this scope
   --> src\tui\app\run_shell.rs:228:12
    |
228 |         Ok(RunResult {
    |            ^^^^^^^^^
    |
   ::: src\tui\app.rs:408:1
    |
408 | pub struct TuiResult {
    | -------------------- similarly named struct `TuiResult` defined here
    |
help: a struct with a similar name exists
    |
228 -         Ok(RunResult {
228 +         Ok(TuiResult {
    |

error[E0425]: cannot find type `RunResult` in this scope
   --> src\tui\app\run_shell.rs:248:17
    |
248 |     ) -> Result<RunResult> {
    |                 ^^^^^^^^^
    |
   ::: src\tui\app.rs:408:1
    |
408 | pub struct TuiResult {
    | -------------------- similarly named struct `TuiResult` defined here
    |
help: a struct with a similar name exists
    |
248 -     ) -> Result<RunResult> {
248 +     ) -> Result<TuiResult> {
    |
help: you might be missing a type parameter
    |
  3 | impl<RunResult> App {
    |     +++++++++++

warning: unused import: `std::collections::HashMap`
    --> src\cli\commands.rs:4091:5
     |
4091 | use std::collections::HashMap;
     |     ^^^^^^^^^^^^^^^^^^^^^^^^^
     |
     = note: `#[warn(unused_imports)]` (part of `#[warn(unused)]`) on by default

warning: unused macro definition: `dap_cmd`
    --> src\cli\commands.rs:4380:18
     |
4380 |     macro_rules! dap_cmd {
     |                  ^^^^^^^
     |
     = note: `#[warn(unused_macros)]` (part of `#[warn(unused)]`) on by default

warning: unused macro definition: `dap_print_stub`
    --> src\cli\commands.rs:4390:18
     |
4390 |     macro_rules! dap_print_stub {
     |                  ^^^^^^^^^^^^^^

warning: unused imports: `DebugCommand` and `SessionSubCommand`
 --> src\cli\dispatch.rs:8:49
  |
8 |     AmbientCommand, Args, AuthCommand, Command, DebugCommand, MemoryCommand, ModelCommand,
  |                                                 ^^^^^^^^^^^^
9 |     ProviderCommand, RestartCommand, SessionCommand, SessionSubCommand, TranscriptModeArg,
  |                                                      ^^^^^^^^^^^^^^^^^

warning: unused import: `debug`
  --> src\cli\dispatch.rs:17:15
   |
17 |     commands, debug, hot_exec, login, output, provider_init, selfdev, terminal, tui_launch,
   |               ^^^^^

warning: unused import: `serde_json::json`
  --> src\cli\p1_commands.rs:14:5
   |
14 | use serde_json::json;
   |     ^^^^^^^^^^^^^^^^

warning: unused import: `Context`
  --> src\mcp\dynamic_registry.rs:16:14
   |
16 | use anyhow::{Context, Result};
   |              ^^^^^^^

warning: unused imports: `debug` and `warn`
  --> src\mcp\dynamic_registry.rs:22:15
   |
22 | use tracing::{debug, info, warn};
   |               ^^^^^        ^^^^

warning: unused imports: `RegisterResult` and `UnregisterResult`
  --> src\mcp\server.rs:16:70
   |
16 | use crate::mcp::dynamic_registry::{DynamicToolRegistry, DynamicTool, RegisterResult, UnregisterResult};
   |                                                                      ^^^^^^^^^^^^^^  ^^^^^^^^^^^^^^^^

warning: unused import: `warn`
  --> src\server\lsp_event_bridge.rs:28:21
   |
28 | use tracing::{info, warn, debug};
   |                     ^^^^

warning: unused import: `debug`
  --> src\server\conflict_detector.rs:29:15
   |
29 | use tracing::{debug, info, warn};
   |               ^^^^^

warning: unused import: `mpsc`
 --> src\server\collab.rs:4:19
  |
4 | use tokio::sync::{mpsc, broadcast, RwLock};
  |                   ^^^^

warning: unused import: `SessionMetadata`
  --> src\session\sharing.rs:12:53
   |
12 | use super::replay::{RecordedEvent, RecordedSession, SessionMetadata};
   |                                                     ^^^^^^^^^^^^^^^

warning: unused import: `HashMap`
 --> src\tui\ui_context_actions.rs:2:33
  |
2 | use std::collections::{HashSet, HashMap};
  |                                 ^^^^^^^

warning: unused import: `BlockType`
 --> src\tui\ui_context_actions.rs:4:55
  |
4 | use crate::tui::ui_blocks::{CommandBlock, ActionType, BlockType};
  |                                                       ^^^^^^^^^

warning: unused import: `RangeFrom`
 --> src\tui\ui_streaming.rs:2:23
  |
2 | use std::ops::{Range, RangeFrom};
  |                       ^^^^^^^^^

warning: unused imports: `ListItem`, `ListState`, and `List`
 --> src\tui\ui_timeline.rs:3:49
  |
3 |     widgets::{Widget, Block as RBlock, Borders, List, ListItem, ListState},
  |                                                 ^^^^  ^^^^^^^^  ^^^^^^^^^

warning: unused imports: `Block as RBlock`, `Borders`, and `Modifier`
 --> src\tui\ui_json.rs:4:20
  |
4 |     style::{Color, Modifier, Style},
  |                    ^^^^^^^^
5 |     text::{Line, Span},
6 |     widgets::{Widget, Block as RBlock, Borders},
  |                       ^^^^^^^^^^^^^^^  ^^^^^^^

warning: unused import: `HashSet`
  --> src\auto_mode\aho_corasick.rs:36:33
   |
36 | use std::collections::{HashMap, HashSet};
   |                                 ^^^^^^^

warning: unexpected `cfg` condition value: `audit`
  --> src\auto_mode\engine.rs:37:11
   |
37 |     #[cfg(feature = "audit")]
   |           ^^^^^^^^^^^^^^^^^
   |
   = note: expected values for `feature` are: `default`, `dev-bins`, `embeddings`, `jemalloc`, `jemalloc-prof`, and `pd
f`
   = help: consider adding `audit` as a feature in `Cargo.toml`
   = note: see <https://doc.rust-lang.org/nightly/rustc/check-cfg/cargo-specifics.html> for more information about chec
king conditional configuration
   = note: `#[warn(unexpected_cfgs)]` on by default

warning: unexpected `cfg` condition value: `audit`
   --> src\auto_mode\engine.rs:424:11
    |
424 |     #[cfg(feature = "audit")]
    |           ^^^^^^^^^^^^^^^^^
    |
    = note: expected values for `feature` are: `default`, `dev-bins`, `embeddings`, `jemalloc`, `jemalloc-prof`, and `p
df`
    = help: consider adding `audit` as a feature in `Cargo.toml`
    = note: see <https://doc.rust-lang.org/nightly/rustc/check-cfg/cargo-specifics.html> for more information about che
cking conditional configuration

warning: unexpected `cfg` condition value: `audit`
   --> src\auto_mode\engine.rs:431:11
    |
431 |     #[cfg(feature = "audit")]
    |           ^^^^^^^^^^^^^^^^^
    |
    = note: expected values for `feature` are: `default`, `dev-bins`, `embeddings`, `jemalloc`, `jemalloc-prof`, and `p
df`
    = help: consider adding `audit` as a feature in `Cargo.toml`
    = note: see <https://doc.rust-lang.org/nightly/rustc/check-cfg/cargo-specifics.html> for more information about che
cking conditional configuration

warning: unexpected `cfg` condition value: `audit`
  --> src\auto_mode\engine.rs:62:19
   |
62 |             #[cfg(feature = "audit")]
   |                   ^^^^^^^^^^^^^^^^^
   |
   = note: expected values for `feature` are: `default`, `dev-bins`, `embeddings`, `jemalloc`, `jemalloc-prof`, and `pd
f`
   = help: consider adding `audit` as a feature in `Cargo.toml`
   = note: see <https://doc.rust-lang.org/nightly/rustc/check-cfg/cargo-specifics.html> for more information about chec
king conditional configuration

warning: unexpected `cfg` condition value: `audit`
   --> src\auto_mode\engine.rs:333:15
    |
333 |         #[cfg(feature = "audit")]
    |               ^^^^^^^^^^^^^^^^^
    |
    = note: expected values for `feature` are: `default`, `dev-bins`, `embeddings`, `jemalloc`, `jemalloc-prof`, and `p
df`
    = help: consider adding `audit` as a feature in `Cargo.toml`
    = note: see <https://doc.rust-lang.org/nightly/rustc/check-cfg/cargo-specifics.html> for more information about che
cking conditional configuration

warning: unused import: `std::cmp::Ordering`
   --> src\auto_mode\safety.rs:562:21
    |
562 |                 use std::cmp::Ordering;
    |                     ^^^^^^^^^^^^^^^^^^

warning: unused import: `Context`
  --> src\refactor_engine.rs:17:14
   |
17 | use anyhow::{Context, Result};
   |              ^^^^^^^

warning: unused import: `Path`
  --> src\refactor_engine.rs:20:17
   |
20 | use std::path::{Path, PathBuf};
   |                 ^^^^

warning: unused import: `CoordinationResult`
  --> src\refactor_engine.rs:24:28
   |
24 |     AtomicEditCoordinator, CoordinationResult, TransactionStatus,
   |                            ^^^^^^^^^^^^^^^^^^

warning: unused import: `PreciseEditEngine`
  --> src\refactor_engine.rs:27:54
   |
27 | use super::precise_edit::{EditOperation, EditResult, PreciseEditEngine};
   |                                                      ^^^^^^^^^^^^^^^^^

warning: unused imports: `ArgSpec` and `ArgType`
 --> src\completion\bash\specs.rs:9:34
  |
9 |     CommandSpec, SubcommandSpec, ArgSpec, ArgType, OptionSpec, CommandCategory,
  |                                  ^^^^^^^  ^^^^^^^

warning: unused imports: `Deserialize` and `Serialize`
  --> src\completion\bash\specs.rs:11:13
   |
11 | use serde::{Deserialize, Serialize};
   |             ^^^^^^^^^^^  ^^^^^^^^^

warning: unused import: `registry::CommandCategory`
  --> src\completion\bash\completer.rs:11:5
   |
11 |     registry::CommandCategory,
   |     ^^^^^^^^^^^^^^^^^^^^^^^^^

warning: unused import: `HashSet`
  --> src\completion\bash\completer.rs:14:33
   |
14 | use std::collections::{HashMap, HashSet};
   |                                 ^^^^^^^

warning: unnecessary parentheses around type
   --> src\completion\bash\powershell.rs:686:26
    |
686 |         let cmdlets: Vec<(PsCmdletSpec)> = vec![
    |                          ^            ^
    |
    = note: `#[warn(unused_parens)]` (part of `#[warn(unused)]`) on by default
help: remove these parentheses
    |
686 -         let cmdlets: Vec<(PsCmdletSpec)> = vec![
686 +         let cmdlets: Vec<PsCmdletSpec> = vec![
    |

warning: unnecessary parentheses around type
   --> src\completion\bash\fish.rs:846:23
    |
846 |         let vars: Vec<(FishVariableSpec)> = vec![
    |                       ^                ^
    |
help: remove these parentheses
    |
846 -         let vars: Vec<(FishVariableSpec)> = vec![
846 +         let vars: Vec<FishVariableSpec> = vec![
    |

warning: unused import: `anyhow::Result`
  --> src\ai_enhanced\mod.rs:14:5
   |
14 | use anyhow::Result;
   |     ^^^^^^^^^^^^^^

warning: unused import: `Arc`
  --> src\ai_enhanced\mod.rs:17:17
   |
17 | use std::sync::{Arc, LazyLock};
   |                 ^^^

warning: unused imports: `debug` and `warn`
  --> src\ai_enhanced\mod.rs:20:15
   |
20 | use tracing::{debug, info, warn};
   |               ^^^^^        ^^^^

warning: unused import: `Path`
 --> src\ssh\config.rs:2:17
  |
2 | use std::path::{Path, PathBuf};
  |                 ^^^^

warning: unused import: `Stdio`
 --> src\ssh\tunnel.rs:1:36
  |
1 | use std::process::{Command, Child, Stdio};
  |                                    ^^^^^

warning: unused import: `std::time::Duration`
 --> src\ssh\tunnel.rs:3:5
  |
3 | use std::time::Duration;
  |     ^^^^^^^^^^^^^^^^^^^

warning: unused imports: `Arc` and `Mutex`
 --> src\ssh\transfer.rs:4:17
  |
4 | use std::sync::{Arc, Mutex};
  |                 ^^^  ^^^^^

warning: unused import: `std::sync::Arc`
 --> src\ssh\resilience.rs:2:5
  |
2 | use std::sync::Arc;
  |     ^^^^^^^^^^^^^^

warning: unused import: `SessionState`
 --> src\ssh\resilience.rs:4:45
  |
4 | use super::session::{SshSession, SshConfig, SessionState};
  |                                             ^^^^^^^^^^^^

warning: unnecessary parentheses around assigned value
   --> src\ssh\resilience.rs:262:30
    |
262 |                     delay *= (0.5 + random_factor); // ±50% jitter
    |                              ^                   ^
    |
help: remove these parentheses
    |
262 -                     delay *= (0.5 + random_factor); // ±50% jitter
262 +                     delay *= 0.5 + random_factor ; // ±50% jitter
    |

warning: unused import: `BufReader`
 --> src\ssh\sftp.rs:4:24
  |
4 | use std::io::{BufRead, BufReader, Write};
  |                        ^^^^^^^^^

warning: unused import: `BufReader`
 --> src\ssh\agent.rs:3:24
  |
3 | use std::io::{BufRead, BufReader};
  |                        ^^^^^^^^^

warning: unused import: `std::path::PathBuf`
 --> src\ssh\pty.rs:2:5
  |
2 | use std::path::PathBuf;
  |     ^^^^^^^^^^^^^^^^^^

warning: unused import: `self`
 --> src\ssh\pty.rs:4:28
  |
4 | use std::io::{Read, Write, self};
  |                            ^^^^

warning: unused import: `Read`
 --> src\ssh\enhanced_scp.rs:5:15
  |
5 | use std::io::{Read, Write};
  |               ^^^^

warning: unused import: `JumpHostChain`
 --> src\ssh\enhanced.rs:8:51
  |
8 | use super::tunnel::{PortForwarder, TunnelManager, JumpHostChain};
  |                                                   ^^^^^^^^^^^^^

warning: unused imports: `Arc` and `Mutex`
  --> src\task_manager.rs:64:17
   |
64 | use std::sync::{Arc, Mutex};
   |                 ^^^  ^^^^^

warning: unused import: `Task`
 --> src\task_cli.rs:1:79
  |
1 | use super::task_manager::{TaskManager, TaskStatus, TaskPriority, TaskUpdates, Task};
  |                                                                               ^^^^

warning: unused import: `std::path::PathBuf`
  --> src\session_export.rs:89:5
   |
89 | use std::path::PathBuf;
   |     ^^^^^^^^^^^^^^^^^^

warning: unused imports: `Deserialize` and `Serialize`
  --> src\session_export.rs:90:13
   |
90 | use serde::{Serialize, Deserialize};
   |             ^^^^^^^^^  ^^^^^^^^^^^

warning: unused import: `std::path::PathBuf`
  --> src\version_manager.rs:59:5
   |
59 | use std::path::PathBuf;
   |     ^^^^^^^^^^^^^^^^^^

warning: unused import: `std::fs`
  --> src\version_manager.rs:60:5
   |
60 | use std::fs;
   |     ^^^^^^^

warning: unused imports: `Deserialize` and `Serialize`
  --> src\version_manager.rs:61:13
   |
61 | use serde::{Serialize, Deserialize};
   |             ^^^^^^^^^  ^^^^^^^^^^^

warning: unused import: `Bound`
 --> src\utils\rope.rs:2:16
  |
2 | use std::ops::{Bound, Range, RangeBounds};
  |                ^^^^^

warning: unused import: `std::sync::Arc`
 --> src\dashboard\server.rs:4:5
  |
4 | use std::sync::Arc;
  |     ^^^^^^^^^^^^^^

warning: unused import: `super::routes::StatsQuery`
 --> src\dashboard\server.rs:7:5
  |
7 | use super::routes::StatsQuery;
  |     ^^^^^^^^^^^^^^^^^^^^^^^^^

warning: unused import: `std::collections::HashMap`
 --> src\dashboard\metrics.rs:1:5
  |
1 | use std::collections::HashMap;
  |     ^^^^^^^^^^^^^^^^^^^^^^^^^

warning: unused import: `Serialize`
 --> src\marketplace\api.rs:5:26
  |
5 | use serde::{Deserialize, Serialize};
  |                          ^^^^^^^^^

warning: unnecessary parentheses around pattern
   --> src\plugin_market\mod.rs:449:19
    |
449 |         while let ((id, depth)) = stack.pop() {
    |                   ^           ^
    |
help: remove these parentheses
    |
449 -         while let ((id, depth)) = stack.pop() {
449 +         while let (id, depth) = stack.pop() {
    |

warning: unused imports: `Arc` and `Mutex`
 --> src\distributed\cluster.rs:3:17
  |
3 | use std::sync::{Arc, Mutex};
  |                 ^^^  ^^^^^

warning: unused import: `NodeStatus`
 --> src\distributed\cluster.rs:5:42
  |
5 | use super::node::{ClusterNode, NodeRole, NodeStatus};
  |                                          ^^^^^^^^^^

warning: unused import: `ClusterNode`
 --> src\distributed\election.rs:2:19
  |
2 | use super::node::{ClusterNode, NodeRole};
  |                   ^^^^^^^^^^^

warning: unused import: `std::collections::HashMap`
 --> src\distributed\sync.rs:1:5
  |
1 | use std::collections::HashMap;
  |     ^^^^^^^^^^^^^^^^^^^^^^^^^

warning: unused import: `AggregatedMetrics`
 --> src\ai_optimization\analyzer.rs:1:36
  |
1 | use super::collector::{UsageEvent, AggregatedMetrics};
  |                                    ^^^^^^^^^^^^^^^^^

warning: unused import: `rand::Rng`
 --> src\ab_testing\mod.rs:4:5
  |
4 | use rand::Rng;
  |     ^^^^^^^^^

warning: unused import: `HashMap`
  --> src\context\extended_manager.rs:70:24
   |
70 | use std::collections::{HashMap, VecDeque};
   |                        ^^^^^^^

warning: unused import: `warn`
  --> src\context\extended_manager.rs:73:28
   |
73 | use tracing::{debug, info, warn};
   |                            ^^^^

warning: unused imports: `debug` and `warn`
  --> src\reasoning\cot_engine.rs:72:15
   |
72 | use tracing::{debug, info, warn};
   |               ^^^^^        ^^^^

warning: unused import: `crate::nlp::types::*`
 --> src\nlp\helpers.rs:1:5
  |
1 | use crate::nlp::types::*;
  |     ^^^^^^^^^^^^^^^^^^^^

warning: unused import: `super::*`
 --> src\protocol_memory.rs:1:5
  |
1 | use super::*;
  |     ^^^^^^^^

warning: unused import: `super::*`
 --> src\message_notifications.rs:1:5
  |
1 | use super::*;
  |     ^^^^^^^^

warning: unused import: `crate::background::BackgroundTaskInfo`
 --> src\message_notifications.rs:4:5
  |
4 | use crate::background::BackgroundTaskInfo;
  |     ^^^^^^^^^^^^^^^^^^^^^^^^^^^^^^^^^^^^^

error[E0119]: conflicting implementations of trait `std::default::Default` for type `ArgSpec`
   --> src\completion\bash\registry.rs:63:24
    |
 63 | #[derive(Debug, Clone, Default, Serialize, Deserialize)]
    |                        ^^^^^^^ conflicting implementation for `ArgSpec`
...
996 | impl Default for ArgSpec {
    | ------------------------ first implementation here

error[E0308]: mismatched types
   --> src\ast\tree_sitter.rs:393:32
    |
393 |                         if let Ok(Some(new_tree)) = parser.parse(source, Some(&tree)) {
    |                                ^^^^^^^^^^^^^^^^^^   --------------------------------- this expression has type `s
td::option::Option<Tree>`
    |                                |
    |                                expected `Option<Tree>`, found `Result<_, _>`
    |
    = note: expected enum `std::option::Option<Tree>`
               found enum `std::result::Result<_, _>`

error[E0282]: type annotations needed
   --> src\ast\tree_sitter.rs:397:39
    |
397 | ...                   tree: new_tree.clone(),
    |                             ^^^^^^^^ cannot infer type

error[E0277]: the `?` operator can only be used on `Result`s, not `Option`s, in an async function that returns `Result`
   --> src\ast\tree_sitter.rs:431:46
    |
361 |       ) -> Result<Tree> {
    |  _______________________-
362 | |         let start = std::time::Instant::now();
...   |
431 | |         let tree = parser.parse(source, None)?
    | |                                              ^ use `.ok_or(...)?` to provide an error compatible with `std::res
ult::Result<Tree, anyhow::Error>`
...   |
475 | |         Ok(tree)
476 | |     }
    | |_____- this function returns a `Result`

error[E0599]: no method named `ok_or_else` found for struct `Tree` in the current scope
   --> src\ast\tree_sitter.rs:432:14
    |
431 |           let tree = parser.parse(source, None)?
    |  ____________________-
432 | |             .ok_or_else(|| anyhow::anyhow!("Failed to parse source code"))?;
    | |             -^^^^^^^^^^ method not found in `Tree`
    | |_____________|
    |

error[E0505]: cannot move out of `nav_file` because it is borrowed
    --> src\cli\commands.rs:3542:54
     |
3541 |             let nav_file = file.clone();
     |                 -------- binding `nav_file` declared here
3542 |             let results = with_lsp_client(&nav_file, move |client| {
     |                           --------------- ---------  ^^^^^^^^^^^^^ move out of `nav_file` occurs here
     |                           |               |
     |                           |               borrow of `nav_file` occurs here
     |                           borrow later used by call
3543 |                 Box::pin(async move {
3544 |                     lsp_goto_def(client, &nav_file, l, c).await
     |                                           -------- move occurs due to use in closure
     |
help: consider cloning the value if the performance cost is acceptable
     |
3542 |             let results = with_lsp_client(&nav_file.clone(), move |client| {
     |                                                    ++++++++

error[E0505]: cannot move out of `nav_file` because it is borrowed
    --> src\cli\commands.rs:3556:54
     |
3555 |             let nav_file = file.clone();
     |                 -------- binding `nav_file` declared here
3556 |             let results = with_lsp_client(&nav_file, move |client| {
     |                           --------------- ---------  ^^^^^^^^^^^^^ move out of `nav_file` occurs here
     |                           |               |
     |                           |               borrow of `nav_file` occurs here
     |                           borrow later used by call
3557 |                 Box::pin(async move {
3558 |                     lsp_find_refs(client, &nav_file, l, c).await
     |                                            -------- move occurs due to use in closure
     |
help: consider cloning the value if the performance cost is acceptable
     |
3556 |             let results = with_lsp_client(&nav_file.clone(), move |client| {
     |                                                    ++++++++

error[E0505]: cannot move out of `nav_file` because it is borrowed
    --> src\cli\commands.rs:3570:54
     |
3569 |             let nav_file = file.clone();
     |                 -------- binding `nav_file` declared here
3570 |             let results = with_lsp_client(&nav_file, move |client| {
     |                           --------------- ---------  ^^^^^^^^^^^^^ move out of `nav_file` occurs here
     |                           |               |
     |                           |               borrow of `nav_file` occurs here
     |                           borrow later used by call
3571 |                 Box::pin(async move {
3572 |                     lsp_hover(client, &nav_file, l, c).await
     |                                        -------- move occurs due to use in closure
     |
help: consider cloning the value if the performance cost is acceptable
     |
3570 |             let results = with_lsp_client(&nav_file.clone(), move |client| {
     |                                                    ++++++++

error[E0505]: cannot move out of `nav_file` because it is borrowed
    --> src\cli\commands.rs:3581:54
     |
3580 |             let nav_file = file.clone();
     |                 -------- binding `nav_file` declared here
3581 |             let results = with_lsp_client(&nav_file, move |client| {
     |                           --------------- ---------  ^^^^^^^^^^^^^ move out of `nav_file` occurs here
     |                           |               |
     |                           |               borrow of `nav_file` occurs here
     |                           borrow later used by call
3582 |                 Box::pin(async move {
3583 |                     lsp_doc_symbols(client, &nav_file).await
     |                                              -------- move occurs due to use in closure
     |
help: consider cloning the value if the performance cost is acceptable
     |
3581 |             let results = with_lsp_client(&nav_file.clone(), move |client| {
     |                                                    ++++++++

error[E0505]: cannot move out of `nav_file` because it is borrowed
    --> src\cli\commands.rs:3624:54
     |
3623 |             let nav_file = file.clone();
     |                 -------- binding `nav_file` declared here
3624 |             let results = with_lsp_client(&nav_file, move |client| {
     |                           --------------- ---------  ^^^^^^^^^^^^^ move out of `nav_file` occurs here
     |                           |               |
     |                           |               borrow of `nav_file` occurs here
     |                           borrow later used by call
3625 |                 Box::pin(async move {
3626 |                     lsp_goto_def(client, &nav_file, l, c).await
     |                                           -------- move occurs due to use in closure
     |
help: consider cloning the value if the performance cost is acceptable
     |
3624 |             let results = with_lsp_client(&nav_file.clone(), move |client| {
     |                                                    ++++++++

error[E0505]: cannot move out of `nav_file` because it is borrowed
    --> src\cli\commands.rs:3638:54
     |
3637 |             let nav_file = file.clone();
     |                 -------- binding `nav_file` declared here
3638 |             let results = with_lsp_client(&nav_file, move |client| {
     |                           --------------- ---------  ^^^^^^^^^^^^^ move out of `nav_file` occurs here
     |                           |               |
     |                           |               borrow of `nav_file` occurs here
     |                           borrow later used by call
3639 |                 Box::pin(async move {
3640 |                     lsp_find_refs(client, &nav_file, l, c).await
     |                                            -------- move occurs due to use in closure
     |
help: consider cloning the value if the performance cost is acceptable
     |
3638 |             let results = with_lsp_client(&nav_file.clone(), move |client| {
     |                                                    ++++++++

error[E0505]: cannot move out of `diag_file` because it is borrowed
    --> src\cli\commands.rs:3842:55
     |
3841 |             let diag_file = file.clone();
     |                 --------- binding `diag_file` declared here
3842 |             let results = with_lsp_client(&diag_file, move |client| {
     |                           --------------- ----------  ^^^^^^^^^^^^^ move out of `diag_file` occurs here
     |                           |               |
     |                           |               borrow of `diag_file` occurs here
     |                           borrow later used by call
3843 |                 Box::pin(async move {
3844 |                     client.get_diagnostics(&diag_file).await
     |                                             --------- move occurs due to use in closure
     |
help: consider cloning the value if the performance cost is acceptable
     |
3842 |             let results = with_lsp_client(&diag_file.clone(), move |client| {
     |                                                     ++++++++

warning: variable does not need to be mutable
    --> src\cli\commands.rs:4586:25
     |
4586 |                     let mut seq = session.request_seq;
     |                         ----^^^
     |                         |
     |                         help: remove this `mut`
     |
     = note: `#[warn(unused_mut)]` (part of `#[warn(unused)]`) on by default

warning: variable does not need to be mutable
    --> src\cli\commands.rs:4607:25
     |
4607 |                     let mut seq = session.request_seq;
     |                         ----^^^
     |                         |
     |                         help: remove this `mut`

warning: variable does not need to be mutable
    --> src\cli\commands.rs:4625:25
     |
4625 |                     let mut seq = session.request_seq;
     |                         ----^^^
     |                         |
     |                         help: remove this `mut`

warning: variable does not need to be mutable
    --> src\cli\commands.rs:4643:25
     |
4643 |                     let mut seq = session.request_seq;
     |                         ----^^^
     |                         |
     |                         help: remove this `mut`

warning: variable does not need to be mutable
    --> src\cli\commands.rs:4661:25
     |
4661 |                     let mut seq = session.request_seq;
     |                         ----^^^
     |                         |
     |                         help: remove this `mut`

warning: variable does not need to be mutable
    --> src\cli\commands.rs:4693:25
     |
4693 |                     let mut seq = session.request_seq;
     |                         ----^^^
     |                         |
     |                         help: remove this `mut`

warning: variable does not need to be mutable
    --> src\cli\commands.rs:4745:25
     |
4745 |                     let mut seq = session.request_seq;
     |                         ----^^^
     |                         |
     |                         help: remove this `mut`

warning: variable does not need to be mutable
    --> src\cli\commands.rs:4782:25
     |
4782 |                     let mut seq = session.request_seq;
     |                         ----^^^
     |                         |
     |                         help: remove this `mut`

warning: variable does not need to be mutable
    --> src\cli\commands.rs:4798:25
     |
4798 |                     let mut seq = session.request_seq;
     |                         ----^^^
     |                         |
     |                         help: remove this `mut`

warning: variable does not need to be mutable
    --> src\cli\commands.rs:4819:25
     |
4819 |                     let mut seq = session.request_seq;
     |                         ----^^^
     |                         |
     |                         help: remove this `mut`

warning: variable does not need to be mutable
    --> src\cli\commands.rs:4843:25
     |
4843 |                     let mut seq = session.request_seq;
     |                         ----^^^
     |                         |
     |                         help: remove this `mut`

warning: variable does not need to be mutable
    --> src\cli\commands.rs:4909:25
     |
4909 |                     let mut seq = session.request_seq;
     |                         ----^^^
     |                         |
     |                         help: remove this `mut`

warning: variable does not need to be mutable
    --> src\cli\commands.rs:4947:25
     |
4947 |                     let mut seq = session.request_seq;
     |                         ----^^^
     |                         |
     |                         help: remove this `mut`

error[E0004]: non-exhaustive patterns: `Some(cli::args::Command::DebugSocket { .. })` not covered
   --> src\cli\dispatch.rs:36:11
    |
 36 |     match args.command {
    |           ^^^^^^^^^^^^ pattern `Some(cli::args::Command::DebugSocket { .. })` not covered
    |
note: `std::option::Option<cli::args::Command>` defined here
   --> C:\Users\lenovo\.rustup\toolchains\stable-x86_64-pc-windows-msvc\lib/rustlib/src/rust\library\core\src\option.rs
:600:1
    |
600 | pub enum Option<T> {
    | ^^^^^^^^^^^^^^^^^^
...
608 |     Some(#[stable(feature = "rust1", since = "1.0.0")] T),
    |     ---- not covered
    = note: the matched value is of type `std::option::Option<cli::args::Command>`
help: ensure that all possible cases are being handled by adding a match arm with a wildcard pattern or an explicit pat
tern as shown
    |
495 ~         },
496 +         Some(cli::args::Command::DebugSocket { .. }) => todo!()
    |

error[E0277]: the size for values of type `str` cannot be known at compilation time
   --> src\cli\tui_launch.rs:189:16
    |
189 |         && let Some(ref session_id) = run_result.session_id
    |                ^^^^^^^^^^^^^^^^^^^^ doesn't have a size known at compile-time
    |
    = help: the trait `Sized` is not implemented for `str`
note: required by a bound in `std::prelude::v1::Some`
   --> C:\Users\lenovo\.rustup\toolchains\stable-x86_64-pc-windows-msvc\lib/rustlib/src/rust\library\core\src\option.rs
:600:17
    |
600 | pub enum Option<T> {
    |                 ^ required by this bound in `std::prelude::v1::Some`
...
608 |     Some(#[stable(feature = "rust1", since = "1.0.0")] T),
    |     ---- required by a bound in this tuple variant

error[E0599]: no method named `set_working_directory` found for struct `agent::Agent` in the current scope
   --> src\cli\print_mode.rs:104:15
    |
104 |         agent.set_working_directory(cwd)?;
    |               ^^^^^^^^^^^^^^^^^^^^^
    |
   ::: src\agent.rs:90:1
    |
 90 | pub struct Agent {
    | ---------------- method `set_working_directory` not found for this struct
    |
help: there is a method `set_working_dir` with a similar name
    |
104 -         agent.set_working_directory(cwd)?;
104 +         agent.set_working_dir(cwd)?;
    |

error[E0599]: no method named `append_system_prompt` found for struct `agent::Agent` in the current scope
   --> src\cli\print_mode.rs:112:15
    |
112 |         agent.append_system_prompt(prompt)?;
    |               ^^^^^^^^^^^^^^^^^^^^
    |
   ::: src\agent.rs:90:1
    |
 90 | pub struct Agent {
    | ---------------- method `append_system_prompt` not found for this struct
    |
help: there is a method `set_system_prompt` with a similar name
    |
112 -         agent.append_system_prompt(prompt)?;
112 +         agent.set_system_prompt(prompt)?;
    |

error[E0599]: no method named `set_max_tokens` found for struct `agent::Agent` in the current scope
   --> src\cli\print_mode.rs:116:15
    |
116 |         agent.set_max_tokens(max_tokens);
    |               ^^^^^^^^^^^^^^ method not found in `agent::Agent`
    |
   ::: src\agent.rs:90:1
    |
 90 | pub struct Agent {
    | ---------------- method `set_max_tokens` not found for this struct

error[E0599]: no method named `set_temperature` found for struct `agent::Agent` in the current scope
   --> src\cli\print_mode.rs:120:15
    |
120 |         agent.set_temperature(temp);
    |               ^^^^^^^^^^^^^^^ method not found in `agent::Agent`
    |
   ::: src\agent.rs:90:1
    |
 90 | pub struct Agent {
    | ---------------- method `set_temperature` not found for this struct

error[E0599]: no method named `query_json` found for struct `agent::Agent` in the current scope
   --> src\cli\print_mode.rs:126:28
    |
126 |         let result = agent.query_json(&full_query).await?;
    |                            ^^^^^^^^^^ method not found in `agent::Agent`
    |
   ::: src\agent.rs:90:1
    |
 90 | pub struct Agent {
    | ---------------- method `query_json` not found for this struct

error[E0599]: no method named `query_stream` found for struct `agent::Agent` in the current scope
   --> src\cli\print_mode.rs:130:32
    |
130 |         let mut stream = agent.query_stream(&full_query).await?;
    |                                ^^^^^^^^^^^^ method not found in `agent::Agent`
    |
   ::: src\agent.rs:90:1
    |
 90 | pub struct Agent {
    | ---------------- method `query_stream` not found for this struct

error[E0282]: type annotations needed
   --> src\cli\print_mode.rs:130:13
    |
130 |         let mut stream = agent.query_stream(&full_query).await?;
    |             ^^^^^^^^^^
131 |         
132 |         while let Some(event) = stream.next().await {
    |                                 ------ type must be known at this point
    |
help: consider giving `stream` an explicit type
    |
130 |         let mut stream: /* Type */ = agent.query_stream(&full_query).await?;
    |                       ++++++++++++

error[E0599]: no method named `query` found for struct `agent::Agent` in the current scope
   --> src\cli\print_mode.rs:138:30
    |
138 |         let response = agent.query(&full_query).await?;
    |                              ^^^^^ method not found in `agent::Agent`
    |
   ::: src\agent.rs:90:1
    |
 90 | pub struct Agent {
    | ---------------- method `query` not found for this struct
    |
    = help: items from traits can only be used if the trait is implemented and in scope
    = note: the following traits define an item `query`, perhaps you need to implement one of them:
            candidate #1: `windows_core::interface::Interface`
            candidate #2: `windows_core::interface::Interface`

error[E0308]: `match` arms have incompatible types
   --> src\cli\p1_commands.rs:294:14
    |
289 | /     match action {
290 | |         Some("edit") | None => edit_memory().await,
    | |                                ------------------- this is found to be of type `std::result::Result<std::string
::String, anyhow::Error>`
291 | |         Some("show") => show_memory().await,
    | |                         ------------------- this is found to be of type `std::result::Result<std::string::Strin
g, anyhow::Error>`
292 | |         Some("search") => search_memory().await,
    | |                           --------------------- this is found to be of type `std::result::Result<std::string::S
tring, anyhow::Error>`
293 | |         Some("clear") => clear_memory().await,
    | |                          -------------------- this is found to be of type `std::result::Result<std::string::Str
ing, anyhow::Error>`
294 | |         _ => memory_help(),
    | |              ^^^^^^^^^^^^^ expected `Result<String, Error>`, found `String`
295 | |     }
    | |_____- `match` arms have incompatible types
    |
    = note: expected enum `std::result::Result<std::string::String, anyhow::Error>`
             found struct `std::string::String`
help: try wrapping the expression in `Ok`
    |
294 |         _ => Ok(memory_help()),
    |              +++             +

error[E0308]: `match` arms have incompatible types
   --> src\cli\p1_commands.rs:427:14
    |
423 | /     match action {
424 | |         Some("show") | None => show_permissions().await,
    | |                                ------------------------ this is found to be of type `std::result::Result<std::s
tring::String, anyhow::Error>`
425 | |         Some("set") => set_permissions().await,
    | |                        ----------------------- this is found to be of type `std::result::Result<std::string::St
ring, anyhow::Error>`
426 | |         Some("reset") => reset_permissions().await,
    | |                          ------------------------- this is found to be of type `std::result::Result<std::string
::String, anyhow::Error>`
427 | |         _ => permissions_help(),
    | |              ^^^^^^^^^^^^^^^^^^ expected `Result<String, Error>`, found `String`
428 | |     }
    | |_____- `match` arms have incompatible types
    |
    = note: expected enum `std::result::Result<std::string::String, anyhow::Error>`
             found struct `std::string::String`
help: try wrapping the expression in `Ok`
    |
427 |         _ => Ok(permissions_help()),
    |              +++                  +

error[E0308]: `match` arms have incompatible types
   --> src\cli\p1_commands.rs:666:14
    |
662 | /     match action {
663 | |         Some("list") | None => list_bashes().await,
    | |                                ------------------- this is found to be of type `std::result::Result<std::string
::String, anyhow::Error>`
664 | |         Some("output") => Ok("用法: /bash-output <id>".to_string()),
    | |                           ----------------------------------------- this is found to be of type `std::result::R
esult<std::string::String, anyhow::Error>`
665 | |         Some("kill") => Ok("用法: /kill-bash <id>".to_string()),
    | |                         --------------------------------------- this is found to be of type `std::result::Resul
t<std::string::String, anyhow::Error>`
666 | |         _ => bashes_help(),
    | |              ^^^^^^^^^^^^^ expected `Result<String, Error>`, found `String`
667 | |     }
    | |_____- `match` arms have incompatible types
    |
    = note: expected enum `std::result::Result<std::string::String, anyhow::Error>`
             found struct `std::string::String`
help: try wrapping the expression in `Ok`
    |
666 |         _ => Ok(bashes_help()),
    |              +++             +

error[E0599]: no method named `send` found for struct `WebSocketStream<S>` in the current scope
   --> src\provider\openai.rs:338:10
    |
336 | /     state
337 | |         .ws_stream
338 | |         .send(WsMessage::Ping(Vec::new()))
    | |_________-^^^^
    |
   ::: C:\Users\lenovo\.cargo\registry\src\index.crates.io-1949cf8c6b5b557f\futures-util-0.3.32\src\sink\mod.rs:220:8
    |
220 |       fn send(&mut self, item: Item) -> Send<'_, Self, Item>
    |          ---- the method is available for `WebSocketStream<tokio_tungstenite::MaybeTlsStream<tokio::net::TcpStrea
m>>` here
    |
    = help: items from traits can only be used if the trait is in scope
help: trait `SinkExt` which provides `send` is implemented but not in scope; perhaps you want to import it
    |
  1 + use futures::SinkExt;
    |
help: there is a method `send_all` with a similar name
    |
338 |         .send_all(WsMessage::Ping(Vec::new()))
    |              ++++

error[E0282]: type annotations needed
   --> src\provider\openai.rs:336:5
    |
336 | /     state
337 | |         .ws_stream
338 | |         .send(WsMessage::Ping(Vec::new()))
339 | |         .await
    | |______________^ cannot infer type

error[E0599]: no method named `send` found for struct `WebSocketStream<S>` in the current scope
   --> src\provider\openai.rs:368:22
    |
366 | /                 state
367 | |                     .ws_stream
368 | |                     .send(WsMessage::Pong(payload))
    | |_____________________-^^^^
    |
   ::: C:\Users\lenovo\.cargo\registry\src\index.crates.io-1949cf8c6b5b557f\futures-util-0.3.32\src\sink\mod.rs:220:8
    |
220 |       fn send(&mut self, item: Item) -> Send<'_, Self, Item>
    |          ---- the method is available for `WebSocketStream<tokio_tungstenite::MaybeTlsStream<tokio::net::TcpStrea
m>>` here
    |
    = help: items from traits can only be used if the trait is in scope
help: trait `SinkExt` which provides `send` is implemented but not in scope; perhaps you want to import it
    |
  1 + use futures::SinkExt;
    |
help: there is a method `send_all` with a similar name
    |
368 |                     .send_all(WsMessage::Pong(payload))
    |                          ++++

error[E0282]: type annotations needed
   --> src\provider\openai.rs:366:17
    |
366 | /                 state
367 | |                     .ws_stream
368 | |                     .send(WsMessage::Pong(payload))
369 | |                     .await
    | |__________________________^ cannot infer type

error[E0599]: no method named `send` found for struct `WebSocketStream<S>` in the current scope
   --> src\provider\openai_stream_runtime.rs:351:37
    |
351 |     if let Err(e) = state.ws_stream.send(WsMessage::Text(request_text)).await {
    |                                     ^^^^
    |
   ::: C:\Users\lenovo\.cargo\registry\src\index.crates.io-1949cf8c6b5b557f\futures-util-0.3.32\src\sink\mod.rs:220:8
    |
220 |     fn send(&mut self, item: Item) -> Send<'_, Self, Item>
    |        ---- the method is available for `WebSocketStream<tokio_tungstenite::MaybeTlsStream<tokio::net::TcpStream>
>` here
    |
    = help: items from traits can only be used if the trait is in scope
help: trait `SinkExt` which provides `send` is implemented but not in scope; perhaps you want to import it
    |
  1 + use futures::SinkExt;
    |
help: there is a method `send_all` with a similar name
    |
351 |     if let Err(e) = state.ws_stream.send_all(WsMessage::Text(request_text)).await {
    |                                         ++++

error[E0599]: no method named `send` found for struct `WebSocketStream<S>` in the current scope
   --> src\provider\openai_stream_runtime.rs:512:41
    |
512 |                 let _ = state.ws_stream.send(WsMessage::Pong(payload)).await;
    |                                         ^^^^
    |
   ::: C:\Users\lenovo\.cargo\registry\src\index.crates.io-1949cf8c6b5b557f\futures-util-0.3.32\src\sink\mod.rs:220:8
    |
220 |     fn send(&mut self, item: Item) -> Send<'_, Self, Item>
    |        ---- the method is available for `WebSocketStream<tokio_tungstenite::MaybeTlsStream<tokio::net::TcpStream>
>` here
    |
    = help: items from traits can only be used if the trait is in scope
help: trait `SinkExt` which provides `send` is implemented but not in scope; perhaps you want to import it
    |
  1 + use futures::SinkExt;
    |
help: there is a method `send_all` with a similar name
    |
512 |                 let _ = state.ws_stream.send_all(WsMessage::Pong(payload)).await;
    |                                             ++++

error[E0599]: no method named `into_client_request` found for struct `std::string::String` in the current scope
   --> src\provider\openai_stream_runtime.rs:574:33
    |
574 |     let mut ws_request = ws_url.into_client_request().map_err(|err| {
    |                                 ^^^^^^^^^^^^^^^^^^^
    |
   ::: C:\Users\lenovo\.cargo\registry\src\index.crates.io-1949cf8c6b5b557f\tungstenite-0.24.0\src\client.rs:197:8
    |
197 |     fn into_client_request(self) -> Result<Request>;
    |        ------------------- the method is available for `std::string::String` here
    |
    = help: items from traits can only be used if the trait is in scope
help: trait `IntoClientRequest` which provides `into_client_request` is implemented but not in scope; perhaps you want 
to import it
    |
  1 + use tokio_tungstenite::tungstenite::client::IntoClientRequest;
    |
help: there is a method `into_request` with a similar name
    |
574 -     let mut ws_request = ws_url.into_client_request().map_err(|err| {
574 +     let mut ws_request = ws_url.into_request().map_err(|err| {
    |

error[E0282]: type annotations needed
   --> src\provider\openai_stream_runtime.rs:613:26
    |
613 |       let connect_result = tokio::time::timeout(
    |  __________________________^
614 | |         Duration::from_secs(WEBSOCKET_CONNECT_TIMEOUT_SECS),
615 | |         connect_async(ws_request),
616 | |     )
617 | |     .await
    | |__________^ cannot infer type

error[E0282]: type annotations needed for `(_, _)`
   --> src\provider\openai_stream_runtime.rs:625:9
    |
625 |     let (mut ws_stream, _response) = match connect_result {
    |         ^^^^^^^^^^^^^^^^^^^^^^^^^^
...
686 |     ws_stream
    |     --------- type must be known at this point
    |
help: consider giving this pattern a type, where the placeholders `_` are specified
    |
625 |     let (mut ws_stream, _response): (_, _) = match connect_result {
    |                                   ++++++++

error[E0282]: type annotations needed
   --> src\provider\openai_stream_runtime.rs:686:5
    |
686 | /     ws_stream
687 | |         .send(WsMessage::Text(request_text))
688 | |         .await
    | |______________^ cannot infer type

error[E0282]: type annotations needed
   --> src\provider\openai_stream_runtime.rs:689:19
    |
689 |         .map_err(|err| OpenAIStreamFailure::Other(anyhow::anyhow!(err)))?;
    |                   ^^^                             -------------------- type must be known at this point
    |
help: consider giving this closure parameter an explicit type
    |
689 |         .map_err(|err: /* Type */| OpenAIStreamFailure::Other(anyhow::anyhow!(err)))?;
    |                      ++++++++++++

error[E0282]: type annotations needed
   --> src\provider\openai_stream_runtime.rs:744:25
    |
744 |           let next_item = tokio::time::timeout(Duration::from_secs(timeout_secs), ws_stream.next())
    |  _________________________^
745 | |             .await
    | |__________________^ cannot infer type

error[E0599]: no method named `get_diagnostics` found for struct `std::sync::Arc<jcode_lsp::LspServerManager>` in the c
urrent scope
   --> src\server\lsp_event_bridge.rs:115:36
    |
115 |             match self.lsp_manager.get_diagnostics(file).await {
    |                                    ^^^^^^^^^^^^^^^ method not found in `std::sync::Arc<jcode_lsp::LspServerManage
r>`
    |
    = help: items from traits can only be used if the trait is in scope
help: trait `LspOperations` which provides `get_diagnostics` is implemented but not in scope; perhaps you want to impor
t it
    |
 24 + use jcode_lsp::LspOperations;
    |

error[E0282]: type annotations needed
   --> src\server\lsp_event_bridge.rs:116:37
    |
116 |                 Ok(diagnostics) if !diagnostics.is_empty() => {
    |                                     ^^^^^^^^^^^ cannot infer type

error[E0599]: no method named `get_diagnostics` found for struct `std::sync::Arc<jcode_lsp::LspServerManager>` in the c
urrent scope
   --> src\server\conflict_detector.rs:195:40
    |
195 |                 match self.lsp_manager.get_diagnostics(file).await {
    |                                        ^^^^^^^^^^^^^^^ method not found in `std::sync::Arc<jcode_lsp::LspServerMa
nager>`
    |
    = help: items from traits can only be used if the trait is in scope
help: trait `LspOperations` which provides `get_diagnostics` is implemented but not in scope; perhaps you want to impor
t it
    |
 26 + use jcode_lsp::LspOperations;
    |

error[E0382]: borrow of moved value: `data`
   --> src\video_export\enhanced.rs:450:30
    |
426 |         let mut data = Vec::new();
    |             -------- move occurs because `data` has type `Vec<u8>`, which does not implement the `Copy` trait
...
446 |             data,
    |             ---- value moved here
...
450 |             file_size_bytes: data.len(),
    |                              ^^^^ value borrowed here after move
    |
help: consider cloning the value if the performance cost is acceptable
    |
446 |             data: data.clone(),
    |                 ++++++++++++++

error[E0382]: borrow of moved value: `data`
   --> src\video_export\enhanced.rs:469:30
    |
457 |         let mut data = Vec::with_capacity(recording.frame_count() * 1024);
    |             -------- move occurs because `data` has type `Vec<u8>`, which does not implement the `Copy` trait
...
466 |             data,
    |             ---- value moved here
...
469 |             file_size_bytes: data.len(),
    |                              ^^^^ value borrowed here after move
    |
help: consider cloning the value if the performance cost is acceptable
    |
466 |             data: data.clone(),
    |                 ++++++++++++++

error[E0599]: no method named `get_completion` found for struct `std::sync::Arc<jcode_lsp::LspServerManager>` in the cu
rrent scope
  --> src\ws\handlers\lsp.rs:51:27
   |
51 |             match manager.get_completion(file_path, line, character).await {
   |                           ^^^^^^^^^^^^^^ method not found in `std::sync::Arc<jcode_lsp::LspServerManager>`
   |
   = help: items from traits can only be used if the trait is in scope
help: trait `LspOperations` which provides `get_completion` is implemented but not in scope; perhaps you want to import
 it
   |
 9 + use jcode_lsp::LspOperations;
   |

error[E0282]: type annotations needed
  --> src\ws\handlers\lsp.rs:52:30
   |
52 |                 Ok(items) => items.into_iter().map(|item| CompletionItem {
   |                              ^^^^^ cannot infer type

error[E0282]: type annotations needed
  --> src\ws\handlers\lsp.rs:62:36
   |
62 |                         .and_then(|s| s.parse::<i32>().ok())
   |                                    ^  - type must be known at this point
   |
help: consider giving this closure parameter an explicit type
   |
62 |                         .and_then(|s: /* Type */| s.parse::<i32>().ok())
   |                                     ++++++++++++

error[E0599]: no method named `goto_definition` found for struct `std::sync::Arc<jcode_lsp::LspServerManager>` in the c
urrent scope
   --> src\ws\handlers\lsp.rs:108:27
    |
108 |             match manager.goto_definition(file_path, position.line, position.character).await {
    |                           ^^^^^^^^^^^^^^^ method not found in `std::sync::Arc<jcode_lsp::LspServerManager>`
    |
    = help: items from traits can only be used if the trait is in scope
help: trait `LspOperations` which provides `goto_definition` is implemented but not in scope; perhaps you want to impor
t it
    |
  9 + use jcode_lsp::LspOperations;
    |

error[E0282]: type annotations needed
   --> src\ws\handlers\lsp.rs:109:34
    |
109 |                 Ok(locations) => locations.into_iter().map(|loc| {
    |                                  ^^^^^^^^^ cannot infer type

error[E0599]: no method named `find_references` found for struct `std::sync::Arc<jcode_lsp::LspServerManager>` in the c
urrent scope
   --> src\ws\handlers\lsp.rs:159:27
    |
159 |             match manager.find_references(file_path, position.line, position.character).await {
    |                           ^^^^^^^^^^^^^^^ method not found in `std::sync::Arc<jcode_lsp::LspServerManager>`
    |
    = help: items from traits can only be used if the trait is in scope
help: trait `LspOperations` which provides `find_references` is implemented but not in scope; perhaps you want to impor
t it
    |
  9 + use jcode_lsp::LspOperations;
    |

error[E0282]: type annotations needed
   --> src\ws\handlers\lsp.rs:160:34
    |
160 |                 Ok(locations) => locations.into_iter().map(|loc| {
    |                                  ^^^^^^^^^ cannot infer type

error[E0599]: no method named `get_diagnostics` found for struct `std::sync::Arc<jcode_lsp::LspServerManager>` in the c
urrent scope
   --> src\ws\handlers\lsp.rs:204:27
    |
204 |             match manager.get_diagnostics(file_path).await {
    |                           ^^^^^^^^^^^^^^^ method not found in `std::sync::Arc<jcode_lsp::LspServerManager>`
    |
    = help: items from traits can only be used if the trait is in scope
help: trait `LspOperations` which provides `get_diagnostics` is implemented but not in scope; perhaps you want to impor
t it
    |
  9 + use jcode_lsp::LspOperations;
    |

error[E0282]: type annotations needed
   --> src\ws\handlers\lsp.rs:205:30
    |
205 |                 Ok(diags) => diags.into_iter().map(|d| DiagnosticInfo {
    |                              ^^^^^ cannot infer type

warning: variable does not need to be mutable
   --> src\auto_mode\engine.rs:145:21
    |
145 |                 let mut model = self.confidence_model.lock().await;
    |                     ----^^^^^
    |                     |
    |                     help: remove this `mut`

error[E0277]: `std::option::Option<std::string::String>` doesn't implement `std::fmt::Display`
  --> src\slash_command\build.rs:61:164
   |
61 | ... [{}] {}:{}", i.severity, i.file, i.line); } }
   |          --                  ^^^^^^ `std::option::Option<std::string::String>` cannot be formatted with the defaul
t formatter
   |          |
   |          required by this formatting parameter
   |
   = help: the trait `std::fmt::Display` is not implemented for `std::option::Option<std::string::String>`
   = note: in format strings you may be able to use `{:?}` (or {:#?} for pretty-print) instead
   = note: this error originates in the macro `$crate::format_args_nl` which comes from the expansion of the macro `epr
intln` (in Nightly builds, run with -Z macro-backtrace for more info)

error[E0277]: `std::option::Option<u32>` doesn't implement `std::fmt::Display`
  --> src\slash_command\build.rs:61:172
   |
61 | ...    [{}] {}:{}", i.severity, i.file, i.line); } }
   |                --                       ^^^^^^ `std::option::Option<u32>` cannot be formatted with the default for
matter
   |                |
   |                required by this formatting parameter
   |
   = help: the trait `std::fmt::Display` is not implemented for `std::option::Option<u32>`
   = note: in format strings you may be able to use `{:?}` (or {:#?} for pretty-print) instead
   = note: this error originates in the macro `$crate::format_args_nl` which comes from the expansion of the macro `epr
intln` (in Nightly builds, run with -Z macro-backtrace for more info)

error[E0277]: `jcode_message_types::Role` doesn't implement `std::fmt::Display`
  --> src\slash_command\session.rs:17:63
   |
17 | ...                   let _ = writeln!(f, "## {} ({})", msg.role, msg.timestamp);
   |                                               --        ^^^^^^^^ `jcode_message_types::Role` cannot be formatted w
ith the default formatter
   |                                               |
   |                                               required by this formatting parameter
   |
   = help: the trait `std::fmt::Display` is not implemented for `jcode_message_types::Role`
   = note: in format strings you may be able to use `{:?}` (or {:#?} for pretty-print) instead
   = note: this error originates in the macro `$crate::format_args_nl` which comes from the expansion of the macro `wri
teln` (in Nightly builds, run with -Z macro-backtrace for more info)

error[E0277]: `std::option::Option<chrono::DateTime<chrono::Utc>>` doesn't implement `std::fmt::Display`
  --> src\slash_command\session.rs:17:73
   |
17 | ...                   let _ = writeln!(f, "## {} ({})", msg.role, msg.timestamp);
   |                                                   --              ^^^^^^^^^^^^^ `std::option::Option<chrono::DateT
ime<chrono::Utc>>` cannot be formatted with the default formatter
   |                                                   |
   |                                                   required by this formatting parameter
   |
   = help: the trait `std::fmt::Display` is not implemented for `std::option::Option<chrono::DateTime<chrono::Utc>>`
   = note: in format strings you may be able to use `{:?}` (or {:#?} for pretty-print) instead
   = note: this error originates in the macro `$crate::format_args_nl` which comes from the expansion of the macro `wri
teln` (in Nightly builds, run with -Z macro-backtrace for more info)

error[E0716]: temporary value dropped while borrowed
  --> src\slash_command\session.rs:43:40
   |
43 | ...                   let name = entry.path().file_stem().map(|n| n.to_string_lossy()).unwrap_or_default();
   |                                  ^^^^^^^^^^^^ creates a temporary value which is freed while still in use - tempor
ary value is freed at the end of this statement
44 | ...                   if let Ok(s) = crate::session::Session::load_from_path(&entry.path()) {
45 | ...                       eprintln!("  [{:.8}] {} — {} msgs", name, s.display_title_or_name(), s.messages.len());
   |                                                               ---- borrow later used here
   |
   = note: consider using a `let` binding to create a longer lived value

error[E0382]: borrow of moved value: `a`
    --> src\slash_command\config.rs:22:16
     |
  10 | ...   let a = args.to_string();
     |           - move occurs because `a` has type `std::string::String`, which does not implement the `Copy` trait
  11 | ...   s(move || async move {
     |         ------- value moved into closure here
  12 | ...       let cfg = crate::config::Config::load();
  13 | ...       if a.trim().is_empty() {
     |              - variable moved due to use in closure
...
  22 | ...   if a.trim().is_empty() { SlashResult::Ok("Showing model config.".into()) } else { SlashResult::Ok(format!(
"Setting model to:...
     |          ^ value borrowed here after move
     |
     = note: borrow occurs due to deref coercion to `str`
note: deref defined here
    --> C:\Users\lenovo\.rustup\toolchains\stable-x86_64-pc-windows-msvc\lib/rustlib/src/rust\library\alloc\src\string.
rs:2821:5
     |
2821 |     type Target = str;
     |     ^^^^^^^^^^^
help: consider cloning the value before moving it into the closure
     |
  11 ~             let value = a.clone();
  12 ~             s(move || async move {
  13 |                 let cfg = crate::config::Config::load();
  14 ~                 if value.trim().is_empty() {
     |

error[E0308]: mismatched types
   --> src\slash_command\tasks.rs:26:66
    |
 26 | ...                   if let Some(plan) = planner.get_plan(plan_id) {
    |                                                   -------- ^^^^^^^ expected `&str`, found `&&TaskPlan`
    |                                                   |
    |                                                   arguments to this method are incorrect
    |
    = note: expected reference `&str`
               found reference `&&TaskPlan`
note: method defined here
   --> src\task_planner.rs:182:12
    |
182 |     pub fn get_plan(&self, id: &str) -> Option<&TaskPlan> {
    |            ^^^^^^^^        --------

error[E0599]: no method named `list` found for opaque type `impl futures::Future<Output = tokio::sync::RwLockReadGuard<
'_, skill::SkillRegistry>>` in the current scope
  --> src\slash_command\tasks.rs:65:42
   |
65 |                         let skills = reg.list();
   |                                          ^^^^
   |
help: consider `await`ing on the `Future` and calling the method on its `Output`
   |
65 |                         let skills = reg.await.list();
   |                                          ++++++
help: there is a method `fmt_list` with a similar name
   |
65 |                         let skills = reg.fmt_list();
   |                                          ++++

error[E0599]: no method named `get` found for opaque type `impl futures::Future<Output = tokio::sync::RwLockReadGuard<'
_, skill::SkillRegistry>>` in the current scope
  --> src\slash_command\tasks.rs:71:35
   |
71 |                         match reg.get(parts[1]) {
   |                                   ^^^ method not found in `impl futures::Future<Output = tokio::sync::RwLockReadGu
ard<'_, skill::SkillRegistry>>`
   |
help: consider `await`ing on the `Future` and calling the method on its `Output`
   |
71 |                         match reg.await.get(parts[1]) {
   |                                   ++++++

error[E0596]: cannot borrow `self.coordinator` as mutable, as it is behind a `&` reference
   --> src\refactor_engine.rs:143:27
    |
143 |         let tx_id = match self.coordinator.begin_transaction(ops.clone()) {
    |                           ^^^^^^^^^^^^^^^^ `self` is a `&` reference, so it cannot be borrowed as mutable
    |
help: consider changing this to be a mutable reference
    |
137 |         &mut self,
    |          +++

error[E0596]: cannot borrow `self.coordinator` as mutable, as it is behind a `&` reference
   --> src\refactor_engine.rs:156:28
    |
156 |         let result = match self.coordinator.commit(&tx_id) {
    |                            ^^^^^^^^^^^^^^^^ `self` is a `&` reference, so it cannot be borrowed as mutable
    |
help: consider changing this to be a mutable reference
    |
137 |         &mut self,
    |          +++

error[E0596]: cannot borrow `self.coordinator` as mutable, as it is behind a `&` reference
   --> src\refactor_engine.rs:171:41
    |
171 |                         if let Err(e) = self.coordinator.rollback(&tx_id) {
    |                                         ^^^^^^^^^^^^^^^^ `self` is a `&` reference, so it cannot be borrowed as m
utable
    |
help: consider changing this to be a mutable reference
    |
137 |         &mut self,
    |          +++

error[E0596]: cannot borrow `self.coordinator` as mutable, as it is behind a `&` reference
   --> src\refactor_engine.rs:188:29
    |
188 |                     let _ = self.coordinator.rollback(&tx_id);
    |                             ^^^^^^^^^^^^^^^^ `self` is a `&` reference, so it cannot be borrowed as mutable
    |
help: consider changing this to be a mutable reference
    |
137 |         &mut self,
    |          +++

error[E0596]: cannot borrow `self.coordinator` as mutable, as it is behind a `&` reference
   --> src\refactor_engine.rs:278:9
    |
278 |         self.coordinator.rollback(transaction_id)
    |         ^^^^^^^^^^^^^^^^ `self` is a `&` reference, so it cannot be borrowed as mutable
    |
help: consider changing this to be a mutable reference
    |
277 |     pub async fn rollback(&mut self, transaction_id: &str) -> Result<usize> {
    |                            +++

error[E0599]: no method named `is_offline` found for reference `&TeamSyncManager` in the current scope
   --> src\team_sync.rs:846:17
    |
846 |         if self.is_offline().await {
    |                 ^^^^^^^^^^ field, not a method
    |
help: remove the arguments
    |
846 -         if self.is_offline().await {
846 +         if self.is_offline.await {
    |
help: there is a method `is_online` with a similar name
    |
846 -         if self.is_offline().await {
846 +         if self.is_online().await {
    |

error[E0599]: no method named `is_offline` found for reference `&TeamSyncManager` in the current scope
   --> src\team_sync.rs:898:17
    |
898 |         if self.is_offline().await {
    |                 ^^^^^^^^^^ field, not a method
    |
help: remove the arguments
    |
898 -         if self.is_offline().await {
898 +         if self.is_offline.await {
    |
help: there is a method `is_online` with a similar name
    |
898 -         if self.is_offline().await {
898 +         if self.is_online().await {
    |

error[E0599]: no method named `is_offline` found for reference `&TeamSyncManager` in the current scope
   --> src\team_sync.rs:961:17
    |
961 |         if self.is_offline().await {
    |                 ^^^^^^^^^^ field, not a method
    |
help: remove the arguments
    |
961 -         if self.is_offline().await {
961 +         if self.is_offline.await {
    |
help: there is a method `is_online` with a similar name
    |
961 -         if self.is_offline().await {
961 +         if self.is_online().await {
    |

error[E0382]: borrow of moved value: `op`
    --> src\team_sync.rs:1291:26
     |
1283 |     async fn queue_offline_operation(&self, op: SyncOperation) -> Result<(), SyncError> {
     |                                             -- move occurs because `op` has type `SyncOperation`, which does not
 implement the `Copy` trait
...
1290 |         queue.push_back(op);
     |                         -- value moved here
1291 |         let desc = match &op {
     |                          ^^^ value borrowed here after move
     |
help: consider cloning the value if the performance cost is acceptable
     |
1290 |         queue.push_back(op.clone());
     |                           ++++++++

error[E0308]: mismatched types
   --> src\ssh\session.rs:522:9
    |
514 |       pub async fn execute_async(&self, command: &str) -> Result<u32, String> {
    |                                                           ------------------- expected `std::result::Result<u32, 
std::string::String>` because of return type
...
522 | /         tokio::spawn(async move {
523 | |             let target = format!("{}@{}", config.user, config.host);
524 | |             let mut ssh_cmd = tokio::process::Command::new("ssh");
...   |
542 | |         }).await
543 | |         .map_err(|e| format!("Async execution failed: {}", e))
    | |______________________________________________________________^ expected `Result<u32, String>`, found `Result<i3
2, String>`
    |
    = note: expected enum `std::result::Result<u32, _>`
               found enum `std::result::Result<i32, _>`

error[E0382]: use of moved value: `entry`
   --> src\context\extended_manager.rs:409:28
    |
376 |         let entry = ContextEntry {
    |             ----- move occurs because `entry` has type `extended_manager::ContextEntry`, which does not implement
 the `Copy` trait
...
396 |             hot.push_back(entry);
    |                           ----- value moved here
...
409 |             importance = ?(entry.importance as u8),
    |                            ^^^^^^^^^^^^^^^^ value used here after move
    |
help: consider cloning the value if the performance cost is acceptable
    |
396 |             hot.push_back(entry.clone());
    |                                ++++++++

error[E0308]: mismatched types
   --> src\context\extended_manager.rs:635:20
    |
635 |             if let Some(old_entry) = warm.remove(0) {
    |                    ^^^^^^^^^^^^^^^   -------------- this expression has type `extended_manager::ContextEntry`
    |                    |
    |                    expected `ContextEntry`, found `Option<_>`
    |
    = note: expected struct `extended_manager::ContextEntry`
                 found enum `std::option::Option<_>`
help: you might have meant to use field `compressed_content` whose type is `std::option::Option<std::string::String>`
    |
635 |             if let Some(old_entry) = warm.remove(0).compressed_content {
    |                                                    +++++++++++++++++++

error[E0308]: mismatched types
   --> src\context\extended_manager.rs:732:48
    |
732 |         self.add_message("user", content, vec!["user_input"], false, None).await
    |                                                ^^^^^^^^^^^^ expected `String`, found `&str`
    |
help: try using a conversion method
    |
732 |         self.add_message("user", content, vec!["user_input".to_string()], false, None).await
    |                                                            ++++++++++++

error[E0308]: mismatched types
   --> src\context\extended_manager.rs:737:53
    |
737 |         self.add_message("assistant", content, vec!["assistant_reply"], false, None).await
    |                                                     ^^^^^^^^^^^^^^^^^ expected `String`, found `&str`
    |
help: try using a conversion method
    |
737 |         self.add_message("assistant", content, vec!["assistant_reply".to_string()], false, None).await
    |                                                                      ++++++++++++

error[E0308]: mismatched types
   --> src\context\extended_manager.rs:745:18
    |
745 |             vec!["tool_result", tool_name],
    |                  ^^^^^^^^^^^^^ expected `String`, found `&str`
    |
help: try using a conversion method
    |
745 |             vec!["tool_result".to_string(), tool_name],
    |                               ++++++++++++

error[E0502]: cannot borrow `history` as immutable because it is also borrowed as mutable
   --> src\reasoning\cot_engine.rs:378:33
    |
378 |                 history.drain(..history.len() - 1000);
    |                 ------- -----   ^^^^^^^ immutable borrow occurs here
    |                 |       |
    |                 |       mutable borrow later used by call
    |                 mutable borrow occurs here

error[E0382]: borrow of moved value: `final_step`
   --> src\reasoning\cot_engine.rs:500:21
    |
490 |         let final_step = self.step_synthesis(problem, context, &chain).await?;
    |             ---------- move occurs because `final_step` has type `ReasoningStep`, which does not implement the `C
opy` trait
491 |         self.emit_step_reasoning(&final_step, 0.98).await;
492 |         chain.push(final_step);
    |                    ---------- value moved here
...
500 |             answer: final_step.output.clone().unwrap_or_default(),
    |                     ^^^^^^^^^^^^^^^^^ value borrowed here after move
    |
help: consider cloning the value if the performance cost is acceptable
    |
492 |         chain.push(final_step.clone());
    |                              ++++++++

error[E0382]: borrow of moved value: `chain`
    --> src\reasoning\cot_engine.rs:506:45
     |
 430 |         let mut chain = Vec::new();
     |             --------- move occurs because `chain` has type `Vec<ReasoningStep>`, which does not implement the `C
opy` trait
...
 501 |             chain,
     |             ----- value moved here
...
 506 |             findings: self.extract_findings(&chain),
     |                                             ^^^^^^ value borrowed here after move
     |
     = note: borrow occurs due to deref coercion to `[ReasoningStep]`
note: deref defined here
    --> C:\Users\lenovo\.rustup\toolchains\stable-x86_64-pc-windows-msvc\lib/rustlib/src/rust\library\alloc\src\vec\mod
.rs:3661:5
     |
3661 |     type Target = [T];
     |     ^^^^^^^^^^^
help: consider cloning the value if the performance cost is acceptable
     |
 501 |             chain: chain.clone(),
     |                  +++++++++++++++

error[E0308]: mismatched types
   --> src\reasoning\cot_engine.rs:545:26
    |
545 |             description: "评估各候选方案的可行性",
    |                          ^^^^^^^^^^^^^^^^^^^^^^^^ expected `String`, found `&str`
    |
help: try using a conversion method
    |
545 |             description: "评估各候选方案的可行性".to_string(),
    |                                                  ++++++++++++

error[E0382]: borrow of moved value: `chain`
    --> src\reasoning\cot_engine.rs:696:45
     |
 611 |         let mut chain = Vec::new();
     |             --------- move occurs because `chain` has type `Vec<ReasoningStep>`, which does not implement the `C
opy` trait
...
 691 |             chain,
     |             ----- value moved here
...
 696 |             findings: self.extract_findings(&chain),
     |                                             ^^^^^^ value borrowed here after move
     |
     = note: borrow occurs due to deref coercion to `[ReasoningStep]`
note: deref defined here
    --> C:\Users\lenovo\.rustup\toolchains\stable-x86_64-pc-windows-msvc\lib/rustlib/src/rust\library\alloc\src\vec\mod
.rs:3661:5
     |
3661 |     type Target = [T];
     |     ^^^^^^^^^^^
help: consider cloning the value if the performance cost is acceptable
     |
 691 |             chain: chain.clone(),
     |                  +++++++++++++++

error[E0382]: borrow of moved value: `synthesis_step`
   --> src\reasoning\cot_engine.rs:752:21
    |
744 |         let synthesis_step = self.synthesize_perspectives(problem, &perspectives).await?;
    |             -------------- move occurs because `synthesis_step` has type `ReasoningStep`, which does not implemen
t the `Copy` trait
745 |         chain.push(synthesis_step);
    |                    -------------- value moved here
...
752 |             answer: synthesis_step.output.clone().unwrap_or_default(),
    |                     ^^^^^^^^^^^^^^^^^^^^^ value borrowed here after move
    |
help: consider cloning the value if the performance cost is acceptable
    |
745 |         chain.push(synthesis_step.clone());
    |                                  ++++++++

error[E0382]: borrow of moved value: `chain`
    --> src\reasoning\cot_engine.rs:758:45
     |
 711 |         let mut chain = Vec::new();
     |             --------- move occurs because `chain` has type `Vec<ReasoningStep>`, which does not implement the `C
opy` trait
...
 753 |             chain,
     |             ----- value moved here
...
 758 |             findings: self.extract_findings(&chain),
     |                                             ^^^^^^ value borrowed here after move
     |
     = note: borrow occurs due to deref coercion to `[ReasoningStep]`
note: deref defined here
    --> C:\Users\lenovo\.rustup\toolchains\stable-x86_64-pc-windows-msvc\lib/rustlib/src/rust\library\alloc\src\vec\mod
.rs:3661:5
     |
3661 |     type Target = [T];
     |     ^^^^^^^^^^^
help: consider cloning the value if the performance cost is acceptable
     |
 753 |             chain: chain.clone(),
     |                  +++++++++++++++

error[E0308]: mismatched types
   --> src\reasoning\cot_engine.rs:785:26
    |
785 |             description: "深度理解问题",
    |                          ^^^^^^^^^^^^^^ expected `String`, found `&str`
    |
help: try using a conversion method
    |
785 |             description: "深度理解问题".to_string(),
    |                                        ++++++++++++

error[E0308]: mismatched types
   --> src\reasoning\cot_engine.rs:788:26
    |
788 |             output: Some(self.classify_problem_type(problem)),
    |                     ---- ^^^^^^^^^^^^^^^^^^^^^^^^^^^^^^^^^^^ expected `String`, found `&str`
    |                     |
    |                     arguments to this enum variant are incorrect
    |
help: the type constructed contains `&'static str` due to the type of the argument passed
   --> src\reasoning\cot_engine.rs:788:21
    |
788 |             output: Some(self.classify_problem_type(problem)),
    |                     ^^^^^-----------------------------------^
    |                          |
    |                          this argument influences the type of `Some`
note: tuple variant defined here
   --> C:\Users\lenovo\.rustup\toolchains\stable-x86_64-pc-windows-msvc\lib/rustlib/src/rust\library\core\src\option.rs
:608:5
    |
608 |     Some(#[stable(feature = "rust1", since = "1.0.0")] T),
    |     ^^^^
help: try using a conversion method
    |
788 |             output: Some(self.classify_problem_type(problem).to_string()),
    |                                                             ++++++++++++

error[E0308]: mismatched types
   --> src\reasoning\cot_engine.rs:825:26
    |
825 |             description: "收集相关信息",
    |                          ^^^^^^^^^^^^^^ expected `String`, found `&str`
    |
help: try using a conversion method
    |
825 |             description: "收集相关信息".to_string(),
    |                                        ++++++++++++

error[E0308]: mismatched types
   --> src\reasoning\cot_engine.rs:856:26
    |
856 |             description: "生成解决假设",
    |                          ^^^^^^^^^^^^^^ expected `String`, found `&str`
    |
help: try using a conversion method
    |
856 |             description: "生成解决假设".to_string(),
    |                                        ++++++++++++

error[E0308]: mismatched types
    --> src\reasoning\cot_engine.rs:886:28
     |
 886 |                 .unwrap_or("无前序输出")
     |                  --------- ^^^^^^^^^^^^ expected `&String`, found `&str`
     |                  |
     |                  arguments to this method are incorrect
     |
     = note: expected reference `&std::string::String`
                found reference `&'static str`
help: the return type of this call is `&'static str` due to the type of the argument passed
    --> src\reasoning\cot_engine.rs:884:13
     |
 884 | /             previous_steps.last()
 885 | |                 .and_then(|s| s.output.as_ref())
 886 | |                 .unwrap_or("无前序输出")
     | |____________________________------------^
     |                              |
     |                              this argument influences the return type of `unwrap_or`
note: method defined here
    --> C:\Users\lenovo\.rustup\toolchains\stable-x86_64-pc-windows-msvc\lib/rustlib/src/rust\library\core\src\option.r
s:1038:18
     |
1038 |     pub const fn unwrap_or(self, default: T) -> T
     |                  ^^^^^^^^^
help: use `Option::map_or` to deref inner value of `Option`
     |
 886 -                 .unwrap_or("无前序输出")
 886 +                 .map_or("无前序输出", |v| v)
     |

error[E0308]: mismatched types
   --> src\reasoning\cot_engine.rs:892:26
    |
892 |             description: "逻辑推导",
    |                          ^^^^^^^^^^ expected `String`, found `&str`
    |
help: try using a conversion method
    |
892 |             description: "逻辑推导".to_string(),
    |                                    ++++++++++++

error[E0308]: mismatched types
   --> src\reasoning\cot_engine.rs:926:26
    |
926 |             description: "验证结论",
    |                          ^^^^^^^^^^ expected `String`, found `&str`
    |
help: try using a conversion method
    |
926 |             description: "验证结论".to_string(),
    |                                    ++++++++++++

error[E0308]: mismatched types
   --> src\reasoning\cot_engine.rs:996:26
    |
996 |             description: "综合得出最终答案",
    |                          ^^^^^^^^^^^^^^^^^^ expected `String`, found `&str`
    |
help: try using a conversion method
    |
996 |             description: "综合得出最终答案".to_string(),
    |                                            ++++++++++++

error[E0308]: `if` and `else` have incompatible types
    --> src\reasoning\cot_engine.rs:1196:21
     |
1189 | /                 if problem.contains('+') {
1190 | |                     let parts: Vec<f64> = problem.split('+')
1191 | |                         .filter_map(|s| s.trim().parse().ok())
1192 | |                         .collect();
1193 | |                     let sum: f64 = parts.iter().sum();
1194 | |                     format!("计算结果: {}", sum)
     | |                     ---------------------------- expected because of this
1195 | |                 } else {
1196 | |                     "[数学推理完成] 经过逐步计算和分析..."
     | |                     ^^^^^^^^^^^^^^^^^^^^^^^^^^^^^^^^^^^^^^ expected `String`, found `&str`
1197 | |                 }
     | |_________________- `if` and `else` have incompatible types
     |
help: try using a conversion method
     |
1196 |                     "[数学推理完成] 经过逐步计算和分析...".to_string()
     |                                                           ++++++++++++

error[E0308]: mismatched types
    --> src\reasoning\cot_engine.rs:1339:26
     |
1339 |             description: "综合多视角意见",
     |                          ^^^^^^^^^^^^^^^^ expected `String`, found `&str`
     |
help: try using a conversion method
     |
1339 |             description: "综合多视角意见".to_string(),
     |                                          ++++++++++++

error[E0382]: borrow of moved value: `listener`
    --> src\reasoning\reasoning_stream.rs:332:29
     |
 328 |     pub async fn add_listener(&self, listener: Arc<dyn ReasoningEventListener>) {
     |                                      -------- move occurs because `listener` has type `std::sync::Arc<dyn Reason
ingEventListener>`, which does not implement the `Copy` trait
 329 |         let mut listeners = self.listeners.write().await;
 330 |         listeners.push(listener);
     |                        -------- value moved here
 331 |         info!(
 332 |             listener_name = listener.name(),
     |                             ^^^^^^^^ value borrowed here after move
     |
     = note: borrow occurs due to deref coercion to `dyn ReasoningEventListener`
note: deref defined here
    --> C:\Users\lenovo\.rustup\toolchains\stable-x86_64-pc-windows-msvc\lib/rustlib/src/rust\library\alloc\src\sync.rs
:2418:5
     |
2418 |     type Target = T;
     |     ^^^^^^^^^^^
help: clone the value to increment its reference count
     |
 330 |         listeners.push(listener.clone());
     |                                ++++++++

error[E0605]: non-primitive cast: `Discriminant<nlp::types::TextClassification>` as `u8`
  --> src\nlp\engine.rs:76:31
   |
76 |             classification = ?(std::mem::discriminant(&classification) as u8),
   |                               ^^^^^^^^^^^^^^^^^^^^^^^^^^^^^^^^^^^^^^^^^^^^^^^ an `as` expression can only be used 
to convert between primitive types or to coerce to a specific trait object

error[E0308]: mismatched types
    --> src\prototype\mod.rs:803:36
     |
 803 |         let layers = design_layers(pattern, tech_stack);
     |                      ------------- ^^^^^^^ expected `&ArchitecturePattern`, found `ArchitecturePattern`
     |                      |
     |                      arguments to this function are incorrect
     |
note: function defined here
    --> src\prototype\mod.rs:1216:4
     |
1216 | fn design_layers(pattern: &ArchitecturePattern, _tech_stack: &TechStackDecision) -> Vec<LayerDescription> {
     |    ^^^^^^^^^^^^^ -----------------------------
help: consider borrowing here
     |
 803 |         let layers = design_layers(&pattern, tech_stack);
     |                                    +

error[E0308]: mismatched types
    --> src\prototype\mod.rs:804:42
     |
 804 |         let data_flow = design_data_flow(pattern, &config.project_type);
     |                         ---------------- ^^^^^^^ expected `&ArchitecturePattern`, found `ArchitecturePattern`
     |                         |
     |                         arguments to this function are incorrect
     |
note: function defined here
    --> src\prototype\mod.rs:1275:4
     |
1275 | fn design_data_flow(_pattern: &ArchitecturePattern, _project_type: &ProjectType) -> DataFlowDiagram {
     |    ^^^^^^^^^^^^^^^^ ------------------------------
help: consider borrowing here
     |
 804 |         let data_flow = design_data_flow(&pattern, &config.project_type);
     |                                          +

error[E0308]: mismatched types
    --> src\prototype\mod.rs:805:59
     |
 805 |         let api_design = design_api(&config.project_type, pattern);
     |                          ----------                       ^^^^^^^ expected `&ArchitecturePattern`, found `Archit
ecturePattern`
     |                          |
     |                          arguments to this function are incorrect
     |
note: function defined here
    --> src\prototype\mod.rs:1307:4
     |
1307 | fn design_api(project_type: &ProjectType, _pattern: &ArchitecturePattern) -> ApiDesign {
     |    ^^^^^^^^^^                             ------------------------------
help: consider borrowing here
     |
 805 |         let api_design = design_api(&config.project_type, &pattern);
     |                                                           +

error[E0308]: mismatched types
   --> src\prototype\mod.rs:878:30
    |
878 |             common_pitfalls: get_common_pitfalls(&config.project_type),
    |                              ^^^^^^^^^^^^^^^^^^^^^^^^^^^^^^^^^^^^^^^^^ expected `Vec<Pitfall>`, found `Vec<String
>`
    |
    = note: expected struct `Vec<Pitfall>`
               found struct `Vec<std::string::String>`

error[E0308]: mismatched types
   --> src\prototype\mod.rs:879:29
    |
879 |             best_practices: get_best_practices(&architecture.pattern),
    |                             ^^^^^^^^^^^^^^^^^^^^^^^^^^^^^^^^^^^^^^^^^ expected `Vec<BestPractice>`, found `Vec<St
ring>`
    |
    = note: expected struct `Vec<prototype::BestPractice>`
               found struct `Vec<std::string::String>`

error[E0308]: mismatched types
   --> src\refactor\enhanced.rs:721:39
    |
721 |                         new_location: "appsettings.json".to_string(),
    |                                       ^^^^^^^^^^^^^^^^^^^^^^^^^^^^^^ expected `Option<String>`, found `String`
    |
    = note: expected enum `std::option::Option<std::string::String>`
             found struct `std::string::String`
help: try wrapping the expression in `Some`
    |
721 |                         new_location: Some("appsettings.json".to_string()),
    |                                       +++++                              +

error[E0592]: duplicate definitions with name `install_from_url`
   --> src\plugins\loader.rs:112:5
    |
 28 |     pub fn install_from_url(url: &str, target_dir: &Path) -> Result<PluginManifest, String> {
    |     --------------------------------------------------------------------------------------- other definition for 
`install_from_url`
...
112 |     pub fn install_from_url(url: &str, target_dir: &std::path::Path) -> Result<PluginManifest, String> {
    |     ^^^^^^^^^^^^^^^^^^^^^^^^^^^^^^^^^^^^^^^^^^^^^^^^^^^^^^^^^^^^^^^^^^^^^^^^^^^^^^^^^^^^^^^^^^^^^^^^^^ duplicate 
definitions for `install_from_url`

error[E0277]: the size for values of type `str` cannot be known at compilation time
   --> src\cli\hot_exec.rs:15:12
    |
 15 |     if let Some(ref reload_session_id) = run_result.reload_session {
    |            ^^^^^^^^^^^^^^^^^^^^^^^^^^^ doesn't have a size known at compile-time
    |
    = help: the trait `Sized` is not implemented for `str`
note: required by a bound in `std::prelude::v1::Some`
   --> C:\Users\lenovo\.rustup\toolchains\stable-x86_64-pc-windows-msvc\lib/rustlib/src/rust\library\core\src\option.rs
:600:17
    |
600 | pub enum Option<T> {
    |                 ^ required by this bound in `std::prelude::v1::Some`
...
608 |     Some(#[stable(feature = "rust1", since = "1.0.0")] T),
    |     ---- required by a bound in this tuple variant

error[E0277]: the size for values of type `str` cannot be known at compilation time
   --> src\cli\hot_exec.rs:19:12
    |
 19 |     if let Some(ref rebuild_session_id) = run_result.rebuild_session {
    |            ^^^^^^^^^^^^^^^^^^^^^^^^^^^^ doesn't have a size known at compile-time
    |
    = help: the trait `Sized` is not implemented for `str`
note: required by a bound in `std::prelude::v1::Some`
   --> C:\Users\lenovo\.rustup\toolchains\stable-x86_64-pc-windows-msvc\lib/rustlib/src/rust\library\core\src\option.rs
:600:17
    |
600 | pub enum Option<T> {
    |                 ^ required by this bound in `std::prelude::v1::Some`
...
608 |     Some(#[stable(feature = "rust1", since = "1.0.0")] T),
    |     ---- required by a bound in this tuple variant

error[E0277]: the size for values of type `str` cannot be known at compilation time
   --> src\cli\hot_exec.rs:23:12
    |
 23 |     if let Some(ref update_session_id) = run_result.update_session {
    |            ^^^^^^^^^^^^^^^^^^^^^^^^^^^ doesn't have a size known at compile-time
    |
    = help: the trait `Sized` is not implemented for `str`
note: required by a bound in `std::prelude::v1::Some`
   --> C:\Users\lenovo\.rustup\toolchains\stable-x86_64-pc-windows-msvc\lib/rustlib/src/rust\library\core\src\option.rs
:600:17
    |
600 | pub enum Option<T> {
    |                 ^ required by this bound in `std::prelude::v1::Some`
...
608 |     Some(#[stable(feature = "rust1", since = "1.0.0")] T),
    |     ---- required by a bound in this tuple variant

error[E0277]: the size for values of type `str` cannot be known at compilation time
   --> src\cli\hot_exec.rs:27:12
    |
 27 |     if let Some(ref restart_session_id) = run_result.restart_session {
    |            ^^^^^^^^^^^^^^^^^^^^^^^^^^^^ doesn't have a size known at compile-time
    |
    = help: the trait `Sized` is not implemented for `str`
note: required by a bound in `std::prelude::v1::Some`
   --> C:\Users\lenovo\.rustup\toolchains\stable-x86_64-pc-windows-msvc\lib/rustlib/src/rust\library\core\src\option.rs
:600:17
    |
600 | pub enum Option<T> {
    |                 ^ required by this bound in `std::prelude::v1::Some`
...
608 |     Some(#[stable(feature = "rust1", since = "1.0.0")] T),
    |     ---- required by a bound in this tuple variant

error[E0599]: no method named `is_terminal` found for struct `std::io::Stdin` in the current scope
   --> src\cli\print_mode.rs:148:25
    |
148 |     if std::io::stdin().is_terminal() {
    |                         ^^^^^^^^^^^ method not found in `std::io::Stdin`
    |
    = help: items from traits can only be used if the trait is in scope
help: the following traits which provide `is_terminal` are implemented but not in scope; perhaps you want to import one
 of them
    |
 13 + use is_terminal_polyfill::IsTerminal;
    |
 13 + use std::io::IsTerminal;
    |

error[E0599]: no method named `is_terminal` found for struct `std::io::Stdin` in the current scope
  --> src\cli\pipe_handler.rs:83:25
   |
83 |     if std::io::stdin().is_terminal() {
   |                         ^^^^^^^^^^^ method not found in `std::io::Stdin`
   |
   = help: items from traits can only be used if the trait is in scope
help: the following traits which provide `is_terminal` are implemented but not in scope; perhaps you want to import one
 of them
   |
11 + use is_terminal_polyfill::IsTerminal;
   |
11 + use std::io::IsTerminal;
   |

error[E0277]: the trait bound `MessageRef: Clone` is not satisfied
   --> src\gmail.rs:269:5
    |
267 | #[derive(Debug, Clone, Deserialize, Serialize)]
    |                 ----- in this derive macro expansion
268 | pub struct MessageList {
269 |     pub messages: Option<Vec<MessageRef>>,
    |     ^^^^^^^^^^^^^^^^^^^^^^^^^^^^^^^^^^^^^ the trait `Clone` is not implemented for `MessageRef`
    |
    = note: required for `Vec<MessageRef>` to implement `Clone`
    = note: 1 redundant requirement hidden
    = note: required for `std::option::Option<Vec<MessageRef>>` to implement `Clone`
help: consider annotating `MessageRef` with `#[derive(Clone)]`
    |
277 + #[derive(Clone)]
278 | pub struct MessageRef {
    |

error[E0277]: the trait bound `std::time::Instant: std::default::Default` is not satisfied
  --> src\mcp\dynamic_registry.rs:27:35
   |
27 | #[derive(Debug, Clone, Serialize, Deserialize)]
   |                                   ^^^^^^^^^^^ the trait `std::default::Default` is not implemented for `std::time:
:Instant`
   |
   = note: this error originates in the derive macro `Deserialize` (in Nightly builds, run with -Z macro-backtrace for 
more info)

error[E0277]: the trait bound `SystemTime: std::default::Default` is not satisfied
  --> src\mcp\dynamic_registry.rs:27:35
   |
27 | #[derive(Debug, Clone, Serialize, Deserialize)]
   |                                   ^^^^^^^^^^^ the trait `std::default::Default` is not implemented for `SystemTime
`
   |
   = note: this error originates in the derive macro `Deserialize` (in Nightly builds, run with -Z macro-backtrace for 
more info)

error[E0308]: mismatched types
    --> src\memory\session_intelligence.rs:1548:13
     |
1547 |         let mut common_tool_sequence: Vec<String> =
     |                                       ----------- expected due to this
1548 |             all_tools.into_iter().collect::<Vec<_>>();
     |             ^^^^^^^^^^^^^^^^^^^^^^^^^^^^^^^^^^^^^^^^^ expected `Vec<String>`, found `Vec<(String, usize)>`
     |
     = note: expected struct `Vec<std::string::String>`
                found struct `Vec<(std::string::String, usize)>`

error[E0308]: mismatched types
    --> src\memory\session_intelligence.rs:1549:44
     |
1549 |         common_tool_sequence.sort_by_key(|&(_, c)| std::cmp::Reverse(c));
     |                                           -^^^^^^
     |                                           ||
     |                                           |expected `String`, found `(_, _)`
     |                                           expected due to this
     |
     = note: expected struct `std::string::String`
                 found tuple `(_, _)`

error[E0308]: mismatched types
    --> src\memory\session_intelligence.rs:1551:70
     |
1551 |         common_tool_sequence = common_tool_sequence.into_iter().map(|(t, _)| t).collect();
     |                                                                      ^^^^^^
     |                                                                      |
     |                                                                      expected `String`, found `(_, _)`
     |                                                                      expected due to this
     |
     = note: expected struct `std::string::String`
                 found tuple `(_, _)`

error[E0282]: type annotations needed for `std::result::Result<_, _>`
   --> src\provider\openai_provider_impl.rs:317:17
    |
317 |             let result = AssertUnwindSafe(stream_task).catch_unwind().await;
    |                 ^^^^^^
...
320 |                 let msg = if let Some(text) = panic_payload.downcast_ref::<&str>() {
    |                                               ------------- type must be known at this point
    |
help: consider giving `result` an explicit type, where the placeholders `_` are specified
    |
317 |             let result: std::result::Result<T, _> = AssertUnwindSafe(stream_task).catch_unwind().await;
    |                       +++++++++++++++++++++++++++

error[E0282]: type annotations needed
   --> src\provider\openai_provider_impl.rs:323:21
    |
323 |                     text.clone()
    |                     ^^^^ cannot infer type

error[E0369]: binary operation `==` cannot be applied to type `Vec<DiagnosticSummary>`
  --> src\server\lsp_event_bridge.rs:45:5
   |
40 | #[derive(Debug, Clone, PartialEq, serde::Serialize, serde::Deserialize)]
   |                        --------- in this derive macro expansion
...
45 |     errors: Vec<DiagnosticSummary>,
   |     ^^^^^^^^^^^^^^^^^^^^^^^^^^^^^^
   |
note: an implementation of `PartialEq` might be missing for `DiagnosticSummary`
  --> src\server\lsp_event_bridge.rs:50:1
   |
50 | pub struct DiagnosticSummary {
   | ^^^^^^^^^^^^^^^^^^^^^^^^^^^^ must implement `PartialEq`
help: consider annotating `DiagnosticSummary` with `#[derive(PartialEq)]`
   |
50 + #[derive(PartialEq)]
51 | pub struct DiagnosticSummary {
   |

error[E0277]: the trait bound `serde_json::Map<std::string::String, session::replay::Value>: Clone` is not satisfied
   --> src\session\replay.rs:51:12
    |
 45 | #[derive(Clone, Debug, Serialize, Deserialize)]
    |          ----- in this derive macro expansion
...
 51 |     Object(serde_json::Map<String, Value>),
    |            ^^^^^^^^^^^^^^^^^^^^^^^^^^^^^^ the trait `Clone` is not implemented for `serde_json::Map<std::string::
String, session::replay::Value>`
    |
help: the trait `Clone` is implemented for `serde_json::Map<std::string::String, serde_json::Value>`
   --> C:\Users\lenovo\.cargo\registry\src\index.crates.io-1949cf8c6b5b557f\serde_json-1.0.149\src\map.rs:395:1
    |
395 | impl Clone for Map<String, Value> {
    | ^^^^^^^^^^^^^^^^^^^^^^^^^^^^^^^^^

error[E0277]: `serde_json::Map<std::string::String, session::replay::Value>` doesn't implement `std::fmt::Debug`
   --> src\session\replay.rs:51:12
    |
 45 | #[derive(Clone, Debug, Serialize, Deserialize)]
    |                 ----- in this derive macro expansion
...
 51 |     Object(serde_json::Map<String, Value>),
    |            ^^^^^^^^^^^^^^^^^^^^^^^^^^^^^^ the trait `std::fmt::Debug` is not implemented for `serde_json::Map<std
::string::String, session::replay::Value>`
    |
help: the trait `std::fmt::Debug` is implemented for `serde_json::Map<std::string::String, serde_json::Value>`
   --> C:\Users\lenovo\.cargo\registry\src\index.crates.io-1949cf8c6b5b557f\serde_json-1.0.149\src\map.rs:483:1
    |
483 | impl Debug for Map<String, Value> {
    | ^^^^^^^^^^^^^^^^^^^^^^^^^^^^^^^^^

error[E0277]: the trait bound `serde_json::Map<std::string::String, session::replay::Value>: serde::Serialize` is not s
atisfied
   --> src\session\replay.rs:45:24
    |
 45 | #[derive(Clone, Debug, Serialize, Deserialize)]
    |                        ^^^^^^^^^ the trait `Serialize` is not implemented for `serde_json::Map<std::string::Strin
g, session::replay::Value>`
...
 51 |     Object(serde_json::Map<String, Value>),
    |            ---------- required by a bound introduced by this call
    |
    = note: for local types consider adding `#[derive(serde::Serialize)]` to your `serde_json::Map<std::string::String,
 session::replay::Value>` type
    = note: for types from other crates check whether the crate offers a `serde` feature flag
help: the trait `Serialize` is implemented for `serde_json::Map<std::string::String, serde_json::Value>`
   --> C:\Users\lenovo\.cargo\registry\src\index.crates.io-1949cf8c6b5b557f\serde_json-1.0.149\src\map.rs:491:1
    |
491 | impl serde::ser::Serialize for Map<String, Value> {
    | ^^^^^^^^^^^^^^^^^^^^^^^^^^^^^^^^^^^^^^^^^^^^^^^^^
note: required by a bound in `serialize_newtype_variant`
   --> C:\Users\lenovo\.cargo\registry\src\index.crates.io-1949cf8c6b5b557f\serde_core-1.0.228\src\ser\mod.rs:958:21
    |
950 |     fn serialize_newtype_variant<T>(
    |        ------------------------- required by a bound in this associated function
...
958 |         T: ?Sized + Serialize;
    |                     ^^^^^^^^^ required by this bound in `Serializer::serialize_newtype_variant`
    = note: this error originates in the derive macro `Serialize` (in Nightly builds, run with -Z macro-backtrace for m
ore info)

error[E0277]: the trait bound `serde_json::Map<std::string::String, session::replay::Value>: serde::Deserialize<'de>` i
s not satisfied
    --> src\session\replay.rs:51:12
     |
  51 |     Object(serde_json::Map<String, Value>),
     |            ^^^^^^^^^^^^^^^^^^^^^^^^^^^^^^ the trait `Deserialize<'_>` is not implemented for `serde_json::Map<st
d::string::String, session::replay::Value>`
     |
     = note: for local types consider adding `#[derive(serde::Deserialize)]` to your `serde_json::Map<std::string::Stri
ng, session::replay::Value>` type
     = note: for types from other crates check whether the crate offers a `serde` feature flag
help: the trait `Deserialize<'_>` is not implemented for `serde_json::Map<_, session::replay::Value>`
      but it is implemented for `serde_json::Map<_, serde_json::Value>`
    --> C:\Users\lenovo\.cargo\registry\src\index.crates.io-1949cf8c6b5b557f\serde_json-1.0.149\src\map.rs:506:1
     |
 506 | impl<'de> de::Deserialize<'de> for Map<String, Value> {
     | ^^^^^^^^^^^^^^^^^^^^^^^^^^^^^^^^^^^^^^^^^^^^^^^^^^^^^
     = help: for that trait implementation, expected `serde_json::Value`, found `session::replay::Value`
note: required by a bound in `newtype_variant`
    --> C:\Users\lenovo\.cargo\registry\src\index.crates.io-1949cf8c6b5b557f\serde_core-1.0.228\src\de\mod.rs:2182:12
     |
2180 |     fn newtype_variant<T>(self) -> Result<T, Self::Error>
     |        --------------- required by a bound in this associated function
2181 |     where
2182 |         T: Deserialize<'de>,
     |            ^^^^^^^^^^^^^^^^ required by this bound in `VariantAccess::newtype_variant`

error[E0599]: no method named `len` found for reference `&serde_json::Map<std::string::String, session::replay::Value>`
 in the current scope
  --> src\session\replay.rs:62:55
   |
62 |             (Value::Object(a), Value::Object(b)) => a.len() == b.len() && a.iter().all(|(k, v)| b.get(k).map_or(fa
lse, |bv| v == bv)),
   |                                                       ^^^ method not found in `&serde_json::Map<std::string::Strin
g, session::replay::Value>`

error[E0599]: no method named `len` found for reference `&serde_json::Map<std::string::String, session::replay::Value>`
 in the current scope
  --> src\session\replay.rs:62:66
   |
62 |             (Value::Object(a), Value::Object(b)) => a.len() == b.len() && a.iter().all(|(k, v)| b.get(k).map_or(fa
lse, |bv| v == bv)),
   |                                                                  ^^^ method not found in `&serde_json::Map<std::st
ring::String, session::replay::Value>`

error[E0599]: no method named `iter` found for reference `&serde_json::Map<std::string::String, session::replay::Value>
` in the current scope
  --> src\session\replay.rs:62:77
   |
62 |             (Value::Object(a), Value::Object(b)) => a.len() == b.len() && a.iter().all(|(k, v)| b.get(k).map_or(fa
lse, |bv| v == bv)),
   |                                                                             ^^^^ method not found in `&serde_json:
:Map<std::string::String, session::replay::Value>`

error[E0599]: no method named `get` found for reference `&serde_json::Map<std::string::String, session::replay::Value>`
 in the current scope
  --> src\session\replay.rs:62:99
   |
62 |             (Value::Object(a), Value::Object(b)) => a.len() == b.len() && a.iter().all(|(k, v)| b.get(k).map_or(fa
lse, |bv| v == bv)),
   |                                                                                                   ^^^ method not f
ound in `&serde_json::Map<std::string::String, session::replay::Value>`

error[E0308]: mismatched types
    --> src\session\replay.rs:693:66
     |
 693 |                     m.event_index = m.event_index.saturating_sub(delta.unsigned_abs());
     |                                                   -------------- ^^^^^^^^^^^^^^^^^^^^ expected `usize`, found `u
32`
     |                                                   |
     |                                                   arguments to this method are incorrect
     |
note: method defined here
    --> C:\Users\lenovo\.rustup\toolchains\stable-x86_64-pc-windows-msvc\lib/rustlib/src/rust\library\core\src\num\uint
_macros.rs:2263:22
     |
2263 |           pub const fn saturating_sub(self, rhs: Self) -> Self {
     |                        ^^^^^^^^^^^^^^
     |
    ::: C:\Users\lenovo\.rustup\toolchains\stable-x86_64-pc-windows-msvc\lib/rustlib/src/rust\library\core\src\num\mod.
rs:1270:5
     |
1270 | /     uint_impl! {
1271 | |         Self = usize,
1272 | |         ActualT = u64,
1273 | |         SignedT = isize,
...    |
1290 | |         bound_condition = " on 64-bit targets",
1291 | |     }
     | |_____- in this macro invocation
     = note: this error originates in the macro `uint_impl` (in Nightly builds, run with -Z macro-backtrace for more in
fo)
help: you can convert a `u32` to a `usize` and panic if the converted value doesn't fit
     |
 693 |                     m.event_index = m.event_index.saturating_sub(delta.unsigned_abs().try_into().unwrap());
     |                                                                                      ++++++++++++++++++++

error[E0308]: mismatched types
    --> src\session\replay.rs:703:70
     |
 703 |                         m.event_index = m.event_index.saturating_sub(delta.unsigned_abs());
     |                                                       -------------- ^^^^^^^^^^^^^^^^^^^^ expected `usize`, foun
d `u32`
     |                                                       |
     |                                                       arguments to this method are incorrect
     |
note: method defined here
    --> C:\Users\lenovo\.rustup\toolchains\stable-x86_64-pc-windows-msvc\lib/rustlib/src/rust\library\core\src\num\uint
_macros.rs:2263:22
     |
2263 |           pub const fn saturating_sub(self, rhs: Self) -> Self {
     |                        ^^^^^^^^^^^^^^
     |
    ::: C:\Users\lenovo\.rustup\toolchains\stable-x86_64-pc-windows-msvc\lib/rustlib/src/rust\library\core\src\num\mod.
rs:1270:5
     |
1270 | /     uint_impl! {
1271 | |         Self = usize,
1272 | |         ActualT = u64,
1273 | |         SignedT = isize,
...    |
1290 | |         bound_condition = " on 64-bit targets",
1291 | |     }
     | |_____- in this macro invocation
     = note: this error originates in the macro `uint_impl` (in Nightly builds, run with -Z macro-backtrace for more in
fo)
help: you can convert a `u32` to a `usize` and panic if the converted value doesn't fit
     |
 703 |                         m.event_index = m.event_index.saturating_sub(delta.unsigned_abs().try_into().unwrap());
     |                                                                                          ++++++++++++++++++++

error[E0599]: no method named `encode` found for struct `GeneralPurpose` in the current scope
   --> src\session\sharing.rs:430:14
    |
429 |           let encoded = base64::engine::general_purpose::URL_SAFE_NO_PAD
    |  _______________________-
430 | |             .encode(bytes);
    | |_____________-^^^^^^
    |
   ::: C:\Users\lenovo\.cargo\registry\src\index.crates.io-1949cf8c6b5b557f\base64-0.22.1\src\engine\mod.rs:115:8
    |
115 |       fn encode<T: AsRef<[u8]>>(&self, input: T) -> String {
    |          ------ the method is available for `GeneralPurpose` here
    |
    = help: items from traits can only be used if the trait is in scope
help: there is a method `encode_slice` with a similar name, but with different arguments
   --> C:\Users\lenovo\.cargo\registry\src\index.crates.io-1949cf8c6b5b557f\base64-0.22.1\src\engine\mod.rs:194:5
    |
194 | /     fn encode_slice<T: AsRef<[u8]>>(
195 | |         &self,
196 | |         input: T,
197 | |         output_buf: &mut [u8],
198 | |     ) -> Result<usize, EncodeSliceError> {
    | |________________________________________^
help: trait `Engine` which provides `encode` is implemented but not in scope; perhaps you want to import it
    |
  1 + use base64::Engine;
    |

error[E0308]: mismatched types
   --> src\session\sharing.rs:782:16
    |
782 |         if let Some(ref desc) = session.metadata.description {
    |                ^^^^^^^^^^^^^^   ---------------------------- this expression has type `std::string::String`
    |                |
    |                expected `String`, found `Option<_>`
    |
    = note: expected struct `std::string::String`
                 found enum `std::option::Option<_>`

error[E0308]: mismatched types
   --> src\session\sharing.rs:869:16
    |
869 |         if let Some(ref desc) = session.metadata.description {
    |                ^^^^^^^^^^^^^^   ---------------------------- this expression has type `std::string::String`
    |                |
    |                expected `String`, found `Option<_>`
    |
    = note: expected struct `std::string::String`
                 found enum `std::option::Option<_>`

error[E0308]: mismatched types
    --> src\session\sharing.rs:874:21
     |
 874 |             md.push("**Tags:** ");
     |                ---- ^^^^^^^^^^^^ expected `char`, found `&str`
     |                |
     |                arguments to this method are incorrect
     |
note: method defined here
    --> C:\Users\lenovo\.rustup\toolchains\stable-x86_64-pc-windows-msvc\lib/rustlib/src/rust\library\alloc\src\string.
rs:1416:12
     |
1416 |     pub fn push(&mut self, ch: char) {
     |            ^^^^
help: you might have meant to use `push_str`
     |
 874 |             md.push_str("**Tags:** ");
     |                    ++++

error[E0599]: no method named `encode` found for struct `GeneralPurpose` in the current scope
    --> src\session\sharing.rs:1072:58
     |
1072 |         base64::engine::general_purpose::URL_SAFE_NO_PAD.encode(payload.as_bytes())
     |                                                          ^^^^^^
     |
    ::: C:\Users\lenovo\.cargo\registry\src\index.crates.io-1949cf8c6b5b557f\base64-0.22.1\src\engine\mod.rs:115:8
     |
 115 |     fn encode<T: AsRef<[u8]>>(&self, input: T) -> String {
     |        ------ the method is available for `GeneralPurpose` here
     |
     = help: items from traits can only be used if the trait is in scope
help: there is a method `encode_slice` with a similar name, but with different arguments
    --> C:\Users\lenovo\.cargo\registry\src\index.crates.io-1949cf8c6b5b557f\base64-0.22.1\src\engine\mod.rs:194:5
     |
 194 | /     fn encode_slice<T: AsRef<[u8]>>(
 195 | |         &self,
 196 | |         input: T,
 197 | |         output_buf: &mut [u8],
 198 | |     ) -> Result<usize, EncodeSliceError> {
     | |________________________________________^
help: trait `Engine` which provides `encode` is implemented but not in scope; perhaps you want to import it
     |
   1 + use base64::Engine;
     |

error[E0599]: no method named `decode` found for struct `GeneralPurpose` in the current scope
    --> src\session\sharing.rs:1077:14
     |
1076 |           let decoded_bytes = base64::engine::general_purpose::URL_SAFE_NO_PAD
     |  _____________________________-
1077 | |             .decode(token)
     | |_____________-^^^^^^
     |
    ::: C:\Users\lenovo\.cargo\registry\src\index.crates.io-1949cf8c6b5b557f\base64-0.22.1\src\engine\mod.rs:244:8
     |
 244 |       fn decode<T: AsRef<[u8]>>(&self, input: T) -> Result<Vec<u8>, DecodeError> {
     |          ------ the method is available for `GeneralPurpose` here
     |
     = help: items from traits can only be used if the trait is in scope
help: there is a method `decode_vec` with a similar name, but with different arguments
    --> C:\Users\lenovo\.cargo\registry\src\index.crates.io-1949cf8c6b5b557f\base64-0.22.1\src\engine\mod.rs:302:5
     |
 302 | /     fn decode_vec<T: AsRef<[u8]>>(
 303 | |         &self,
 304 | |         input: T,
 305 | |         buffer: &mut Vec<u8>,
 306 | |     ) -> Result<(), DecodeError> {
     | |________________________________^
help: trait `Engine` which provides `decode` is implemented but not in scope; perhaps you want to import it
     |
   1 + use base64::Engine;
     |

error[E0277]: the trait bound `Vec<ShareMeta>: Clone` is not satisfied
    --> src\session\sharing.rs:1495:31
     |
1495 |         Ok(idx.get(&user_key).cloned().unwrap_or_default())
     |                               ^^^^^^ the trait `Clone` is not implemented for `Vec<ShareMeta>`
     |
     = note: required for `Vec<ShareMeta>` to implement `Clone`
note: required by a bound in `std::option::Option::<&T>::cloned`
    --> C:\Users\lenovo\.rustup\toolchains\stable-x86_64-pc-windows-msvc\lib/rustlib/src/rust\library\core\src\option.r
s:2104:12
     |
2102 |     pub fn cloned(self) -> Option<T>
     |            ------ required by a bound in this associated function
2103 |     where
2104 |         T: Clone,
     |            ^^^^^ required by this bound in `Option::<&T>::cloned`
help: consider borrowing here
     |
1495 |         Ok((&idx.get(&user_key)).cloned().unwrap_or_default())
     |            ++                  +

error[E0599]: no method named `rename_symbol` found for struct `TreeSitterAstOperations` in the current scope
   --> src\tool\lsp.rs:305:38
    |
305 |                 let result = ast_ops.rename_symbol(jcode_lsp::RenameSymbolParams {
    |                              --------^^^^^^^^^^^^^
    |
   ::: crates\jcode-lsp\src\ast_operations.rs:104:14
    |
104 |     async fn rename_symbol(&self, params: RenameSymbolParams) -> CodeEditResult;
    |              ------------- the method is available for `TreeSitterAstOperations` here
    |
    = help: items from traits can only be used if the trait is in scope
help: there is a method `move_symbol` with a similar name, but with different arguments
   --> crates\jcode-lsp\src\ast_operations.rs:110:5
    |
110 | /     async fn move_symbol(
111 | |         &self,
112 | |         file_path: &str,
113 | |         symbol_name: &str,
114 | |         target_path: &str,
115 | |     ) -> CodeEditResult;
    | |________________________^
help: trait `AstOperations` which provides `rename_symbol` is implemented but not in scope; perhaps you want to import 
it
    |
 18 + use jcode_lsp::AstOperations;
    |

error[E0277]: a value of type `usize` cannot be made by summing an iterator over elements of type `u16`
    --> src\tui\ui_blocks.rs:264:14
     |
 264 |             .sum()
     |              ^^^ value of type `usize` cannot be made by summing a `std::iter::Iterator<Item=u16>`
     |
     = help: the trait `Sum<u16>` is not implemented for `usize`
help: the following other types implement trait `Sum<A>`
    --> C:\Users\lenovo\.rustup\toolchains\stable-x86_64-pc-windows-msvc\lib/rustlib/src/rust\library\core\src\iter\tra
its\accum.rs:48:9
     |
  48 |         impl Sum for $a {
     |         ^^^^^^^^^^^^^^^ `usize` implements `Sum`
...
  70 |         impl<'a> Sum<&'a $a> for $a {
     |         ^^^^^^^^^^^^^^^^^^^^^^^^^^^ `usize` implements `Sum<&usize>`
...
 204 | integer_sum_product! { i8 i16 i32 i64 i128 isize u8 u16 u32 u64 u128 usize }
     | ---------------------------------------------------------------------------- in this macro invocation
note: the method call chain might not have had the expected associated types
    --> src\tui\ui_blocks.rs:256:14
     |
 255 |           text.lines()
     |           ---- ------- `Iterator::Item` is `&str` here
     |           |
     |           this expression has type `&str`
 256 |               .map(|line| {
     |  ______________^
 257 | |                 let len = line.chars().count();
 258 | |                 if len == 0 {
 259 | |                     1
...    |
 263 | |             })
     | |______________^ `Iterator::Item` changed to `u16` here
note: required by a bound in `std::iter::Iterator::sum`
    --> C:\Users\lenovo\.rustup\toolchains\stable-x86_64-pc-windows-msvc\lib/rustlib/src/rust\library\core\src\iter\tra
its\iterator.rs:3597:12
     |
3594 |     fn sum<S>(self) -> S
     |        --- required by a bound in this associated function
...
3597 |         S: Sum<Self::Item>,
     |            ^^^^^^^^^^^^^^^ required by this bound in `Iterator::sum`
     = note: this error originates in the macro `integer_sum_product` (in Nightly builds, run with -Z macro-backtrace f
or more info)

error[E0308]: mismatched types
   --> src\tui\ui_blocks.rs:305:41
    |
305 |                         std::fmt::write(format_args!("Running {:.0}%", progress), BufWriter(&mut BUF))
    |                                         ^^^^^^^^^^^^^^^^^^^^^^^^^^^^^^^^^^^^^^^^ expected `&mut dyn Write`, found
 `Arguments<'_>`
    |
    = note: expected mutable reference `&mut dyn std::fmt::Write`
                          found struct `Arguments<'_>`

error[E0308]: mismatched types
    --> src\tui\ui_blocks.rs:305:83
     |
 305 |                         std::fmt::write(format_args!("Running {:.0}%", progress), BufWriter(&mut BUF))
     |                         --------------- arguments to this function are incorrect  ^^^^^^^^^^^^^^^^^^^ expected `
Arguments<'_>`, found `BufWriter<'_>`
     |
note: function defined here
    --> C:\Users\lenovo\.rustup\toolchains\stable-x86_64-pc-windows-msvc\lib/rustlib/src/rust\library\core\src\fmt\mod.
rs:1630:8
     |
1630 | pub fn write(output: &mut dyn Write, fmt: Arguments<'_>) -> Result {
     |        ^^^^^

error[E0308]: mismatched types
   --> src\tui\ui_blocks.rs:306:49
    |
306 | ...                   .unwrap_or_else(|_| std::fmt::Error);
    |                                           ^^^^^^^^^^^^^^^ expected `()`, found `Error`
    |
help: consider ignoring the value
    |
306 |                             .unwrap_or_else(|_| _ = std::fmt::Error);
    |                                                 +++

error[E0277]: the type `[u8]` cannot be indexed by `RangeTo<()>`
   --> src\tui\ui_blocks.rs:307:56
    |
307 |                     std::str::from_utf8_unchecked(&BUF[..written])
    |                                                        ^^^^^^^^^ slice indices are of type `usize` or ranges of `
usize`
    |
    = help: the trait `SliceIndex<[u8]>` is not implemented for `RangeTo<()>`
help: the following other types implement trait `SliceIndex<T>`
   --> C:\Users\lenovo\.rustup\toolchains\stable-x86_64-pc-windows-msvc\lib/rustlib/src/rust\library\core\src\bstr\trai
ts.rs:236:9
    |
236 |         unsafe impl SliceIndex<ByteStr> for $index {
    |         ^^^^^^^^^^^^^^^^^^^^^^^^^^^^^^^^^^^^^^^^^^ `RangeTo<usize>` implements `SliceIndex<ByteStr>`
...
271 | impl_slice_index!(ops::RangeTo<usize>);
    | -------------------------------------- in this macro invocation
    |
   ::: C:\Users\lenovo\.rustup\toolchains\stable-x86_64-pc-windows-msvc\lib/rustlib/src/rust\library\core\src\slice\ind
ex.rs:502:1
    |
502 | unsafe impl<T> const SliceIndex<[T]> for ops::RangeTo<usize> {
    | ^^^^^^^^^^^^^^^^^^^^^^^^^^^^^^^^^^^^^^^^^^^^^^^^^^^^^^^^^^^^ `RangeTo<usize>` implements `SliceIndex<[T]>`
    |
   ::: C:\Users\lenovo\.rustup\toolchains\stable-x86_64-pc-windows-msvc\lib/rustlib/src/rust\library\core\src\str\trait
s.rs:442:1
    |
442 | unsafe impl const SliceIndex<str> for ops::RangeTo<usize> {
    | ^^^^^^^^^^^^^^^^^^^^^^^^^^^^^^^^^^^^^^^^^^^^^^^^^^^^^^^^^ `RangeTo<usize>` implements `SliceIndex<str>`
    = note: required for `[u8]` to implement `std::ops::Index<RangeTo<()>>`
    = note: 1 redundant requirement hidden
    = note: required for `[u8; 32]` to implement `std::ops::Index<RangeTo<()>>`
    = note: this error originates in the macro `impl_slice_index` (in Nightly builds, run with -Z macro-backtrace for m
ore info)

error[E0599]: no method named `pad_to_width_with_char` found for struct `std::string::String` in the current scope
   --> src\tui\ui_blocks.rs:713:43
    |
713 |                     "░".repeat(bar_width).pad_to_width_with_char(' ', area.width as usize)
    |                                           ^^^^^^^^^^^^^^^^^^^^^^ method not found in `std::string::String`

error[E0277]: `UrlWithContext` doesn't implement `std::fmt::Debug`
    --> src\tui\ui_context_actions.rs:84:5
     |
  81 | #[derive(Debug, Clone)]
     |          ----- in this derive macro expansion
...
  84 |     pub urls: Vec<UrlWithContext>,
     |     ^^^^^^^^^^^^^^^^^^^^^^^^^^^^^ the trait `std::fmt::Debug` is not implemented for `UrlWithContext`
     |
     = note: add `#[derive(Debug)]` to `UrlWithContext` or manually `impl std::fmt::Debug for UrlWithContext`
help: the trait `std::fmt::Debug` is implemented for `Vec<T, A>`
    --> C:\Users\lenovo\.rustup\toolchains\stable-x86_64-pc-windows-msvc\lib/rustlib/src/rust\library\alloc\src\vec\mod
.rs:4178:1
     |
4178 | impl<T: fmt::Debug, A: Allocator> fmt::Debug for Vec<T, A> {
     | ^^^^^^^^^^^^^^^^^^^^^^^^^^^^^^^^^^^^^^^^^^^^^^^^^^^^^^^^^^
help: consider annotating `UrlWithContext` with `#[derive(Debug)]`
     |
 102 + #[derive(Debug)]
 103 | pub struct UrlWithContext {
     |

error[E0277]: `ErrorWithContext` doesn't implement `std::fmt::Debug`
    --> src\tui\ui_context_actions.rs:86:5
     |
  81 | #[derive(Debug, Clone)]
     |          ----- in this derive macro expansion
...
  86 |     pub errors: Vec<ErrorWithContext>,
     |     ^^^^^^^^^^^^^^^^^^^^^^^^^^^^^^^^^ unsatisfied trait bound
     |
help: the trait `std::fmt::Debug` is not implemented for `ErrorWithContext`
    --> src\tui\ui_context_actions.rs:120:1
     |
 120 | pub struct ErrorWithContext {
     | ^^^^^^^^^^^^^^^^^^^^^^^^^^^
     = note: add `#[derive(Debug)]` to `ErrorWithContext` or manually `impl std::fmt::Debug for ErrorWithContext`
help: the trait `std::fmt::Debug` is implemented for `Vec<T, A>`
    --> C:\Users\lenovo\.rustup\toolchains\stable-x86_64-pc-windows-msvc\lib/rustlib/src/rust\library\alloc\src\vec\mod
.rs:4178:1
     |
4178 | impl<T: fmt::Debug, A: Allocator> fmt::Debug for Vec<T, A> {
     | ^^^^^^^^^^^^^^^^^^^^^^^^^^^^^^^^^^^^^^^^^^^^^^^^^^^^^^^^^^

error[E0277]: the trait bound `UrlWithContext: Clone` is not satisfied
   --> src\tui\ui_context_actions.rs:84:5
    |
 81 | #[derive(Debug, Clone)]
    |                 ----- in this derive macro expansion
...
 84 |     pub urls: Vec<UrlWithContext>,
    |     ^^^^^^^^^^^^^^^^^^^^^^^^^^^^^ the trait `Clone` is not implemented for `UrlWithContext`
    |
    = note: required for `Vec<UrlWithContext>` to implement `Clone`
help: consider annotating `UrlWithContext` with `#[derive(Clone)]`
    |
102 + #[derive(Clone)]
103 | pub struct UrlWithContext {
    |

error[E0277]: the trait bound `ErrorWithContext: Clone` is not satisfied
   --> src\tui\ui_context_actions.rs:86:5
    |
 81 | #[derive(Debug, Clone)]
    |                 ----- in this derive macro expansion
...
 86 |     pub errors: Vec<ErrorWithContext>,
    |     ^^^^^^^^^^^^^^^^^^^^^^^^^^^^^^^^^ unsatisfied trait bound
    |
help: the trait `Clone` is not implemented for `ErrorWithContext`
   --> src\tui\ui_context_actions.rs:120:1
    |
120 | pub struct ErrorWithContext {
    | ^^^^^^^^^^^^^^^^^^^^^^^^^^^
    = note: required for `Vec<ErrorWithContext>` to implement `Clone`

error[E0010]: allocations are not allowed in statics
   --> src\tui\ui_context_actions.rs:220:16
    |
220 |   ...   fixes: vec![
    |  ______________^
221 | | ...       SuggestedFixTemplate { command: Some("lsof -i :{port} | grep LISTEN | awk '{print $2}' | xargs kill")
, description: "Ki...
222 | | ...       SuggestedFixTemplate { command: Some("npx kill-port {port}"), description: "Use kill-port tool", auto
_applicable: false...
223 | | ...       SuggestedFixTemplate { command: Some("fuser -k {port}/tcp"), description: "Kill via fuser", auto_appl
icable: false, con...
224 | | ...   ],
    | |_______^ allocation not allowed in statics
    |
    = note: this error originates in the macro `vec` (in Nightly builds, run with -Z macro-backtrace for more info)

error[E0015]: cannot call non-const method `std::slice::<impl [SuggestedFixTemplate]>::into_vec::<std::alloc::Global>` 
in statics
   --> src\tui\ui_context_actions.rs:220:16
    |
220 |   ...   fixes: vec![
    |  ______________^
221 | | ...       SuggestedFixTemplate { command: Some("lsof -i :{port} | grep LISTEN | awk '{print $2}' | xargs kill")
, description: "Ki...
222 | | ...       SuggestedFixTemplate { command: Some("npx kill-port {port}"), description: "Use kill-port tool", auto
_applicable: false...
223 | | ...       SuggestedFixTemplate { command: Some("fuser -k {port}/tcp"), description: "Kill via fuser", auto_appl
icable: false, con...
224 | | ...   ],
    | |_______^
    |
    = note: calls in statics are limited to constant functions, tuple structs and tuple variants
    = note: consider wrapping this expression in `std::sync::LazyLock::new(|| ...)`
    = note: this error originates in the macro `vec` (in Nightly builds, run with -Z macro-backtrace for more info)

error[E0010]: allocations are not allowed in statics
   --> src\tui\ui_context_actions.rs:228:16
    |
228 |   ...   fixes: vec![
    |  ______________^
229 | | ...       SuggestedFixTemplate { command: Some("sudo {original_command}"), description: "Run with sudo", auto_a
pplicable: false, ...
230 | | ...       SuggestedFixTemplate { command: Some("chmod +x {file} && {original_command}"), description: "Fix perm
issions then run",...
231 | | ...   ],
    | |_______^ allocation not allowed in statics
    |
    = note: this error originates in the macro `vec` (in Nightly builds, run with -Z macro-backtrace for more info)

error[E0015]: cannot call non-const method `std::slice::<impl [SuggestedFixTemplate]>::into_vec::<std::alloc::Global>` 
in statics
   --> src\tui\ui_context_actions.rs:228:16
    |
228 |   ...   fixes: vec![
    |  ______________^
229 | | ...       SuggestedFixTemplate { command: Some("sudo {original_command}"), description: "Run with sudo", auto_a
pplicable: false, ...
230 | | ...       SuggestedFixTemplate { command: Some("chmod +x {file} && {original_command}"), description: "Fix perm
issions then run",...
231 | | ...   ],
    | |_______^
    |
    = note: calls in statics are limited to constant functions, tuple structs and tuple variants
    = note: consider wrapping this expression in `std::sync::LazyLock::new(|| ...)`
    = note: this error originates in the macro `vec` (in Nightly builds, run with -Z macro-backtrace for more info)

error[E0010]: allocations are not allowed in statics
   --> src\tui\ui_context_actions.rs:235:16
    |
235 |   ...   fixes: vec![
    |  ______________^
236 | | ...       SuggestedFixTemplate { command: Some("ls -la $(dirname {file})"), description: "Check parent director
y", auto_applicabl...
237 | | ...       SuggestedFixTemplate { command: Some("touch {file}"), description: "Create missing file", auto_applic
able: false, confi...
238 | | ...   ],
    | |_______^ allocation not allowed in statics
    |
    = note: this error originates in the macro `vec` (in Nightly builds, run with -Z macro-backtrace for more info)

error[E0015]: cannot call non-const method `std::slice::<impl [SuggestedFixTemplate]>::into_vec::<std::alloc::Global>` 
in statics
   --> src\tui\ui_context_actions.rs:235:16
    |
235 |   ...   fixes: vec![
    |  ______________^
236 | | ...       SuggestedFixTemplate { command: Some("ls -la $(dirname {file})"), description: "Check parent director
y", auto_applicabl...
237 | | ...       SuggestedFixTemplate { command: Some("touch {file}"), description: "Create missing file", auto_applic
able: false, confi...
238 | | ...   ],
    | |_______^
    |
    = note: calls in statics are limited to constant functions, tuple structs and tuple variants
    = note: consider wrapping this expression in `std::sync::LazyLock::new(|| ...)`
    = note: this error originates in the macro `vec` (in Nightly builds, run with -Z macro-backtrace for more info)

error[E0010]: allocations are not allowed in statics
   --> src\tui\ui_context_actions.rs:242:16
    |
242 |   ...   fixes: vec![
    |  ______________^
243 | | ...       SuggestedFixTemplate { command: None, description: "Verify path is not used as directory", auto_appli
cable: false, conf...
244 | | ...   ],
    | |_______^ allocation not allowed in statics
    |
    = note: this error originates in the macro `vec` (in Nightly builds, run with -Z macro-backtrace for more info)

error[E0015]: cannot call non-const method `std::slice::<impl [SuggestedFixTemplate]>::into_vec::<std::alloc::Global>` 
in statics
   --> src\tui\ui_context_actions.rs:242:16
    |
242 |   ...   fixes: vec![
    |  ______________^
243 | | ...       SuggestedFixTemplate { command: None, description: "Verify path is not used as directory", auto_appli
cable: false, conf...
244 | | ...   ],
    | |_______^
    |
    = note: calls in statics are limited to constant functions, tuple structs and tuple variants
    = note: consider wrapping this expression in `std::sync::LazyLock::new(|| ...)`
    = note: this error originates in the macro `vec` (in Nightly builds, run with -Z macro-backtrace for more info)

error[E0010]: allocations are not allowed in statics
   --> src\tui\ui_context_actions.rs:248:16
    |
248 |   ...   fixes: vec![
    |  ______________^
249 | | ...       SuggestedFixTemplate { command: None, description: "Target path is a directory, use -r for recursive"
, auto_applicable:...
250 | | ...   ],
    | |_______^ allocation not allowed in statics
    |
    = note: this error originates in the macro `vec` (in Nightly builds, run with -Z macro-backtrace for more info)

error[E0015]: cannot call non-const method `std::slice::<impl [SuggestedFixTemplate]>::into_vec::<std::alloc::Global>` 
in statics
   --> src\tui\ui_context_actions.rs:248:16
    |
248 |   ...   fixes: vec![
    |  ______________^
249 | | ...       SuggestedFixTemplate { command: None, description: "Target path is a directory, use -r for recursive"
, auto_applicable:...
250 | | ...   ],
    | |_______^
    |
    = note: calls in statics are limited to constant functions, tuple structs and tuple variants
    = note: consider wrapping this expression in `std::sync::LazyLock::new(|| ...)`
    = note: this error originates in the macro `vec` (in Nightly builds, run with -Z macro-backtrace for more info)

error[E0010]: allocations are not allowed in statics
   --> src\tui\ui_context_actions.rs:254:16
    |
254 |   ...   fixes: vec![
    |  ______________^
255 | | ...       SuggestedFixTemplate { command: Some("free -h"), description: "Check memory usage", auto_applicable: 
true, confidence: ...
256 | | ...       SuggestedFixTemplate { command: None, description: "Close other applications or increase swap", auto_
applicable: false,...
257 | | ...   ],
    | |_______^ allocation not allowed in statics
    |
    = note: this error originates in the macro `vec` (in Nightly builds, run with -Z macro-backtrace for more info)

error[E0015]: cannot call non-const method `std::slice::<impl [SuggestedFixTemplate]>::into_vec::<std::alloc::Global>` 
in statics
   --> src\tui\ui_context_actions.rs:254:16
    |
254 |   ...   fixes: vec![
    |  ______________^
255 | | ...       SuggestedFixTemplate { command: Some("free -h"), description: "Check memory usage", auto_applicable: 
true, confidence: ...
256 | | ...       SuggestedFixTemplate { command: None, description: "Close other applications or increase swap", auto_
applicable: false,...
257 | | ...   ],
    | |_______^
    |
    = note: calls in statics are limited to constant functions, tuple structs and tuple variants
    = note: consider wrapping this expression in `std::sync::LazyLock::new(|| ...)`
    = note: this error originates in the macro `vec` (in Nightly builds, run with -Z macro-backtrace for more info)

error[E0010]: allocations are not allowed in statics
   --> src\tui\ui_context_actions.rs:261:16
    |
261 |   ...   fixes: vec![
    |  ______________^
262 | | ...       SuggestedFixTemplate { command: Some("nc -zv {host} {port}"), description: "Test connectivity to host
:port", auto_appli...
263 | | ...       SuggestedFixTemplate { command: Some("curl -I http://{host}:{port}/health"), description: "Health che
ck endpoint", auto...
264 | | ...   ],
    | |_______^ allocation not allowed in statics
    |
    = note: this error originates in the macro `vec` (in Nightly builds, run with -Z macro-backtrace for more info)

error[E0015]: cannot call non-const method `std::slice::<impl [SuggestedFixTemplate]>::into_vec::<std::alloc::Global>` 
in statics
   --> src\tui\ui_context_actions.rs:261:16
    |
261 |   ...   fixes: vec![
    |  ______________^
262 | | ...       SuggestedFixTemplate { command: Some("nc -zv {host} {port}"), description: "Test connectivity to host
:port", auto_appli...
263 | | ...       SuggestedFixTemplate { command: Some("curl -I http://{host}:{port}/health"), description: "Health che
ck endpoint", auto...
264 | | ...   ],
    | |_______^
    |
    = note: calls in statics are limited to constant functions, tuple structs and tuple variants
    = note: consider wrapping this expression in `std::sync::LazyLock::new(|| ...)`
    = note: this error originates in the macro `vec` (in Nightly builds, run with -Z macro-backtrace for more info)

error[E0010]: allocations are not allowed in statics
   --> src\tui\ui_context_actions.rs:268:16
    |
268 |   ...   fixes: vec![
    |  ______________^
269 | | ...       SuggestedFixTemplate { command: Some("ping -c 4 {host}"), description: "Ping target to check latency"
, auto_applicable:...
270 | | ...       SuggestedFixTemplate { command: None, description: "Increase timeout or check network/firewall", auto
_applicable: false...
271 | | ...   ],
    | |_______^ allocation not allowed in statics
    |
    = note: this error originates in the macro `vec` (in Nightly builds, run with -Z macro-backtrace for more info)

error[E0015]: cannot call non-const method `std::slice::<impl [SuggestedFixTemplate]>::into_vec::<std::alloc::Global>` 
in statics
   --> src\tui\ui_context_actions.rs:268:16
    |
268 |   ...   fixes: vec![
    |  ______________^
269 | | ...       SuggestedFixTemplate { command: Some("ping -c 4 {host}"), description: "Ping target to check latency"
, auto_applicable:...
270 | | ...       SuggestedFixTemplate { command: None, description: "Increase timeout or check network/firewall", auto
_applicable: false...
271 | | ...   ],
    | |_______^
    |
    = note: calls in statics are limited to constant functions, tuple structs and tuple variants
    = note: consider wrapping this expression in `std::sync::LazyLock::new(|| ...)`
    = note: this error originates in the macro `vec` (in Nightly builds, run with -Z macro-backtrace for more info)

error[E0010]: allocations are not allowed in statics
   --> src\tui\ui_context_actions.rs:275:16
    |
275 |   ...   fixes: vec![
    |  ______________^
276 | | ...       SuggestedFixTemplate { command: Some("npm install {module_name}"), description: "Install missing npm 
package", auto_app...
277 | | ...       SuggestedFixTemplate { command: Some("pip install {module_name}"), description: "Install missing Pyth
on package", auto_...
278 | | ...       SuggestedFixTemplate { command: Some("cargo add {module_name}"), description: "Add missing Cargo depe
ndency", auto_appl...
279 | | ...   ],
    | |_______^ allocation not allowed in statics
    |
    = note: this error originates in the macro `vec` (in Nightly builds, run with -Z macro-backtrace for more info)

error[E0015]: cannot call non-const method `std::slice::<impl [SuggestedFixTemplate]>::into_vec::<std::alloc::Global>` 
in statics
   --> src\tui\ui_context_actions.rs:275:16
    |
275 |   ...   fixes: vec![
    |  ______________^
276 | | ...       SuggestedFixTemplate { command: Some("npm install {module_name}"), description: "Install missing npm 
package", auto_app...
277 | | ...       SuggestedFixTemplate { command: Some("pip install {module_name}"), description: "Install missing Pyth
on package", auto_...
278 | | ...       SuggestedFixTemplate { command: Some("cargo add {module_name}"), description: "Add missing Cargo depe
ndency", auto_appl...
279 | | ...   ],
    | |_______^
    |
    = note: calls in statics are limited to constant functions, tuple structs and tuple variants
    = note: consider wrapping this expression in `std::sync::LazyLock::new(|| ...)`
    = note: this error originates in the macro `vec` (in Nightly builds, run with -Z macro-backtrace for more info)

error[E0010]: allocations are not allowed in statics
   --> src\tui\ui_context_actions.rs:283:16
    |
283 |   ...   fixes: vec![
    |  ______________^
284 | | ...       SuggestedFixTemplate { command: Some("cargo build 2>&1 | head -50"), description: "View detailed comp
ilation errors", a...
285 | | ...       SuggestedFixTemplate { command: Some("npm run build -- --verbose"), description: "Verbose build outpu
t", auto_applicabl...
286 | | ...   ],
    | |_______^ allocation not allowed in statics
    |
    = note: this error originates in the macro `vec` (in Nightly builds, run with -Z macro-backtrace for more info)

error[E0015]: cannot call non-const method `std::slice::<impl [SuggestedFixTemplate]>::into_vec::<std::alloc::Global>` 
in statics
   --> src\tui\ui_context_actions.rs:283:16
    |
283 |   ...   fixes: vec![
    |  ______________^
284 | | ...       SuggestedFixTemplate { command: Some("cargo build 2>&1 | head -50"), description: "View detailed comp
ilation errors", a...
285 | | ...       SuggestedFixTemplate { command: Some("npm run build -- --verbose"), description: "Verbose build outpu
t", auto_applicabl...
286 | | ...   ],
    | |_______^
    |
    = note: calls in statics are limited to constant functions, tuple structs and tuple variants
    = note: consider wrapping this expression in `std::sync::LazyLock::new(|| ...)`
    = note: this error originates in the macro `vec` (in Nightly builds, run with -Z macro-backtrace for more info)

error[E0010]: allocations are not allowed in statics
   --> src\tui\ui_context_actions.rs:290:16
    |
290 |   ...   fixes: vec![
    |  ______________^
291 | | ...       SuggestedFixTemplate { command: None, description: "Check system CA certificates or use NODE_TLS_REJE
CT_UNAUTHORIZED=0 ...
292 | | ...   ],
    | |_______^ allocation not allowed in statics
    |
    = note: this error originates in the macro `vec` (in Nightly builds, run with -Z macro-backtrace for more info)

error[E0015]: cannot call non-const method `std::slice::<impl [SuggestedFixTemplate]>::into_vec::<std::alloc::Global>` 
in statics
   --> src\tui\ui_context_actions.rs:290:16
    |
290 |   ...   fixes: vec![
    |  ______________^
291 | | ...       SuggestedFixTemplate { command: None, description: "Check system CA certificates or use NODE_TLS_REJE
CT_UNAUTHORIZED=0 ...
292 | | ...   ],
    | |_______^
    |
    = note: calls in statics are limited to constant functions, tuple structs and tuple variants
    = note: consider wrapping this expression in `std::sync::LazyLock::new(|| ...)`
    = note: this error originates in the macro `vec` (in Nightly builds, run with -Z macro-backtrace for more info)

error[E0010]: allocations are not allowed in statics
   --> src\tui\ui_context_actions.rs:296:16
    |
296 |   ...   fixes: vec![
    |  ______________^
297 | | ...       SuggestedFixTemplate { command: Some("df -h"), description: "Check disk space usage", auto_applicable
: true, confidence...
298 | | ...       SuggestedFixTemplate { command: Some("du -sh * | sort -hr | head -10"), description: "Find largest fi
les/dirs", auto_ap...
299 | | ...   ],
    | |_______^ allocation not allowed in statics
    |
    = note: this error originates in the macro `vec` (in Nightly builds, run with -Z macro-backtrace for more info)

error[E0015]: cannot call non-const method `std::slice::<impl [SuggestedFixTemplate]>::into_vec::<std::alloc::Global>` 
in statics
   --> src\tui\ui_context_actions.rs:296:16
    |
296 |   ...   fixes: vec![
    |  ______________^
297 | | ...       SuggestedFixTemplate { command: Some("df -h"), description: "Check disk space usage", auto_applicable
: true, confidence...
298 | | ...       SuggestedFixTemplate { command: Some("du -sh * | sort -hr | head -10"), description: "Find largest fi
les/dirs", auto_ap...
299 | | ...   ],
    | |_______^
    |
    = note: calls in statics are limited to constant functions, tuple structs and tuple variants
    = note: consider wrapping this expression in `std::sync::LazyLock::new(|| ...)`
    = note: this error originates in the macro `vec` (in Nightly builds, run with -Z macro-backtrace for more info)

error[E0010]: allocations are not allowed in statics
   --> src\tui\ui_context_actions.rs:303:16
    |
303 |   ...   fixes: vec![
    |  ______________^
304 | | ...       SuggestedFixTemplate { command: None, description: "Check stderr output for specific error details", 
auto_applicable: f...
305 | | ...   ],
    | |_______^ allocation not allowed in statics
    |
    = note: this error originates in the macro `vec` (in Nightly builds, run with -Z macro-backtrace for more info)

error[E0015]: cannot call non-const method `std::slice::<impl [SuggestedFixTemplate]>::into_vec::<std::alloc::Global>` 
in statics
   --> src\tui\ui_context_actions.rs:303:16
    |
303 |   ...   fixes: vec![
    |  ______________^
304 | | ...       SuggestedFixTemplate { command: None, description: "Check stderr output for specific error details", 
auto_applicable: f...
305 | | ...   ],
    | |_______^
    |
    = note: calls in statics are limited to constant functions, tuple structs and tuple variants
    = note: consider wrapping this expression in `std::sync::LazyLock::new(|| ...)`
    = note: this error originates in the macro `vec` (in Nightly builds, run with -Z macro-backtrace for more info)

error[E0010]: allocations are not allowed in statics
   --> src\tui\ui_context_actions.rs:309:16
    |
309 |   ...   fixes: vec![
    |  ______________^
310 | | ...       SuggestedFixTemplate { command: Some("git diff --name-only --diff-filter=U"), description: "List conf
licted files", aut...
311 | | ...       SuggestedFixTemplate { command: Some("git checkout --theirs {file}"), description: "Accept theirs ver
sion", auto_applic...
312 | | ...       SuggestedFixTemplate { command: Some("git checkout --ours {file}"), description: "Accept ours version
", auto_applicable...
313 | | ...   ],
    | |_______^ allocation not allowed in statics
    |
    = note: this error originates in the macro `vec` (in Nightly builds, run with -Z macro-backtrace for more info)

error[E0015]: cannot call non-const method `std::slice::<impl [SuggestedFixTemplate]>::into_vec::<std::alloc::Global>` 
in statics
   --> src\tui\ui_context_actions.rs:309:16
    |
309 |   ...   fixes: vec![
    |  ______________^
310 | | ...       SuggestedFixTemplate { command: Some("git diff --name-only --diff-filter=U"), description: "List conf
licted files", aut...
311 | | ...       SuggestedFixTemplate { command: Some("git checkout --theirs {file}"), description: "Accept theirs ver
sion", auto_applic...
312 | | ...       SuggestedFixTemplate { command: Some("git checkout --ours {file}"), description: "Accept ours version
", auto_applicable...
313 | | ...   ],
    | |_______^
    |
    = note: calls in statics are limited to constant functions, tuple structs and tuple variants
    = note: consider wrapping this expression in `std::sync::LazyLock::new(|| ...)`
    = note: this error originates in the macro `vec` (in Nightly builds, run with -Z macro-backtrace for more info)

error[E0010]: allocations are not allowed in statics
   --> src\tui\ui_context_actions.rs:317:16
    |
317 |   ...   fixes: vec![
    |  ______________^
318 | | ...       SuggestedFixTemplate { command: Some("git checkout {branch}"), description: "Checkout a branch", auto
_applicable: false...
319 | | ...       SuggestedFixTemplate { command: Some("git switch -"), description: "Switch back to previous branch", 
auto_applicable: f...
320 | | ...   ],
    | |_______^ allocation not allowed in statics
    |
    = note: this error originates in the macro `vec` (in Nightly builds, run with -Z macro-backtrace for more info)

error[E0015]: cannot call non-const method `std::slice::<impl [SuggestedFixTemplate]>::into_vec::<std::alloc::Global>` 
in statics
   --> src\tui\ui_context_actions.rs:317:16
    |
317 |   ...   fixes: vec![
    |  ______________^
318 | | ...       SuggestedFixTemplate { command: Some("git checkout {branch}"), description: "Checkout a branch", auto
_applicable: false...
319 | | ...       SuggestedFixTemplate { command: Some("git switch -"), description: "Switch back to previous branch", 
auto_applicable: f...
320 | | ...   ],
    | |_______^
    |
    = note: calls in statics are limited to constant functions, tuple structs and tuple variants
    = note: consider wrapping this expression in `std::sync::LazyLock::new(|| ...)`
    = note: this error originates in the macro `vec` (in Nightly builds, run with -Z macro-backtrace for more info)

error[E0010]: allocations are not allowed in statics
   --> src\tui\ui_context_actions.rs:324:16
    |
324 |   ...   fixes: vec![
    |  ______________^
325 | | ...       SuggestedFixTemplate { command: Some("docker info"), description: "Check Docker daemon status", auto_
applicable: true, ...
326 | | ...       SuggestedFixTemplate { command: Some("systemctl start docker"), description: "Start Docker service", 
auto_applicable: f...
327 | | ...   ],
    | |_______^ allocation not allowed in statics
    |
    = note: this error originates in the macro `vec` (in Nightly builds, run with -Z macro-backtrace for more info)

error[E0015]: cannot call non-const method `std::slice::<impl [SuggestedFixTemplate]>::into_vec::<std::alloc::Global>` 
in statics
   --> src\tui\ui_context_actions.rs:324:16
    |
324 |   ...   fixes: vec![
    |  ______________^
325 | | ...       SuggestedFixTemplate { command: Some("docker info"), description: "Check Docker daemon status", auto_
applicable: true, ...
326 | | ...       SuggestedFixTemplate { command: Some("systemctl start docker"), description: "Start Docker service", 
auto_applicable: f...
327 | | ...   ],
    | |_______^
    |
    = note: calls in statics are limited to constant functions, tuple structs and tuple variants
    = note: consider wrapping this expression in `std::sync::LazyLock::new(|| ...)`
    = note: this error originates in the macro `vec` (in Nightly builds, run with -Z macro-backtrace for more info)

error[E0010]: allocations are not allowed in statics
   --> src\tui\ui_context_actions.rs:331:16
    |
331 |   ...   fixes: vec![
    |  ______________^
332 | | ...       SuggestedFixTemplate { command: Some("docker pull {image}"), description: "Pull Docker image", auto_a
pplicable: false, ...
333 | | ...       SuggestedFixTemplate { command: Some("docker images | grep {image}"), description: "Check local image
s", auto_applicabl...
334 | | ...   ],
    | |_______^ allocation not allowed in statics
    |
    = note: this error originates in the macro `vec` (in Nightly builds, run with -Z macro-backtrace for more info)

error[E0015]: cannot call non-const method `std::slice::<impl [SuggestedFixTemplate]>::into_vec::<std::alloc::Global>` 
in statics
   --> src\tui\ui_context_actions.rs:331:16
    |
331 |   ...   fixes: vec![
    |  ______________^
332 | | ...       SuggestedFixTemplate { command: Some("docker pull {image}"), description: "Pull Docker image", auto_a
pplicable: false, ...
333 | | ...       SuggestedFixTemplate { command: Some("docker images | grep {image}"), description: "Check local image
s", auto_applicabl...
334 | | ...   ],
    | |_______^
    |
    = note: calls in statics are limited to constant functions, tuple structs and tuple variants
    = note: consider wrapping this expression in `std::sync::LazyLock::new(|| ...)`
    = note: this error originates in the macro `vec` (in Nightly builds, run with -Z macro-backtrace for more info)

error[E0010]: allocations are not allowed in statics
   --> src\tui\ui_context_actions.rs:338:16
    |
338 |   ...   fixes: vec![
    |  ______________^
339 | | ...       SuggestedFixTemplate { command: None, description: "Pipe reader closed early; check downstream comman
d exit", auto_appl...
340 | | ...   ],
    | |_______^ allocation not allowed in statics
    |
    = note: this error originates in the macro `vec` (in Nightly builds, run with -Z macro-backtrace for more info)

error[E0015]: cannot call non-const method `std::slice::<impl [SuggestedFixTemplate]>::into_vec::<std::alloc::Global>` 
in statics
   --> src\tui\ui_context_actions.rs:338:16
    |
338 |   ...   fixes: vec![
    |  ______________^
339 | | ...       SuggestedFixTemplate { command: None, description: "Pipe reader closed early; check downstream comman
d exit", auto_appl...
340 | | ...   ],
    | |_______^
    |
    = note: calls in statics are limited to constant functions, tuple structs and tuple variants
    = note: consider wrapping this expression in `std::sync::LazyLock::new(|| ...)`
    = note: this error originates in the macro `vec` (in Nightly builds, run with -Z macro-backtrace for more info)

error[E0010]: allocations are not allowed in statics
   --> src\tui\ui_context_actions.rs:344:16
    |
344 |   ...   fixes: vec![
    |  ______________^
345 | | ...       SuggestedFixTemplate { command: Some("ulimit -n"), description: "Check current file descriptor limit"
, auto_applicable:...
346 | | ...       SuggestedFixTemplate { command: Some("ulimit -n 65535"), description: "Increase fd limit (requires sh
ell restart)", aut...
347 | | ...   ],
    | |_______^ allocation not allowed in statics
    |
    = note: this error originates in the macro `vec` (in Nightly builds, run with -Z macro-backtrace for more info)

error[E0015]: cannot call non-const method `std::slice::<impl [SuggestedFixTemplate]>::into_vec::<std::alloc::Global>` 
in statics
   --> src\tui\ui_context_actions.rs:344:16
    |
344 |   ...   fixes: vec![
    |  ______________^
345 | | ...       SuggestedFixTemplate { command: Some("ulimit -n"), description: "Check current file descriptor limit"
, auto_applicable:...
346 | | ...       SuggestedFixTemplate { command: Some("ulimit -n 65535"), description: "Increase fd limit (requires sh
ell restart)", aut...
347 | | ...   ],
    | |_______^
    |
    = note: calls in statics are limited to constant functions, tuple structs and tuple variants
    = note: consider wrapping this expression in `std::sync::LazyLock::new(|| ...)`
    = note: this error originates in the macro `vec` (in Nightly builds, run with -Z macro-backtrace for more info)

error[E0010]: allocations are not allowed in statics
   --> src\tui\ui_context_actions.rs:351:16
    |
351 |   ...   fixes: vec![
    |  ______________^
352 | | ...       SuggestedFixTemplate { command: Some("which {command_name} || where {command_name}"), description: "L
ocate executable i...
353 | | ...       SuggestedFixTemplate { command: Some("apt install {command_name} || brew install {command_name}"), de
scription: "Instal...
354 | | ...   ],
    | |_______^ allocation not allowed in statics
    |
    = note: this error originates in the macro `vec` (in Nightly builds, run with -Z macro-backtrace for more info)

error[E0015]: cannot call non-const method `std::slice::<impl [SuggestedFixTemplate]>::into_vec::<std::alloc::Global>` 
in statics
   --> src\tui\ui_context_actions.rs:351:16
    |
351 |   ...   fixes: vec![
    |  ______________^
352 | | ...       SuggestedFixTemplate { command: Some("which {command_name} || where {command_name}"), description: "L
ocate executable i...
353 | | ...       SuggestedFixTemplate { command: Some("apt install {command_name} || brew install {command_name}"), de
scription: "Instal...
354 | | ...   ],
    | |_______^
    |
    = note: calls in statics are limited to constant functions, tuple structs and tuple variants
    = note: consider wrapping this expression in `std::sync::LazyLock::new(|| ...)`
    = note: this error originates in the macro `vec` (in Nightly builds, run with -Z macro-backtrace for more info)

error[E0689]: can't call method `min` on ambiguous numeric type `{float}`
   --> src\tui\ui_context_actions.rs:403:48
    |
403 | ...                   confidence: (conf).min(1.0),
    |                                          ^^^
    |
help: you must specify a type for this binding, like `f32`
    |
399 |                         let conf: f32 = if exists { base_conf + 0.04 } else { base_conf };
    |                                 +++++

error[E0277]: `ui_context_actions::ErrorType` doesn't implement `std::fmt::Display`
   --> src\tui\ui_context_actions.rs:725:57
    |
725 |                     reason: format!("Error: {} ({:?})", err.error_type, err.severity),
    |                                             --          ^^^^^^^^^^^^^^ `ui_context_actions::ErrorType` cannot be 
formatted with the default formatter
    |                                             |
    |                                             required by this formatting parameter
    |
help: the trait `std::fmt::Display` is not implemented for `ui_context_actions::ErrorType`
   --> src\tui\ui_context_actions.rs:129:1
    |
129 | pub enum ErrorType { CompilationError, RuntimeError, NetworkError, PermissionError, NotFound, Timeout }
    | ^^^^^^^^^^^^^^^^^^
    = note: in format strings you may be able to use `{:?}` (or {:#?} for pretty-print) instead
    = note: this error originates in the macro `$crate::__export::format_args` which comes from the expansion of the ma
cro `format` (in Nightly builds, run with -Z macro-backtrace for more info)

error[E0599]: no variant or associated item named `Search` found for enum `ui_blocks::ActionType` in the current scope
   --> src\tui\ui_context_actions.rs:822:37
    |
822 |                 action: ActionType::Search,
    |                                     ^^^^^^ variant or associated item not found in `ui_blocks::ActionType`
    |
   ::: src\tui\ui_blocks.rs:22:1
    |
 22 | pub enum ActionType {
    | ------------------- variant or associated item `Search` not found for this enum

error[E0599]: `ActionSource` is not an iterator
   --> src\tui\ui_context_actions.rs:835:48
    |
200 | pub enum ActionSource { PatternMatch, LlmGenerated, HistoryBased, CommunityPopular }
    | --------------------- method `cmp` not found for this enum because it doesn't satisfy `ActionSource: Iterator`
...
835 |                 .then_with(|| b.source.clone().cmp(&a.source))
    |                                                ^^^ `ActionSource` is not an iterator
    |
    = note: the following trait bounds were not satisfied:
            `ActionSource: Iterator`
            which is required by `&mut ActionSource: Iterator`
note: the trait `Iterator` must be implemented
   --> C:\Users\lenovo\.rustup\toolchains\stable-x86_64-pc-windows-msvc\lib/rustlib/src/rust\library\core\src\iter\trai
ts\iterator.rs:40:1
    |
 40 | pub trait Iterator {
    | ^^^^^^^^^^^^^^^^^^
    = help: items from traits can only be used if the trait is implemented and in scope
    = note: the following traits define an item `cmp`, perhaps you need to implement one of them:
            candidate #1: `Iterator`
            candidate #2: `rayon::iter::IndexedParallelIterator`
            candidate #3: `std::cmp::Ord`

error[E0061]: this method takes 1 argument but 2 arguments were supplied
   --> src\tui\ui_actions.rs:401:18
    |
401 |         if !area.contains(mouse_x, mouse_y) {
    |                  ^^^^^^^^ -------  ------- unexpected argument #2 of type `u16`
    |                           |
    |                           expected `Position`, found `u16`
    |
note: method defined here
   --> C:\Users\lenovo\.cargo\registry\src\index.crates.io-1949cf8c6b5b557f\ratatui-core-0.1.0\src\layout\rect.rs:355:1
8
    |
355 |     pub const fn contains(self, position: Position) -> bool {
    |                  ^^^^^^^^
help: remove the extra argument
    |
401 -         if !area.contains(mouse_x, mouse_y) {
401 +         if !area.contains(/* ratatui::prelude::Position */) {
    |

error[E0599]: no method named `isoweek` found for reference `&chrono::DateTime<chrono::Utc>` in the current scope
   --> src\tui\ui_timeline.rs:220:35
    |
220 |                 let iso_week = dt.isoweek();
    |                                   ^^^^^^^
    |
help: there is a method `iso_week` with a similar name
    |
220 |                 let iso_week = dt.iso_week();
    |                                      +

error[E0599]: no method named `year` found for reference `&chrono::DateTime<chrono::Utc>` in the current scope
   --> src\tui\ui_timeline.rs:221:41
    |
221 |                 format!("{}-W{:02}", dt.year(), iso_week.week())
    |                                         ^^^^
    |
    = help: items from traits can only be used if the trait is in scope
help: trait `Datelike` which provides `year` is implemented but not in scope; perhaps you want to import it
    |
  1 + use chrono::Datelike;
    |
help: there is a method `year_ce` with a similar name
    |
221 |                 format!("{}-W{:02}", dt.year_ce(), iso_week.week())
    |                                             +++

error[E0277]: the trait bound `TimelineSession: serde::Serialize` is not satisfied
    --> src\tui\ui_timeline.rs:593:41
     |
 593 |         match serde_json::to_vec_pretty(sessions) {
     |               ------------------------- ^^^^^^^^ unsatisfied trait bound
     |               |
     |               required by a bound introduced by this call
     |
help: the trait `Serialize` is not implemented for `TimelineSession`
    --> src\tui\ui_timeline.rs:88:1
     |
  88 | pub struct TimelineSession {
     | ^^^^^^^^^^^^^^^^^^^^^^^^^^
     = note: for local types consider adding `#[derive(serde::Serialize)]` to your `TimelineSession` type
     = note: for types from other crates check whether the crate offers a `serde` feature flag
     = help: the following other types implement trait `Serialize`:
               &'a T
               &'a mut T
               ()
               (T,)
               (T0, T1)
               (T0, T1, T2)
               (T0, T1, T2, T3)
               (T0, T1, T2, T3, T4)
             and 1853 others
     = note: required for `&TimelineSession` to implement `Serialize`
     = note: 1 redundant requirement hidden
     = note: required for `[&TimelineSession]` to implement `Serialize`
note: required by a bound in `to_vec_pretty`
    --> C:\Users\lenovo\.cargo\registry\src\index.crates.io-1949cf8c6b5b557f\serde_json-1.0.149\src\ser.rs:2231:17
     |
2229 | pub fn to_vec_pretty<T>(value: &T) -> Result<Vec<u8>>
     |        ------------- required by a bound in this function
2230 | where
2231 |     T: ?Sized + Serialize,
     |                 ^^^^^^^^^ required by this bound in `to_vec_pretty`

error[E0308]: mismatched types
    --> src\tui\ui_timeline.rs:700:36
     |
 700 |             current.saturating_sub(delta.unsigned_abs())
     |                     -------------- ^^^^^^^^^^^^^^^^^^^^ expected `usize`, found `u32`
     |                     |
     |                     arguments to this method are incorrect
     |
note: method defined here
    --> C:\Users\lenovo\.rustup\toolchains\stable-x86_64-pc-windows-msvc\lib/rustlib/src/rust\library\core\src\num\uint
_macros.rs:2263:22
     |
2263 |           pub const fn saturating_sub(self, rhs: Self) -> Self {
     |                        ^^^^^^^^^^^^^^
     |
    ::: C:\Users\lenovo\.rustup\toolchains\stable-x86_64-pc-windows-msvc\lib/rustlib/src/rust\library\core\src\num\mod.
rs:1270:5
     |
1270 | /     uint_impl! {
1271 | |         Self = usize,
1272 | |         ActualT = u64,
1273 | |         SignedT = isize,
...    |
1290 | |         bound_condition = " on 64-bit targets",
1291 | |     }
     | |_____- in this macro invocation
     = note: this error originates in the macro `uint_impl` (in Nightly builds, run with -Z macro-backtrace for more in
fo)
help: you can convert a `u32` to a `usize` and panic if the converted value doesn't fit
     |
 700 |             current.saturating_sub(delta.unsigned_abs().try_into().unwrap())
     |                                                        ++++++++++++++++++++

error[E0308]: mismatched types
    --> src\tui\ui_timeline.rs:1145:27
     |
1145 |                     icon: tag_icons[cat_idx],
     |                           ^^^^^^^^^^^^^^^^^^ expected `char`, found `&str`

error[E0277]: the trait bound `std::string::String: unicode_width::UnicodeWidthStr` is not satisfied
   --> src\tui\ui_prepare.rs:579:59
    |
579 |                     unicode_width::UnicodeWidthStr::width(&prompt_num.to_string())
    |                     ------------------------------------- ^^^^^^^^^^^^^^^^^^^^^^^ the trait `unicode_width::Unico
deWidthStr` is not implemented for `std::string::String`
    |                     |
    |                     required by a bound introduced by this call
    |
help: the trait `unicode_width::UnicodeWidthStr` is implemented for `str`
   --> C:\Users\lenovo\.cargo\registry\src\index.crates.io-1949cf8c6b5b557f\unicode-width-0.2.2\src\lib.rs:248:1
    |
248 | impl UnicodeWidthStr for str {
    | ^^^^^^^^^^^^^^^^^^^^^^^^^^^^

error[E0277]: the trait bound `std::string::String: unicode_width::UnicodeWidthStr` is not satisfied
    --> src\tui\ui_prepare.rs:1023:59
     |
1023 |                     unicode_width::UnicodeWidthStr::width(&prompt_num.to_string())
     |                     ------------------------------------- ^^^^^^^^^^^^^^^^^^^^^^^ the trait `unicode_width::Unic
odeWidthStr` is not implemented for `std::string::String`
     |                     |
     |                     required by a bound introduced by this call
     |
help: the trait `unicode_width::UnicodeWidthStr` is implemented for `str`
    --> C:\Users\lenovo\.cargo\registry\src\index.crates.io-1949cf8c6b5b557f\unicode-width-0.2.2\src\lib.rs:248:1
     |
 248 | impl UnicodeWidthStr for str {
     | ^^^^^^^^^^^^^^^^^^^^^^^^^^^^

error[E0308]: mismatched types
   --> src\tui\ui_json.rs:187:65
    |
187 |                         buf.set_line(area.x, area.y + i as u16, line, area.width);
    |                             --------                            ^^^^ expected `&Line<'_>`, found `Line<'_>`
    |                             |
    |                             arguments to this method are incorrect
    |
note: method defined here
   --> C:\Users\lenovo\.cargo\registry\src\index.crates.io-1949cf8c6b5b557f\ratatui-core-0.1.0\src\buffer\buffer.rs:372
:12
    |
372 |     pub fn set_line(&mut self, x: u16, y: u16, line: &Line<'_>, max_width: u16) -> (u16, u16) {
    |            ^^^^^^^^
help: consider borrowing here
    |
187 |                         buf.set_line(area.x, area.y + i as u16, &line, area.width);
    |                                                                 +

error[E0308]: mismatched types
   --> src\tui\ui_json.rs:227:21
    |
227 |                     format!("\"{}\"", truncated),
    |                     ^^^^^^^^^^^^^^^^^^^^^^^^^^^^ expected `&str`, found `String`
    |
    = note: this error originates in the macro `format` (in Nightly builds, run with -Z macro-backtrace for more info)

error[E0308]: mismatched types
   --> src\tui\ui_json.rs:233:21
    |
232 |                 vec![self.styled_line(
    |                           ----------- arguments to this method are incorrect
233 |                     n.to_string(),
    |                     ^^^^^^^^^^^^^ expected `&str`, found `String`
    |
note: method defined here
   --> src\tui\ui_json.rs:528:8
    |
528 |     fn styled_line(&self, text: &str, color: Color) -> Line<'static> {
    |        ^^^^^^^^^^^        ----------
help: consider borrowing here
    |
233 |                     &n.to_string(),
    |                     +

error[E0308]: mismatched types
   --> src\tui\ui_json.rs:239:21
    |
238 |                 vec![self.styled_line(
    |                           ----------- arguments to this method are incorrect
239 |                     b.to_string(),
    |                     ^^^^^^^^^^^^^ expected `&str`, found `String`
    |
note: method defined here
   --> src\tui\ui_json.rs:528:8
    |
528 |     fn styled_line(&self, text: &str, color: Color) -> Line<'static> {
    |        ^^^^^^^^^^^        ----------
help: consider borrowing here
    |
239 |                     &b.to_string(),
    |                     +

error[E0308]: mismatched types
   --> src\tui\ui_json.rs:267:17
    |
267 | /                 format!(
268 | |                     "{}// ... {} items",
269 | |                     child_indent,
270 | |                     obj.len()
271 | |                 ),
    | |_________________^ expected `&str`, found `String`
    |
    = note: this error originates in the macro `format` (in Nightly builds, run with -Z macro-backtrace for more info)

error[E0308]: mismatched types
   --> src\tui\ui_json.rs:275:17
    |
275 |                 format!("{}}}", indent),
    |                 ^^^^^^^^^^^^^^^^^^^^^^^ expected `&str`, found `String`
    |
    = note: this error originates in the macro `format` (in Nightly builds, run with -Z macro-backtrace for more info)

error[E0308]: mismatched types
   --> src\tui\ui_json.rs:328:39
    |
328 |                         JsonPath::Key(key.clone(), Box::new(path.clone()));
    |                         ------------- ^^^^^^^^^^^ expected `String`, found `&String`
    |                         |
    |                         arguments to this enum variant are incorrect
    |
note: tuple variant defined here
   --> src\tui\ui_json.rs:13:5
    |
 13 |     Key(String, Box<JsonPath>),
    |     ^^^
help: try using a conversion method
    |
328 -                         JsonPath::Key(key.clone(), Box::new(path.clone()));
328 +                         JsonPath::Key(key.to_string(), Box::new(path.clone()));
    |

error[E0308]: mismatched types
   --> src\tui\ui_json.rs:360:13
    |
360 |             format!("{}}}", indent),
    |             ^^^^^^^^^^^^^^^^^^^^^^^ expected `&str`, found `String`
    |
    = note: this error originates in the macro `format` (in Nightly builds, run with -Z macro-backtrace for more info)

error[E0308]: mismatched types
   --> src\tui\ui_json.rs:384:17
    |
384 |                 format!("{}// ... {} items", child_indent, arr.len()),
    |                 ^^^^^^^^^^^^^^^^^^^^^^^^^^^^^^^^^^^^^^^^^^^^^^^^^^^^^ expected `&str`, found `String`
    |
    = note: this error originates in the macro `format` (in Nightly builds, run with -Z macro-backtrace for more info)

error[E0308]: mismatched types
   --> src\tui\ui_json.rs:388:44
    |
388 |                 format!("{}]", "  ".repeat(indent)),
    |                                     ------ ^^^^^^ expected `usize`, found `String`
    |                                     |
    |                                     arguments to this method are incorrect
    |
note: method defined here
   --> C:\Users\lenovo\.rustup\toolchains\stable-x86_64-pc-windows-msvc\lib/rustlib/src/rust\library\alloc\src\str.rs:5
30:12
    |
530 |     pub fn repeat(&self, n: usize) -> String {
    |            ^^^^^^

error[E0308]: mismatched types
   --> src\tui\ui_json.rs:388:17
    |
388 |                 format!("{}]", "  ".repeat(indent)),
    |                 ^^^^^^^^^^^^^^^^^^^^^^^^^^^^^^^^^^^ expected `&str`, found `String`
    |
    = note: this error originates in the macro `format` (in Nightly builds, run with -Z macro-backtrace for more info)

error[E0308]: mismatched types
   --> src\tui\ui_json.rs:464:17
    |
464 |                 format!("{}// ... {} more items", child_indent, more),
    |                 ^^^^^^^^^^^^^^^^^^^^^^^^^^^^^^^^^^^^^^^^^^^^^^^^^^^^^ expected `&str`, found `String`
    |
    = note: this error originates in the macro `format` (in Nightly builds, run with -Z macro-backtrace for more info)

error[E0308]: mismatched types
   --> src\tui\ui_json.rs:470:40
    |
470 |             format!("{}]", "  ".repeat(indent)),
    |                                 ------ ^^^^^^ expected `usize`, found `String`
    |                                 |
    |                                 arguments to this method are incorrect
    |
note: method defined here
   --> C:\Users\lenovo\.rustup\toolchains\stable-x86_64-pc-windows-msvc\lib/rustlib/src/rust\library\alloc\src\str.rs:5
30:12
    |
530 |     pub fn repeat(&self, n: usize) -> String {
    |            ^^^^^^

error[E0308]: mismatched types
   --> src\tui\ui_json.rs:470:13
    |
470 |             format!("{}]", "  ".repeat(indent)),
    |             ^^^^^^^^^^^^^^^^^^^^^^^^^^^^^^^^^^^ expected `&str`, found `String`
    |
    = note: this error originates in the macro `format` (in Nightly builds, run with -Z macro-backtrace for more info)

error[E0277]: the trait bound `Resolution: serde::Serialize` is not satisfied
    --> src\video_export\enhanced.rs:297:24
     |
 297 | #[derive(Clone, Debug, Serialize, Deserialize)]
     |                        ^^^^^^^^^ unsatisfied trait bound
...
 301 |     pub terminal_size: Resolution,
     |     --- required by a bound introduced by this call
     |
help: the trait `Serialize` is not implemented for `Resolution`
    --> src\video_export\enhanced.rs:75:1
     |
  75 | pub struct Resolution { pub width: u16, pub height: u16 }
     | ^^^^^^^^^^^^^^^^^^^^^
     = note: for local types consider adding `#[derive(serde::Serialize)]` to your `Resolution` type
     = note: for types from other crates check whether the crate offers a `serde` feature flag
     = help: the following other types implement trait `Serialize`:
               &'a T
               &'a mut T
               ()
               (T,)
               (T0, T1)
               (T0, T1, T2)
               (T0, T1, T2, T3)
               (T0, T1, T2, T3, T4)
             and 1853 others
note: required by a bound in `agent::_::_serde::ser::SerializeStruct::serialize_field`
    --> C:\Users\lenovo\.cargo\registry\src\index.crates.io-1949cf8c6b5b557f\serde_core-1.0.228\src\ser\mod.rs:1917:21
     |
1915 |     fn serialize_field<T>(&mut self, key: &'static str, value: &T) -> Result<(), Self::Error>
     |        --------------- required by a bound in this associated function
1916 |     where
1917 |         T: ?Sized + Serialize;
     |                     ^^^^^^^^^ required by this bound in `SerializeStruct::serialize_field`
     = note: this error originates in the derive macro `Serialize` (in Nightly builds, run with -Z macro-backtrace for 
more info)

error[E0277]: the trait bound `Resolution: serde::Deserialize<'de>` is not satisfied
    --> src\video_export\enhanced.rs:301:24
     |
 301 |     pub terminal_size: Resolution,
     |                        ^^^^^^^^^^ unsatisfied trait bound
     |
help: the trait `Deserialize<'_>` is not implemented for `Resolution`
    --> src\video_export\enhanced.rs:75:1
     |
  75 | pub struct Resolution { pub width: u16, pub height: u16 }
     | ^^^^^^^^^^^^^^^^^^^^^
     = note: for local types consider adding `#[derive(serde::Deserialize)]` to your `Resolution` type
     = note: for types from other crates check whether the crate offers a `serde` feature flag
     = help: the following other types implement trait `Deserialize<'de>`:
               `&'a [u8]` implements `Deserialize<'de>`
               `&'a serde_json::value::RawValue` implements `Deserialize<'de>`
               `&'a std::path::Path` implements `Deserialize<'de>`
               `&'a str` implements `Deserialize<'de>`
               `()` implements `Deserialize<'de>`
               `(T,)` implements `Deserialize<'de>`
               `(T0, T1)` implements `Deserialize<'de>`
               `(T0, T1, T2)` implements `Deserialize<'de>`
             and 1839 others
note: required by a bound in `next_element`
    --> C:\Users\lenovo\.cargo\registry\src\index.crates.io-1949cf8c6b5b557f\serde_core-1.0.228\src\de\mod.rs:1771:12
     |
1769 |     fn next_element<T>(&mut self) -> Result<Option<T>, Self::Error>
     |        ------------ required by a bound in this associated function
1770 |     where
1771 |         T: Deserialize<'de>,
     |            ^^^^^^^^^^^^^^^^ required by this bound in `SeqAccess::next_element`
     = note: the full name for the type has been written to 'D:\studying\Codecargo\CarpAI\target\debug\deps\jcode-75e56
0495b988c6f.long-type-11009555901249978515.txt'
     = note: consider using `--verbose` to print the full type name to the console

error[E0277]: the trait bound `Resolution: serde::Deserialize<'de>` is not satisfied
    --> src\video_export\enhanced.rs:301:24
     |
 301 |     pub terminal_size: Resolution,
     |                        ^^^^^^^^^^ unsatisfied trait bound
     |
help: the trait `Deserialize<'_>` is not implemented for `Resolution`
    --> src\video_export\enhanced.rs:75:1
     |
  75 | pub struct Resolution { pub width: u16, pub height: u16 }
     | ^^^^^^^^^^^^^^^^^^^^^
     = note: for local types consider adding `#[derive(serde::Deserialize)]` to your `Resolution` type
     = note: for types from other crates check whether the crate offers a `serde` feature flag
     = help: the following other types implement trait `Deserialize<'de>`:
               `&'a [u8]` implements `Deserialize<'de>`
               `&'a serde_json::value::RawValue` implements `Deserialize<'de>`
               `&'a std::path::Path` implements `Deserialize<'de>`
               `&'a str` implements `Deserialize<'de>`
               `()` implements `Deserialize<'de>`
               `(T,)` implements `Deserialize<'de>`
               `(T0, T1)` implements `Deserialize<'de>`
               `(T0, T1, T2)` implements `Deserialize<'de>`
             and 1839 others
note: required by a bound in `next_value`
    --> C:\Users\lenovo\.cargo\registry\src\index.crates.io-1949cf8c6b5b557f\serde_core-1.0.228\src\de\mod.rs:1916:12
     |
1914 |     fn next_value<V>(&mut self) -> Result<V, Self::Error>
     |        ---------- required by a bound in this associated function
1915 |     where
1916 |         V: Deserialize<'de>,
     |            ^^^^^^^^^^^^^^^^ required by this bound in `MapAccess::next_value`
     = note: the full name for the type has been written to 'D:\studying\Codecargo\CarpAI\target\debug\deps\jcode-75e56
0495b988c6f.long-type-11009555901249978515.txt'
     = note: consider using `--verbose` to print the full type name to the console

error[E0277]: the trait bound `Resolution: serde::Deserialize<'de>` is not satisfied
   --> src\video_export\enhanced.rs:297:35
    |
297 | #[derive(Clone, Debug, Serialize, Deserialize)]
    |                                   ^^^^^^^^^^^ unsatisfied trait bound
    |
help: the trait `Deserialize<'_>` is not implemented for `Resolution`
   --> src\video_export\enhanced.rs:75:1
    |
 75 | pub struct Resolution { pub width: u16, pub height: u16 }
    | ^^^^^^^^^^^^^^^^^^^^^
    = note: for local types consider adding `#[derive(serde::Deserialize)]` to your `Resolution` type
    = note: for types from other crates check whether the crate offers a `serde` feature flag
    = help: the following other types implement trait `Deserialize<'de>`:
              `&'a [u8]` implements `Deserialize<'de>`
              `&'a serde_json::value::RawValue` implements `Deserialize<'de>`
              `&'a std::path::Path` implements `Deserialize<'de>`
              `&'a str` implements `Deserialize<'de>`
              `()` implements `Deserialize<'de>`
              `(T,)` implements `Deserialize<'de>`
              `(T0, T1)` implements `Deserialize<'de>`
              `(T0, T1, T2)` implements `Deserialize<'de>`
            and 1839 others
note: required by a bound in `agent::_::_serde::__private228::de::missing_field`
   --> C:\Users\lenovo\.cargo\registry\src\index.crates.io-1949cf8c6b5b557f\serde-1.0.228\src\private\de.rs:26:8
    |
 24 | pub fn missing_field<'de, V, E>(field: &'static str) -> Result<V, E>
    |        ------------- required by a bound in this function
 25 | where
 26 |     V: Deserialize<'de>,
    |        ^^^^^^^^^^^^^^^^ required by this bound in `missing_field`
    = note: the full name for the type has been written to 'D:\studying\Codecargo\CarpAI\target\debug\deps\jcode-75e560
495b988c6f.long-type-11009555901249978515.txt'
    = note: consider using `--verbose` to print the full type name to the console
    = note: this error originates in the derive macro `Deserialize` (in Nightly builds, run with -Z macro-backtrace for
 more info)

warning: unreachable expression
  --> src\video_export\mod.rs:97:5
   |
64 |         return ("JetBrains Mono".to_string(), 11.0);
   |         ------------------------------------------- any code following this expression is unreachable
...
97 |     ("JetBrains Mono".to_string(), 11.0)
   |     ^^^^^^^^^^^^^^^^^^^^^^^^^^^^^^^^^^^^ unreachable expression
   |
   = note: `#[warn(unreachable_code)]` (part of `#[warn(unused)]`) on by default

error[E0308]: mismatched types
   --> src\auto_mode\aho_corasick.rs:319:23
    |
316 |         let mut builder = aho_corasick::AhoCorasickBuilder::new();
    |                           --------------------------------------- expected due to this value
...
319 |             builder = builder.ascii_case_insensitive(true);
    |                       ^^^^^^^^^^^^^^^^^^^^^^^^^^^^^^^^^^^^ expected `AhoCorasickBuilder`, found `&mut AhoCorasick
Builder`

error[E0308]: mismatched types
   --> src\auto_mode\aho_corasick.rs:322:19
    |
316 |         let mut builder = aho_corasick::AhoCorasickBuilder::new();
    |                           --------------------------------------- expected due to this value
...
322 |         builder = builder.match_kind(aho_corasick::MatchKind::LeftmostFirst);
    |                   ^^^^^^^^^^^^^^^^^^^^^^^^^^^^^^^^^^^^^^^^^^^^^^^^^^^^^^^^^^ expected `AhoCorasickBuilder`, found
 `&mut AhoCorasickBuilder`

error[E0599]: no method named `hour` found for struct `chrono::DateTime<Tz>` in the current scope
   --> src\auto_mode\confidence.rs:270:39
    |
270 |         let hour = chrono::Utc::now().hour() as f64;
    |                                       ^^^^
    |
   ::: C:\Users\lenovo\.cargo\registry\src\index.crates.io-1949cf8c6b5b557f\chrono-0.4.44\src\traits.rs:285:8
    |
285 |     fn hour(&self) -> u32;
    |        ---- the method is available for `chrono::DateTime<chrono::Utc>` here
    |
    = help: items from traits can only be used if the trait is in scope
help: trait `Timelike` which provides `hour` is implemented but not in scope; perhaps you want to import it
    |
 21 + use chrono::Timelike;
    |
help: there is a method `hour12` with a similar name
    |
270 |         let hour = chrono::Utc::now().hour12() as f64;
    |                                           ++

error[E0308]: mismatched types
   --> src\auto_mode\confidence.rs:375:33
    |
375 |         self.weights.retain(|_, &w| w.abs() > threshold);
    |                                 ^^
    |                                 |
    |                                 types differ in mutability
    |                                 expected due to this
    |
    = note: expected mutable reference `&mut f64`
                       found reference `&_`
help: consider removing `&` from the pattern
    |
375 -         self.weights.retain(|_, &w| w.abs() > threshold);
375 +         self.weights.retain(|_, w| w.abs() > threshold);
    |

error[E0282]: type annotations needed
   --> src\auto_mode\confidence.rs:375:37
    |
375 |         self.weights.retain(|_, &w| w.abs() > threshold);
    |                                     ^ cannot infer type

error[E0689]: can't call method `min` on ambiguous numeric type `{float}`
   --> src\auto_mode\confidence.rs:486:23
    |
486 |         (score / 2.0).min(1.0)
    |                       ^^^

error[E0308]: mismatched types
   --> src\auto_mode\enhanced_confidence.rs:464:9
    |
461 |     pub fn get_feature_ranking(&self) -> Vec<(String, f64)> {
    |                                          ------------------ expected `Vec<(std::string::String, f64)>` because of
 return type
462 |         let mut ranked: Vec<_> = self.feature_importance.iter().collect();
463 |         ranked.sort_by(|a, b| b.1.partial_cmp(a.1).unwrap_or(std::cmp::Ordering::Equal));
    |         ------         ---------------------------------------------------------------- this argument has type `{
closure@src\auto_mode\enhanced_confidence.rs:463:24: 463:30}`...
    |         |
    |         ... which causes `ranked` to have type `Vec<(&std::string::String, &f64)>`
464 |         ranked
    |         ^^^^^^ expected `Vec<(String, f64)>`, found `Vec<(&String, &f64)>`
    |
    = note: expected struct `Vec<(std::string::String, _)>`
               found struct `Vec<(&std::string::String, &_)>`

error[E0560]: struct `EnhancedConfig` has no field named `temperature`
   --> src\auto_mode\enhanced_confidence.rs:642:13
    |
642 |             temperature: 1.0,
    |             ^^^^^^^^^^^ `EnhancedConfig` does not have this field
    |
    = note: all struct fields are already assigned

error[E0599]: no method named `compute_weighted_sum` found for mutable reference `&mut EnhancedConfidenceModel` in the 
current scope
   --> src\auto_mode\enhanced_confidence.rs:707:24
    |
707 |                 + self.compute_weighted_sum(&features) * 0.4;
    |                        ^^^^^^^^^^^^^^^^^^^^ method not found in `&mut EnhancedConfidenceModel`

error[E0599]: no method named `check_gitignore` found for reference `&EnhancedConfidenceModel` in the current scope
   --> src\auto_mode\enhanced_confidence.rs:756:28
    |
756 |         features.push(self.check_gitignore(context));                      // 6
    |                            ^^^^^^^^^^^^^^^ this is an associated function, not a method
    |
    = note: found the following associated functions; to be used as methods, functions must have a `self` parameter
note: the candidate is defined in an impl for the type `EnhancedConfidenceModel`
   --> src\auto_mode\enhanced_confidence.rs:808:5
    |
808 |     fn check_gitignore(&_context: &ToolContext) -> f64 {
    |     ^^^^^^^^^^^^^^^^^^^^^^^^^^^^^^^^^^^^^^^^^^^^^^^^^^
help: use associated function syntax instead
    |
756 -         features.push(self.check_gitignore(context));                      // 6
756 +         features.push(EnhancedConfidenceModel::check_gitignore(context));                      // 6
    |

error[E0599]: no method named `check_file_exists` found for reference `&EnhancedConfidenceModel` in the current scope
   --> src\auto_mode\enhanced_confidence.rs:757:28
    |
757 |         features.push(self.check_file_exists(context));                    // 7
    |                            ^^^^^^^^^^^^^^^^^ this is an associated function, not a method
    |
    = note: found the following associated functions; to be used as methods, functions must have a `self` parameter
note: the candidate is defined in an impl for the type `EnhancedConfidenceModel`
   --> src\auto_mode\enhanced_confidence.rs:812:5
    |
812 |     fn check_file_exists(&_context: &ToolContext) -> f64 {
    |     ^^^^^^^^^^^^^^^^^^^^^^^^^^^^^^^^^^^^^^^^^^^^^^^^^^^^
help: use associated function syntax instead
    |
757 -         features.push(self.check_file_exists(context));                    // 7
757 +         features.push(EnhancedConfidenceModel::check_file_exists(context));                    // 7
    |

error[E0599]: no method named `estimate_file_size` found for reference `&EnhancedConfidenceModel` in the current scope
   --> src\auto_mode\enhanced_confidence.rs:758:28
    |
758 |         features.push(self.estimate_file_size(context));                   // 8
    |                            ^^^^^^^^^^^^^^^^^^ this is an associated function, not a method
    |
    = note: found the following associated functions; to be used as methods, functions must have a `self` parameter
note: the candidate is defined in an impl for the type `EnhancedConfidenceModel`
   --> src\auto_mode\enhanced_confidence.rs:816:5
    |
816 |     fn estimate_file_size(&_context: &ToolContext) -> f64 {
    |     ^^^^^^^^^^^^^^^^^^^^^^^^^^^^^^^^^^^^^^^^^^^^^^^^^^^^^
help: use associated function syntax instead
    |
758 -         features.push(self.estimate_file_size(context));                   // 8
758 +         features.push(EnhancedConfidenceModel::estimate_file_size(context));                   // 8
    |

error[E0599]: no method named `estimate_file_recency` found for reference `&EnhancedConfidenceModel` in the current sco
pe
   --> src\auto_mode\enhanced_confidence.rs:759:28
    |
759 |         features.push(self.estimate_file_recency(context));                 // 9
    |                            ^^^^^^^^^^^^^^^^^^^^^ this is an associated function, not a method
    |
    = note: found the following associated functions; to be used as methods, functions must have a `self` parameter
note: the candidate is defined in an impl for the type `EnhancedConfidenceModel`
   --> src\auto_mode\enhanced_confidence.rs:820:5
    |
820 |     fn estimate_file_recency(&_context: &ToolContext) -> f64 {
    |     ^^^^^^^^^^^^^^^^^^^^^^^^^^^^^^^^^^^^^^^^^^^^^^^^^^^^^^^^
help: use associated function syntax instead
    |
759 -         features.push(self.estimate_file_recency(context));                 // 9
759 +         features.push(EnhancedConfidenceModel::estimate_file_recency(context));                 // 9
    |
help: there is a method `estimate_frequency` with a similar name
    |
759 -         features.push(self.estimate_file_recency(context));                 // 9
759 +         features.push(self.estimate_frequency(context));                 // 9
    |

error[E0599]: no method named `check_main_branch` found for reference `&EnhancedConfidenceModel` in the current scope
   --> src\auto_mode\enhanced_confidence.rs:762:28
    |
762 |         features.push(self.check_main_branch(context));                    // 10
    |                            ^^^^^^^^^^^^^^^^^ this is an associated function, not a method
    |
    = note: found the following associated functions; to be used as methods, functions must have a `self` parameter
note: the candidate is defined in an impl for the type `EnhancedConfidenceModel`
   --> src\auto_mode\enhanced_confidence.rs:824:5
    |
824 |     fn check_main_branch(&_context: &ToolContext) -> f64 {
    |     ^^^^^^^^^^^^^^^^^^^^^^^^^^^^^^^^^^^^^^^^^^^^^^^^^^^^
help: use associated function syntax instead
    |
762 -         features.push(self.check_main_branch(context));                    // 10
762 +         features.push(EnhancedConfidenceModel::check_main_branch(context));                    // 10
    |

error[E0599]: no method named `check_clean_working_tree` found for reference `&EnhancedConfidenceModel` in the current 
scope
   --> src\auto_mode\enhanced_confidence.rs:763:28
    |
763 |         features.push(self.check_clean_working_tree(context));             // 11
    |                            ^^^^^^^^^^^^^^^^^^^^^^^^ this is an associated function, not a method
    |
    = note: found the following associated functions; to be used as methods, functions must have a `self` parameter
note: the candidate is defined in an impl for the type `EnhancedConfidenceModel`
   --> src\auto_mode\enhanced_confidence.rs:828:5
    |
828 |     fn check_clean_working_tree(&_context: &ToolContext) -> f64 {
    |     ^^^^^^^^^^^^^^^^^^^^^^^^^^^^^^^^^^^^^^^^^^^^^^^^^^^^^^^^^^^
help: use associated function syntax instead
    |
763 -         features.push(self.check_clean_working_tree(context));             // 11
763 +         features.push(EnhancedConfidenceModel::check_clean_working_tree(context));             // 11
    |

error[E0599]: no method named `estimate_commit_activity` found for reference `&EnhancedConfidenceModel` in the current 
scope
   --> src\auto_mode\enhanced_confidence.rs:765:28
    |
765 |         features.push(self.estimate_commit_activity(context));              // 13
    |                            ^^^^^^^^^^^^^^^^^^^^^^^^ this is an associated function, not a method
    |
    = note: found the following associated functions; to be used as methods, functions must have a `self` parameter
note: the candidate is defined in an impl for the type `EnhancedConfidenceModel`
   --> src\auto_mode\enhanced_confidence.rs:832:5
    |
832 |     fn estimate_commit_activity(&_context: &ToolContext) -> f64 {
    |     ^^^^^^^^^^^^^^^^^^^^^^^^^^^^^^^^^^^^^^^^^^^^^^^^^^^^^^^^^^^
help: use associated function syntax instead
    |
765 -         features.push(self.estimate_commit_activity(context));              // 13
765 +         features.push(EnhancedConfidenceModel::estimate_commit_activity(context));              // 13
    |

error[E0599]: no method named `hour` found for struct `chrono::DateTime<Tz>` in the current scope
   --> src\auto_mode\enhanced_confidence.rs:850:24
    |
850 |         let hour = now.hour() as f64;
    |                        ^^^^
    |
   ::: C:\Users\lenovo\.cargo\registry\src\index.crates.io-1949cf8c6b5b557f\chrono-0.4.44\src\traits.rs:285:8
    |
285 |     fn hour(&self) -> u32;
    |        ---- the method is available for `chrono::DateTime<chrono::Local>` here
    |
    = help: items from traits can only be used if the trait is in scope
help: trait `Timelike` which provides `hour` is implemented but not in scope; perhaps you want to import it
    |
 26 + use chrono::Timelike;
    |
help: there is a method `hour12` with a similar name
    |
850 |         let hour = now.hour12() as f64;
    |                            ++

error[E0609]: no field `temperature` on type `EnhancedConfig`
   --> src\auto_mode\enhanced_confidence.rs:878:40
    |
878 |         1.0 / (1.0 + (-x / self.config.temperature).exp())
    |                                        ^^^^^^^^^^^ unknown field
    |
    = note: available fields are: `adam_learning_rate`, `use_pretrained`, `enable_feature_selection`, `cold_start_thres
hold`, `min_confidence`, `max_confidence`

error[E0277]: the trait bound `jcode_tool_core::ToolExecutionMode: std::default::Default` is not satisfied
   --> src\auto_mode\enhanced_confidence.rs:896:29
    |
896 |             execution_mode: Default::default(),
    |                             ^^^^^^^^^^^^^^^^^^ the trait `std::default::Default` is not implemented for `jcode_to
ol_core::ToolExecutionMode`

error[E0308]: mismatched types
   --> src\auto_mode\enhanced_confidence.rs:909:21
    |
909 |         if let Some((task_key, weights)) = self.multi_task_heads.task_weights.get_mut(&task_type) {
    |                     ^^^^^^^^^^^^^^^^^^^    ------------------------------------------------------ this expression
 has type `std::option::Option<&mut Vec<f64>>`
    |                     |
    |                     expected `Vec<f64>`, found `(_, _)`
    |
    = note: expected struct `Vec<f64>`
                found tuple `(_, _)`

error[E0599]: no variant or associated item named `BlockImmediately` found for enum `SafetyRecommendation` in the curre
nt scope
   --> src\auto_mode\safety.rs:605:58
    |
605 |             RiskLevel::Critical => SafetyRecommendation::BlockImmediately(
    |                                                          ^^^^^^^^^^^^^^^^ variant or associated item not found in
 `SafetyRecommendation`
...
689 | pub enum SafetyRecommendation {
    | ----------------------------- variant or associated item `BlockImmediately` not found for this enum
    |
help: there is a variant with a similar name
    |
605 -             RiskLevel::Critical => SafetyRecommendation::BlockImmediately(
605 +             RiskLevel::Critical => SafetyRecommendation::BlockImmediate(
    |

error[E0063]: missing field `working_dir` in initializer of `auto_mode::ToolContext`
   --> src\auto_mode\mod.rs:270:9
    |
270 |         Self {
    |         ^^^^ missing `working_dir`

error[E0277]: the trait bound `tokio::sync::mpsc::Receiver<TaskExecution>: Clone` is not satisfied
  --> src\task_scheduler.rs:48:5
   |
43 | #[derive(Debug, Clone)]
   |                 ----- in this derive macro expansion
...
48 |     rx: mpsc::Receiver<TaskExecution>,
   |     ^^^^^^^^^^^^^^^^^^^^^^^^^^^^^^^^^ the trait `Clone` is not implemented for `tokio::sync::mpsc::Receiver<TaskEx
ecution>`

error[E0277]: the trait bound `tokio::task::JoinHandle<()>: Clone` is not satisfied
  --> src\task_scheduler.rs:49:5
   |
43 | #[derive(Debug, Clone)]
   |                 ----- in this derive macro expansion
...
49 |     executor: Option<JoinHandle<()>>,
   |     ^^^^^^^^^^^^^^^^^^^^^^^^^^^^^^^^ the trait `Clone` is not implemented for `tokio::task::JoinHandle<()>`
   |
   = note: required for `std::option::Option<tokio::task::JoinHandle<()>>` to implement `Clone`

error[E0277]: the trait bound `completion::bash::registry::CommandCategory: std::default::Default` is not satisfied
   --> src\completion\bash\registry.rs:34:5
    |
 14 | #[derive(Debug, Clone, Default, Serialize, Deserialize)]
    |                        ------- in this derive macro expansion
...
 34 |     pub category: CommandCategory,
    |     ^^^^^^^^^^^^^^^^^^^^^^^^^^^^^ unsatisfied trait bound
    |
help: the trait `std::default::Default` is not implemented for `completion::bash::registry::CommandCategory`
   --> src\completion\bash\registry.rs:144:1
    |
144 | pub enum CommandCategory {
    | ^^^^^^^^^^^^^^^^^^^^^^^^

error[E0277]: the trait bound `ArgType: std::default::Default` is not satisfied
  --> src\completion\bash\registry.rs:69:5
   |
63 | #[derive(Debug, Clone, Default, Serialize, Deserialize)]
   |                        ------- in this derive macro expansion
...
69 |     pub arg_type: ArgType,
   |     ^^^^^^^^^^^^^^^^^^^^^ unsatisfied trait bound
   |
help: the trait `std::default::Default` is not implemented for `ArgType`
  --> src\completion\bash\registry.rs:87:1
   |
87 | pub enum ArgType {
   | ^^^^^^^^^^^^^^^^

error[E0063]: missing fields `default_value` and `description` in initializer of `ArgSpec`
   --> src\completion\bash\registry.rs:218:17
    |
218 |                 ArgSpec {
    |                 ^^^^^^^ missing `default_value` and `description`

error[E0063]: missing field `default_value` in initializer of `ArgSpec`
   --> src\completion\bash\registry.rs:233:17
    |
233 |                 ArgSpec {
    |                 ^^^^^^^ missing `default_value`

error[E0063]: missing field `default_value` in initializer of `ArgSpec`
   --> src\completion\bash\registry.rs:252:17
    |
252 |                 ArgSpec {
    |                 ^^^^^^^ missing `default_value`

error[E0063]: missing field `default_value` in initializer of `ArgSpec`
   --> src\completion\bash\registry.rs:258:17
    |
258 |                 ArgSpec {
    |                 ^^^^^^^ missing `default_value`

error[E0277]: the trait bound `SubcommandSpec: std::default::Default` is not satisfied
   --> src\completion\bash\registry.rs:300:11
    |
300 |         ..Default::default(),
    |           ^^^^^^^^^^^^^^^^^^ the trait `std::default::Default` is not implemented for `SubcommandSpec`
    |
help: consider annotating `SubcommandSpec` with `#[derive(Default)]`
    |
 42 + #[derive(Default)]
 43 | pub struct SubcommandSpec {
    |

error[E0063]: missing field `default_value` in initializer of `ArgSpec`
   --> src\completion\bash\registry.rs:307:17
    |
307 |                 ArgSpec {
    |                 ^^^^^^^ missing `default_value`

error[E0063]: missing fields `default_value` and `description` in initializer of `ArgSpec`
   --> src\completion\bash\registry.rs:326:24
    |
326 |             args: vec![ArgSpec {
    |                        ^^^^^^^ missing `default_value` and `description`

error[E0277]: the trait bound `SubcommandSpec: std::default::Default` is not satisfied
   --> src\completion\bash\registry.rs:336:11
    |
336 |         ..Default::default(),
    |           ^^^^^^^^^^^^^^^^^^ the trait `std::default::Default` is not implemented for `SubcommandSpec`
    |
help: consider annotating `SubcommandSpec` with `#[derive(Default)]`
    |
 42 + #[derive(Default)]
 43 | pub struct SubcommandSpec {
    |

error[E0063]: missing fields `default_value` and `description` in initializer of `ArgSpec`
   --> src\completion\bash\registry.rs:342:24
    |
342 |             args: vec![ArgSpec {
    |                        ^^^^^^^ missing `default_value` and `description`

error[E0277]: the trait bound `SubcommandSpec: std::default::Default` is not satisfied
   --> src\completion\bash\registry.rs:351:11
    |
351 |         ..Default::default(),
    |           ^^^^^^^^^^^^^^^^^^ the trait `std::default::Default` is not implemented for `SubcommandSpec`
    |
help: consider annotating `SubcommandSpec` with `#[derive(Default)]`
    |
 42 + #[derive(Default)]
 43 | pub struct SubcommandSpec {
    |

error[E0063]: missing fields `default_value` and `description` in initializer of `ArgSpec`
   --> src\completion\bash\registry.rs:357:24
    |
357 |             args: vec![ArgSpec {
    |                        ^^^^^^^ missing `default_value` and `description`

error[E0277]: the trait bound `SubcommandSpec: std::default::Default` is not satisfied
   --> src\completion\bash\registry.rs:382:11
    |
382 |         ..Default::default(),
    |           ^^^^^^^^^^^^^^^^^^ the trait `std::default::Default` is not implemented for `SubcommandSpec`
    |
help: consider annotating `SubcommandSpec` with `#[derive(Default)]`
    |
 42 + #[derive(Default)]
 43 | pub struct SubcommandSpec {
    |

error[E0063]: missing fields `default_value` and `description` in initializer of `ArgSpec`
   --> src\completion\bash\registry.rs:388:24
    |
388 |             args: vec![ArgSpec {
    |                        ^^^^^^^ missing `default_value` and `description`

error[E0063]: missing fields `default_value` and `description` in initializer of `ArgSpec`
   --> src\completion\bash\registry.rs:405:24
    |
405 |             args: vec![ArgSpec {
    |                        ^^^^^^^ missing `default_value` and `description`

error[E0277]: the trait bound `SubcommandSpec: std::default::Default` is not satisfied
   --> src\completion\bash\registry.rs:414:11
    |
414 |         ..Default::default(),
    |           ^^^^^^^^^^^^^^^^^^ the trait `std::default::Default` is not implemented for `SubcommandSpec`
    |
help: consider annotating `SubcommandSpec` with `#[derive(Default)]`
    |
 42 + #[derive(Default)]
 43 | pub struct SubcommandSpec {
    |

error[E0063]: missing field `description` in initializer of `ArgSpec`
   --> src\completion\bash\registry.rs:470:24
    |
470 | ...   args: vec![ArgSpec { name: "repository".to_string(), arg_type: ArgType::String { default: None }, default_v
alue: None, requir...
    |                  ^^^^^^^ missing `description`

error[E0277]: the trait bound `SubcommandSpec: std::default::Default` is not satisfied
   --> src\completion\bash\registry.rs:475:11
    |
475 |         ..Default::default(),
    |           ^^^^^^^^^^^^^^^^^^ the trait `std::default::Default` is not implemented for `SubcommandSpec`
    |
help: consider annotating `SubcommandSpec` with `#[derive(Default)]`
    |
 42 + #[derive(Default)]
 43 | pub struct SubcommandSpec {
    |

error[E0063]: missing field `long_description` in initializer of `CommandSpec`
   --> src\completion\bash\registry.rs:535:52
    |
535 |         self.commands.insert("docker".to_string(), CommandSpec {
    |                                                    ^^^^^^^^^^^ missing `long_description`

error[E0063]: missing field `default_value` in initializer of `ArgSpec`
   --> src\completion\bash\registry.rs:554:17
    |
554 |                 ArgSpec { 
    |                 ^^^^^^^ missing `default_value`

error[E0063]: missing field `default_value` in initializer of `ArgSpec`
   --> src\completion\bash\registry.rs:577:24
    |
577 |             args: vec![ArgSpec {
    |                        ^^^^^^^ missing `default_value`

error[E0063]: missing field `description` in initializer of `ArgSpec`
   --> src\completion\bash\registry.rs:593:24
    |
593 | ...   args: vec![ArgSpec { name: "package".to_string(), arg_type: ArgType::String { default: None }, default_valu
e: None, required:...
    |                  ^^^^^^^ missing `description`

error[E0277]: the trait bound `SubcommandSpec: std::default::Default` is not satisfied
   --> src\completion\bash\registry.rs:597:11
    |
597 |         ..Default::default(),
    |           ^^^^^^^^^^^^^^^^^^ the trait `std::default::Default` is not implemented for `SubcommandSpec`
    |
help: consider annotating `SubcommandSpec` with `#[derive(Default)]`
    |
 42 + #[derive(Default)]
 43 | pub struct SubcommandSpec {
    |

error[E0277]: the trait bound `SubcommandSpec: std::default::Default` is not satisfied
   --> src\completion\bash\registry.rs:607:11
    |
607 |         ..Default::default(),
    |           ^^^^^^^^^^^^^^^^^^ the trait `std::default::Default` is not implemented for `SubcommandSpec`
    |
help: consider annotating `SubcommandSpec` with `#[derive(Default)]`
    |
 42 + #[derive(Default)]
 43 | pub struct SubcommandSpec {
    |

error[E0277]: the trait bound `SubcommandSpec: std::default::Default` is not satisfied
   --> src\completion\bash\registry.rs:628:15
    |
628 |             ..Default::default(),
    |               ^^^^^^^^^^^^^^^^^^ the trait `std::default::Default` is not implemented for `SubcommandSpec`
    |
help: consider annotating `SubcommandSpec` with `#[derive(Default)]`
    |
 42 + #[derive(Default)]
 43 | pub struct SubcommandSpec {
    |

error[E0063]: missing field `long_description` in initializer of `CommandSpec`
   --> src\completion\bash\registry.rs:632:49
    |
632 |         self.commands.insert("npm".to_string(), CommandSpec {
    |                                                 ^^^^^^^^^^^ missing `long_description`

error[E0063]: missing field `default_value` in initializer of `ArgSpec`
   --> src\completion\bash\registry.rs:651:17
    |
651 |                 ArgSpec { 
    |                 ^^^^^^^ missing `default_value`

error[E0277]: the trait bound `SubcommandSpec: std::default::Default` is not satisfied
   --> src\completion\bash\registry.rs:686:11
    |
686 |         ..Default::default(),
    |           ^^^^^^^^^^^^^^^^^^ the trait `std::default::Default` is not implemented for `SubcommandSpec`
    |
help: consider annotating `SubcommandSpec` with `#[derive(Default)]`
    |
 42 + #[derive(Default)]
 43 | pub struct SubcommandSpec {
    |

error[E0063]: missing fields `default_value` and `description` in initializer of `ArgSpec`
   --> src\completion\bash\registry.rs:692:24
    |
692 |             args: vec![ArgSpec {
    |                        ^^^^^^^ missing `default_value` and `description`

error[E0277]: the trait bound `SubcommandSpec: std::default::Default` is not satisfied
   --> src\completion\bash\registry.rs:701:11
    |
701 |         ..Default::default(),
    |           ^^^^^^^^^^^^^^^^^^ the trait `std::default::Default` is not implemented for `SubcommandSpec`
    |
help: consider annotating `SubcommandSpec` with `#[derive(Default)]`
    |
 42 + #[derive(Default)]
 43 | pub struct SubcommandSpec {
    |

error[E0277]: the trait bound `SubcommandSpec: std::default::Default` is not satisfied
   --> src\completion\bash\registry.rs:715:11
    |
715 |         ..Default::default(),
    |           ^^^^^^^^^^^^^^^^^^ the trait `std::default::Default` is not implemented for `SubcommandSpec`
    |
help: consider annotating `SubcommandSpec` with `#[derive(Default)]`
    |
 42 + #[derive(Default)]
 43 | pub struct SubcommandSpec {
    |

error[E0277]: the trait bound `SubcommandSpec: std::default::Default` is not satisfied
   --> src\completion\bash\registry.rs:736:15
    |
736 |             ..Default::default(),
    |               ^^^^^^^^^^^^^^^^^^ the trait `std::default::Default` is not implemented for `SubcommandSpec`
    |
help: consider annotating `SubcommandSpec` with `#[derive(Default)]`
    |
 42 + #[derive(Default)]
 43 | pub struct SubcommandSpec {
    |

error[E0063]: missing field `long_description` in initializer of `CommandSpec`
   --> src\completion\bash\registry.rs:740:53
    |
740 |         self.commands.insert("kubectl".to_string(), CommandSpec {
    |                                                     ^^^^^^^^^^^ missing `long_description`

error[E0063]: missing field `long_description` in initializer of `CommandSpec`
   --> src\completion\bash\registry.rs:798:51
    |
798 |             self.commands.insert(cmd.to_string(), CommandSpec {
    |                                                   ^^^^^^^^^^^ missing `long_description`

error[E0282]: type annotations needed
   --> src\completion\bash\registry.rs:927:49
    |
927 | ...                   obj.keys().cloned().collect()
    |                                           ^^^^^^^ cannot infer type of the type parameter `B` declared on the met
hod `collect`
    |
help: consider specifying the generic argument
    |
927 |                             obj.keys().cloned().collect::<Vec<_>>()
    |                                                        ++++++++++

error[E0282]: type annotations needed
   --> src\completion\bash\registry.rs:938:63
    |
938 |             self.dynamic_cache.insert(generator.to_string(), (data.clone(), std::time::Instant::now()));
    |                                                               ^^^^ cannot infer type

error[E0599]: no method named `get_command_suggestions` found for struct `CommandRegistry` in the current scope
   --> src\completion\bash\completer.rs:112:43
    |
112 |         if let Some(cmds) = self.registry.get_command_suggestions(&word) {
    |                                           ^^^^^^^^^^^^^^^^^^^^^^^
    |
   ::: src\completion\bash\registry.rs:175:1
    |
175 | pub struct CommandRegistry {
    | -------------------------- method `get_command_suggestions` not found for this struct
    |
help: there is a method `get_subcommand_suggestions` with a similar name, but with different arguments
   --> src\completion\bash\registry.rs:865:5
    |
865 | /     pub fn get_subcommand_suggestions(
866 | |         &self,
867 | |         command: &str,
868 | |         prefix: &str,
869 | |     ) -> Vec<CompletionSuggestion> {
    | |__________________________________^

error[E0308]: mismatched types
   --> src\completion\bash\completer.rs:119:20
    |
119 |             if let Some(subcmds) = self.registry.get_subcommand_suggestions(parts[0], &word) {
    |                    ^^^^^^^^^^^^^   --------------------------------------------------------- this expression has 
type `Vec<CompletionSuggestion>`
    |                    |
    |                    expected `Vec<CompletionSuggestion>`, found `Option<_>`
    |
    = note: expected struct `Vec<CompletionSuggestion>`
                 found enum `std::option::Option<_>`

error[E0063]: missing fields `description` and `metadata` in initializer of `CompletionSuggestion`
   --> src\completion\bash\completer.rs:127:34
    |
127 |                 suggestions.push(CompletionSuggestion {
    |                                  ^^^^^^^^^^^^^^^^^^^^ missing `description` and `metadata`

error[E0063]: missing fields `description` and `metadata` in initializer of `CompletionSuggestion`
   --> src\completion\bash\completer.rs:161:33
    |
161 |             .map(|(cmd, count)| CompletionSuggestion {
    |                                 ^^^^^^^^^^^^^^^^^^^^ missing `description` and `metadata`

error[E0599]: no method named `eq_ignore_ascii_error` found for reference `&str` in the current scope
   --> src\completion\bash\powershell.rs:680:21
    |
680 |             || name.eq_ignore_ascii_error("type")
    |                     ^^^^^^^^^^^^^^^^^^^^^
    |
help: there is a method `eq_ignore_ascii_case` with a similar name
    |
680 -             || name.eq_ignore_ascii_error("type")
680 +             || name.eq_ignore_ascii_case("type")
    |

error[E0308]: mismatched types
   --> src\completion\bash\fish.rs:772:39
    |
772 |                         commands.push(self.build_command_node(current_cmd_words));
    |                                  ---- ^^^^^^^^^^^^^^^^^^^^^^^^^^^^^^^^^^^^^^^^^^ expected `FishCommandNode`, foun
d `FishAstNode`
    |                                  |
    |                                  arguments to this method are incorrect
    |
note: method defined here
   --> C:\Users\lenovo\.rustup\toolchains\stable-x86_64-pc-windows-msvc\lib/rustlib/src/rust\library\alloc\src\vec\mod.
rs:993:12
    |
993 |     pub fn push(&mut self, value: T) {
    |            ^^^^

error[E0277]: the trait bound `std::time::Instant: std::default::Default` is not satisfied
   --> src\ai_enhanced\mod.rs:119:35
    |
119 | #[derive(Debug, Clone, Serialize, Deserialize)]
    |                                   ^^^^^^^^^^^ the trait `std::default::Default` is not implemented for `std::time
::Instant`
    |
    = note: this error originates in the derive macro `Deserialize` (in Nightly builds, run with -Z macro-backtrace for
 more info)

error[E0277]: the size for values of type `[u8]` cannot be known at compilation time
   --> src\team_sync.rs:708:15
    |
708 |         let (&nonce, ciphertext) = data.split_at(AES_NONCE_SIZE);
    |               ^^^^^ doesn't have a size known at compile-time
    |
    = help: the trait `Sized` is not implemented for `[u8]`
    = note: all local variables must have a statically known size

error[E0308]: mismatched types
   --> src\team_sync.rs:709:44
    |
709 |         xor_decrypt(ciphertext, &self.key, &nonce)
    |         -----------                        ^^^^^^ expected `&[u8; 12]`, found `&[u8]`
    |         |
    |         arguments to this function are incorrect
    |
    = note: expected reference `&[u8; 12]`
               found reference `&[u8]`
note: function defined here
   --> src\team_sync.rs:735:4
    |
735 | fn xor_decrypt(ciphertext: &[u8], key: &[u8; AES_KEY_SIZE], nonce: &[u8; AES_NONCE_SIZE]) -> Result<Vec<u8>, Sync
Error> {
    |    ^^^^^^^^^^^                                              ----------------------------

error[E0599]: no method named `map_err` found for struct `attohttpc::RequestBuilder<B>` in the current scope
   --> src\plugins\loader.rs:121:14
    |
120 |           let response = attohttpc::get(url)
    |  ________________________-
121 | |             .map_err(|e| format!("Failed to download: {}", e))?;
    | |             -^^^^^^^ method not found in `attohttpc::RequestBuilder`
    | |_____________|
    |

error[E0308]: mismatched types
   --> src\ssh\config.rs:299:45
    |
299 |         Self::_match_helper(&pattern_chars, &text_chars, 0, 0)
    |         -------------------                 ^^^^^^^^^^^ expected `&[usize]`, found `&Vec<char>`
    |         |
    |         arguments to this function are incorrect
    |
    = note: expected reference `&[usize]`
               found reference `&Vec<char>`
note: associated function defined here
   --> src\ssh\config.rs:302:8
    |
302 |     fn _match_helper(pattern: &[char], text: &[usize], p_idx: usize, t_idx: usize) -> bool {
    |        ^^^^^^^^^^^^^                   --------------

error[E0308]: mismatched types
   --> src\ssh\config.rs:325:57
    |
325 |                 if t_idx < text.len() && text[t_idx] == c {
    |                                                         ^ expected `usize`, found `char`

error[E0277]: can't compare `usize` with `char`
    --> src\ssh\config.rs:325:54
     |
 325 |                 if t_idx < text.len() && text[t_idx] == c {
     |                                                      ^^ no implementation for `usize == char`
     |
     = help: the trait `PartialEq<char>` is not implemented for `usize`
help: the following other types implement trait `PartialEq<Rhs>`
    --> C:\Users\lenovo\.rustup\toolchains\stable-x86_64-pc-windows-msvc\lib/rustlib/src/rust\library\core\src\cmp.rs:1
868:13
     |
1868 |               impl const PartialEq for $t {
     |               ^^^^^^^^^^^^^^^^^^^^^^^^^^^ `usize` implements `PartialEq`
...
1890 | /     partial_eq_impl! {
1891 | |         bool char usize u8 u16 u32 u64 u128 isize i8 i16 i32 i64 i128 f16 f32 f64 f128
1892 | |     }
     | |_____- in this macro invocation
     |
    ::: C:\Users\lenovo\.cargo\registry\src\index.crates.io-1949cf8c6b5b557f\serde_json-1.0.149\src\value\partial_eq.rs
:76:13
     |
  76 |               impl PartialEq<Value> for $ty {
     |               ^^^^^^^^^^^^^^^^^^^^^^^^^^^^^ `usize` implements `PartialEq<serde_json::Value>`
...
  97 | / partialeq_numeric! {
  98 | |     eq_i64[i8 i16 i32 i64 isize]
  99 | |     eq_u64[u8 u16 u32 u64 usize]
 100 | |     eq_f32[f32]
 101 | |     eq_f64[f64]
 102 | |     eq_bool[bool]
 103 | | }
     | |_- in this macro invocation
     |
    ::: C:\Users\lenovo\.cargo\registry\src\index.crates.io-1949cf8c6b5b557f\quantette-0.5.1\src\types\palette.rs:306:1
     |
 306 |   impl PartialEq<PaletteSize> for usize {
     |   ^^^^^^^^^^^^^^^^^^^^^^^^^^^^^^^^^^^^^ `usize` implements `PartialEq<quantette::types::palette::PaletteSize>`
     = note: this error originates in the macro `partial_eq_impl` which comes from the expansion of the macro `partiale
q_numeric` (in Nightly builds, run with -Z macro-backtrace for more info)

error[E0277]: the trait bound `PortForwarder: Clone` is not satisfied
    --> src\ssh\tunnel.rs:313:22
     |
 313 |                     .cloned()
     |                      ^^^^^^ unsatisfied trait bound
     |
help: the trait `Clone` is not implemented for `PortForwarder`
    --> src\ssh\tunnel.rs:15:1
     |
  15 | pub struct PortForwarder {
     | ^^^^^^^^^^^^^^^^^^^^^^^^
note: required by a bound in `std::option::Option::<&T>::cloned`
    --> C:\Users\lenovo\.rustup\toolchains\stable-x86_64-pc-windows-msvc\lib/rustlib/src/rust\library\core\src\option.r
s:2104:12
     |
2102 |     pub fn cloned(self) -> Option<T>
     |            ------ required by a bound in this associated function
2103 |     where
2104 |         T: Clone,
     |            ^^^^^ required by this bound in `Option::<&T>::cloned`

error[E0063]: missing field `error` in initializer of `SyncResult`
   --> src\ssh\transfer.rs:248:16
    |
248 |             Ok(SyncResult {
    |                ^^^^^^^^^^ missing `error`

error[E0063]: missing field `error` in initializer of `SyncResult`
   --> src\ssh\transfer.rs:298:16
    |
298 |             Ok(SyncResult {
    |                ^^^^^^^^^^ missing `error`

error[E0599]: no method named `join` found for struct `OsString` in the current scope
   --> src\ssh\transfer.rs:429:44
    |
429 |                     files.push((file, name.join(relative)));
    |                                            ^^^^ method not found in `OsString`

error[E0277]: can't compare `&char` with `char`
   --> src\ssh\transfer.rs:536:84
    |
536 |         let num_part: String = size_str.chars().take_while(|c| c.is_digit(10) || c == '.').collect();
    |                                                                                    ^^ no implementation for `&cha
r == char`
    |
    = help: the trait `PartialEq<char>` is not implemented for `&char`
help: consider dereferencing here
    |
536 |         let num_part: String = size_str.chars().take_while(|c| c.is_digit(10) || *c == '.').collect();
    |                                                                                  +

error[E0277]: can't compare `&char` with `char`
   --> src\ssh\transfer.rs:537:85
    |
537 |         let unit_part: String = size_str.chars().skip_while(|c| c.is_digit(10) || c == '.').collect();
    |                                                                                     ^^ no implementation for `&ch
ar == char`
    |
    = help: the trait `PartialEq<char>` is not implemented for `&char`
help: consider dereferencing here
    |
537 |         let unit_part: String = size_str.chars().skip_while(|c| c.is_digit(10) || *c == '.').collect();
    |                                                                                   +

error[E0599]: no method named `clone` found for struct `std::sync::MutexGuard<'_, PoolStats>` in the current scope
   --> src\ssh\pool.rs:285:37
    |
285 |         self.stats.lock().map(|s| s.clone()).unwrap_or_default()
    |                                     ^^^^^ method not found in `std::sync::MutexGuard<'_, PoolStats>`
    |
    = help: items from traits can only be used if the trait is implemented and in scope
    = note: the following trait defines an item `clone`, perhaps you need to implement it:
            candidate #1: `Clone`

error[E0277]: `(dyn Fn(u32) -> std::time::Duration + std::marker::Send + std::marker::Sync + 'static)` doesn't implemen
t `std::fmt::Debug`
  --> src\ssh\resilience.rs:25:12
   |
 7 | #[derive(Debug, Clone)]
   |          ----- in this derive macro expansion
...
25 |     Custom(Box<dyn Fn(u32) -> Duration + Send + Sync>),
   |            ^^^^^^^^^^^^^^^^^^^^^^^^^^^^^^^^^^^^^^^^^^ the trait `std::fmt::Debug` is not implemented for `(dyn Fn(
u32) -> std::time::Duration + std::marker::Send + std::marker::Sync + 'static)`

error[E0277]: the trait bound `dyn Fn(u32) -> std::time::Duration + std::marker::Send + std::marker::Sync: Clone` is no
t satisfied
  --> src\ssh\resilience.rs:25:12
   |
 7 | #[derive(Debug, Clone)]
   |                 ----- in this derive macro expansion
...
25 |     Custom(Box<dyn Fn(u32) -> Duration + Send + Sync>),
   |            ^^^^^^^^^^^^^^^^^^^^^^^^^^^^^^^^^^^^^^^^^^ the trait `Clone` is not implemented for `dyn Fn(u32) -> std
::time::Duration + std::marker::Send + std::marker::Sync`
   |
   = note: required for `Box<dyn Fn(u32) -> std::time::Duration + std::marker::Send + std::marker::Sync>` to implement 
`Clone`
help: use parentheses to call this trait object
   |
25 |     Custom(Box<dyn Fn(u32) -> Duration + Send + Sync>(/* u32 */)),
   |                                                      +++++++++++

error[E0533]: expected value, found struct variant `SftpError::InternalError`
  --> src\ssh\sftp.rs:74:26
   |
74 |             .map_err(|e| SftpError::InternalError(format!("Time error: {}", e)))?;
   |                          ^^^^^^^^^^^^^^^^^^^^^^^^ not a value
   |
help: you might have meant to create a new value of the struct
   |
74 -             .map_err(|e| SftpError::InternalError(format!("Time error: {}", e)))?;
74 +             .map_err(|e| SftpError::InternalError { message: /* value */ })?;
   |

error[E0533]: expected value, found struct variant `SftpError::InternalError`
   --> src\ssh\sftp.rs:107:26
    |
107 |             .map_err(|e| SftpError::InternalError(format!("Time error: {}", e)))?;
    |                          ^^^^^^^^^^^^^^^^^^^^^^^^ not a value
    |
help: you might have meant to create a new value of the struct
    |
107 -             .map_err(|e| SftpError::InternalError(format!("Time error: {}", e)))?;
107 +             .map_err(|e| SftpError::InternalError { message: /* value */ })?;
    |

error[E0308]: `if` and `else` have incompatible types
   --> src\ssh\sftp.rs:169:13
    |
166 |           let result = if let Some(limit) = bandwidth_limit {
    |  ______________________-
167 | |             self._rsync_upload_with_bandwidth(local_path, remote_path, limit)?
    | |             ------------------------------------------------------------------ expected because of this
168 | |         } else {
169 | |             self._rsync_upload(local_path, remote_path, None)?
    | |             ^^^^^^^^^^^^^^^^^^^^^^^^^^^^^^^^^^^^^^^^^^^^^^^^^^ expected `SftpTransferResult`, found `InternalTr
ansferResult`
170 | |         };
    | |_________- `if` and `else` have incompatible types

error[E0599]: no method named `trim` found for enum `std::result::Result<T, E>` in the current scope
    --> src\ssh\sftp.rs:201:58
     |
 201 |             if let Some(info) = self._parse_ls_line(line.trim()) {
     |                                                          ^^^^ method not found in `std::result::Result<std::stri
ng::String, std::io::Error>`
     |
note: the method `trim` exists on the type `std::string::String`
    --> C:\Users\lenovo\.rustup\toolchains\stable-x86_64-pc-windows-msvc\lib/rustlib/src/rust\library\core\src\str\mod.
rs:2155:5
     |
2155 |     pub fn trim(&self) -> &str {
     |     ^^^^^^^^^^^^^^^^^^^^^^^^^^
help: use the `?` operator to extract the `std::string::String` value, propagating a `Result::Err` value to the caller
     |
 201 |             if let Some(info) = self._parse_ls_line(line?.trim()) {
     |                                                         +

error[E0308]: mismatched types
   --> src\ssh\agent.rs:213:30
    |
213 |                     message: stderr,
    |                              ^^^^^^ expected `String`, found `Cow<'_, str>`
    |
    = note: expected struct `std::string::String`
                 found enum `Cow<'_, str>`
help: try using a conversion method
    |
213 |                     message: stderr.to_string(),
    |                                    ++++++++++++

error[E0308]: mismatched types
   --> src\ssh\agent.rs:257:13
    |
256 |         let output = self._execute_ssh_add_command_with_args(
    |                           ---------------------------------- arguments to this method are incorrect
257 |             key_path.display().to_string(), 
    |             ^^^^^^^^^^^^^^^^^^^^^^^^^^^^^^ expected `&str`, found `String`
    |
note: method defined here
   --> src\ssh\agent.rs:499:8
    |
499 |     fn _execute_ssh_add_command_with_args(
    |        ^^^^^^^^^^^^^^^^^^^^^^^^^^^^^^^^^^
500 |         &self,
501 |         main_arg: &str,
    |         --------------
help: consider borrowing here
    |
257 |             &key_path.display().to_string(), 
    |             +

error[E0308]: mismatched types
   --> src\ssh\agent.rs:291:26
    |
291 |                 message: String::from_utf8_lossy(&output.stderr),
    |                          ^^^^^^^^^^^^^^^^^^^^^^^^^^^^^^^^^^^^^^^ expected `String`, found `Cow<'_, str>`
    |
    = note: expected struct `std::string::String`
                 found enum `Cow<'_, str>`
help: try using a conversion method
    |
291 |                 message: String::from_utf8_lossy(&output.stderr).to_string(),
    |                                                                 ++++++++++++

error[E0308]: mismatched types
   --> src\ssh\agent.rs:310:26
    |
310 |                 message: String::from_utf8_lossy(&output.stderr),
    |                          ^^^^^^^^^^^^^^^^^^^^^^^^^^^^^^^^^^^^^^^ expected `String`, found `Cow<'_, str>`
    |
    = note: expected struct `std::string::String`
                 found enum `Cow<'_, str>`
help: try using a conversion method
    |
310 |                 message: String::from_utf8_lossy(&output.stderr).to_string(),
    |                                                                 ++++++++++++

error[E0308]: mismatched types
   --> src\ssh\agent.rs:335:26
    |
335 |                 message: String::from_utf8_lossy(&output.stderr),
    |                          ^^^^^^^^^^^^^^^^^^^^^^^^^^^^^^^^^^^^^^^ expected `String`, found `Cow<'_, str>`
    |
    = note: expected struct `std::string::String`
                 found enum `Cow<'_, str>`
help: try using a conversion method
    |
335 |                 message: String::from_utf8_lossy(&output.stderr).to_string(),
    |                                                                 ++++++++++++

error[E0308]: mismatched types
   --> src\ssh\agent.rs:381:26
    |
381 |                 message: String::from_utf8_lossy(&output.stderr),
    |                          ^^^^^^^^^^^^^^^^^^^^^^^^^^^^^^^^^^^^^^^ expected `String`, found `Cow<'_, str>`
    |
    = note: expected struct `std::string::String`
                 found enum `Cow<'_, str>`
help: try using a conversion method
    |
381 |                 message: String::from_utf8_lossy(&output.stderr).to_string(),
    |                                                                 ++++++++++++

error[E0599]: no method named `into_bytes` found for enum `Cow<'_, str>` in the current scope
   --> src\ssh\agent.rs:387:26
    |
387 |             Ok(signature.into_bytes())
    |                          ^^^^^^^^^^
    |
help: there is a method `bytes` with a similar name
    |
387 -             Ok(signature.into_bytes())
387 +             Ok(signature.bytes())
    |

error[E0308]: `match` arms have incompatible types
   --> src\ssh\agent.rs:556:18
    |
550 |           let actual_key_type = match bits {
    |  _______________________________-
551 | |             "256" | "25519" => "ed25519",
552 | |             "521" => "ecdsa-sha2-nistp521",
553 | |             "384" => "ecdsa-sha2-nistp384",
554 | |             "256" if key_type.contains("ECDSA") => "ecdsa-sha2-nistp256",
555 | |             _ if key_type.to_lowercase().contains("rsa") => "rsa",
    | |                                                             ----- this and all prior arms are found to be of ty
pe `&str`
556 | |             _ => key_type.to_lowercase(),
    | |                  ^^^^^^^^^^^^^^^^^^^^^^^ expected `&str`, found `String`
557 | |         };
    | |_________- `match` arms have incompatible types
    |
help: try removing the method call
    |
556 -             _ => key_type.to_lowercase(),
556 +             _ => key_type,
    |

error[E0599]: no function or associated item named `new` found for struct `std::time::Instant` in the current scope
   --> src\ssh\pty.rs:317:55
    |
317 |         self.last_activity = Some(std::time::Instant::new());
    |                                                       ^^^ function or associated item not found in `std::time::In
stant`
    |
note: if you're trying to build a new `std::time::Instant`, consider using `std::time::Instant::now` which returns `std
::time::Instant`
   --> C:\Users\lenovo\.rustup\toolchains\stable-x86_64-pc-windows-msvc\lib/rustlib/src/rust\library\std\src\time.rs:28
7:5
    |
287 |     pub fn now() -> Instant {
    |     ^^^^^^^^^^^^^^^^^^^^^^^
help: there is a method `ne` with a similar name, but with different arguments
   --> C:\Users\lenovo\.rustup\toolchains\stable-x86_64-pc-windows-msvc\lib/rustlib/src/rust\library\core\src\cmp.rs:26
4:5
    |
264 |     fn ne(&self, other: &Rhs) -> bool {
    |     ^^^^^^^^^^^^^^^^^^^^^^^^^^^^^^^^^

error[E0308]: mismatched types
   --> src\ssh\pty.rs:790:9
    |
779 |     pub fn close_all(&mut self) -> Vec<(String, Result<i32, PtyError>)> {
    |                                    ------------------------------------ expected `Vec<(std::string::String, std::
result::Result<i32, PtyError>)>` because of return type
...
790 |         results
    |         ^^^^^^^ expected a tuple with 2 elements, found one with 3 elements
    |
    = note: expected struct `Vec<(std::string::String, std::result::Result<i32, PtyError>)>`
               found struct `Vec<(std::string::String, std::result::Result<i32, {integer}>, PtyError)>`

error[E0599]: no method named `success` found for struct `InternalScpResult` in the current scope
   --> src\ssh\enhanced_scp.rs:233:64
    |
233 |         let checksum_after = if self.verify_checksum && result.success() {
    |                                                                ^^^^^^^-- help: remove the arguments
    |                                                                |
    |                                                                field, not a method
...
892 | struct InternalScpResult {
    | ------------------------ method `success` not found for this struct
    |
    = help: items from traits can only be used if the trait is implemented and in scope
    = note: the following trait defines an item `success`, perhaps you need to implement it:
            candidate #1: `crossbeam_epoch::atomic::CompareAndSetOrdering`

error[E0599]: no method named `to_string_lossy` found for enum `std::option::Option<T>` in the current scope
   --> src\ssh\enhanced_scp.rs:323:43
    |
323 |                    local_file.file_name().to_string_lossy().to_string());
    |                    ----------             ^^^^^^^^^^^^^^^ method not found in `std::option::Option<&std::ffi::OsS
tr>`
    |                    |
    |                    method `to_string_lossy` is available on `&std::path::Path`
    |
note: the method `to_string_lossy` exists on the type `&std::ffi::OsStr`
   --> C:\Users\lenovo\.rustup\toolchains\stable-x86_64-pc-windows-msvc\lib/rustlib/src/rust\library\std\src\ffi\os_str
.rs:966:5
    |
966 |     pub fn to_string_lossy(&self) -> Cow<'_, str> {
    |     ^^^^^^^^^^^^^^^^^^^^^^^^^^^^^^^^^^^^^^^^^^^^^
help: consider using `Option::expect` to unwrap the `&std::ffi::OsStr` value, panicking if the value is an `Option::Non
e`
    |
323 |                    local_file.file_name().expect("REASON").to_string_lossy().to_string());
    |                                          +++++++++++++++++

error[E0599]: no method named `success` found for struct `InternalScpResult` in the current scope
   --> src\ssh\enhanced_scp.rs:408:64
    |
408 |         let checksum_after = if self.verify_checksum && result.success() {
    |                                                                ^^^^^^^-- help: remove the arguments
    |                                                                |
    |                                                                field, not a method
...
892 | struct InternalScpResult {
    | ------------------------ method `success` not found for this struct
    |
    = help: items from traits can only be used if the trait is implemented and in scope
    = note: the following trait defines an item `success`, perhaps you need to implement it:
            candidate #1: `crossbeam_epoch::atomic::CompareAndSetOrdering`

error[E0599]: no method named `to_string_lossy` found for enum `std::option::Option<T>` in the current scope
   --> src\ssh\enhanced_scp.rs:481:44
    |
481 |                    remote_file.file_name().to_string_lossy().to_string());
    |                    -----------             ^^^^^^^^^^^^^^^ method not found in `std::option::Option<&std::ffi::Os
Str>`
    |                    |
    |                    method `to_string_lossy` is available on `&std::path::Path`
    |
note: the method `to_string_lossy` exists on the type `&std::ffi::OsStr`
   --> C:\Users\lenovo\.rustup\toolchains\stable-x86_64-pc-windows-msvc\lib/rustlib/src/rust\library\std\src\ffi\os_str
.rs:966:5
    |
966 |     pub fn to_string_lossy(&self) -> Cow<'_, str> {
    |     ^^^^^^^^^^^^^^^^^^^^^^^^^^^^^^^^^^^^^^^^^^^^^
help: consider using `Option::expect` to unwrap the `&std::ffi::OsStr` value, panicking if the value is an `Option::Non
e`
    |
481 |                    remote_file.file_name().expect("REASON").to_string_lossy().to_string());
    |                                           +++++++++++++++++

error[E0599]: no method named `join` found for struct `OsString` in the current scope
   --> src\ssh\enhanced_scp.rs:698:56
    |
698 | ...                   files.push((sub_path, name.join(sub_rel)));
    |                                                  ^^^^ method not found in `OsString`

error[E0599]: no method named `join` found for struct `OsString` in the current scope
   --> src\ssh\enhanced_scp.rs:716:56
    |
716 | ...                   files.push((sub_path, name.join(sub_rel)));
    |                                                  ^^^^ method not found in `OsString`

error[E0308]: mismatched types
   --> src\ssh\enhanced_scp.rs:779:26
    |
779 |                 message: String::from_utf8_lossy(&output.stderr),
    |                          ^^^^^^^^^^^^^^^^^^^^^^^^^^^^^^^^^^^^^^^ expected `String`, found `Cow<'_, str>`
    |
    = note: expected struct `std::string::String`
                 found enum `Cow<'_, str>`
help: try using a conversion method
    |
779 |                 message: String::from_utf8_lossy(&output.stderr).to_string(),
    |                                                                 ++++++++++++

error[E0308]: mismatched types
   --> src\ssh\enhanced_scp.rs:807:26
    |
807 |                 message: String::from_utf8_lossy(&output.stderr),
    |                          ^^^^^^^^^^^^^^^^^^^^^^^^^^^^^^^^^^^^^^^ expected `String`, found `Cow<'_, str>`
    |
    = note: expected struct `std::string::String`
                 found enum `Cow<'_, str>`
help: try using a conversion method
    |
807 |                 message: String::from_utf8_lossy(&output.stderr).to_string(),
    |                                                                 ++++++++++++

error[E0308]: mismatched types
   --> src\ssh\enhanced_scp.rs:883:26
    |
883 |                 message: String::from_utf8_lossy(&output.stderr),
    |                          ^^^^^^^^^^^^^^^^^^^^^^^^^^^^^^^^^^^^^^^ expected `String`, found `Cow<'_, str>`
    |
    = note: expected struct `std::string::String`
                 found enum `Cow<'_, str>`
help: try using a conversion method
    |
883 |                 message: String::from_utf8_lossy(&output.stderr).to_string(),
    |                                                                 ++++++++++++

error[E0599]: no method named `hash` found for type `u128` in the current scope
   --> src\ssh\mfa.rs:156:19
    |
156 |         timestamp.hash(&mut hasher);
    |                   ^^^^ method not found in `u128`
    |
   ::: C:\Users\lenovo\.rustup\toolchains\stable-x86_64-pc-windows-msvc\lib/rustlib/src/rust\library\core\src\hash\mod.
rs:199:8
    |
199 |     fn hash<H: Hasher>(&self, state: &mut H);
    |        ---- the method is available for `u128` here
    |
    = help: items from traits can only be used if the trait is in scope
help: trait `Hash` which provides `hash` is implemented but not in scope; perhaps you want to import it
    |
  1 + use std::hash::Hash;
    |

error[E0599]: no method named `finish` found for struct `DefaultHasher` in the current scope
   --> src\ssh\mfa.rs:157:27
    |
157 |         let hash = hasher.finish().to_be_bytes();
    |                           ^^^^^^ method not found in `DefaultHasher`
    |
   ::: C:\Users\lenovo\.rustup\toolchains\stable-x86_64-pc-windows-msvc\lib/rustlib/src/rust\library\core\src\hash\mod.
rs:335:8
    |
335 |     fn finish(&self) -> u64;
    |        ------ the method is available for `DefaultHasher` here
    |
    = help: items from traits can only be used if the trait is in scope
help: trait `Hasher` which provides `finish` is implemented but not in scope; perhaps you want to import it
    |
  1 + use std::hash::Hasher;
    |

error[E0308]: mismatched types
    --> src\ssh\mfa.rs:328:32
     |
 328 |         opad.extend_from_slice(Self::_simple_sha1(&ipad));
     |              ----------------- ^^^^^^^^^^^^^^^^^^^^^^^^^ expected `&[u8]`, found `Vec<u8>`
     |              |
     |              arguments to this method are incorrect
     |
     = note: expected reference `&[u8]`
                   found struct `Vec<u8>`
note: method defined here
    --> C:\Users\lenovo\.rustup\toolchains\stable-x86_64-pc-windows-msvc\lib/rustlib/src/rust\library\alloc\src\vec\mod
.rs:3435:12
     |
3435 |     pub fn extend_from_slice(&mut self, other: &[T]) {
     |            ^^^^^^^^^^^^^^^^^
help: consider borrowing here
     |
 328 |         opad.extend_from_slice(&Self::_simple_sha1(&ipad));
     |                                +

error[E0599]: no method named `hash` found for reference `&[u8]` in the current scope
   --> src\ssh\mfa.rs:347:14
    |
347 |         data.hash(&mut hasher);
    |              ^^^^ method not found in `&[u8]`
    |
    = help: items from traits can only be used if the trait is in scope
help: trait `Hash` which provides `hash` is implemented but not in scope; perhaps you want to import it
    |
  1 + use std::hash::Hash;
    |

error[E0599]: no method named `finish` found for struct `DefaultHasher` in the current scope
   --> src\ssh\mfa.rs:348:27
    |
348 |         let hash = hasher.finish();
    |                           ^^^^^^ method not found in `DefaultHasher`
    |
   ::: C:\Users\lenovo\.rustup\toolchains\stable-x86_64-pc-windows-msvc\lib/rustlib/src/rust\library\core\src\hash\mod.
rs:335:8
    |
335 |     fn finish(&self) -> u64;
    |        ------ the method is available for `DefaultHasher` here
    |
    = help: items from traits can only be used if the trait is in scope
help: trait `Hasher` which provides `finish` is implemented but not in scope; perhaps you want to import it
    |
  1 + use std::hash::Hasher;
    |

error[E0282]: type annotations needed
   --> src\ssh\mfa.rs:582:13
    |
582 |         let challenges = self.methods.iter()
    |             ^^^^^^^^^^
...
588 |         if challenges.is_empty() {
    |            ---------- type must be known at this point
    |
help: consider giving `challenges` an explicit type
    |
582 |         let challenges: Vec<_> = self.methods.iter()
    |                       ++++++++

error[E0061]: this function takes 4 arguments but 3 arguments were supplied
   --> src\ssh\mfa.rs:750:19
    |
750 |         let uri = TotpAuthenticator::get_qr_code_uri(&secret, user_id, &self.config.issuer);
    |                   ^^^^^^^^^^^^^^^^^^^^^^^^^^^^^^^^^^--------------------------------------- argument #4 of type `
&TotpConfig` is missing
    |
note: associated function defined here
   --> src\ssh\mfa.rs:202:12
    |
202 |     pub fn get_qr_code_uri(
    |            ^^^^^^^^^^^^^^^
...
206 |         config: &TotpConfig,
    |         -------------------
help: provide the argument
    |
750 |         let uri = TotpAuthenticator::get_qr_code_uri(&secret, user_id, &self.config.issuer, /* &TotpConfig */);
    |                                                                                           +++++++++++++++++++

error[E0599]: no method named `encode` found for struct `GeneralPurpose` in the current scope
   --> src\ssh\mfa.rs:825:77
    |
825 |                 "challenge_data": base64::engine::general_purpose::STANDARD.encode(&challenge.challenge_data),
    |                                                                             ^^^^^^
    |
   ::: C:\Users\lenovo\.cargo\registry\src\index.crates.io-1949cf8c6b5b557f\base64-0.22.1\src\engine\mod.rs:115:8
    |
115 |     fn encode<T: AsRef<[u8]>>(&self, input: T) -> String {
    |        ------ the method is available for `GeneralPurpose` here
    |
    = help: items from traits can only be used if the trait is in scope
help: there is a method `encode_slice` with a similar name, but with different arguments
   --> C:\Users\lenovo\.cargo\registry\src\index.crates.io-1949cf8c6b5b557f\base64-0.22.1\src\engine\mod.rs:194:5
    |
194 | /     fn encode_slice<T: AsRef<[u8]>>(
195 | |         &self,
196 | |         input: T,
197 | |         output_buf: &mut [u8],
198 | |     ) -> Result<usize, EncodeSliceError> {
    | |________________________________________^
help: trait `Engine` which provides `encode` is implemented but not in scope; perhaps you want to import it
    |
  1 + use base64::Engine;
    |

error[E0308]: mismatched types
   --> src\undo_redo.rs:168:57
    |
168 |             match self.undo()? { op => undone.push(op), Err(e) => return Err(e), }
    |                   ------------                          ^^^^^^ expected `Operation`, found `Result<_, _>`
    |                   |
    |                   this expression has type `Operation`
    |
    = note: expected struct `Operation`
                 found enum `std::result::Result<_, _>`

error[E0308]: mismatched types
   --> src\undo_redo.rs:192:57
    |
192 |             match self.redo()? { op => redone.push(op), Err(e) => return Err(e), }
    |                   ------------                          ^^^^^^ expected `Operation`, found `Result<_, _>`
    |                   |
    |                   this expression has type `Operation`
    |
    = note: expected struct `Operation`
                 found enum `std::result::Result<_, _>`

error[E0599]: no method named `concat_nodes` found for struct `rope::Rope` in the current scope
  --> src\utils\rope.rs:58:18
   |
10 | pub struct Rope {
   | --------------- method `concat_nodes` not found for this struct
...
58 |             left.concat_nodes(&right.root)
   |                  ^^^^^^^^^^^^ this is an associated function, not a method
   |
   = note: found the following associated functions; to be used as methods, functions must have a `self` parameter
note: the candidate is defined in an impl for the type `rope::Rope`
  --> src\utils\rope.rs:62:5
   |
62 |     fn concat_nodes(left_root: &RopeNode, right_root: &RopeNode) -> Self {
   |     ^^^^^^^^^^^^^^^^^^^^^^^^^^^^^^^^^^^^^^^^^^^^^^^^^^^^^^^^^^^^^^^^^^^^
help: use associated function syntax instead
   |
58 -             left.concat_nodes(&right.root)
58 +             rope::Rope::concat_nodes(&right.root)
   |

error[E0063]: missing field `leaf_data` in initializer of `rope::Chars<'_>`
   --> src\utils\rope.rs:159:9
    |
159 |         Chars { rope: self, node_stack: Vec::new(), leaf_pos: 0, initialized: false }
    |         ^^^^^ missing `leaf_data`

error[E0599]: the method `entry` exists for struct `std::collections::HashMap<marketplace::types::Category, Vec<std::st
ring::String>>`, but its trait bounds were not satisfied
  --> src\marketplace\registry.rs:28:14
   |
27 | /         self.categories
28 | |             .entry(category)
   | |             -^^^^^ method cannot be called due to unsatisfied trait bounds
   | |_____________|
   |
   |
  ::: src\marketplace\types.rs:24:1
   |
24 |   pub enum Category {
   |   ----------------- doesn't satisfy `marketplace::types::Category: std::cmp::Eq` or `marketplace::types::Category:
 std::hash::Hash`
   |
   = note: the following trait bounds were not satisfied:
           `marketplace::types::Category: std::cmp::Eq`
           `marketplace::types::Category: std::hash::Hash`
help: consider annotating `marketplace::types::Category` with `#[derive(Eq, Hash, PartialEq)]`
  --> src\marketplace\types.rs:24:1
   |
24 + #[derive(Eq, Hash, PartialEq)]
25 | pub enum Category {
   |

error[E0277]: a value of type `Vec<marketplace::types::Category>` cannot be built from an iterator over elements of typ
e `&marketplace::types::Category`
    --> src\marketplace\registry.rs:81:54
     |
  81 |             categories: category.clone().into_iter().collect(),
     |                                                      ^^^^^^^ value of type `Vec<marketplace::types::Category>` c
annot be built from `std::iter::Iterator<Item=&marketplace::types::Category>`
     |
help: the trait `FromIterator<&marketplace::types::Category>` is not implemented for `Vec<marketplace::types::Category>
`
      but trait `FromIterator<marketplace::types::Category>` is implemented for it
    --> C:\Users\lenovo\.rustup\toolchains\stable-x86_64-pc-windows-msvc\lib/rustlib/src/rust\library\alloc\src\vec\mod
.rs:3798:1
     |
3798 | impl<T> FromIterator<T> for Vec<T> {
     | ^^^^^^^^^^^^^^^^^^^^^^^^^^^^^^^^^^
     = help: for that trait implementation, expected `marketplace::types::Category`, found `&marketplace::types::Catego
ry`
note: required by a bound in `std::iter::Iterator::collect`
    --> C:\Users\lenovo\.rustup\toolchains\stable-x86_64-pc-windows-msvc\lib/rustlib/src/rust\library\core\src\iter\tra
its\iterator.rs:2022:19
     |
2022 |     fn collect<B: FromIterator<Self::Item>>(self) -> B
     |                   ^^^^^^^^^^^^^^^^^^^^^^^^ required by this bound in `Iterator::collect`

error[E0599]: the method `get` exists for struct `std::collections::HashMap<marketplace::types::Category, Vec<std::stri
ng::String>>`, but its trait bounds were not satisfied
  --> src\marketplace\registry.rs:86:31
   |
86 |         match self.categories.get(category) {
   |                               ^^^ method cannot be called due to unsatisfied trait bounds
   |
  ::: src\marketplace\types.rs:24:1
   |
24 | pub enum Category {
   | ----------------- doesn't satisfy `marketplace::types::Category: std::cmp::Eq` or `marketplace::types::Category: s
td::hash::Hash`
   |
   = note: the following trait bounds were not satisfied:
           `marketplace::types::Category: std::cmp::Eq`
           `marketplace::types::Category: std::hash::Hash`
help: consider annotating `marketplace::types::Category` with `#[derive(Eq, Hash, PartialEq)]`
  --> src\marketplace\types.rs:24:1
   |
24 + #[derive(Eq, Hash, PartialEq)]
25 | pub enum Category {
   |

error[E0282]: type annotations needed
  --> src\marketplace\registry.rs:87:26
   |
87 |             Some(ids) => ids
   |                          ^^^ cannot infer type

error[E0277]: the trait bound `plugin_market::RiskLevel: std::cmp::Ord` is not satisfied
    --> src\plugin_market\mod.rs:240:57
     |
 240 |         self.permissions.iter().map(|p| p.risk_level()).max().unwrap_or(RiskLevel::Low)
     |                                                         ^^^ the trait `std::cmp::Ord` is not implemented for `pl
ugin_market::RiskLevel`
     |
note: the method call chain might not have had the expected associated types
    --> src\plugin_market\mod.rs:240:33
     |
 240 |         self.permissions.iter().map(|p| p.risk_level()).max().unwrap_or(RiskLevel::Low)
     |         ---------------- ------ ^^^^^^^^^^^^^^^^^^^^^^^ `Iterator::Item` changed to `RiskLevel` here
     |         |                |
     |         |                `Iterator::Item` is `&PluginPermission` here
     |         this expression has type `Vec<PluginPermission>`
note: required by a bound in `std::iter::Iterator::max`
    --> C:\Users\lenovo\.rustup\toolchains\stable-x86_64-pc-windows-msvc\lib/rustlib/src/rust\library\core\src\iter\tra
its\iterator.rs:3184:21
     |
3181 |     fn max(self) -> Option<Self::Item>
     |        --- required by a bound in this associated function
...
3184 |         Self::Item: Ord,
     |                     ^^^ required by this bound in `Iterator::max`
help: consider annotating `plugin_market::RiskLevel` with `#[derive(Ord)]`
     |
 163 + #[derive(Ord)]
 164 | pub enum RiskLevel {
     |

error[E0308]: mismatched types
   --> src\plugin_market\mod.rs:449:20
    |
449 |         while let ((id, depth)) = stack.pop() {
    |                    ^^^^^^^^^^^    ----------- this expression has type `std::option::Option<(std::string::String,
 {integer})>`
    |                    |
    |                    expected `Option<(String, {integer})>`, found `(_, _)`
    |
    = note: expected enum `std::option::Option<(std::string::String, {integer})>`
              found tuple `(_, _)`
help: try wrapping the pattern in `Some`
    |
449 |         while let (Some((id, depth))) = stack.pop() {
    |                    +++++           +

error[E0308]: mismatched types
    --> src\plugin_market\mod.rs:455:78
     |
 455 |             let manifest = manifests.get(stack.last().map(|s| s.0).unwrap_or(root_id))
     |                                                                    --------- ^^^^^^^ expected `String`, found `&
str`
     |                                                                    |
     |                                                                    arguments to this method are incorrect
     |
help: the return type of this call is `&str` due to the type of the argument passed
    --> src\plugin_market\mod.rs:455:42
     |
 455 |             let manifest = manifests.get(stack.last().map(|s| s.0).unwrap_or(root_id))
     |                                          ^^^^^^^^^^^^^^^^^^^^^^^^^^^^^^^^^^^^-------^
     |                                                                              |
     |                                                                              this argument influences the return
 type of `unwrap_or`
note: method defined here
    --> C:\Users\lenovo\.rustup\toolchains\stable-x86_64-pc-windows-msvc\lib/rustlib/src/rust\library\core\src\option.r
s:1038:18
     |
1038 |     pub const fn unwrap_or(self, default: T) -> T
     |                  ^^^^^^^^^
help: try using a conversion method
     |
 455 |             let manifest = manifests.get(stack.last().map(|s| s.0).unwrap_or(root_id.to_string()))
     |                                                                                     ++++++++++++

error[E0308]: mismatched types
   --> src\plugin_market\mod.rs:455:42
    |
455 |             let manifest = manifests.get(stack.last().map(|s| s.0).unwrap_or(root_id))
    |                                      --- ^^^^^^^^^^^^^^^^^^^^^^^^^^^^^^^^^^^^^^^^^^^^ expected `&_`, found `Strin
g`
    |                                      |
    |                                      arguments to this method are incorrect
    |
    = note: expected reference `&_`
                  found struct `std::string::String`
note: method defined here
   --> C:\Users\lenovo\.rustup\toolchains\stable-x86_64-pc-windows-msvc\lib/rustlib/src/rust\library\std\src\collection
s\hash\map.rs:997:12
    |
997 |     pub fn get<Q: ?Sized>(&self, k: &Q) -> Option<&V>
    |            ^^^
help: consider borrowing here
    |
455 |             let manifest = manifests.get(&stack.last().map(|s| s.0).unwrap_or(root_id))
    |                                          +

error[E0308]: mismatched types
   --> src\ab_testing\mod.rs:259:42
    |
259 |         self.results_store.effect_size = result.effect_size;
    |         ------------------------------   ^^^^^^^^^^^^^^^^^^ expected `Option<f64>`, found `f64`
    |         |
    |         expected due to the type of this binding
    |
    = note: expected enum `std::option::Option<f64>`
               found type `f64`
help: try wrapping the expression in `Some`
    |
259 |         self.results_store.effect_size = Some(result.effect_size);
    |                                          +++++                  +

error[E0063]: missing fields `confidence` and `winner` in initializer of `StatisticalResult`
   --> src\ab_testing\mod.rs:341:9
    |
341 |         StatisticalResult {
    |         ^^^^^^^^^^^^^^^^^ missing `confidence` and `winner`

error[E0063]: missing fields `confidence` and `winner` in initializer of `StatisticalResult`
   --> src\ab_testing\mod.rs:451:9
    |
451 |         StatisticalResult {
    |         ^^^^^^^^^^^^^^^^^ missing `confidence` and `winner`

error[E0308]: mismatched types
   --> src\ab_testing\mod.rs:499:17
    |
466 |     pub fn analyze_results(&self, experiment_id: &str) -> Result<StatisticalResult, String> {
    |                                                           --------------------------------- expected `std::result
::Result<StatisticalResult, std::string::String>` because of return type
...
499 |                 self.chi_squared_test(&obs, &expected, exp.significance_level)
    |                 ^^^^^^^^^^^^^^^^^^^^^^^^^^^^^^^^^^^^^^^^^^^^^^^^^^^^^^^^^^^^^^ expected `Result<StatisticalResult
, String>`, found `StatisticalResult`
    |
    = note: expected enum `std::result::Result<StatisticalResult, std::string::String>`
             found struct `StatisticalResult`
help: try wrapping the expression in `Ok`
    |
499 |                 Ok(self.chi_squared_test(&obs, &expected, exp.significance_level))
    |                 +++                                                              +

error[E0308]: mismatched types
   --> src\ab_testing\mod.rs:504:17
    |
466 |     pub fn analyze_results(&self, experiment_id: &str) -> Result<StatisticalResult, String> {
    |                                                           --------------------------------- expected `std::result
::Result<StatisticalResult, std::string::String>` because of return type
...
504 |                 self.t_test_independent(&control_vals, &treatment_vals, exp.significance_level)
    |                 ^^^^^^^^^^^^^^^^^^^^^^^^^^^^^^^^^^^^^^^^^^^^^^^^^^^^^^^^^^^^^^^^^^^^^^^^^^^^^^^ expected `Result<
StatisticalResult, String>`, found `StatisticalResult`
    |
    = note: expected enum `std::result::Result<StatisticalResult, std::string::String>`
             found struct `StatisticalResult`
help: try wrapping the expression in `Ok`
    |
504 |                 Ok(self.t_test_independent(&control_vals, &treatment_vals, exp.significance_level))
    |                 +++                                                                               +

error[E0277]: the trait bound `std::time::Instant: serde::Serialize` is not satisfied
    --> src\context\extended_manager.rs:147:24
     |
 147 | #[derive(Debug, Clone, Serialize, Deserialize)]
     |                        ^^^^^^^^^ the trait `Serialize` is not implemented for `std::time::Instant`
...
 170 |     /// 创建时间戳
     |     -------------- required by a bound introduced by this call
     |
     = note: for local types consider adding `#[derive(serde::Serialize)]` to your `std::time::Instant` type
     = note: for types from other crates check whether the crate offers a `serde` feature flag
     = help: the following other types implement trait `Serialize`:
               &'a T
               &'a mut T
               ()
               (T,)
               (T0, T1)
               (T0, T1, T2)
               (T0, T1, T2, T3)
               (T0, T1, T2, T3, T4)
             and 1853 others
note: required by a bound in `agent::_::_serde::ser::SerializeStruct::serialize_field`
    --> C:\Users\lenovo\.cargo\registry\src\index.crates.io-1949cf8c6b5b557f\serde_core-1.0.228\src\ser\mod.rs:1917:21
     |
1915 |     fn serialize_field<T>(&mut self, key: &'static str, value: &T) -> Result<(), Self::Error>
     |        --------------- required by a bound in this associated function
1916 |     where
1917 |         T: ?Sized + Serialize;
     |                     ^^^^^^^^^ required by this bound in `SerializeStruct::serialize_field`
     = note: this error originates in the derive macro `Serialize` (in Nightly builds, run with -Z macro-backtrace for 
more info)

error[E0277]: the trait bound `std::time::Instant: serde::Deserialize<'de>` is not satisfied
    --> src\context\extended_manager.rs:171:21
     |
 171 |     pub created_at: std::time::Instant,
     |                     ^^^^^^^^^^^^^^^^^^ the trait `Deserialize<'_>` is not implemented for `std::time::Instant`
     |
     = note: for local types consider adding `#[derive(serde::Deserialize)]` to your `std::time::Instant` type
     = note: for types from other crates check whether the crate offers a `serde` feature flag
     = help: the following other types implement trait `Deserialize<'de>`:
               `&'a [u8]` implements `Deserialize<'de>`
               `&'a serde_json::value::RawValue` implements `Deserialize<'de>`
               `&'a std::path::Path` implements `Deserialize<'de>`
               `&'a str` implements `Deserialize<'de>`
               `()` implements `Deserialize<'de>`
               `(T,)` implements `Deserialize<'de>`
               `(T0, T1)` implements `Deserialize<'de>`
               `(T0, T1, T2)` implements `Deserialize<'de>`
             and 1835 others
note: required by a bound in `next_element`
    --> C:\Users\lenovo\.cargo\registry\src\index.crates.io-1949cf8c6b5b557f\serde_core-1.0.228\src\de\mod.rs:1771:12
     |
1769 |     fn next_element<T>(&mut self) -> Result<Option<T>, Self::Error>
     |        ------------ required by a bound in this associated function
1770 |     where
1771 |         T: Deserialize<'de>,
     |            ^^^^^^^^^^^^^^^^ required by this bound in `SeqAccess::next_element`
     = note: the full name for the type has been written to 'D:\studying\Codecargo\CarpAI\target\debug\deps\jcode-75e56
0495b988c6f.long-type-13100225931536221612.txt'
     = note: consider using `--verbose` to print the full type name to the console

error[E0277]: the trait bound `std::time::Instant: serde::Deserialize<'de>` is not satisfied
    --> src\context\extended_manager.rs:174:27
     |
 174 |     pub last_accessed_at: std::time::Instant,
     |                           ^^^^^^^^^^^^^^^^^^ the trait `Deserialize<'_>` is not implemented for `std::time::Inst
ant`
     |
     = note: for local types consider adding `#[derive(serde::Deserialize)]` to your `std::time::Instant` type
     = note: for types from other crates check whether the crate offers a `serde` feature flag
     = help: the following other types implement trait `Deserialize<'de>`:
               `&'a [u8]` implements `Deserialize<'de>`
               `&'a serde_json::value::RawValue` implements `Deserialize<'de>`
               `&'a std::path::Path` implements `Deserialize<'de>`
               `&'a str` implements `Deserialize<'de>`
               `()` implements `Deserialize<'de>`
               `(T,)` implements `Deserialize<'de>`
               `(T0, T1)` implements `Deserialize<'de>`
               `(T0, T1, T2)` implements `Deserialize<'de>`
             and 1835 others
note: required by a bound in `next_element`
    --> C:\Users\lenovo\.cargo\registry\src\index.crates.io-1949cf8c6b5b557f\serde_core-1.0.228\src\de\mod.rs:1771:12
     |
1769 |     fn next_element<T>(&mut self) -> Result<Option<T>, Self::Error>
     |        ------------ required by a bound in this associated function
1770 |     where
1771 |         T: Deserialize<'de>,
     |            ^^^^^^^^^^^^^^^^ required by this bound in `SeqAccess::next_element`
     = note: the full name for the type has been written to 'D:\studying\Codecargo\CarpAI\target\debug\deps\jcode-75e56
0495b988c6f.long-type-13100225931536221612.txt'
     = note: consider using `--verbose` to print the full type name to the console

error[E0277]: the trait bound `std::time::Instant: serde::Deserialize<'de>` is not satisfied
    --> src\context\extended_manager.rs:171:21
     |
 171 |     pub created_at: std::time::Instant,
     |                     ^^^^^^^^^^^^^^^^^^ the trait `Deserialize<'_>` is not implemented for `std::time::Instant`
     |
     = note: for local types consider adding `#[derive(serde::Deserialize)]` to your `std::time::Instant` type
     = note: for types from other crates check whether the crate offers a `serde` feature flag
     = help: the following other types implement trait `Deserialize<'de>`:
               `&'a [u8]` implements `Deserialize<'de>`
               `&'a serde_json::value::RawValue` implements `Deserialize<'de>`
               `&'a std::path::Path` implements `Deserialize<'de>`
               `&'a str` implements `Deserialize<'de>`
               `()` implements `Deserialize<'de>`
               `(T,)` implements `Deserialize<'de>`
               `(T0, T1)` implements `Deserialize<'de>`
               `(T0, T1, T2)` implements `Deserialize<'de>`
             and 1835 others
note: required by a bound in `next_value`
    --> C:\Users\lenovo\.cargo\registry\src\index.crates.io-1949cf8c6b5b557f\serde_core-1.0.228\src\de\mod.rs:1916:12
     |
1914 |     fn next_value<V>(&mut self) -> Result<V, Self::Error>
     |        ---------- required by a bound in this associated function
1915 |     where
1916 |         V: Deserialize<'de>,
     |            ^^^^^^^^^^^^^^^^ required by this bound in `MapAccess::next_value`
     = note: the full name for the type has been written to 'D:\studying\Codecargo\CarpAI\target\debug\deps\jcode-75e56
0495b988c6f.long-type-13100225931536221612.txt'
     = note: consider using `--verbose` to print the full type name to the console

error[E0277]: the trait bound `std::time::Instant: serde::Deserialize<'de>` is not satisfied
    --> src\context\extended_manager.rs:174:27
     |
 174 |     pub last_accessed_at: std::time::Instant,
     |                           ^^^^^^^^^^^^^^^^^^ the trait `Deserialize<'_>` is not implemented for `std::time::Inst
ant`
     |
     = note: for local types consider adding `#[derive(serde::Deserialize)]` to your `std::time::Instant` type
     = note: for types from other crates check whether the crate offers a `serde` feature flag
     = help: the following other types implement trait `Deserialize<'de>`:
               `&'a [u8]` implements `Deserialize<'de>`
               `&'a serde_json::value::RawValue` implements `Deserialize<'de>`
               `&'a std::path::Path` implements `Deserialize<'de>`
               `&'a str` implements `Deserialize<'de>`
               `()` implements `Deserialize<'de>`
               `(T,)` implements `Deserialize<'de>`
               `(T0, T1)` implements `Deserialize<'de>`
               `(T0, T1, T2)` implements `Deserialize<'de>`
             and 1835 others
note: required by a bound in `next_value`
    --> C:\Users\lenovo\.cargo\registry\src\index.crates.io-1949cf8c6b5b557f\serde_core-1.0.228\src\de\mod.rs:1916:12
     |
1914 |     fn next_value<V>(&mut self) -> Result<V, Self::Error>
     |        ---------- required by a bound in this associated function
1915 |     where
1916 |         V: Deserialize<'de>,
     |            ^^^^^^^^^^^^^^^^ required by this bound in `MapAccess::next_value`
     = note: the full name for the type has been written to 'D:\studying\Codecargo\CarpAI\target\debug\deps\jcode-75e56
0495b988c6f.long-type-13100225931536221612.txt'
     = note: consider using `--verbose` to print the full type name to the console

error[E0277]: the trait bound `std::time::Instant: serde::Deserialize<'de>` is not satisfied
   --> src\context\extended_manager.rs:147:35
    |
147 | #[derive(Debug, Clone, Serialize, Deserialize)]
    |                                   ^^^^^^^^^^^ the trait `Deserialize<'_>` is not implemented for `std::time::Inst
ant`
    |
    = note: for local types consider adding `#[derive(serde::Deserialize)]` to your `std::time::Instant` type
    = note: for types from other crates check whether the crate offers a `serde` feature flag
    = help: the following other types implement trait `Deserialize<'de>`:
              `&'a [u8]` implements `Deserialize<'de>`
              `&'a serde_json::value::RawValue` implements `Deserialize<'de>`
              `&'a std::path::Path` implements `Deserialize<'de>`
              `&'a str` implements `Deserialize<'de>`
              `()` implements `Deserialize<'de>`
              `(T,)` implements `Deserialize<'de>`
              `(T0, T1)` implements `Deserialize<'de>`
              `(T0, T1, T2)` implements `Deserialize<'de>`
            and 1835 others
note: required by a bound in `agent::_::_serde::__private228::de::missing_field`
   --> C:\Users\lenovo\.cargo\registry\src\index.crates.io-1949cf8c6b5b557f\serde-1.0.228\src\private\de.rs:26:8
    |
 24 | pub fn missing_field<'de, V, E>(field: &'static str) -> Result<V, E>
    |        ------------- required by a bound in this function
 25 | where
 26 |     V: Deserialize<'de>,
    |        ^^^^^^^^^^^^^^^^ required by this bound in `missing_field`
    = note: the full name for the type has been written to 'D:\studying\Codecargo\CarpAI\target\debug\deps\jcode-75e560
495b988c6f.long-type-13100225931536221612.txt'
    = note: consider using `--verbose` to print the full type name to the console
    = note: this error originates in the derive macro `Deserialize` (in Nightly builds, run with -Z macro-backtrace for
 more info)

error[E0308]: mismatched types
    --> src\context\extended_manager.rs:679:37
     |
 679 |             lines.first().unwrap_or(""),
     |                           --------- ^^ expected `&&str`, found `&str`
     |                           |
     |                           arguments to this method are incorrect
     |
     = note: expected reference `&&_`
                found reference `&'static _`
help: the return type of this call is `&'static str` due to the type of the argument passed
    --> src\context\extended_manager.rs:679:13
     |
 679 |             lines.first().unwrap_or(""),
     |             ^^^^^^^^^^^^^^^^^^^^^^^^--^
     |                                     |
     |                                     this argument influences the return type of `unwrap_or`
note: method defined here
    --> C:\Users\lenovo\.rustup\toolchains\stable-x86_64-pc-windows-msvc\lib/rustlib/src/rust\library\core\src\option.r
s:1038:18
     |
1038 |     pub const fn unwrap_or(self, default: T) -> T
     |                  ^^^^^^^^^
help: use `Option::map_or` to deref inner value of `Option`
     |
 679 -             lines.first().unwrap_or(""),
 679 +             lines.first().map_or("", |v| v),
     |

error[E0308]: mismatched types
    --> src\context\extended_manager.rs:680:36
     |
 680 |             lines.last().unwrap_or(""),
     |                          --------- ^^ expected `&&str`, found `&str`
     |                          |
     |                          arguments to this method are incorrect
     |
     = note: expected reference `&&_`
                found reference `&'static _`
help: the return type of this call is `&'static str` due to the type of the argument passed
    --> src\context\extended_manager.rs:680:13
     |
 680 |             lines.last().unwrap_or(""),
     |             ^^^^^^^^^^^^^^^^^^^^^^^--^
     |                                    |
     |                                    this argument influences the return type of `unwrap_or`
note: method defined here
    --> C:\Users\lenovo\.rustup\toolchains\stable-x86_64-pc-windows-msvc\lib/rustlib/src/rust\library\core\src\option.r
s:1038:18
     |
1038 |     pub const fn unwrap_or(self, default: T) -> T
     |                  ^^^^^^^^^
help: use `Option::map_or` to deref inner value of `Option`
     |
 680 -             lines.last().unwrap_or(""),
 680 +             lines.last().map_or("", |v| v),
     |

error[E0308]: mismatched types
    --> src\reasoning\cot_engine.rs:1388:26
     |
1388 |             description: "自我反思与纠错",
     |                          ^^^^^^^^^^^^^^^^ expected `String`, found `&str`
     |
help: try using a conversion method
     |
1388 |             description: "自我反思与纠错".to_string(),
     |                                          ++++++++++++

error[E0277]: the trait bound `std::time::Instant: serde::Serialize` is not satisfied
    --> src\reasoning\reasoning_stream.rs:110:24
     |
 110 | #[derive(Debug, Clone, Serialize, Deserialize)]
     |                        ^^^^^^^^^ the trait `Serialize` is not implemented for `std::time::Instant`
...
 118 |     /// 时间戳
     |     ---------- required by a bound introduced by this call
     |
     = note: for local types consider adding `#[derive(serde::Serialize)]` to your `std::time::Instant` type
     = note: for types from other crates check whether the crate offers a `serde` feature flag
     = help: the following other types implement trait `Serialize`:
               &'a T
               &'a mut T
               ()
               (T,)
               (T0, T1)
               (T0, T1, T2)
               (T0, T1, T2, T3)
               (T0, T1, T2, T3, T4)
             and 1853 others
note: required by a bound in `agent::_::_serde::ser::SerializeStruct::serialize_field`
    --> C:\Users\lenovo\.cargo\registry\src\index.crates.io-1949cf8c6b5b557f\serde_core-1.0.228\src\ser\mod.rs:1917:21
     |
1915 |     fn serialize_field<T>(&mut self, key: &'static str, value: &T) -> Result<(), Self::Error>
     |        --------------- required by a bound in this associated function
1916 |     where
1917 |         T: ?Sized + Serialize;
     |                     ^^^^^^^^^ required by this bound in `SerializeStruct::serialize_field`
     = note: this error originates in the derive macro `Serialize` (in Nightly builds, run with -Z macro-backtrace for 
more info)

error[E0277]: the trait bound `std::time::Instant: serde::Deserialize<'de>` is not satisfied
    --> src\reasoning\reasoning_stream.rs:119:20
     |
 119 |     pub timestamp: std::time::Instant,
     |                    ^^^^^^^^^^^^^^^^^^ the trait `Deserialize<'_>` is not implemented for `std::time::Instant`
     |
     = note: for local types consider adding `#[derive(serde::Deserialize)]` to your `std::time::Instant` type
     = note: for types from other crates check whether the crate offers a `serde` feature flag
     = help: the following other types implement trait `Deserialize<'de>`:
               `&'a [u8]` implements `Deserialize<'de>`
               `&'a serde_json::value::RawValue` implements `Deserialize<'de>`
               `&'a std::path::Path` implements `Deserialize<'de>`
               `&'a str` implements `Deserialize<'de>`
               `()` implements `Deserialize<'de>`
               `(T,)` implements `Deserialize<'de>`
               `(T0, T1)` implements `Deserialize<'de>`
               `(T0, T1, T2)` implements `Deserialize<'de>`
             and 1831 others
note: required by a bound in `next_element`
    --> C:\Users\lenovo\.cargo\registry\src\index.crates.io-1949cf8c6b5b557f\serde_core-1.0.228\src\de\mod.rs:1771:12
     |
1769 |     fn next_element<T>(&mut self) -> Result<Option<T>, Self::Error>
     |        ------------ required by a bound in this associated function
1770 |     where
1771 |         T: Deserialize<'de>,
     |            ^^^^^^^^^^^^^^^^ required by this bound in `SeqAccess::next_element`

error[E0277]: the trait bound `std::time::Instant: serde::Deserialize<'de>` is not satisfied
    --> src\reasoning\reasoning_stream.rs:119:20
     |
 119 |     pub timestamp: std::time::Instant,
     |                    ^^^^^^^^^^^^^^^^^^ the trait `Deserialize<'_>` is not implemented for `std::time::Instant`
     |
     = note: for local types consider adding `#[derive(serde::Deserialize)]` to your `std::time::Instant` type
     = note: for types from other crates check whether the crate offers a `serde` feature flag
     = help: the following other types implement trait `Deserialize<'de>`:
               `&'a [u8]` implements `Deserialize<'de>`
               `&'a serde_json::value::RawValue` implements `Deserialize<'de>`
               `&'a std::path::Path` implements `Deserialize<'de>`
               `&'a str` implements `Deserialize<'de>`
               `()` implements `Deserialize<'de>`
               `(T,)` implements `Deserialize<'de>`
               `(T0, T1)` implements `Deserialize<'de>`
               `(T0, T1, T2)` implements `Deserialize<'de>`
             and 1831 others
note: required by a bound in `next_value`
    --> C:\Users\lenovo\.cargo\registry\src\index.crates.io-1949cf8c6b5b557f\serde_core-1.0.228\src\de\mod.rs:1916:12
     |
1914 |     fn next_value<V>(&mut self) -> Result<V, Self::Error>
     |        ---------- required by a bound in this associated function
1915 |     where
1916 |         V: Deserialize<'de>,
     |            ^^^^^^^^^^^^^^^^ required by this bound in `MapAccess::next_value`

error[E0277]: the trait bound `std::time::Instant: serde::Deserialize<'de>` is not satisfied
   --> src\reasoning\reasoning_stream.rs:110:35
    |
110 | #[derive(Debug, Clone, Serialize, Deserialize)]
    |                                   ^^^^^^^^^^^ the trait `Deserialize<'_>` is not implemented for `std::time::Inst
ant`
    |
    = note: for local types consider adding `#[derive(serde::Deserialize)]` to your `std::time::Instant` type
    = note: for types from other crates check whether the crate offers a `serde` feature flag
    = help: the following other types implement trait `Deserialize<'de>`:
              `&'a [u8]` implements `Deserialize<'de>`
              `&'a serde_json::value::RawValue` implements `Deserialize<'de>`
              `&'a std::path::Path` implements `Deserialize<'de>`
              `&'a str` implements `Deserialize<'de>`
              `()` implements `Deserialize<'de>`
              `(T,)` implements `Deserialize<'de>`
              `(T0, T1)` implements `Deserialize<'de>`
              `(T0, T1, T2)` implements `Deserialize<'de>`
            and 1831 others
note: required by a bound in `agent::_::_serde::__private228::de::missing_field`
   --> C:\Users\lenovo\.cargo\registry\src\index.crates.io-1949cf8c6b5b557f\serde-1.0.228\src\private\de.rs:26:8
    |
 24 | pub fn missing_field<'de, V, E>(field: &'static str) -> Result<V, E>
    |        ------------- required by a bound in this function
 25 | where
 26 |     V: Deserialize<'de>,
    |        ^^^^^^^^^^^^^^^^ required by this bound in `missing_field`
    = note: this error originates in the derive macro `Deserialize` (in Nightly builds, run with -Z macro-backtrace for
 more info)

error[E0308]: mismatched types
   --> src\nlp\engine.rs:389:46
    |
389 |                     intent.action_verbs.push(verb.clone());
    |                                         ---- ^^^^^^^^^^^^ expected `String`, found `&str`
    |                                         |
    |                                         arguments to this method are incorrect
    |
note: method defined here
   --> C:\Users\lenovo\.rustup\toolchains\stable-x86_64-pc-windows-msvc\lib/rustlib/src/rust\library\alloc\src\vec\mod.
rs:993:12
    |
993 |     pub fn push(&mut self, value: T) {
    |            ^^^^
help: try using a conversion method
    |
389 -                     intent.action_verbs.push(verb.clone());
389 +                     intent.action_verbs.push(verb.to_string());
    |

error[E0308]: mismatched types
   --> src\nlp\engine.rs:826:34
    |
826 |                     description: "制定详细的迁移计划和步骤",
    |                                  ^^^^^^^^^^^^^^^^^^^^^^^^^^ expected `String`, found `&str`
    |
help: try using a conversion method
    |
826 |                     description: "制定详细的迁移计划和步骤".to_string(),
    |                                                            ++++++++++++

error[E0308]: mismatched types
   --> src\nlp\engine.rs:854:34
    |
854 |                     description: "建立当前性能基准",
    |                                  ^^^^^^^^^^^^^^^^^^ expected `String`, found `&str`
    |
help: try using a conversion method
    |
854 |                     description: "建立当前性能基准".to_string(),
    |                                                    ++++++++++++

error[E0308]: mismatched types
   --> src\nlp\engine.rs:867:34
    |
867 |                     description: "识别性能瓶颈并实施优化",
    |                                  ^^^^^^^^^^^^^^^^^^^^^^^^ expected `String`, found `&str`
    |
help: try using a conversion method
    |
867 |                     description: "识别性能瓶颈并实施优化".to_string(),
    |                                                          ++++++++++++

error[E0308]: mismatched types
  --> src\nlp\helpers.rs:45:23
   |
45 |                 name: extract_func_name(&sig),
   |                       ^^^^^^^^^^^^^^^^^^^^^^^ expected `String`, found `&str`
   |
help: try using a conversion method
   |
45 |                 name: extract_func_name(&sig).to_string(),
   |                                              ++++++++++++

error[E0560]: struct `nlp::engine::ComplexityMetrics` has no field named `loc_per_func`
   --> src\nlp\helpers.rs:166:9
    |
166 |         loc_per_func,
    |         ^^^^^^^^^^^^ `nlp::engine::ComplexityMetrics` does not have this field
    |
    = note: all struct fields are already assigned

error[E0599]: no method named `rsplit_whitespace` found for reference `&str` in the current scope
   --> src\nlp\helpers.rs:177:10
    |
171 | /     signature
172 | |         .replace("pub ", "")
173 | |         .replace("async ", "")
174 | |         .split('(')
175 | |         .next()
176 | |         .unwrap_or("unknown")
177 | |         .rsplit_whitespace()
    | |_________-^^^^^^^^^^^^^^^^^
    |
help: there is a method `split_whitespace` with a similar name
    |
177 -         .rsplit_whitespace()
177 +         .split_whitespace()
    |

error[E0599]: no function or associated item named `default` found for struct `CostBreakdown` in the current scope
    --> src\prototype\mod.rs:1468:35
     |
 585 | pub struct CostBreakdown {
     | ------------------------ function or associated item `default` not found for this struct
...
1468 |         breakdown: CostBreakdown::default(),
     |                                   ^^^^^^^ function or associated item not found in `CostBreakdown`
     |
     = help: items from traits can only be used if the trait is implemented and in scope
     = note: the following traits define an item `default`, perhaps you need to implement one of them:
             candidate #1: `std::default::Default`
             candidate #2: `tinyvec::array::Array`

error[E0599]: the method `entry` exists for struct `std::collections::HashMap<PracticeCategory, Vec<std::string::String
>>`, but its trait bounds were not satisfied
   --> src\knowledge\rust_best_practices.rs:691:14
    |
 92 |   pub enum PracticeCategory {
    |   ------------------------- doesn't satisfy `PracticeCategory: std::cmp::Eq` or `PracticeCategory: std::hash::Has
h`
...
690 | /         self.category_index
691 | |             .entry(category)
    | |             -^^^^^ method cannot be called due to unsatisfied trait bounds
    | |_____________|
    |
    |
    = note: the following trait bounds were not satisfied:
            `PracticeCategory: std::cmp::Eq`
            `PracticeCategory: std::hash::Hash`
help: consider annotating `PracticeCategory` with `#[derive(Eq, Hash, PartialEq)]`
    |
 92 + #[derive(Eq, Hash, PartialEq)]
 93 | pub enum PracticeCategory {
    |

error[E0599]: the method `get` exists for struct `std::collections::HashMap<PracticeCategory, Vec<std::string::String>>
`, but its trait bounds were not satisfied
   --> src\knowledge\rust_best_practices.rs:704:14
    |
 92 |   pub enum PracticeCategory {
    |   ------------------------- doesn't satisfy `PracticeCategory: std::cmp::Eq` or `PracticeCategory: std::hash::Has
h`
...
703 | /         self.category_index
704 | |             .get(&category)
    | |             -^^^ method cannot be called due to unsatisfied trait bounds
    | |_____________|
    |
    |
    = note: the following trait bounds were not satisfied:
            `PracticeCategory: std::cmp::Eq`
            `PracticeCategory: std::hash::Hash`
help: consider annotating `PracticeCategory` with `#[derive(Eq, Hash, PartialEq)]`
    |
 92 + #[derive(Eq, Hash, PartialEq)]
 93 | pub enum PracticeCategory {
    |

error[E0282]: type annotations needed
   --> src\knowledge\rust_best_practices.rs:705:19
    |
705 |             .map(|ids| {
    |                   ^^^
706 |                 ids.iter()
    |                 --- type must be known at this point
    |
help: consider giving this closure parameter an explicit type
    |
705 |             .map(|ids: /* Type */| {
    |                      ++++++++++++

error[E0308]: mismatched types
   --> src\knowledge\rust_best_practices.rs:736:13
    |
728 |                     suggestions.push(rule);
    |                     -----------      ---- this argument has type `&RustBestPractice`...
    |                     |
    |                     ... which causes `suggestions` to have type `Vec<&RustBestPractice>`
...
736 |             suggestions,
    |             ^^^^^^^^^^^ expected `Vec<RustBestPractice>`, found `Vec<&RustBestPractice>`
    |
    = note: expected struct `Vec<RustBestPractice>`
               found struct `Vec<&RustBestPractice>`
help: consider using clone here
    |
728 |                     suggestions.push(rule.clone());
    |                                          ++++++++

error[E0063]: missing field `is_violation` in initializer of `RuleViolation`
   --> src\knowledge\rust_best_practices.rs:763:18
    |
763 |             Some(RuleViolation {
    |                  ^^^^^^^^^^^^^ missing `is_violation`

warning: unused import: `RangeBounds`
 --> src\utils\rope.rs:2:30
  |
2 | use std::ops::{Bound, Range, RangeBounds};
  |                              ^^^^^^^^^^^

warning: unused import: `Write`
 --> src\ssh\enhanced_scp.rs:5:21
  |
5 | use std::io::{Read, Write};
  |                     ^^^^^

warning: unused import: `BufRead`
 --> src\ssh\agent.rs:3:15
  |
3 | use std::io::{BufRead, BufReader};
  |               ^^^^^^^

warning: unused import: `Write`
 --> src\ssh\sftp.rs:4:35
  |
4 | use std::io::{BufRead, BufReader, Write};
  |                                   ^^^^^

warning: unused import: `Write`
 --> src\ssh\session.rs:3:35
  |
3 | use std::io::{BufRead, BufReader, Write};
  |                                   ^^^^^

warning: unused import: `AsyncReadExt`
  --> src\ws\handlers\terminal.rs:13:17
   |
13 | use tokio::io::{AsyncReadExt, AsyncWriteExt};
   |                 ^^^^^^^^^^^^

error[E0004]: non-exhaustive patterns: `&SupportedLanguage::C` and `&SupportedLanguage::Cpp` not covered
  --> src\ast\tree_sitter.rs:54:15
   |
54 |         match self {
   |               ^^^^ patterns `&SupportedLanguage::C` and `&SupportedLanguage::Cpp` not covered
   |
note: `SupportedLanguage` defined here
  --> src\ast\tree_sitter.rs:40:10
   |
40 | pub enum SupportedLanguage {
   |          ^^^^^^^^^^^^^^^^^
...
46 |     C,
   |     - not covered
47 |     Cpp,
   |     --- not covered
   = note: the matched value is of type `&SupportedLanguage`
help: ensure that all possible cases are being handled by adding a match arm with a wildcard pattern, a match arm with 
multiple or-patterns as shown, or multiple match arms
   |
61 ~             Self::Markdown => write!(f, "markdown"),
62 ~             &SupportedLanguage::C | &SupportedLanguage::Cpp => todo!(),
   |

warning: unused variable: `selected_text`
    --> src\cli\commands.rs:3762:17
     |
3762 |             let selected_text = selected.join("\n");
     |                 ^^^^^^^^^^^^^ help: if this is intentional, prefix it with an underscore: `_selected_text`
     |
     = note: `#[warn(unused_variables)]` (part of `#[warn(unused)]`) on by default

warning: unused variable: `stdin`
    --> src\cli\commands.rs:4585:29
     |
4585 |                 if let Some(ref mut stdin) = session.stdin {
     |                             ^^^^^^^^^^^^^ help: if this is intentional, prefix it with an underscore: `_stdin`

warning: unused variable: `stdin`
    --> src\cli\commands.rs:4606:29
     |
4606 |                 if let Some(ref mut stdin) = session.stdin {
     |                             ^^^^^^^^^^^^^ help: if this is intentional, prefix it with an underscore: `_stdin`

warning: unused variable: `stdin`
    --> src\cli\commands.rs:4624:29
     |
4624 |                 if let Some(ref mut stdin) = session.stdin {
     |                             ^^^^^^^^^^^^^ help: if this is intentional, prefix it with an underscore: `_stdin`

warning: unused variable: `stdin`
    --> src\cli\commands.rs:4642:29
     |
4642 |                 if let Some(ref mut stdin) = session.stdin {
     |                             ^^^^^^^^^^^^^ help: if this is intentional, prefix it with an underscore: `_stdin`

warning: unused variable: `stdin`
    --> src\cli\commands.rs:4660:29
     |
4660 |                 if let Some(ref mut stdin) = session.stdin {
     |                             ^^^^^^^^^^^^^ help: if this is intentional, prefix it with an underscore: `_stdin`

warning: unused variable: `stdin`
    --> src\cli\commands.rs:4692:29
     |
4692 |                 if let Some(ref mut stdin) = session.stdin {
     |                             ^^^^^^^^^^^^^ help: if this is intentional, prefix it with an underscore: `_stdin`

warning: unused variable: `stdin`
    --> src\cli\commands.rs:4744:29
     |
4744 |                 if let Some(ref mut stdin) = session.stdin {
     |                             ^^^^^^^^^^^^^ help: if this is intentional, prefix it with an underscore: `_stdin`

warning: unused variable: `stdin`
    --> src\cli\commands.rs:4781:29
     |
4781 |                 if let Some(ref mut stdin) = session.stdin {
     |                             ^^^^^^^^^^^^^ help: if this is intentional, prefix it with an underscore: `_stdin`

warning: unused variable: `stdin`
    --> src\cli\commands.rs:4797:29
     |
4797 |                 if let Some(ref mut stdin) = session.stdin {
     |                             ^^^^^^^^^^^^^ help: if this is intentional, prefix it with an underscore: `_stdin`

warning: unused variable: `stdin`
    --> src\cli\commands.rs:4818:29
     |
4818 |                 if let Some(ref mut stdin) = session.stdin {
     |                             ^^^^^^^^^^^^^ help: if this is intentional, prefix it with an underscore: `_stdin`

warning: unused variable: `stdin`
    --> src\cli\commands.rs:4842:29
     |
4842 |                 if let Some(ref mut stdin) = session.stdin {
     |                             ^^^^^^^^^^^^^ help: if this is intentional, prefix it with an underscore: `_stdin`

warning: unused variable: `stdin`
    --> src\cli\commands.rs:4908:29
     |
4908 |                 if let Some(ref mut stdin) = session.stdin {
     |                             ^^^^^^^^^^^^^ help: if this is intentional, prefix it with an underscore: `_stdin`

warning: unused variable: `stdin`
    --> src\cli\commands.rs:4946:29
     |
4946 |                 if let Some(ref mut stdin) = session.stdin {
     |                             ^^^^^^^^^^^^^ help: if this is intentional, prefix it with an underscore: `_stdin`

warning: unused variable: `seq`
    --> src\cli\commands.rs:4947:25
     |
4947 |                     let mut seq = session.request_seq;
     |                         ^^^^^^^ help: if this is intentional, prefix it with an underscore: `_seq`

warning: unused variable: `cwd`
    --> src\cli\commands.rs:5091:17
     |
5091 |             let cwd = std::env::current_dir()?;
     |                 ^^^ help: if this is intentional, prefix it with an underscore: `_cwd`

warning: unused variable: `context`
    --> src\cli\commands.rs:5139:57
     |
5139 |         FileCommand::Grep { pattern, glob, max_results, context, json } => {
     |                                                         ^^^^^^^ help: try ignoring the field: `context: _`

warning: unused variable: `cwd`
    --> src\cli\commands.rs:5140:17
     |
5140 |             let cwd = std::env::current_dir()?;
     |                 ^^^ help: if this is intentional, prefix it with an underscore: `_cwd`

warning: unused variable: `cwd`
    --> src\cli\commands.rs:5172:17
     |
5172 |             let cwd = std::env::current_dir()?;
     |                 ^^^ help: if this is intentional, prefix it with an underscore: `_cwd`

warning: unused variable: `cwd`
    --> src\cli\commands.rs:5196:17
     |
5196 |             let cwd = std::env::current_dir()?;
     |                 ^^^ help: if this is intentional, prefix it with an underscore: `_cwd`

warning: value assigned to `all_passed` is never read
   --> src\cli\slash_commands.rs:441:26
    |
441 |     let mut all_passed = true;
    |                          ^^^^
    |
    = help: maybe it is overwritten before being read?
    = note: `#[warn(unused_assignments)]` (part of `#[warn(unused)]`) on by default

warning: unused variable: `cwd`
   --> src\mcp\server.rs:319:19
    |
319 |         if let Ok(cwd) = std::env::current_dir() {
    |                   ^^^ help: if this is intentional, prefix it with an underscore: `_cwd`

error[E0507]: cannot move out of `lo.current_proficiency` which is behind a shared reference
    --> src\memory\session_intelligence.rs:1262:44
     |
1262 | ...                   current_value: lo.current_proficiency as u8 as f64,
     |                                      ^^^^^^^^^^^^^^^^^^^^^^ move occurs because `lo.current_proficiency` has typ
e `ProficiencyLevel`, which does not implement the `Copy` trait
     |
help: consider cloning the value if the performance cost is acceptable
     |
1262 |                             current_value: lo.current_proficiency.clone() as u8 as f64,
     |                                                                  ++++++++

error[E0507]: cannot move out of `lo.target_proficiency` which is behind a shared reference
    --> src\memory\session_intelligence.rs:1263:45
     |
1263 | ...                   expected_value: lo.target_proficiency as u8 as f64,
     |                                       ^^^^^^^^^^^^^^^^^^^^^ move occurs because `lo.target_proficiency` has type
 `ProficiencyLevel`, which does not implement the `Copy` trait
     |
help: consider cloning the value if the performance cost is acceptable
     |
1263 |                             expected_value: lo.target_proficiency.clone() as u8 as f64,
     |                                                                  ++++++++

warning: unused variable: `i`
    --> src\memory\session_intelligence.rs:1618:24
     |
1618 |                 .map(|(i, a)| ProficiencyAtTime {
     |                        ^ help: if this is intentional, prefix it with an underscore: `_i`

warning: unused variable: `message`
   --> src\server\lsp_event_bridge.rs:171:13
    |
171 |         let message = if event.error_count > 0 {
    |             ^^^^^^^ help: if this is intentional, prefix it with an underscore: `_message`

warning: unused variable: `participant_id`
   --> src\server\collab.rs:626:42
    |
626 | ..._reconnect(&self, participant_id: &ParticipantId, missed_ops: &[ServerPushMessage]) -> Result<SyncState, Strin
g> {
    |                      ^^^^^^^^^^^^^^ help: if this is intentional, prefix it with an underscore: `_participant_id`

error[E0502]: cannot borrow `self.current_branch.modified_events` as mutable because it is also borrowed as immutable
   --> src\session\replay.rs:436:17
    |
416 |         let source = self.find_branch(branch_id).ok_or(MergeError::BranchNotFound)?;
    |                      ---- immutable borrow occurs here
...
436 |                 self.current_branch.modified_events.push(mod_event.clone());
    |                 ^^^^^^^^^^^^^^^^^^^^^^^^^^^^^^^^^^^^^^^^^^^^^^^^^^^^^^^^^^^ mutable borrow occurs here
...
443 |                 merged_event_count: source.modified_events.len(),
    |                                     ---------------------- immutable borrow later used here

error[E0515]: cannot return value referencing local variable `effective_events`
   --> src\session\replay.rs:544:9
    |
544 |         effective_events.get(index)
    |         ----------------^^^^^^^^^^^
    |         |
    |         returns a value referencing data owned by the current function
    |         `effective_events` is borrowed here

warning: variable does not need to be mutable
   --> src\tool\debug_evaluate.rs:215:21
    |
215 |                 let mut guard = session_lock.lock().unwrap_or_else(|e| e.into_inner());
    |                     ----^^^^^
    |                     |
    |                     help: remove this `mut`

warning: variable does not need to be mutable
   --> src\tool\debug_evaluate.rs:232:21
    |
232 |                 let mut guard = session_lock.lock().unwrap_or_else(|e| e.into_inner());
    |                     ----^^^^^
    |                     |
    |                     help: remove this `mut`

error[E0382]: use of partially moved value: `child`
    --> src\tool\debug_evaluate.rs:159:21
     |
 157 |                 let stdin = child.stdin.unwrap();
     |                             ----------- -------- `child.stdin` partially moved due to this method call
     |                             |
     |                             help: consider calling `.as_ref()` or `.as_mut()` to borrow the type's contents
 158 |                 let session = RuntimeDebugSession {
 159 |                     child,
     |                     ^^^^^ value used here after partial move
     |
note: `std::option::Option::<T>::unwrap` takes ownership of the receiver `self`, which moves `child.stdin`
    --> C:\Users\lenovo\.rustup\toolchains\stable-x86_64-pc-windows-msvc\lib/rustlib/src/rust\library\core\src\option.r
s:1013:25
     |
1013 |     pub const fn unwrap(self) -> T {
     |                         ^^^^
     = note: partial move occurs because `child.stdin` has type `std::option::Option<tokio::process::ChildStdin>`, whic
h does not implement the `Copy` trait
help: you could `clone` the value and consume it, if the `tokio::process::ChildStdin: Clone` trait bound could be satis
fied
     |
 157 |                 let stdin = child.stdin.clone().unwrap();
     |                                        ++++++++

error: future cannot be sent between threads safely
   --> src\tool\debug_evaluate.rs:123:5
    |
123 |     async fn execute(&self, input: Value, _ctx: ToolContext) -> Result<ToolOutput> {
    |     ^^^^^ future created by async block is not `Send`
    |
    = help: within `{async block@src\tool\debug_evaluate.rs:123:5: 123:10}`, the trait `std::marker::Send` is not imple
mented for `std::sync::MutexGuard<'_, std::option::Option<RuntimeDebugSession>>`
note: future is not `Send` as this value is used across an await
   --> src\tool\debug_evaluate.rs:199:74
    |
196 |                 let mut guard = session_lock.lock().unwrap_or_else(|e| e.into_inner());
    |                     --------- has type `std::sync::MutexGuard<'_, std::option::Option<RuntimeDebugSession>>` whic
h is not `Send`
...
199 |                         json!({ "threadId": session.active_thread_id })).await;
    |                                                                          ^^^^^ await occurs here, with `mut guard
` maybe used later
    = note: required for the cast from `std::pin::Pin<Box<{async block@src\tool\debug_evaluate.rs:123:5: 123:10}>>` to 
`Pin<Box<dyn Future<Output = Result<ToolOutput, Error>> + Send>>`
    = note: the full name for the type has been written to 'D:\studying\Codecargo\CarpAI\target\debug\deps\jcode-75e560
495b988c6f.long-type-14997058038630374971.txt'
    = note: consider using `--verbose` to print the full type name to the console

warning: unused variable: `k`
   --> src\tui\ui_blocks.rs:280:24
    |
280 |                 .map(|(k, v)| {
    |                        ^ help: if this is intentional, prefix it with an underscore: `_k`

error[E0502]: cannot borrow `mgr` as immutable because it is also borrowed as mutable
  --> src\undo_manager.rs:50:23
   |
44 |             let stack = mgr.ensure_session(session_id, 20);
   |                         --- mutable borrow occurs here
...
50 |             let dir = mgr.undo_dir.join(session_id);
   |                       ^^^ immutable borrow occurs here
51 |             let _ = std::fs::create_dir_all(&dir);
52 |             let idx = stack.undo_stack.len();
   |                       ---------------- mutable borrow later used here

warning: unused variable: `elapsed`
   --> src\video_export\enhanced.rs:444:13
    |
444 |         let elapsed = start.elapsed();
    |             ^^^^^^^ help: if this is intentional, prefix it with an underscore: `_elapsed`

warning: unused variable: `elapsed`
   --> src\video_export\enhanced.rs:464:13
    |
464 |         let elapsed = start.elapsed();
    |             ^^^^^^^ help: if this is intentional, prefix it with an underscore: `_elapsed`

warning: unreachable pattern
   --> src\video_export\mod.rs:832:9
    |
831 |         '+' => (false, true, false, true, false),
    |         --- matches all the relevant values
832 |         '+' => (true, false, false, true, false),
    |         ^^^ no value can reach this
    |
    = note: `#[warn(unreachable_patterns)]` (part of `#[warn(unused)]`) on by default

warning: unreachable pattern
   --> src\video_export\mod.rs:833:9
    |
831 |         '+' => (false, true, false, true, false),
    |         --- matches all the relevant values
832 |         '+' => (true, false, false, true, false),
833 |         '+' => (false, true, true, false, false),
    |         ^^^ no value can reach this

warning: unreachable pattern
   --> src\video_export\mod.rs:834:9
    |
831 |         '+' => (false, true, false, true, false),
    |         --- matches all the relevant values
...
834 |         '+' => (true, false, true, false, false),
    |         ^^^ no value can reach this

warning: unreachable pattern
   --> src\video_export\mod.rs:835:9
    |
831 |         '+' => (false, true, false, true, false),
    |         --- matches all the relevant values
...
835 |         '+' => (false, true, true, true, false),
    |         ^^^ no value can reach this

warning: unreachable pattern
   --> src\video_export\mod.rs:836:9
    |
831 |         '+' => (false, true, false, true, false),
    |         --- matches all the relevant values
...
836 |         '+' => (true, false, true, true, false),
    |         ^^^ no value can reach this

warning: unreachable pattern
   --> src\video_export\mod.rs:837:9
    |
831 |         '+' => (false, true, false, true, false),
    |         --- matches all the relevant values
...
837 |         '+' => (true, true, false, true, false),
    |         ^^^ no value can reach this

warning: unreachable pattern
   --> src\video_export\mod.rs:838:9
    |
831 |         '+' => (false, true, false, true, false),
    |         --- matches all the relevant values
...
838 |         '+' => (true, true, true, false, false),
    |         ^^^ no value can reach this

warning: unreachable pattern
   --> src\video_export\mod.rs:839:9
    |
831 |         '+' => (false, true, false, true, false),
    |         --- matches all the relevant values
...
839 |         '+' => (true, true, true, true, false),
    |         ^^^ no value can reach this

warning: variable `symbol_count` is assigned to, but never used
   --> src\grpc\utils.rs:347:9
    |
347 |     let mut symbol_count = 0;
    |         ^^^^^^^^^^^^^^^^
    |
    = note: consider using `_symbol_count` instead

warning: value assigned to `symbol_count` is never read
   --> src\grpc\utils.rs:369:29
    |
369 | ...                   symbol_count += file_symbol_count;
    |                       ^^^^^^^^^^^^^^^^^^^^^^^^^^^^^^^^^
    |
    = help: maybe it is overwritten before being read?

warning: unused variable: `risk_level`
   --> src\auto_mode\aho_corasick.rs:681:9
    |
681 |         risk_level: RiskLevel,
    |         ^^^^^^^^^^ help: if this is intentional, prefix it with an underscore: `_risk_level`

warning: unused variable: `category`
   --> src\auto_mode\aho_corasick.rs:682:9
    |
682 |         category: SecurityCategory,
    |         ^^^^^^^^ help: if this is intentional, prefix it with an underscore: `_category`

error: cannot explicitly dereference within an implicitly-borrowing pattern
   --> src\auto_mode\enhanced_confidence.rs:445:29
    |
445 |             .filter(|(name, &importance)| {
    |                             ^ reference pattern not allowed when implicitly borrowing
    |
    = note: for more information, see <https://doc.rust-lang.org/reference/patterns.html#binding-modes>
note: matching on a reference type with a non-reference pattern implicitly borrows the contents
   --> src\auto_mode\enhanced_confidence.rs:445:22
    |
445 |             .filter(|(name, &importance)| {
    |                      ^^^^^^^^^^^^^^^^^^^ this non-reference pattern matches on a reference type `&_`
help: match on the reference with a reference pattern and borrow explicitly using a variable binding mode
    |
445 |             .filter(|&(ref name, &importance)| {
    |                      + +++

warning: unused variable: `context`
   --> src\auto_mode\enhanced_confidence.rs:795:36
    |
795 |     fn calculate_complexity(&self, context: &ToolContext) -> f64 {
    |                                    ^^^^^^^ help: if this is intentional, prefix it with an underscore: `_context`

error[E0507]: cannot move out of `context.working_dir` which is behind a shared reference
    --> src\auto_mode\enhanced_confidence.rs:805:9
     |
 805 |         context.working_dir.map(|_| 1.0).unwrap_or(0.5)
     |         ^^^^^^^^^^^^^^^^^^^ ------------ `context.working_dir` moved due to this method call
     |         |
     |         help: consider calling `.as_ref()` or `.as_mut()` to borrow the type's contents
     |         move occurs because `context.working_dir` has type `std::option::Option<std::path::PathBuf>`, which does
 not implement the `Copy` trait
     |
note: `std::option::Option::<T>::map` takes ownership of the receiver `self`, which moves `context.working_dir`
    --> C:\Users\lenovo\.rustup\toolchains\stable-x86_64-pc-windows-msvc\lib/rustlib/src/rust\library\core\src\option.r
s:1160:28
     |
1160 |     pub const fn map<U, F>(self, f: F) -> Option<U>
     |                            ^^^^
help: you can `clone` the value and consume it, but this might not be your desired behavior
     |
 805 |         <std::option::Option<std::path::PathBuf> as Clone>::clone(&context.working_dir).map(|_| 1.0).unwrap_or(0
.5)
     |         +++++++++++++++++++++++++++++++++++++++++++++++++++++++++++                   +
help: consider cloning the value if the performance cost is acceptable
     |
 805 |         context.working_dir.clone().map(|_| 1.0).unwrap_or(0.5)
     |                            ++++++++

error[E0507]: cannot move out of a shared reference
   --> src\auto_mode\enhanced_confidence.rs:808:24
    |
808 |     fn check_gitignore(&_context: &ToolContext) -> f64 {
    |                        ^--------
    |                         |
    |                         data moved here
    |                         move occurs because `_context` has type `jcode_tool_core::ToolContext`, which does not im
plement the `Copy` trait
    |
help: consider removing the borrow
    |
808 -     fn check_gitignore(&_context: &ToolContext) -> f64 {
808 +     fn check_gitignore(_context: &ToolContext) -> f64 {
    |

error[E0507]: cannot move out of a shared reference
   --> src\auto_mode\enhanced_confidence.rs:812:26
    |
812 |     fn check_file_exists(&_context: &ToolContext) -> f64 {
    |                          ^--------
    |                           |
    |                           data moved here
    |                           move occurs because `_context` has type `jcode_tool_core::ToolContext`, which does not 
implement the `Copy` trait
    |
help: consider removing the borrow
    |
812 -     fn check_file_exists(&_context: &ToolContext) -> f64 {
812 +     fn check_file_exists(_context: &ToolContext) -> f64 {
    |

error[E0507]: cannot move out of a shared reference
   --> src\auto_mode\enhanced_confidence.rs:816:27
    |
816 |     fn estimate_file_size(&_context: &ToolContext) -> f64 {
    |                           ^--------
    |                            |
    |                            data moved here
    |                            move occurs because `_context` has type `jcode_tool_core::ToolContext`, which does not
 implement the `Copy` trait
    |
help: consider removing the borrow
    |
816 -     fn estimate_file_size(&_context: &ToolContext) -> f64 {
816 +     fn estimate_file_size(_context: &ToolContext) -> f64 {
    |

error[E0507]: cannot move out of a shared reference
   --> src\auto_mode\enhanced_confidence.rs:820:30
    |
820 |     fn estimate_file_recency(&_context: &ToolContext) -> f64 {
    |                              ^--------
    |                               |
    |                               data moved here
    |                               move occurs because `_context` has type `jcode_tool_core::ToolContext`, which does 
not implement the `Copy` trait
    |
help: consider removing the borrow
    |
820 -     fn estimate_file_recency(&_context: &ToolContext) -> f64 {
820 +     fn estimate_file_recency(_context: &ToolContext) -> f64 {
    |

error[E0507]: cannot move out of a shared reference
   --> src\auto_mode\enhanced_confidence.rs:824:26
    |
824 |     fn check_main_branch(&_context: &ToolContext) -> f64 {
    |                          ^--------
    |                           |
    |                           data moved here
    |                           move occurs because `_context` has type `jcode_tool_core::ToolContext`, which does not 
implement the `Copy` trait
    |
help: consider removing the borrow
    |
824 -     fn check_main_branch(&_context: &ToolContext) -> f64 {
824 +     fn check_main_branch(_context: &ToolContext) -> f64 {
    |

error[E0507]: cannot move out of a shared reference
   --> src\auto_mode\enhanced_confidence.rs:828:33
    |
828 |     fn check_clean_working_tree(&_context: &ToolContext) -> f64 {
    |                                 ^--------
    |                                  |
    |                                  data moved here
    |                                  move occurs because `_context` has type `jcode_tool_core::ToolContext`, which do
es not implement the `Copy` trait
    |
help: consider removing the borrow
    |
828 -     fn check_clean_working_tree(&_context: &ToolContext) -> f64 {
828 +     fn check_clean_working_tree(_context: &ToolContext) -> f64 {
    |

error[E0507]: cannot move out of a shared reference
   --> src\auto_mode\enhanced_confidence.rs:832:33
    |
832 |     fn estimate_commit_activity(&_context: &ToolContext) -> f64 {
    |                                 ^--------
    |                                  |
    |                                  data moved here
    |                                  move occurs because `_context` has type `jcode_tool_core::ToolContext`, which do
es not implement the `Copy` trait
    |
help: consider removing the borrow
    |
832 -     fn estimate_commit_activity(&_context: &ToolContext) -> f64 {
832 +     fn estimate_commit_activity(_context: &ToolContext) -> f64 {
    |

warning: unused variable: `context`
   --> src\auto_mode\enhanced_confidence.rs:836:41
    |
836 |     fn estimate_session_duration(&self, context: &ToolContext) -> f64 {
    |                                         ^^^^^^^ help: if this is intentional, prefix it with an underscore: `_con
text`

warning: unused variable: `action_type`
   --> src\auto_mode\engine.rs:327:9
    |
327 |         action_type: &ActionType,
    |         ^^^^^^^^^^^ help: if this is intentional, prefix it with an underscore: `_action_type`

warning: unused variable: `description`
   --> src\auto_mode\engine.rs:328:9
    |
328 |         description: &str,
    |         ^^^^^^^^^^^ help: if this is intentional, prefix it with an underscore: `_description`

warning: unused variable: `decision`
   --> src\auto_mode\engine.rs:329:9
    |
329 |         decision: &AutoApprovalDecision,
    |         ^^^^^^^^ help: if this is intentional, prefix it with an underscore: `_decision`

warning: unused variable: `confidence`
   --> src\auto_mode\engine.rs:330:9
    |
330 |         confidence: Option<f64>,
    |         ^^^^^^^^^^ help: if this is intentional, prefix it with an underscore: `_confidence`

warning: unused variable: `start`
   --> src\auto_mode\engine.rs:331:9
    |
331 |         start: std::time::Instant,
    |         ^^^^^ help: if this is intentional, prefix it with an underscore: `_start`

error[E0596]: cannot borrow `self.safety_guard` as mutable, as it is behind a `&` reference
   --> src\auto_mode\engine.rs:373:9
    |
373 |         self.safety_guard.refresh_config(&cfg);
    |         ^^^^^^^^^^^^^^^^^ `self` is a `&` reference, so it cannot be borrowed as mutable
    |
help: consider changing this to be a mutable reference
    |
365 |     pub fn update_config<F>(&mut self, updater: F)
    |                              +++

error[E0499]: cannot borrow `*self` as mutable more than once at a time
   --> src\auto_mode\learning.rs:291:21
    |
288 |                 if let Some(pattern) = self.patterns.iter_mut()
    |                                        ------------- first mutable borrow occurs here
...
291 |                     self.update_confidence(pattern, was_correct);
    |                     ^^^^                   ------- first borrow later used here
    |                     |
    |                     second mutable borrow occurs here

error[E0133]: call to unsafe function `std::env::set_var` is unsafe and requires unsafe block
  --> src\slash_command\config.rs:35:52
   |
35 | ...   "set" if parts.len() >= 3 => { std::env::set_var(parts[1], parts[2]); eprintln!("\n✅ {} = {}\n", parts[1], p
arts[2]); }
   |                                      ^^^^^^^^^^^^^^^^^^^^^^^^^^^^^^^^^^^^^ call to unsafe function
   |
   = note: consult the function's documentation for information on how to avoid undefined behavior

warning: unused variable: `left_cmd`
   --> src\completion\bash\parser.rs:550:29
    |
550 |                         let left_cmd = self.build_command_node(current_cmd_words.clone());
    |                             ^^^^^^^^ help: if this is intentional, prefix it with an underscore: `_left_cmd`

warning: unused variable: `errors`
   --> src\completion\bash\powershell.rs:575:52
    |
575 |     fn build_ast(&self, tokens: &mut Vec<PsToken>, errors: &mut Vec<PsParseError>) -> Result<PsAstNode, ()> {
    |                                                    ^^^^^^ help: if this is intentional, prefix it with an undersc
ore: `_errors`

warning: unused variable: `var_start`
   --> src\completion\bash\fish.rs:519:25
    |
519 |                     let var_start = pos;
    |                         ^^^^^^^^^ help: if this is intentional, prefix it with an underscore: `_var_start`

warning: unused variable: `context`
   --> src\ai_enhanced\mod.rs:484:9
    |
484 |         context: &ContextFeatures,
    |         ^^^^^^^ help: if this is intentional, prefix it with an underscore: `_context`

warning: unused variable: `resolver_id`
   --> src\team_sync.rs:480:9
    |
480 |         resolver_id: &str,
    |         ^^^^^^^^^^^ help: if this is intentional, prefix it with an underscore: `_resolver_id`

error[E0382]: use of moved value: `key`
   --> src\team_sync.rs:576:30
    |
567 |     fn put(&mut self, key: K, value: V) {
    |                       --- move occurs because `key` has type `K`, which does not implement the `Copy` trait
...
575 |         self.map.insert(key, value);
    |                         --- value moved here
576 |         self.order.push_back(key);
    |                              ^^^ value used here after move
    |
help: consider cloning the value if the performance cost is acceptable
    |
575 |         self.map.insert(key.clone(), value);
    |                            ++++++++

error[E0596]: cannot borrow `on_line` as mutable, as it is not declared as mutable
   --> src\ssh\session.rs:453:29
    |
453 |                 Ok(line) => on_line(&line),
    |                             ^^^^^^^ cannot borrow as mutable
    |
help: consider changing this to be mutable
    |
426 |     pub fn execute_streaming<F>(&self, command: &str, mut on_line: F) -> Result<(), String>
    |                                                       +++

error[E0596]: cannot borrow `input_handler` as mutable, as it is not declared as mutable
   --> src\ssh\session.rs:499:45
    |
499 |                     if let Some(response) = input_handler(&line) {
    |                                             ^^^^^^^^^^^^^ cannot borrow as mutable
    |
help: consider changing this to be mutable
    |
465 |     pub fn execute_interactive<F>(&self, command: &str, mut input_handler: F) -> Result<(), String>
    |                                                         +++

error[E0594]: cannot assign to `self.stats.files_uploaded`, which is behind a `&` reference
   --> src\ssh\session.rs:586:9
    |
586 |         self.stats.files_uploaded += 1;
    |         ^^^^^^^^^^^^^^^^^^^^^^^^^^^^^^ `self` is a `&` reference, so it cannot be written to
    |
help: consider changing this to be a mutable reference
    |
559 |     pub fn upload_with_progress<F>(&mut self, local_path: &Path, remote_path: &Path, progress_callback: F) -> Res
ult<u64, String>
    |                                     +++

error[E0594]: cannot assign to `self.stats.bytes_transferred`, which is behind a `&` reference
   --> src\ssh\session.rs:587:9
    |
587 |         self.stats.bytes_transferred += file_size;
    |         ^^^^^^^^^^^^^^^^^^^^^^^^^^^^^^^^^^^^^^^^^ `self` is a `&` reference, so it cannot be written to
    |
help: consider changing this to be a mutable reference
    |
559 |     pub fn upload_with_progress<F>(&mut self, local_path: &Path, remote_path: &Path, progress_callback: F) -> Res
ult<u64, String>
    |                                     +++

error[E0594]: cannot assign to `self.stats.files_downloaded`, which is behind a `&` reference
   --> src\ssh\session.rs:619:9
    |
619 |         self.stats.files_downloaded += 1;
    |         ^^^^^^^^^^^^^^^^^^^^^^^^^^^^^^^^ `self` is a `&` reference, so it cannot be written to
    |
help: consider changing this to be a mutable reference
    |
600 |     pub fn download_with_progress<F>(&mut self, remote_path: &Path, local_path: &Path, progress_callback: F) -> R
esult<u64, String>
    |                                       +++

error[E0594]: cannot assign to `self.stats.bytes_transferred`, which is behind a `&` reference
   --> src\ssh\session.rs:620:9
    |
620 |         self.stats.bytes_transferred += file_size;
    |         ^^^^^^^^^^^^^^^^^^^^^^^^^^^^^^^^^^^^^^^^^ `self` is a `&` reference, so it cannot be written to
    |
help: consider changing this to be a mutable reference
    |
600 |     pub fn download_with_progress<F>(&mut self, remote_path: &Path, local_path: &Path, progress_callback: F) -> R
esult<u64, String>
    |                                       +++

warning: unused variable: `duration`
   --> src\ssh\session.rs:618:13
    |
618 |         let duration = start.elapsed();
    |             ^^^^^^^^ help: if this is intentional, prefix it with an underscore: `_duration`

error[E0596]: cannot borrow `*self` as mutable, as it is behind a `&` reference
   --> src\ssh\session.rs:714:15
    |
714 |         match self.execute("echo alive") {
    |               ^^^^ `self` is a `&` reference, so it cannot be borrowed as mutable
    |
help: consider changing this to be a mutable reference
    |
708 |     pub fn is_alive(&mut self) -> bool {
    |                      +++

error[E0596]: cannot borrow `*self` as mutable, as it is behind a `&` reference
   --> src\ssh\session.rs:855:27
    |
855 |         let list_output = self.execute(&format!("ls -la {}", remote_dir.display()))?;
    |                           ^^^^ `self` is a `&` reference, so it cannot be borrowed as mutable
    |
help: consider changing this to be a mutable reference
    |
853 |     fn _scp_recursive_download(&mut self, remote_dir: &Path, local_dir: &Path) -> Result<(), String> {
    |                                 +++

error[E0382]: borrow of moved value: `sessions`
   --> src\ssh\session.rs:985:9
    |
951 |         let mut sessions = self.sessions.lock().map_err(|e| e.to_string())?;
    |             ------------ move occurs because `sessions` has type `std::sync::MutexGuard<'_, std::collections::Has
hMap<std::string::String, SshSession>>`, which does not implement the `Copy` trait
...
970 |                 drop(sessions);
    |                      -------- value moved here
...
985 |         sessions.insert(key, session);
    |         ^^^^^^^^ value borrowed here after move

warning: unused variable: `session_id`
   --> src\ssh\session.rs:982:13
    |
982 |         let session_id = session.connect()?;
    |             ^^^^^^^^^^ help: if this is intentional, prefix it with an underscore: `_session_id`

error[E0596]: cannot borrow `sessions` as mutable, as it is not declared as mutable
   --> src\ssh\session.rs:996:23
    |
996 |         let session = sessions.values_mut()
    |                       ^^^^^^^^ cannot borrow as mutable
    |
help: consider changing this to be mutable
    |
993 |         let mut sessions = self.sessions.lock().map_err(|e| e.to_string())?;
    |             +++

error[E0502]: cannot borrow `events` as immutable because it is also borrowed as mutable
    --> src\ssh\session.rs:1076:32
     |
1076 |                 events.drain(..events.len() - 10000);
     |                 ------ -----   ^^^^^^ immutable borrow occurs here
     |                 |      |
     |                 |      mutable borrow later used by call
     |                 mutable borrow occurs here

error[E0596]: cannot borrow `errors` as mutable, as it is not declared as mutable
   --> src\ssh\config.rs:380:17
    |
380 |                 errors.push(format!("Host '{}' has invalid port 0", config.host));
    |                 ^^^^^^ cannot borrow as mutable
    |
help: consider changing this to be mutable
    |
343 |         let mut errors = vec![];
    |             +++

error[E0596]: cannot borrow `*c` as mutable, as it is behind a `&` reference
   --> src\ssh\tunnel.rs:221:13
    |
221 |             c.try_wait().map_or(true, |s| s.is_none())
    |             ^ `c` is a `&` reference, so it cannot be borrowed as mutable

warning: unused variable: `final_user`
   --> src\ssh\tunnel.rs:365:39
    |
365 |     pub fn create_tunnel_chain(&self, final_user: &str, final_host: &str, final_port: u16) -> Result<Vec<PortForw
arder>, String> {
    |                                       ^^^^^^^^^^ help: if this is intentional, prefix it with an underscore: `_fi
nal_user`

error[E0505]: cannot move out of `full_path` because it is borrowed
   --> src\ssh\transfer.rs:467:29
    |
465 |             let full_path = PathBuf::from(line.trim());
    |                 --------- binding `full_path` declared here
466 |             if let Ok(relative) = full_path.strip_prefix(base_path) {
    |                                   --------- borrow of `full_path` occurs here
467 |                 files.push((full_path, relative.to_path_buf()));
    |                             ^^^^^^^^^  -------- borrow later used here
    |                             |
    |                             move out of `full_path` occurs here

error[E0382]: borrow of moved value: `key`
   --> src\ssh\pool.rs:249:60
    |
191 |                 let key = host_str.to_lowercase();
    |                     --- move occurs because `key` has type `std::string::String`, which does not implement the `C
opy` trait
...
224 |                             sess_map.entry(key).or_insert_with(|| PooledSession {
    |                                            --- value moved here
...
249 |                     if let Some(pooled) = sess_map.get_mut(&key) {
    |                                                            ^^^^ value borrowed here after move

error[E0596]: cannot borrow `pooled.session` as mutable, as `pooled` is not declared as mutable
   --> src\ssh\pool.rs:272:21
    |
272 |             let _ = pooled.session.disconnect();
    |                     ^^^^^^^^^^^^^^ cannot borrow as mutable
    |
help: consider changing this to be mutable
    |
271 |         for (_, mut pooled) in sessions.drain() {
    |                 +++

error[E0716]: temporary value dropped while borrowed
   --> src\ssh\audit.rs:528:34
    |
526 | /                     match &event.event_type {
527 | |                         SshEventType::Custom(s) => s.as_str(),
528 | |                         other => format!("{:?}", other).as_str(),
    | |                                  ^^^^^^^^^^^^^^^^^^^^^^        - temporary value is freed at the end of this st
atement
    | |                                  |
    | |                                  creates a temporary value which is freed while still in use
529 | |                     },
    | |_____________________- borrow later used here
    |
    = note: consider using a `let` binding to create a longer lived value
    = note: this error originates in the macro `format` (in Nightly builds, run with -Z macro-backtrace for more info)

error[E0507]: cannot move out of a shared reference
   --> src\ssh\resilience.rs:516:28
    |
516 |             session_stats: *self.session.stats(),
    |                            ^^^^^^^^^^^^^^^^^^^^^ move occurs because value has type `ssh::session::SessionStats`,
 which does not implement the `Copy` trait
    |
help: consider cloning the value if the performance cost is acceptable
    |
516 -             session_stats: *self.session.stats(),
516 +             session_stats: self.session.stats().clone(),
    |

warning: unused variable: `offset`
   --> src\ssh\sftp.rs:583:9
    |
583 |         offset: u64,
    |         ^^^^^^ help: if this is intentional, prefix it with an underscore: `_offset`

error[E0382]: borrow of moved value: `name`
   --> src\ssh\sftp.rs:676:37
    |
662 |             let name = parts[parts.len()-1].to_string();
    |                 ---- move occurs because `name` has type `std::string::String`, which does not implement the `Cop
y` trait
...
675 |                 name,
    |                 ---- value moved here
676 |                 path: PathBuf::from(&name), // Would be full path in real implementation
    |                                     ^^^^^ value borrowed here after move
    |
help: consider cloning the value if the performance cost is acceptable
    |
675 |                 name: name.clone(),
    |                     ++++++++++++++

error[E0596]: cannot borrow `manager` as mutable, as it is not declared as mutable
   --> src\ssh\agent.rs:107:17
    |
107 |         let _ = manager.detect_agent();
    |                 ^^^^^^^ cannot borrow as mutable
    |
help: consider changing this to be mutable
    |
 98 |         let mut manager = SshAgentManager {
    |             +++

warning: unused variable: `socket`
   --> src\ssh\agent.rs:416:25
    |
416 |             if let Some(ref socket) = self.agent_socket {
    |                         ^^^^^^^^^^ help: if this is intentional, prefix it with an underscore: `_socket`

error[E0133]: call to unsafe function `std::env::set_var` is unsafe and requires unsafe block
   --> src\ssh\agent.rs:628:29
    |
628 | ...                   env::set_var("SSH_AUTH_SOCK", trimmed);
    |                       ^^^^^^^^^^^^^^^^^^^^^^^^^^^^^^^^^^^^^^ call to unsafe function
    |
    = note: consult the function's documentation for information on how to avoid undefined behavior

error[E0133]: call to unsafe function `std::env::set_var` is unsafe and requires unsafe block
   --> src\ssh\agent.rs:640:29
    |
640 | ...                   env::set_var("SSH_AGENT_PID", pid);
    |                       ^^^^^^^^^^^^^^^^^^^^^^^^^^^^^^^^^^ call to unsafe function
    |
    = note: consult the function's documentation for information on how to avoid undefined behavior

error[E0382]: borrow of moved value: `existing_entries`
    --> src\ssh\host_keys.rs:351:43
     |
 319 |         let existing_entries = self.find_entries_for_host(host);
     |             ---------------- move occurs because `existing_entries` has type `Vec<&KnownHostEntry>`, which does 
not implement the `Copy` trait
...
 331 |         for entry in existing_entries {
     |                      ---------------- `existing_entries` moved due to this implicit call to `.into_iter()`
...
 351 |         let expected_types: Vec<String> = existing_entries.iter()
     |                                           ^^^^^^^^^^^^^^^^ value borrowed here after move
     |
note: `into_iter` takes ownership of the receiver `self`, which moves `existing_entries`
    --> C:\Users\lenovo\.rustup\toolchains\stable-x86_64-pc-windows-msvc\lib/rustlib/src/rust\library\core\src\iter\tra
its\collect.rs:310:18
     |
 310 |     fn into_iter(self) -> Self::IntoIter;
     |                  ^^^^
     = note: borrow occurs due to deref coercion to `[&KnownHostEntry]`
note: deref defined here
    --> C:\Users\lenovo\.rustup\toolchains\stable-x86_64-pc-windows-msvc\lib/rustlib/src/rust\library\alloc\src\vec\mod
.rs:3661:5
     |
3661 |     type Target = [T];
     |     ^^^^^^^^^^^
help: consider iterating over a slice of the `Vec<&KnownHostEntry>`'s content to avoid moving into the `for` loop
     |
 331 |         for entry in &existing_entries {
     |                      +

error[E0509]: cannot move out of type `PtySession`, which implements the `Drop` trait
   --> src\ssh\pty.rs:167:9
    |
167 | /         PtySession {
168 | |             config,
169 | |             ..Self::new()
170 | |         }
    | |         ^
    | |         |
    | |_________cannot move out of here
    |           move occurs because value has type `std::option::Option<std::process::Child>`, which does not implement
 the `Copy` trait

error[E0509]: cannot move out of type `PtySession`, which implements the `Drop` trait
   --> src\ssh\pty.rs:167:9
    |
167 | /         PtySession {
168 | |             config,
169 | |             ..Self::new()
170 | |         }
    | |         ^
    | |         |
    | |_________cannot move out of here
    |           move occurs because value has type `std::option::Option<PtyMaster>`, which does not implement the `Copy
` trait

error[E0509]: cannot move out of type `PtySession`, which implements the `Drop` trait
   --> src\ssh\pty.rs:167:9
    |
167 | /         PtySession {
168 | |             config,
169 | |             ..Self::new()
170 | |         }
    | |         ^
    | |         |
    | |_________cannot move out of here
    |           move occurs because value has type `std::string::String`, which does not implement the `Copy` trait

error[E0509]: cannot move out of type `PtySession`, which implements the `Drop` trait
   --> src\ssh\pty.rs:167:9
    |
167 | /         PtySession {
168 | |             config,
169 | |             ..Self::new()
170 | |         }
    | |         ^
    | |         |
    | |_________cannot move out of here
    |           move occurs because value has type `PtyState`, which does not implement the `Copy` trait

error[E0502]: cannot borrow `*self` as immutable because it is also borrowed as mutable
   --> src\ssh\pty.rs:188:21
    |
187 |         if let Some(ref mut master) = self.pty_master {
    |                     -------------- mutable borrow occurs here
188 |             let _ = self._resize_pty(master);
    |                     ^^^^             ------ mutable borrow later used here
    |                     |
    |                     immutable borrow occurs here

error[E0596]: cannot borrow `*child` as mutable, as it is behind a `&` reference
   --> src\ssh\pty.rs:527:38
    |
527 |                 if let Ok(Some(_)) = child.try_wait() {
    |                                      ^^^^^ `child` is a `&` reference, so it cannot be borrowed as mutable
    |
help: consider changing this to be a mutable reference
    |
526 |             if let Some(ref mut child) = self.child {
    |                             +++

error[E0502]: cannot borrow `*self` as immutable because it is also borrowed as mutable
   --> src\ssh\pty.rs:560:13
    |
559 |         if let Some(ref mut master) = self.pty_master {
    |                     -------------- mutable borrow occurs here
560 |             self._resize_pty(master)?;
    |             ^^^^             ------ mutable borrow later used here
    |             |
    |             immutable borrow occurs here

warning: unused variable: `master`
   --> src\ssh\pty.rs:638:27
    |
638 |     fn _resize_pty(&self, master: &PtyMaster) -> Result<(), PtyError> {
    |                           ^^^^^^ help: if this is intentional, prefix it with an underscore: `_master`

warning: unused variable: `operation`
   --> src\ssh\pty.rs:671:51
    |
671 |     fn _send_signal(&mut self, signal_name: &str, operation: &str) -> Result<(), PtyError> {
    |                                                   ^^^^^^^^^ help: if this is intentional, prefix it with an under
score: `_operation`

warning: unused variable: `is_upload`
   --> src\ssh\enhanced_scp.rs:525:31
    |
525 |     fn _build_scp_args(&self, is_upload: bool) -> Vec<String> {
    |                               ^^^^^^^^^ help: if this is intentional, prefix it with an underscore: `_is_upload`

warning: unused variable: `response`
   --> src\ssh\mfa.rs:413:9
    |
413 |         response: &U2fResponse,
    |         ^^^^^^^^ help: if this is intentional, prefix it with an underscore: `_response`

warning: unused variable: `credential`
   --> src\ssh\mfa.rs:434:9
    |
434 |         credential: &U2fCredential,
    |         ^^^^^^^^^^ help: if this is intentional, prefix it with an underscore: `_credential`

warning: unused variable: `response`
   --> src\ssh\mfa.rs:436:9
    |
436 |         response: &U2fResponse,
    |         ^^^^^^^^ help: if this is intentional, prefix it with an underscore: `_response`

error[E0502]: cannot borrow `*self` as mutable because it is also borrowed as immutable
   --> src\ssh\mfa.rs:607:21
    |
603 |         for method in &self.methods {
    |                       ------------- immutable borrow occurs here
...
607 |                     self._update_session_success(user_id, method.method_type())?;
    |                     ^^^^^^^^^^^^^^^^^^^^^^^^^^^^^^^^^^^^^^^^^^^^^^^^^^^^^^^^^^^ mutable borrow occurs here
...
611 |                         method_type: method.method_type(),
    |                                      ------ immutable borrow later used here

error[E0502]: cannot borrow `*self` as mutable because it is also borrowed as immutable
   --> src\ssh\mfa.rs:618:21
    |
603 |         for method in &self.methods {
    |                       ------------- immutable borrow occurs here
...
618 |                     self._record_failed_attempt(user_id)?;
    |                     ^^^^^^^^^^^^^^^^^^^^^^^^^^^^^^^^^^^^ mutable borrow occurs here
...
622 |                         method_type: method.method_type(),
    |                                      ------ immutable borrow later used here

warning: unused variable: `challenge_id`
   --> src\ssh\mfa.rs:767:31
    |
767 |     fn verify_response(&self, challenge_id: &str, response: &serde_json::Value) -> Result<Option<AuthResult>, Mfa
Error> {
    |                               ^^^^^^^^^^^^ help: if this is intentional, prefix it with an underscore: `_challeng
e_id`

warning: unused variable: `secret`
   --> src\ssh\mfa.rs:774:13
    |
774 |         let secret = "";  // Would retrieve from stored challenge data
    |             ^^^^^^ help: if this is intentional, prefix it with an underscore: `_secret`

error[E0382]: borrow of moved value: `session`
   --> src\ssh\enhanced.rs:72:22
    |
 52 |         let mut session = SshSession::new(config);
    |             ----------- move occurs because `session` has type `SshSession`, which does not implement the `Copy` 
trait
...
 67 |                     sessions.insert(id.clone(), session);
    |                                                 ------- value moved here
...
 72 |                     &session.config().user,
    |                      ^^^^^^^ value borrowed here after move
    |
note: if `SshSession` implemented `Clone`, you could clone the value
   --> src\ssh\session.rs:243:1
    |
243 | pub struct SshSession {
    | ^^^^^^^^^^^^^^^^^^^^^ consider implementing `Clone` for this type
    |
   ::: src\ssh\enhanced.rs:67:49
    |
 67 |                     sessions.insert(id.clone(), session);
    |                                                 ------- you could clone this value

error[E0382]: borrow of moved value: `config`
    --> src\ssh\enhanced.rs:83:21
     |
  40 |         let config = if let Some(host_config) = self._get_cached_config(host) {
     |             ------ move occurs because `config` has type `SshConfig`, which does not implement the `Copy` trait
...
  52 |         let mut session = SshSession::new(config);
     |                                           ------ value moved here
...
  83 |                     &config.host,
     |                     ^^^^^^^^^^^^ value borrowed here after move
     |
note: consider changing this parameter type in method `new` to borrow instead if owning the value isn't necessary
    --> src\ssh\session.rs:288:24
     |
 288 |     pub fn new(config: SshConfig) -> Self {
     |            ---         ^^^^^^^^^ this parameter takes ownership of the value
     |            |
     |            in this method
     = note: borrow occurs due to deref coercion to `str`
note: deref defined here
    --> C:\Users\lenovo\.rustup\toolchains\stable-x86_64-pc-windows-msvc\lib/rustlib/src/rust\library\alloc\src\string.
rs:2821:5
     |
2821 |     type Target = str;
     |     ^^^^^^^^^^^
help: consider cloning the value if the performance cost is acceptable
     |
  52 |         let mut session = SshSession::new(config.clone());
     |                                                 ++++++++

error[E0716]: temporary value dropped while borrowed
   --> src\ssh\enhanced.rs:111:27
    |
105 |             self.audit_logger.log_command_execution(
    |                               --------------------- borrow later used by call
...
111 |                     Some(&format!("{}... (truncated)", &output.stdout[..1024])) 
    |                           ^^^^^^^^^^^^^^^^^^^^^^^^^^^^^^^^^^^^^^^^^^^^^^^^^^^^- temporary value is freed at the e
nd of this statement
    |                           |
    |                           creates a temporary value which is freed while still in use
    |
    = note: consider using a `let` binding to create a longer lived value
    = note: this error originates in the macro `format` (in Nightly builds, run with -Z macro-backtrace for more info)

warning: unused variable: `downloaded_size`
   --> src\ssh\enhanced.rs:172:13
    |
172 |         let downloaded_size = std::fs::metadata(local_path)
    |             ^^^^^^^^^^^^^^^ help: if this is intentional, prefix it with an underscore: `_downloaded_size`

error: captured variable cannot escape `FnMut` closure body
   --> src\undo_redo.rs:141:41
    |
139 |     pub fn execute_batch(&mut self, operations: Vec<Operation>) -> Vec<&Operation> {
    |                          --------- variable defined here
140 |         eprintln!("[UNDO] Executing batch of {} operations", operations.len());
141 |         operations.into_iter().map(|op| self.execute(op)).collect()
    |                                       - ----^^^^^^^^^^^^
    |                                       | |
    |                                       | returns a reference to a captured variable which escapes the closure body
    |                                       | variable captured here
    |                                       inferred to be a `FnMut` closure
    |
    = note: `FnMut` closures only have access to their captured variables while they are executing...
    = note: ...therefore, they cannot allow references to captured variables to escape

error[E0502]: cannot borrow `*self` as immutable because it is also borrowed as mutable
  --> src\utils\lru_cache.rs:99:16
   |
98 |         if let Some(entry) = self.data.get_mut(key) {
   |                              --------- mutable borrow occurs here
99 |             if self.is_expired(entry) {
   |                ^^^^            ----- mutable borrow later used here
   |                |
   |                immutable borrow occurs here

error[E0499]: cannot borrow `*self` as mutable more than once at a time
   --> src\utils\lru_cache.rs:109:13
    |
 98 |         if let Some(entry) = self.data.get_mut(key) {
    |                              --------- first mutable borrow occurs here
...
109 |             self.touch_key(key);
    |             ^^^^ second mutable borrow occurs here
...
112 |             Some(entry.value.clone())
    |                  ----------- first borrow later used here

error[E0382]: borrow of moved value: `value`
   --> src\utils\lru_cache.rs:277:13
    |
275 |             let value = factory();
    |                 ----- move occurs because `value` has type `V`, which does not implement the `Copy` trait
276 |             self.put(key.to_string(), value);
    |                                       ----- value moved here
277 |             value.clone()
    |             ^^^^^ value borrowed here after move
    |
note: consider changing this parameter type in method `put` to borrow instead if owning the value isn't necessary
   --> src\utils\lru_cache.rs:120:42
    |
120 |     pub fn put(&mut self, key: K, value: V) {
    |            --- in this method            ^ this parameter takes ownership of the value
help: consider cloning the value if the performance cost is acceptable
    |
276 |             self.put(key.to_string(), value.clone());
    |                                            ++++++++

error[E0515]: cannot return value referencing local variable `s`
   --> src\utils\rope.rs:141:9
    |
141 |         idx.get_line(&s, line_idx)
    |         ^^^^^^^^^^^^^--^^^^^^^^^^^
    |         |            |
    |         |            `s` is borrowed here
    |         returns a value referencing data owned by the current function

error[E0382]: borrow of moved value: `new_left`
   --> src\utils\rope.rs:311:52
    |
307 |                     let new_left = branch.left.insert_at(pos, text);
    |                         -------- move occurs because `new_left` has type `RopeNode`, which does not implement the
 `Copy` trait
308 |                     RopeNode::Branch(RopeBranch {
309 |                         left: Box::new(new_left), right: branch.right.clone(),
    |                                        -------- value moved here
310 |                         weight: branch.weight + text.chars().count(),
311 |                         depth: 1 + left_node_depth(&new_left).max(left_node_depth(&branch.right)),
    |                                                    ^^^^^^^^^ value borrowed here after move
    |
help: consider cloning the value if the performance cost is acceptable
    |
309 |                         left: Box::new(new_left.clone()), right: branch.right.clone(),
    |                                                ++++++++

error[E0382]: borrow of moved value: `new_right`
   --> src\utils\rope.rs:320:86
    |
316 |                     let new_right = branch.right.insert_at(pos - branch.weight, text);
    |                         --------- move occurs because `new_right` has type `RopeNode`, which does not implement t
he `Copy` trait
317 |                     RopeNode::Branch(RopeBranch {
318 |                         left: branch.left.clone(), right: Box::new(new_right),
    |                                                                    --------- value moved here
319 |                         weight: branch.weight,
320 |                         depth: 1 + left_node_depth(&branch.left).max(left_node_depth(&new_right)),
    |                                                                                      ^^^^^^^^^^ value borrowed he
re after move
    |
help: consider cloning the value if the performance cost is acceptable
    |
318 |                         left: branch.left.clone(), right: Box::new(new_right.clone()),
    |                                                                             ++++++++

error[E0382]: borrow of moved value: `result`
    --> src\utils\rope.rs:340:67
     |
 335 |                 let mut result = String::new();
     |                     ---------- move occurs because `result` has type `std::string::String`, which does not imple
ment the `Copy` trait
...
 340 |                 RopeNode::Leaf(RopeLeaf { data: result, char_len: result.chars().count() })
     |                                                 ------            ^^^^^^ value borrowed here after move
     |                                                 |
     |                                                 value moved here
     |
     = note: borrow occurs due to deref coercion to `str`
note: deref defined here
    --> C:\Users\lenovo\.rustup\toolchains\stable-x86_64-pc-windows-msvc\lib/rustlib/src/rust\library\alloc\src\string.
rs:2821:5
     |
2821 |     type Target = str;
     |     ^^^^^^^^^^^
help: consider cloning the value if the performance cost is acceptable
     |
 340 |                 RopeNode::Leaf(RopeLeaf { data: result.clone(), char_len: result.chars().count() })
     |                                                       ++++++++

warning: unused variable: `i`
   --> src\utils\rope.rs:337:22
    |
337 |                 for (i, c) in chars.by_ref().enumerate().take(start) { result.push(c); }
    |                      ^ help: if this is intentional, prefix it with an underscore: `_i`

error[E0382]: borrow of moved value: `result`
    --> src\utils\rope.rs:367:67
     |
 362 |                 let mut result = String::new();
     |                     ---------- move occurs because `result` has type `std::string::String`, which does not imple
ment the `Copy` trait
...
 367 |                 RopeNode::Leaf(RopeLeaf { data: result, char_len: result.chars().count() })
     |                                                 ------            ^^^^^^ value borrowed here after move
     |                                                 |
     |                                                 value moved here
     |
     = note: borrow occurs due to deref coercion to `str`
note: deref defined here
    --> C:\Users\lenovo\.rustup\toolchains\stable-x86_64-pc-windows-msvc\lib/rustlib/src/rust\library\alloc\src\string.
rs:2821:5
     |
2821 |     type Target = str;
     |     ^^^^^^^^^^^
help: consider cloning the value if the performance cost is acceptable
     |
 367 |                 RopeNode::Leaf(RopeLeaf { data: result.clone(), char_len: result.chars().count() })
     |                                                       ++++++++

error: lifetime may not live long enough
  --> src\marketplace\types.rs:38:9
   |
37 |       pub fn display(&self) -> &'static str {
   |                      - let's call the lifetime of this reference `'1`
38 | /         match self {
39 | |             Category::Development => "🛠️ Development",
40 | |             Category::Productivity => "⚡ Productivity",
41 | |             Category::Integration => "🔗 Integration",
...  |
47 | |             Category::Other(name) => name.as_str(),
48 | |         }
   | |_________^ returning this value requires that `'1` must outlive `'static`

warning: unused variable: `safe_child`
   --> src\debug_panel.rs:448:17
    |
448 |             let safe_child: String = child.id.chars().filter(|c| c.is_alphanumeric()).collect();
    |                 ^^^^^^^^^^ help: if this is intentional, prefix it with an underscore: `_safe_child`

error[E0502]: cannot borrow `self.local_registry` as mutable because it is also borrowed as immutable
   --> src\plugin_market\mod.rs:629:9
    |
619 |         let current = self.local_registry.get(plugin_id).unwrap();
    |                       ------------------- immutable borrow occurs here
...
629 |         self.local_registry.unregister(plugin_id);
    |         ^^^^^^^^^^^^^^^^^^^^^^^^^^^^^^^^^^^^^^^^^ mutable borrow occurs here
630 |         let entry = InstalledPluginEntry {
631 |             install_path: current.install_path.clone(),
    |                           -------------------- immutable borrow later used here

error: lifetime may not live long enough
  --> src\distributed\load_balancer.rs:33:18
   |
26 |     pub fn select_node(&self, nodes: &[&ClusterNode]) -> Option<&ClusterNode> {
   |                        -               - let's call the lifetime of this reference `'1`
   |                        |
   |                        let's call the lifetime of this reference `'2`
...
33 |             _ => self.round_robin(nodes),
   |                  ^^^^^^^^^^^^^^^^^^^^^^^ method was supposed to return data with lifetime `'2` but it is returning
 data with lifetime `'1`
   |
help: consider introducing a named lifetime parameter and update trait if needed
   |
26 |     pub fn select_node<'a>(&self, nodes: &[&'a ClusterNode]) -> Option<&'a ClusterNode> {
   |                       ++++                  ++                          ++

warning: unused variable: `total_steps`
   --> src\reasoning\cot_engine.rs:432:13
    |
432 |         let total_steps = 6;
    |             ^^^^^^^^^^^ help: if this is intentional, prefix it with an underscore: `_total_steps`

warning: variable `last_confidence` is assigned to, but never used
   --> src\reasoning\cot_engine.rs:615:13
    |
615 |         let mut last_confidence = 0.0f64;
    |             ^^^^^^^^^^^^^^^^^^^
    |
    = note: consider using `_last_confidence` instead

warning: value assigned to `last_confidence` is never read
   --> src\reasoning\cot_engine.rs:675:13
    |
675 |             last_confidence = confidence;
    |             ^^^^^^^^^^^^^^^^^^^^^^^^^^^^
    |
    = help: maybe it is overwritten before being read?

warning: unused variable: `problem`
   --> src\reasoning\cot_engine.rs:939:9
    |
939 |         problem: &str, 
    |         ^^^^^^^ help: if this is intentional, prefix it with an underscore: `_problem`

warning: unused variable: `c`
    --> src\reasoning\cot_engine.rs:1260:23
     |
1260 |             .map(|(i, c)| {
     |                       ^ help: if this is intentional, prefix it with an underscore: `_c`

warning: unused variable: `words`
   --> src\nlp\engine.rs:459:13
    |
459 |         let words: Vec<&str> = text.split_whitespace().collect();
    |             ^^^^^ help: if this is intentional, prefix it with an underscore: `_words`

warning: unused variable: `analysis`
   --> src\nlp\docs.rs:241:32
    |
241 | pub fn generate_migration_plan(analysis: &NlpAnalysisResult, source: &SourceSystemInfo, target_lang: &str) -> Str
ing {
    |                                ^^^^^^^^ help: if this is intentional, prefix it with an underscore: `_analysis`

warning: unused variable: `analysis`
   --> src\refactor\enhanced.rs:609:43
    |
609 |     async fn create_migration_plan(&self, analysis: &DotNetProjectAnalysis) -> Result<MigrationPlan> {
    |                                           ^^^^^^^^ help: if this is intentional, prefix it with an underscore: `_
analysis`

warning: unused variable: `analysis`
   --> src\refactor\enhanced.rs:922:56
    |
922 |     async fn identify_parallelism_opportunities(&self, analysis: &ThreadUsageAnalysis) -> Result<Vec<ParallelismO
pportunity>> {
    |                                                        ^^^^^^^^ help: if this is intentional, prefix it with an u
nderscore: `_analysis`

error[E0433]: failed to resolve: use of undeclared type `WsError`
   --> src\provider\openai_stream_runtime.rs:210:9
    |
210 |         WsError::Http(response) => response.status() == WEBSOCKET_UPGRADE_REQUIRED_ERROR,
    |         ^^^^^^^ use of undeclared type `WsError`

Some errors have detailed explanations: E0004, E0010, E0015, E0061, E0063, E0119, E0133, E0277, E0282...
For more information about an error, try `rustc --explain E0004`.
warning: `carpai` (lib) generated 177 warnings
error: could not compile `carpai` (lib) due to 483 previous errors; 177 warnings emitted
