cargo :     Blocking waiting for file
 lock on build directory
所在位置 行:1 字符: 1
+ cargo check --no-default-features 2
>&1 | Tee-Object -FilePath compile ..
.
+ ~~~~~~~~~~~~~~~~~~~~~~~~~~~~~~~~~~~
~~~
    + CategoryInfo          : NotSpe 
   cified: (    Blocking wa...build  
   directory:String) [], RemoteExc   
 eption
    + FullyQualifiedErrorId : Native 
   CommandError
 
   Compiling carpai v0.12.0 (D:\study
ing\Codecargo\CarpAI)
warning: unused import: `super::*`
  --> crates\jcode-unified-scheduler\
src\gpu_load_balancer.rs:10:5
   |
10 | use super::*;
   |     ^^^^^^^^
   |
   = note: `#[warn(unused_imports)]` 
(part of `#[warn(unused)]`) on by def
ault

warning: unused imports: `debug` and 
`warn`
  --> crates\jcode-unified-scheduler\
src\topology_aware.rs:14:21
   |
14 | use tracing::{info, warn, debug}
;
   |                     ^^^^  ^^^^^

warning: unused import: `NodeInfo`
  --> crates\jcode-unified-scheduler\
src\node_join_manager.rs:18:21
   |
18 | use crate::{NodeId, NodeInfo, No
deHardwareInfo, SchedulerError};
   |                     ^^^^^^^^

warning: unused import: `warn`
  --> crates\jcode-unified-scheduler\
src\cross_region.rs:15:21
   |
15 | use tracing::{info, warn, debug}
;
   |                     ^^^^

warning: unused import: `uuid::Uuid`
  --> crates\jcode-unified-scheduler\
src\cross_region.rs:16:5
   |
16 | use uuid::Uuid;
   |     ^^^^^^^^^^

warning: unused import: `ClusterGroup
Id`
  --> crates\jcode-unified-scheduler\
src\cross_region.rs:18:21
   |
18 | use crate::{NodeId, ClusterGroup
Id};
   |                     ^^^^^^^^^^^^
^^

warning: unused import: `error`
  --> crates\jcode-unified-scheduler\
src\hierarchical_scheduler.rs:31:34
   |
31 | use tracing::{info, warn, debug,
 error};
   |                                 
 ^^^^^

warning: unused imports: `NodeInfo` a
nd `TaskStatus`
  --> crates\jcode-unified-scheduler\
src\hierarchical_scheduler.rs:35:48
   |
35 |     UnifiedScheduler, SchedulerC
onfig, NodeId, NodeInfo, NodeHardware
Info,
   |                                 
               ^^^^^^^^
36 |     SchedulerError, TaskStatus, 
ScheduledTask,
   |                     ^^^^^^^^^^

warning: unused import: `WarmupConfig
`
  --> crates\jcode-unified-scheduler\
src\batch_node_operations.rs:21:61
   |
21 |     NodeId, NodeHardwareInfo, No
deJoinManager, ProbeResult, WarmupCon
fig,
   |                                 
                            ^^^^^^^^^
^^^

warning: variable does not need to be
 mutable
   --> crates\jcode-unified-scheduler
\src\node_join_manager.rs:267:13
    |
267 |         let mut status = NodeJo
inStatus::new(node_id);
    |             ----^^^^^^
    |             |
    |             help: remove this `
mut`
    |
    = note: `#[warn(unused_mut)]` (pa
rt of `#[warn(unused)]`) on by defaul
t

warning: variable does not need to be
 mutable
   --> crates\jcode-unified-scheduler
\src\lib.rs:522:17
    |
522 |             let mut planner = s
elf.goap_planner.write().await;
    |                 ----^^^^^^^
    |                 |
    |                 help: remove th
is `mut`

warning: variable does not need to be
 mutable
   --> crates\jcode-unified-scheduler
\src\layer_allocator.rs:531:13
    |
531 |             mut open_residuals:
 Vec<i32>,
    |             ----^^^^^^^^^^^^^^
    |             |
    |             help: remove this `
mut`

warning: variable does not need to be
 mutable
   --> crates\jcode-unified-scheduler
\src\request_router.rs:346:9
    |
346 |     let mut layer_hosts: Vec<Ve
c<usize>> = (0..num_layers)
    |         ----^^^^^^^^^^^
    |         |
    |         help: remove this `mut`

warning: unused variable: `last_layer
`
   --> crates\jcode-unified-scheduler
\src\request_router.rs:419:9
    |
419 |     let last_layer = num_layers
 as usize - 1;
    |         ^^^^^^^^^^ help: if thi
s is intentional, prefix it with an u
nderscore: `_last_layer`
    |
    = note: `#[warn(unused_variables)
]` (part of `#[warn(unused)]`) on by 
default

warning: unused variable: `priority_i
dx`
   --> crates\jcode-unified-scheduler
\src\unified_queue.rs:219:14
    |
219 |         for (priority_idx, queu
e) in self.queues.iter_mut().enumerat
e() {
    |              ^^^^^^^^^^^^ help:
 if this is intentional, prefix it wi
th an underscore: `_priority_idx`

warning: unused variable: `config`
  --> crates\jcode-unified-scheduler\
src\hierarchical_scheduler.rs:93:13
   |
93 |         let config = SchedulerCo
nfig {
   |             ^^^^^^ help: if this
 is intentional, prefix it with an un
derscore: `_config`

warning: unused variable: `group_mut`
   --> crates\jcode-unified-scheduler
\src\hierarchical_scheduler.rs:317:21
    |
317 |         if let Some(group_mut) 
= groups_mut.get_mut(&target_group) {
    |                     ^^^^^^^^^ h
elp: if this is intentional, prefix i
t with an underscore: `_group_mut`

warning: unused variable: `task`
   --> crates\jcode-unified-scheduler
\src\hierarchical_scheduler.rs:474:43
    |
474 |     async fn select_group_for_t
ask(&self, task: &ScheduledTask) -> R
esult<ClusterGroupId, SchedulerError>
 {
    |                                
           ^^^^ help: if this is inte
ntional, prefix it with an underscore
: `_task`

warning: unused variable: `node_id`
   --> crates\jcode-unified-scheduler
\src\batch_node_operations.rs:512:21
    |
512 |                 let node_id = n
s.node_id;
    |                     ^^^^^^^ hel
p: if this is intentional, prefix it 
with an underscore: `_node_id`

warning: unused variable: `probe`
   --> crates\jcode-unified-scheduler
\src\batch_node_operations.rs:553:5
    |
553 |     probe: ProbeResult,
    |     ^^^^^ help: if this is inte
ntional, prefix it with an underscore
: `_probe`

warning: unused variable: `join_manag
er`
   --> crates\jcode-unified-scheduler
\src\batch_node_operations.rs:555:5
    |
555 |     join_manager: &RwLock<NodeJ
oinManager>,
    |     ^^^^^^^^^^^^ help: if this 
is intentional, prefix it with an und
erscore: `_join_manager`

warning: function `block_on_metrics` 
is never used
    --> crates\jcode-unified-schedule
r\src\lib.rs:1390:4
     |
1390 | fn block_on_metrics() -> Resul
t<std::sync::RwLockWriteGuard<'static
, SchedulerMetrics>, SchedulerError> 
{
     |    ^^^^^^^^^^^^^^^^
     |
     = note: `#[warn(dead_code)]` (pa
rt of `#[warn(unused)]`) on by defaul
t

warning: field `parent` is never read
  --> crates\jcode-unified-scheduler\
src\goap_planner.rs:88:5
   |
77 | struct SearchNode {
   |        ---------- field in this 
struct
...
88 |     parent: Option<Box<SearchNod
e>>,
   |     ^^^^^^
   |
   = note: `SearchNode` has derived i
mpls for the traits `Clone` and `Debu
g`, but these are intentionally ignor
ed during dead code analysis

warning: field `0` is never read
    --> crates\jcode-unified-schedule
r\src\layer_allocator.rs:1084:14
     |
1084 |     StartNew(i64, bool),      
     // (residual, closed immediately
)
     |     -------- ^^^
     |     |
     |     field in this variant
     |
     = note: `DpActionKind` has deriv
ed impls for the traits `Clone` and `
Debug`, but these are intentionally i
gnored during dead code analysis
help: consider changing the field to 
be of unit type to suppress this warn
ing while preserving the field number
ing, or remove the field
     |
1084 -     StartNew(i64, bool),      
     // (residual, closed immediately
)
1084 +     StartNew((), bool),       
    // (residual, closed immediately)
     |

warning: function `estimate_fp16_tflo
ps` is never used
   --> crates\jcode-unified-scheduler
\src\gpu_discovery.rs:131:4
    |
131 | fn estimate_fp16_tflops(model: 
&str, utilization_pct: u32) -> f64 {
    |    ^^^^^^^^^^^^^^^^^^^^

warning: function `estimate_int8_tops
` is never used
   --> crates\jcode-unified-scheduler
\src\gpu_discovery.rs:159:4
    |
159 | fn estimate_int8_tops(model: &s
tr, utilization_pct: u32) -> f64 {
    |    ^^^^^^^^^^^^^^^^^^

warning: function `estimate_memory_ba
ndwidth` is never used
   --> crates\jcode-unified-scheduler
\src\gpu_discovery.rs:165:4
    |
165 | fn estimate_memory_bandwidth(mo
del: &str) -> f64 {
    |    ^^^^^^^^^^^^^^^^^^^^^^^^^

warning: function `detect_nvlink_grou
ps` is never used
   --> crates\jcode-unified-scheduler
\src\gpu_discovery.rs:186:4
    |
186 | fn detect_nvlink_groups(gpus: &
HashMap<u32, GpuInfo>) -> Vec<HashSet
<u32>> {
    |    ^^^^^^^^^^^^^^^^^^^^

warning: field `default_group` is nev
er read
   --> crates\jcode-unified-scheduler
\src\hierarchical_scheduler.rs:141:5
    |
136 | pub struct HierarchicalSchedule
r {
    |            --------------------
- field in this struct
...
141 |     default_group: Option<Clust
erGroupId>,
    |     ^^^^^^^^^^^^^

warning: field `config` is never read
   --> crates\jcode-unified-scheduler
\src\batch_node_operations.rs:185:9
    |
182 | struct BatchOperation {
    |        -------------- field in 
this struct
...
185 |     pub config: BatchOperationC
onfig,
    |         ^^^^^^

warning: field `distance_matrix` is n
ever read
  --> crates\jcode-unified-scheduler\
src\gslb.rs:84:5
   |
78 | pub struct GslbRouter {
   |            ---------- field in t
his struct
...
84 |     distance_matrix: HashMap<(St
ring, String), f64>,
   |     ^^^^^^^^^^^^^^^

warning: calls to `std::mem::drop` wi
th a reference instead of an owned va
lue does nothing
    --> crates\jcode-unified-schedule
r\src\lib.rs:1212:9
     |
1212 |         drop(allocator);
     |         ^^^^^---------^
     |              |
     |              argument has type
 `&LayerAllocator`
     |
     = note: `#[warn(dropping_referen
ces)]` on by default
help: use `let _ = ...` to ignore the
 expression or result
     |
1212 -         drop(allocator);
1212 +         let _ = allocator;
     |

warning: variable `L` should have a s
nake case name
   --> crates\jcode-unified-scheduler
\src\layer_allocator.rs:440:13
    |
440 |         let L = self.total_laye
rs as usize;
    |             ^ help: convert the
 identifier to snake case: `l`
    |
    = note: `#[warn(non_snake_case)]`
 (part of `#[warn(nonstandard_style)]
`) on by default

warning: variable `L` should have a s
nake case name
   --> crates\jcode-unified-scheduler
\src\layer_allocator.rs:518:9
    |
518 |         L: usize,
    |         ^ help: convert the ide
ntifier to snake case: `l`

warning: variable `L` should have a s
nake case name
   --> crates\jcode-unified-scheduler
\src\layer_allocator.rs:535:13
    |
535 |             L: usize,
    |             ^ help: convert the
 identifier to snake case: `l`

warning: comparison is useless due to
 type limits
   --> crates\jcode-unified-scheduler
\src\layer_allocator.rs:556:16
    |
556 |             if new_needed < 0
    |                ^^^^^^^^^^^^^^
    |
    = note: `#[warn(unused_comparison
s)]` on by default

warning: variable `L` should have a s
nake case name
   --> crates\jcode-unified-scheduler
\src\layer_allocator.rs:712:13
    |
712 |         let L = self.total_laye
rs as usize;
    |             ^ help: convert the
 identifier to snake case: `l`

warning: method `vrAM_utilization` sh
ould have a snake case name
  --> crates\jcode-unified-scheduler\
src\topology_aware.rs:92:12
   |
92 |     pub fn vrAM_utilization(&sel
f) -> f64 {
   |            ^^^^^^^^^^^^^^^^ help
: convert the identifier to snake cas
e: `vr_am_utilization`

warning: error finalizing incremental
 compilation session directory `\\?\D
:\studying\Codecargo\CarpAI\target\de
bug\incremental\jcode_unified_schedul
er-200e5r9naoh46\s-hirq1tean0-1wulfks
-working`: 鎷掔粷璁块棶銆?(os error 5)

warning: `jcode-unified-scheduler` (l
ib) generated 39 warnings (run `cargo
 fix --lib -p jcode-unified-scheduler
` to apply 21 suggestions)
warning: unused import: `info`
  --> crates\jcode-completion\src\str
eaming_prefetch.rs:25:22
   |
25 | use tracing::{debug, info};
   |                      ^^^^
   |
   = note: `#[warn(unused_imports)]` 
(part of `#[warn(unused)]`) on by def
ault

warning: unused import: `Duration`
  --> crates\jcode-completion\src\beh
avior_learner.rs:23:17
   |
23 | use std::time::{Duration, Instan
t};
   |                 ^^^^^^^^

warning: unused import: `SymbolEntry`
 --> crates\jcode-completion\src\coll
ab_aware_completion.rs:9:32
  |
9 | use crate::incremental_index::{Sy
mbolEntry, IncrementalIndex};
  |                                ^^
^^^^^^^^^

warning: unused import: `std::time::I
nstant`
 --> crates\jcode-completion\src\metr
ics.rs:7:5
  |
7 | use std::time::Instant;
  |     ^^^^^^^^^^^^^^^^^^

warning: unused import: `std::path::P
athBuf`
  --> crates\jcode-completion\src\emb
edding_model.rs:14:5
   |
14 | use std::path::PathBuf;
   |     ^^^^^^^^^^^^^^^^^^

warning: unused import: `debug`
  --> crates\jcode-completion\src\emb
edding_model.rs:16:21
   |
16 | use tracing::{info, debug};
   |                     ^^^^^

warning: unused variable: `cache`
   --> crates\jcode-completion\src\st
reaming_prefetch.rs:179:13
    |
179 |         let cache = prefetcher.
preload_cache.clone();
    |             ^^^^^ help: if this
 is intentional, prefix it with an un
derscore: `_cache`
    |
    = note: `#[warn(unused_variables)
]` (part of `#[warn(unused)]`) on by 
default

warning: unused variable: `prefix`
   --> crates\jcode-completion\src\st
reaming_prefetch.rs:228:13
    |
228 |         let prefix = std::path:
:Path::new(&context.file_path)
    |             ^^^^^^ help: if thi
s is intentional, prefix it with an u
nderscore: `_prefix`

warning: unused variable: `context`
   --> crates\jcode-completion\src\mu
ltiline_completion.rs:245:36
    |
245 |     fn expand_from_template(&se
lf, context: &str, trigger: &str) -> 
Option<MultilineSnippet> {
    |                                
    ^^^^^^^ help: if this is intentio
nal, prefix it with an underscore: `_
context`

warning: field `context_hash` is neve
r read
  --> crates\jcode-completion\src\str
eaming_prefetch.rs:42:5
   |
38 | struct CachedCompletions {
   |        ----------------- field i
n this struct
...
42 |     context_hash: String,
   |     ^^^^^^^^^^^^
   |
   = note: `CachedCompletions` has de
rived impls for the traits `Clone` an
d `Debug`, but these are intentionall
y ignored during dead code analysis
   = note: `#[warn(dead_code)]` (part
 of `#[warn(unused)]`) on by default

warning: method `relevance_score` is 
never used
  --> crates\jcode-completion\src\str
eaming_prefetch.rs:50:8
   |
45 | impl CachedCompletions {
   | ---------------------- method in
 this implementation
...
50 |     fn relevance_score(&self) ->
 f64 {
   |        ^^^^^^^^^^^^^^^

warning: method `get_hot_symbols` is 
never used
   --> crates\jcode-completion\src\st
reaming_prefetch.rs:129:12
    |
 71 | impl EditPatternDetector {
    | ------------------------ method
 in this implementation
...
129 |     pub fn get_hot_symbols(&sel
f, limit: usize) -> Vec<(String, u32)
> {
    |            ^^^^^^^^^^^^^^^

warning: field `avg_latency_ms` is ne
ver read
   --> crates\jcode-completion\src\st
reaming_prefetch.rs:157:5
    |
153 | struct PrefetchStats {
    |        ------------- field in t
his struct
...
157 |     avg_latency_ms: f64,
    |     ^^^^^^^^^^^^^^
    |
    = note: `PrefetchStats` has a der
ived impl for the trait `Debug`, but 
this is intentionally ignored during 
dead code analysis

warning: field `context` is never rea
d
   --> crates\jcode-completion\src\st
reaming_prefetch.rs:163:5
    |
161 | struct PrefetchRequest {
    |        --------------- field in
 this struct
162 |     context_key: String,
163 |     context: CompletionContext,
    |     ^^^^^^^
    |
    = note: `PrefetchRequest` has der
ived impls for the traits `Clone` and
 `Debug`, but these are intentionally
 ignored during dead code analysis

warning: field `index` is never read
  --> crates\jcode-completion\src\col
lab_aware_completion.rs:34:5
   |
26 | pub struct CollabAwareCompleter 
{
   |            -------------------- 
field in this struct
...
34 |     index: Arc<IncrementalIndex>
,
   |     ^^^^^

warning: hiding a lifetime that's eli
ded elsewhere is confusing
  --> crates\jcode-completion\src\ast
_parser.rs:67:33
   |
67 |     pub fn get_node_at_position(
&self, byte_offset: usize) -> Option<
tree_sitter::Node> {
   |                                 
^^^^^ the lifetime is elided here    
^^^^^^^^^^^^^^^^^ the same lifetime i
s hidden here
   |
   = help: the same lifetime is refer
red to in inconsistent ways, making t
he signature confusing
   = note: `#[warn(mismatched_lifetim
e_syntaxes)]` on by default
help: use `'_` for type paths
   |
67 |     pub fn get_node_at_position(
&self, byte_offset: usize) -> Option<
tree_sitter::Node<'_>> {
   |                                 
                                     
                 ++++

warning: `jcode-completion` (lib) gen
erated 16 warnings (run `cargo fix --
lib -p jcode-completion` to apply 10 
suggestions)
error: struct is not supported in `tr
ait`s or `impl`s
   --> src\memory_advanced\tencent_po
rt.rs:545:5
    |
545 |     pub struct Bm25Scorer {
    |     ^^^^^^^^^^^^^^^^^^^^^
    |
    = help: consider moving the struc
t out to a nearby module scope

error: implementation is not supporte
d in `trait`s or `impl`s
   --> src\memory_advanced\tencent_po
rt.rs:560:5
    |
560 |     impl Bm25Scorer {
    |     ^^^^^^^^^^^^^^^
    |
    = help: consider moving the imple
mentation out to a nearby module scop
e

error: struct is not supported in `tr
ait`s or `impl`s
   --> src\memory_advanced\tencent_po
rt.rs:648:5
    |
648 |     pub struct VectorSearchEngi
ne {
    |     ^^^^^^^^^^^^^^^^^^^^^^^^^^^
^^
    |
    = help: consider moving the struc
t out to a nearby module scope

error: implementation is not supporte
d in `trait`s or `impl`s
   --> src\memory_advanced\tencent_po
rt.rs:653:5
    |
653 |     impl VectorSearchEngine {
    |     ^^^^^^^^^^^^^^^^^^^^^^^
    |
    = help: consider moving the imple
mentation out to a nearby module scop
e

error: unknown character escape: ` `
   --> src\tdd\mod.rs:346:15
    |
346 |              \    proptest! {{\
n        #[test]\n        fn test_{}_
property(#[strategy(\"[a-z]{{1,10}}\"
)] input: String) {{\n\
    |               ^ unknown charact
er escape
    |
    = help: for more information, vis
it <https://doc.rust-lang.org/referen
ce/tokens.html#literals>
help: if you meant to write a literal
 backslash (perhaps escaping in a reg
ular expression), consider a raw stri
ng literal
    |
345 |             r"#[cfg(test)]\nmod
 proptest_{} {{\n    use proptest::pr
elude::*;\n    use super::*;\n\n\
    |             +

error: unknown character escape: ` `
   --> src\tdd\mod.rs:347:15
    |
347 |              \            // Pr
operty: {} should never panic\n\
    |               ^ unknown charact
er escape
    |
    = help: for more information, vis
it <https://doc.rust-lang.org/referen
ce/tokens.html#literals>
help: if you meant to write a literal
 backslash (perhaps escaping in a reg
ular expression), consider a raw stri
ng literal
    |
345 |             r"#[cfg(test)]\nmod
 proptest_{} {{\n    use proptest::pr
elude::*;\n    use super::*;\n\n\
    |             +

error: unknown character escape: ` `
   --> src\tdd\mod.rs:348:15
    |
348 |              \            let _
 = {}(&input);\n        }}\n    }}\n}
}",
    |               ^ unknown charact
er escape
    |
    = help: for more information, vis
it <https://doc.rust-lang.org/referen
ce/tokens.html#literals>
help: if you meant to write a literal
 backslash (perhaps escaping in a reg
ular expression), consider a raw stri
ng literal
    |
345 |             r"#[cfg(test)]\nmod
 proptest_{} {{\n    use proptest::pr
elude::*;\n    use super::*;\n\n\
    |             +

error[E0583]: file not found for modu
le `engine`
   --> src\lib.rs:221:1
    |
221 | pub mod engine;
    | ^^^^^^^^^^^^^^^
    |
    = help: to create the module `eng
ine`, create file "src\engine.rs" or 
"src\engine\mod.rs"
    = note: if there is a `mod engine
` elsewhere in the crate already, imp
ort it with `use crate::...` instead

error[E0432]: unresolved import `axum
::extract::ws`
  --> src\dashboard\routes.rs:1:28
   |
 1 | use axum::extract::{Query, ws::{
WebSocket, WebSocketUpgrade}};
   |                            ^^ co
uld not find `ws` in `extract`
   |
note: found an item that was configur
ed out
  --> C:\Users\lenovo\.cargo\registry
\src\index.crates.io-1949cf8c6b5b557f
\axum-0.8.9\src\extract\mod.rs:11:9
   |
10 | #[cfg(feature = "ws")]
   |       -------------- the item is
 gated behind the `ws` feature
11 | pub mod ws;
   |         ^^

error[E0433]: failed to resolve: use 
of unresolved module or unlinked crat
e `prometheus_client`
 --> src\prometheus.rs:8:5
  |
8 | use prometheus_client::registry::
Registry;
  |     ^^^^^^^^^^^^^^^^^ use of unre
solved module or unlinked crate `prom
etheus_client`
  |
  = help: if you wanted to use a crat
e named `prometheus_client`, use `car
go add prometheus_client` to add it t
o your `Cargo.toml`

error[E0433]: failed to resolve: use 
of unresolved module or unlinked crat
e `prometheus_client`
 --> src\prometheus.rs:9:5
  |
9 | use prometheus_client::metrics::c
ounter::Counter;
  |     ^^^^^^^^^^^^^^^^^ use of unre
solved module or unlinked crate `prom
etheus_client`
  |
  = help: if you wanted to use a crat
e named `prometheus_client`, use `car
go add prometheus_client` to add it t
o your `Cargo.toml`

error[E0433]: failed to resolve: use 
of unresolved module or unlinked crat
e `prometheus_client`
  --> src\prometheus.rs:10:5
   |
10 | use prometheus_client::metrics::
gauge::Gauge;
   |     ^^^^^^^^^^^^^^^^^ use of unr
esolved module or unlinked crate `pro
metheus_client`
   |
   = help: if you wanted to use a cra
te named `prometheus_client`, use `ca
rgo add prometheus_client` to add it 
to your `Cargo.toml`

error[E0433]: failed to resolve: use 
of unresolved module or unlinked crat
e `prometheus_client`
  --> src\prometheus.rs:11:5
   |
11 | use prometheus_client::metrics::
histogram::Histogram;
   |     ^^^^^^^^^^^^^^^^^ use of unr
esolved module or unlinked crate `pro
metheus_client`
   |
   = help: if you wanted to use a cra
te named `prometheus_client`, use `ca
rgo add prometheus_client` to add it 
to your `Cargo.toml`

error[E0433]: failed to resolve: use 
of unresolved module or unlinked crat
e `prometheus_client`
  --> src\prometheus.rs:12:5
   |
12 | use prometheus_client::encoding:
:text::encode;
   |     ^^^^^^^^^^^^^^^^^ use of unr
esolved module or unlinked crate `pro
metheus_client`
   |
   = help: if you wanted to use a cra
te named `prometheus_client`, use `ca
rgo add prometheus_client` to add it 
to your `Cargo.toml`

error[E0432]: unresolved import `crat
e::render_optimizer::RenderRect`
  --> src\tui\render_integration.rs:1
4:26
   |
14 |     IncrementalRenderer, RenderR
ect, RenderStats, VirtualList
   |                          ^^^^^^^
^^^ no `RenderRect` in `render_optimi
zer`

error[E0432]: unresolved import `lru`
  --> src\cache_optimizer.rs:11:5
   |
11 | use lru::LruCache;
   |     ^^^ use of unresolved module
 or unlinked crate `lru`
   |
   = help: if you wanted to use a cra
te named `lru`, use `cargo add lru` t
o add it to your `Cargo.toml`

error[E0432]: unresolved import `crat
e::tdd::TddConfig`
  --> src\p2_integration.rs:17:33
   |
17 | use crate::tdd::{TestGenerator, 
TddConfig};
   |                                 
^^^^^^^^^ no `TddConfig` in `tdd`

error[E0433]: failed to resolve: coul
d not find `info` in `logging`
   --> src\mcp\auto_mcp.rs:331:53
    |
331 | ...                   crate::lo
gging::info!(
    |                                
       ^^^^ could not find `info` in 
`logging`
    |
help: crate::logging::info is not a m
acro, but a function, try to remove `
!`
    |
331 -                                
     crate::logging::info!(
331 +                                
     crate::logging::info(
    |

error[E0433]: failed to resolve: coul
d not find `info` in `logging`
   --> src\mcp\auto_mcp.rs:393:25
    |
393 |         crate::logging::info!("
Auto MCP: all servers disconnected");
    |                         ^^^^ co
uld not find `info` in `logging`
    |
help: crate::logging::info is not a m
acro, but a function, try to remove `
!`
    |
393 -         crate::logging::info!("
Auto MCP: all servers disconnected");
393 +         crate::logging::info("A
uto MCP: all servers disconnected");
    |

error: cannot find macro `debug` in t
his scope
   --> src\server\server_impl.rs:783:
21
    |
783 |                     debug!("GC 
compacting session {} to {} messages"
, session_id, keep_messages);
    |                     ^^^^^
    |
note: `debug` is imported here, but i
t is a module, not a macro
   --> src\server\server_impl.rs:1:5
    |
  1 | use super::*;
    |     ^^^^^^^^
help: consider importing this macro
    |
  1 + use tracing::debug;
    |

error: cannot find macro `info` in th
is scope
   --> src\server\server_impl.rs:776:
21
    |
776 |                     info!("GC r
emoving session {}: reason={}", sessi
on_id, reason);
    |                     ^^^^
    |
help: consider importing this macro
    |
  1 + use tracing::info;
    |

error: cannot find macro `spawn_on` i
n this scope
   --> src\server\server_impl.rs:706:
13
    |
706 |             spawn_on!(
    |             ^^^^^^^^
    |
    = help: have you added the `#[mac
ro_use]` on the module/import?
help: consider importing this macro t
hrough its public re-export
    |
  1 + use crate::spawn_on;
    |

error: cannot find macro `spawn_on` i
n this scope
   --> src\server\server_impl.rs:685:
13
    |
685 |             spawn_on!(
    |             ^^^^^^^^
    |
    = help: have you added the `#[mac
ro_use]` on the module/import?
help: consider importing this macro t
hrough its public re-export
    |
  1 + use crate::spawn_on;
    |

error: cannot find macro `spawn_on` i
n this scope
   --> src\server\server_impl.rs:627:
9
    |
627 |         spawn_on!(
    |         ^^^^^^^^
    |
    = help: have you added the `#[mac
ro_use]` on the module/import?
help: consider importing this macro t
hrough its public re-export
    |
  1 + use crate::spawn_on;
    |

error[E0433]: failed to resolve: coul
d not find `completion_helper` in `tu
i`
   --> src\tui\app\tui_lifecycle.rs:8
65:25
    |
865 |             crate::tui::complet
ion_helper::CompletionPrefetchState::
new(200) // 200ms debounce
    |                         ^^^^^^^
^^^^^^^^^^ could not find `completion
_helper` in `tui`

error[E0433]: failed to resolve: coul
d not find `completion_helper` in `tu
i`
   --> src\tui\app.rs:683:55
    |
683 |     completion_prefetch_state: 
Option<Arc<crate::tui::completion_hel
per::CompletionPrefetchState>>,
    |                                
                       ^^^^^^^^^^^^^^
^^^ could not find `completion_helper
` in `tui`

error[E0106]: missing lifetime specif
ier
   --> src\claude_agent_port.rs:452:4
7
    |
452 |         F: Fn() -> futures::fut
ure::BoxFuture<'_, Result<T, String>>
,
    |                                
               ^^ expected named life
time parameter
    |
    = help: this function's return ty
pe contains a borrowed value, but the
re is no value for it to be borrowed 
from
help: consider using the `'static` li
fetime, but this is uncommon unless y
ou're returning a borrowed value from
 a `const` or a `static`, or if you w
ill only have owned values
    |
452 -         F: Fn() -> futures::fut
ure::BoxFuture<'_, Result<T, String>>
,
452 +         F: Fn() -> futures::fut
ure::BoxFuture<'static, Result<T, Str
ing>>,
    |
help: instead, you are more likely to
 want to change one of the arguments 
to be borrowed
    |
450 |     pub async fn auto_retry<F, 
T>(&&self, attempt: &u32, f: &F) -> R
esult<T, String>
    |                                
   +                +        +

error[E0425]: cannot find value `tc` 
in this scope
   --> src\agent\turn_loops.rs:917:16
    |
917 |             if tc.name.starts_w
ith("mcp__") {
    |                ^^ not found in 
this scope

error[E0425]: cannot find value `tc` 
in this scope
   --> src\agent\turn_loops.rs:918:40
    |
918 |                 let parts: Vec<
&str> = tc.name.split("__").collect()
;
    |                                
        ^^ not found in this scope

error[E0425]: cannot find value `tc` 
in this scope
   --> src\agent\turn_loops.rs:928:16
    |
928 |             if tc.name == "edit
" || tc.name == "multiedit" || tc.nam
e == "batch_edit" {
    |                ^^ not found in 
this scope

error[E0425]: cannot find value `tc` 
in this scope
   --> src\agent\turn_loops.rs:928:37
    |
928 |             if tc.name == "edit
" || tc.name == "multiedit" || tc.nam
e == "batch_edit" {
    |                                
     ^^ not found in this scope

error[E0425]: cannot find value `tc` 
in this scope
   --> src\agent\turn_loops.rs:928:63
    |
928 |             if tc.name == "edit
" || tc.name == "multiedit" || tc.nam
e == "batch_edit" {
    |                                
                               ^^ not
 found in this scope

error[E0425]: cannot find value `tc` 
in this scope
   --> src\agent\turn_loops.rs:929:42
    |
929 |                 if let Some(fil
e_path) = tc.input.get("file_path").a
nd_then(|v| v.as_str()) {
    |                                
          ^^ not found in this scope

error[E0425]: cannot find value `tc` 
in this scope
   --> src\agent\turn_loops.rs:935:20
    |
935 |                 if tc.name == "
batch_edit" {
    |                    ^^ not found
 in this scope

error[E0425]: cannot find value `tc` 
in this scope
   --> src\agent\turn_loops.rs:936:42
    |
936 |                     if let Some
(files) = tc.input.get("files").and_t
hen(|v| v.as_array()) {
    |                                
          ^^ not found in this scope

error[E0425]: cannot find value `mgr`
 in this scope
   --> src\mcp\auto_mcp.rs:312:35
    |
312 | ...                   match mgr
.connect(&n, &sc).await {
    |                             ^^^
    |
help: the binding `mgr` is available 
in a different scope in the same func
tion
   --> src\mcp\auto_mcp.rs:306:33
    |
306 | ...                   let mgr =
 manager.read().await;
    |                           ^^^

error[E0433]: failed to resolve: coul
d not find `ws` in `extract`
   --> src\dashboard\routes.rs:238:35
    |
238 |     if sender.send(axum::extrac
t::ws::Message::Text(init_msg.to_stri
ng())).await.is_err() {
    |                                
   ^^ could not find `ws` in `extract
`
    |
note: found an item that was configur
ed out
   --> C:\Users\lenovo\.cargo\registr
y\src\index.crates.io-1949cf8c6b5b557
f\axum-0.8.9\src\extract\mod.rs:11:9
    |
 10 | #[cfg(feature = "ws")]
    |       -------------- the item i
s gated behind the `ws` feature
 11 | pub mod ws;
    |         ^^
help: consider importing one of these
 items
    |
  1 + use crate::compression::Message
;
    |
  1 + use crate::dap::Message;
    |
  1 + use crate::external::Message;
    |
  1 + use crate::gmail::Message;
    |
    = and 8 other candidates
help: if you import `Message`, refer 
to it directly
    |
238 -     if sender.send(axum::extrac
t::ws::Message::Text(init_msg.to_stri
ng())).await.is_err() {
238 +     if sender.send(Message::Tex
t(init_msg.to_string())).await.is_err
() {
    |

error[E0433]: failed to resolve: coul
d not find `ws` in `extract`
   --> src\dashboard\routes.rs:246:32
    |
246 |                 axum::extract::
ws::Message::Text(text) => {
    |                                
^^ could not find `ws` in `extract`
    |
note: found an item that was configur
ed out
   --> C:\Users\lenovo\.cargo\registr
y\src\index.crates.io-1949cf8c6b5b557
f\axum-0.8.9\src\extract\mod.rs:11:9
    |
 10 | #[cfg(feature = "ws")]
    |       -------------- the item i
s gated behind the `ws` feature
 11 | pub mod ws;
    |         ^^
help: consider importing one of these
 items
    |
  1 + use crate::compression::Message
;
    |
  1 + use crate::dap::Message;
    |
  1 + use crate::external::Message;
    |
  1 + use crate::gmail::Message;
    |
    = and 8 other candidates
help: if you import `Message`, refer 
to it directly
    |
246 -                 axum::extract::
ws::Message::Text(text) => {
246 +                 Message::Text(t
ext) => {
    |

error[E0433]: failed to resolve: coul
d not find `ws` in `extract`
   --> src\dashboard\routes.rs:252:60
    |
252 |                         let _ =
 sender.send(axum::extract::ws::Messa
ge::Text(pong.to_string())).await;
    |                                
                            ^^ could 
not find `ws` in `extract`
    |
note: found an item that was configur
ed out
   --> C:\Users\lenovo\.cargo\registr
y\src\index.crates.io-1949cf8c6b5b557
f\axum-0.8.9\src\extract\mod.rs:11:9
    |
 10 | #[cfg(feature = "ws")]
    |       -------------- the item i
s gated behind the `ws` feature
 11 | pub mod ws;
    |         ^^
help: consider importing one of these
 items
    |
  1 + use crate::compression::Message
;
    |
  1 + use crate::dap::Message;
    |
  1 + use crate::external::Message;
    |
  1 + use crate::gmail::Message;
    |
    = and 8 other candidates
help: if you import `Message`, refer 
to it directly
    |
252 -                         let _ =
 sender.send(axum::extract::ws::Messa
ge::Text(pong.to_string())).await;
252 +                         let _ =
 sender.send(Message::Text(pong.to_st
ring())).await;
    |

error[E0433]: failed to resolve: coul
d not find `ws` in `extract`
   --> src\dashboard\routes.rs:255:32
    |
255 |                 axum::extract::
ws::Message::Close(_) => {
    |                                
^^ could not find `ws` in `extract`
    |
note: found an item that was configur
ed out
   --> C:\Users\lenovo\.cargo\registr
y\src\index.crates.io-1949cf8c6b5b557
f\axum-0.8.9\src\extract\mod.rs:11:9
    |
 10 | #[cfg(feature = "ws")]
    |       -------------- the item i
s gated behind the `ws` feature
 11 | pub mod ws;
    |         ^^
help: consider importing one of these
 items
    |
  1 + use crate::compression::Message
;
    |
  1 + use crate::dap::Message;
    |
  1 + use crate::external::Message;
    |
  1 + use crate::gmail::Message;
    |
    = and 8 other candidates
help: if you import `Message`, refer 
to it directly
    |
255 -                 axum::extract::
ws::Message::Close(_) => {
255 +                 Message::Close(
_) => {
    |

error[E0433]: failed to resolve: use 
of unresolved module or unlinked crat
e `providers`
   --> src\completion_engine\engine.r
s:217:25
    |
217 |                 config: provide
rs::CompletionProviderConfig {
    |                         ^^^^^^^
^^ use of unresolved module or unlink
ed crate `providers`
    |
help: to make use of source file src\
completion_engine\providers.rs, use `
mod providers` in this file to declar
e the module
   --> src\lib.rs:9:1
    |
  9 + mod providers;
    |
help: consider importing this module
    |
  1 + use crate::completion_engine::p
roviders;
    |

error[E0433]: failed to resolve: use 
of unresolved module or unlinked crat
e `providers`
   --> src\completion_engine\engine.r
s:230:25
    |
230 |                 config: provide
rs::CompletionProviderConfig {
    |                         ^^^^^^^
^^ use of unresolved module or unlink
ed crate `providers`
    |
help: to make use of source file src\
completion_engine\providers.rs, use `
mod providers` in this file to declar
e the module
   --> src\lib.rs:9:1
    |
  9 + mod providers;
    |
help: consider importing this module
    |
  1 + use crate::completion_engine::p
roviders;
    |

error[E0433]: failed to resolve: use 
of unresolved module or unlinked crat
e `providers`
   --> src\completion_engine\engine.r
s:243:25
    |
243 |                 config: provide
rs::CompletionProviderConfig {
    |                         ^^^^^^^
^^ use of unresolved module or unlink
ed crate `providers`
    |
help: to make use of source file src\
completion_engine\providers.rs, use `
mod providers` in this file to declar
e the module
   --> src\lib.rs:9:1
    |
  9 + mod providers;
    |
help: consider importing this module
    |
  1 + use crate::completion_engine::p
roviders;
    |

error[E0433]: failed to resolve: use 
of unresolved module or unlinked crat
e `providers`
   --> src\completion_engine\engine.r
s:256:25
    |
256 |                 config: provide
rs::CompletionProviderConfig {
    |                         ^^^^^^^
^^ use of unresolved module or unlink
ed crate `providers`
    |
help: to make use of source file src\
completion_engine\providers.rs, use `
mod providers` in this file to declar
e the module
   --> src\lib.rs:9:1
    |
  9 + mod providers;
    |
help: consider importing this module
    |
  1 + use crate::completion_engine::p
roviders;
    |

error[E0424]: expected value, found m
odule `self`
   --> src\tdd\mod.rs:229:34
    |
223 |     pub async fn generate_unit_
test_llm(
    |                  --------------
-------- this function doesn't have a
 `self` parameter
...
229 |         if let Some(ref cache) 
= self.cache {
    |                                
  ^^^^ `self` value is a keyword only
 available in methods with a `self` p
arameter
    |
help: add a `self` receiver parameter
 to make the associated `fn` a method
    |
224 |         &self, file_path: &str,
    |         ++++++

error[E0424]: expected value, found m
odule `self`
   --> src\tdd\mod.rs:300:34
    |
223 |     pub async fn generate_unit_
test_llm(
    |                  --------------
-------- this function doesn't have a
 `self` parameter
...
300 |         if let Some(ref cache) 
= self.cache {
    |                                
  ^^^^ `self` value is a keyword only
 available in methods with a `self` p
arameter
    |
help: add a `self` receiver parameter
 to make the associated `fn` a method
    |
224 |         &self, file_path: &str,
    |         ++++++

error[E0425]: cannot find type `Redis
Cache` in this scope
  --> src\performance_advanced\mod.rs
:23:26
   |
23 |     l3_redis: Option<Arc<RedisCa
che>>,                            // 
L3: 鍒嗗竷寮忕紦瀛?(<50ms)
   |                          ^^^^^^^
^^^ not found in this scope
   |
help: you might be missing a type par
ameter
   |
20 | pub struct LlmResponseCache<Redi
sCache> {
   |                            +++++
+++++++

error[E0433]: failed to resolve: use 
of unresolved module or unlinked crat
e `lru`
   --> src\performance_advanced\mod.r
s:50:45
    |
 50 |             l1_memory: Arc::new
(RwLock::new(lru::LruCache::new(capac
ity))),
    |                                
             ^^^ use of unresolved mo
dule or unlinked crate `lru`
    |
    = help: if you wanted to use a cr
ate named `lru`, use `cargo add lru` 
to add it to your `Cargo.toml`
note: these structs exist but are ina
ccessible
   --> src\auto_mode\aho_corasick.rs:
128:1
    |
128 | struct LruCache<T> {
    | ^^^^^^^^^^^^^^^^^^ `crate::auto
_mode::aho_corasick::LruCache`: not a
ccessible
    |
   ::: src\team_sync.rs:542:1
    |
542 | struct LruCache<K, V> {
    | ^^^^^^^^^^^^^^^^^^^^^ `crate::t
eam_sync::LruCache`: not accessible
help: consider importing one of these
 structs
    |
 12 + use crate::memory::cache::LruCa
che;
    |
 12 + use crate::utils::LruCache;
    |
help: if you import `LruCache`, refer
 to it directly
    |
 50 -             l1_memory: Arc::new
(RwLock::new(lru::LruCache::new(capac
ity))),
 50 +             l1_memory: Arc::new
(RwLock::new(LruCache::new(capacity))
),
    |

error[E0425]: cannot find type `Redis
Cache` in this scope
  --> src\performance_advanced\mod.rs
:63:33
   |
63 |         redis_cache: Option<Arc<
RedisCache>>,
   |                                 
^^^^^^^^^^ not found in this scope
   |
help: you might be missing a type par
ameter
   |
47 | impl<RedisCache> LlmResponseCach
e {
   |     ++++++++++++

error[E0433]: failed to resolve: use 
of unresolved module or unlinked crat
e `lru`
   --> src\performance_advanced\mod.r
s:69:45
    |
 69 |             l1_memory: Arc::new
(RwLock::new(lru::LruCache::new(capac
ity))),
    |                                
             ^^^ use of unresolved mo
dule or unlinked crate `lru`
    |
    = help: if you wanted to use a cr
ate named `lru`, use `cargo add lru` 
to add it to your `Cargo.toml`
note: these structs exist but are ina
ccessible
   --> src\auto_mode\aho_corasick.rs:
128:1
    |
128 | struct LruCache<T> {
    | ^^^^^^^^^^^^^^^^^^ `crate::auto
_mode::aho_corasick::LruCache`: not a
ccessible
    |
   ::: src\team_sync.rs:542:1
    |
542 | struct LruCache<K, V> {
    | ^^^^^^^^^^^^^^^^^^^^^ `crate::t
eam_sync::LruCache`: not accessible
help: consider importing one of these
 structs
    |
 12 + use crate::memory::cache::LruCa
che;
    |
 12 + use crate::utils::LruCache;
    |
help: if you import `LruCache`, refer
 to it directly
    |
 69 -             l1_memory: Arc::new
(RwLock::new(lru::LruCache::new(capac
ity))),
 69 +             l1_memory: Arc::new
(RwLock::new(LruCache::new(capacity))
),
    |

warning: unused import: `Instant`
  --> src\agent\concurrency_integrati
on.rs:11:27
   |
11 | use std::time::{Duration, Instan
t};
   |                           ^^^^^^
^
   |
   = note: `#[warn(unused_imports)]` 
(part of `#[warn(unused)]`) on by def
ault

warning: unused imports: `error` and 
`warn`
 --> src\agent\cross_file_repair.rs:7
:21
  |
7 | use tracing::{info, warn, error};
  |                     ^^^^  ^^^^^

warning: unused import: `EditBridge`
  --> src\agent\cross_file_repair.rs:
10:63
   |
10 |     CrossFileRepairEngine, TreeS
itterAstAdapter, TypeChecker, EditBri
dge,
   |                                 
                              ^^^^^^^
^^^

warning: unused import: `Serialize`
 --> src\auth\sso\saml.rs:5:26
  |
5 | use serde::{Deserialize, Serializ
e};
  |                          ^^^^^^^^
^

warning: unused import: `SsoUserInfo`
 --> src\auth\sso\session.rs:3:25
  |
3 | use super::{SsoSession, SsoUserIn
fo};
  |                         ^^^^^^^^^
^^

warning: unused import: `crate::mcp::
server::McpServer`
   --> src\cli\management_commands.rs
:229:5
    |
229 | use crate::mcp::server::McpServ
er;
    |     ^^^^^^^^^^^^^^^^^^^^^^^^^^^
^^

warning: unused import: `HashSet`
  --> src\crdt\mod.rs:12:33
   |
12 | use std::collections::{HashMap, 
HashSet};
   |                                 
^^^^^^^

warning: unused imports: `CrdtOperati
on` and `Element`
 --> src\crdt\sequence_crdt.rs:7:25
  |
7 | use super::{CrdtNodeId, CrdtOpera
tion, LogicalClock, Element};
  |                         ^^^^^^^^^
^^^^                ^^^^^^^

warning: unused imports: `HashMap` an
d `VecDeque`
 --> src\crdt\ot_bridge.rs:6:24
  |
6 | use std::collections::{HashMap, V
ecDeque};
  |                        ^^^^^^^  ^
^^^^^^^

warning: unused import: `SelectionRan
ge`
 --> src\crdt\ot_bridge.rs:8:54
  |
8 | use super::{CrdtNodeId, LogicalCl
ock, CrdtOperation, SelectionRange};
  |                                  
                    ^^^^^^^^^^^^^^

warning: unused import: `std::cmp::Or
dering`
 --> src\crdt\version_vector.rs:7:5
  |
7 | use std::cmp::Ordering;
  |     ^^^^^^^^^^^^^^^^^^

warning: unused import: `self::reload
::await_reload_signal`
  --> src\server.rs:56:5
   |
56 | use self::reload::await_reload_s
ignal;
   |     ^^^^^^^^^^^^^^^^^^^^^^^^^^^^
^^^^^

warning: unexpected `cfg` condition v
alue: `gpu-discovery`
 --> src\server\server_impl.rs:9:15
  |
9 |         #[cfg(feature = "gpu-disc
overy")]
  |               ^^^^^^^^^^^^^^^^^^^
^^^^^^
  |
  = note: expected values for `featur
e` are: `audit`, `default`, `dev-bins
`, `embeddings`, `jemalloc`, `jemallo
c-prof`, and `pdf`
  = help: consider adding `gpu-discov
ery` as a feature in `Cargo.toml`
  = note: see <https://doc.rust-lang.
org/nightly/rustc/check-cfg/cargo-spe
cifics.html> for more information abo
ut checking conditional configuration
  = note: `#[warn(unexpected_cfgs)]` 
on by default

warning: unexpected `cfg` condition v
alue: `gpu-discovery`
  --> src\server\server_impl.rs:53:19
   |
53 |         #[cfg(not(feature = "gpu
-discovery"))]
   |                   ^^^^^^^^^^^^^^
^^^^^^^^^^^
   |
   = note: expected values for `featu
re` are: `audit`, `default`, `dev-bin
s`, `embeddings`, `jemalloc`, `jemall
oc-prof`, and `pdf`
   = help: consider adding `gpu-disco
very` as a feature in `Cargo.toml`
   = note: see <https://doc.rust-lang
.org/nightly/rustc/check-cfg/cargo-sp
ecifics.html> for more information ab
out checking conditional configuratio
n

warning: unused import: `warn`
 --> src\server\server_impl.rs:6:29
  |
6 |         use tracing::{info, warn}
;
  |                             ^^^^

warning: unused import: `tokio::sync:
:RwLock`
  --> src\tui\render_integration.rs:1
9:5
   |
19 | use tokio::sync::RwLock;
   |     ^^^^^^^^^^^^^^^^^^^

warning: unused import: `HashSet`
 --> src\dap\session.rs:6:33
  |
6 | use std::collections::{HashMap, H
ashSet};
  |                                 ^
^^^^^^

warning: unused imports: `error`, `in
fo`, and `warn`
  --> src\dap\adapter.rs:11:15
   |
11 | use tracing::{info, warn, error,
 log};
   |               ^^^^  ^^^^  ^^^^^

warning: unused import: `std::sync::A
rc`
  --> src\runtime_manager.rs:25:5
   |
25 | use std::sync::Arc;
   |     ^^^^^^^^^^^^^^

warning: unused import: `error`
  --> src\runtime_manager.rs:27:21
   |
27 | use tracing::{info, error};
   |                     ^^^^^

warning: unused import: `error`
  --> src\cgroup_isolation.rs:16:27
   |
16 | use tracing::{info, warn, error}
;
   |                           ^^^^^

warning: unused import: `std::collect
ions::HashMap`
  --> src\lsp_server.rs:12:5
   |
12 | use std::collections::HashMap;
   |     ^^^^^^^^^^^^^^^^^^^^^^^^^

warning: unused import: `CodeActionDi
agnostic`
   --> src\lsp_server.rs:132:143
    |
132 | ... LspRange, TextDocumentIdent
ifier, CodeActionContext, CodeActionD
iagnostic};
    |                                
                          ^^^^^^^^^^^
^^^^^^^^^

warning: unused import: `std::collect
ions::HashMap`
  --> src\auto_fallback.rs:15:5
   |
15 | use std::collections::HashMap;
   |     ^^^^^^^^^^^^^^^^^^^^^^^^^

warning: unused import: `tokio::sync:
:RwLock`
 --> src\rest_llm.rs:9:5
  |
9 | use tokio::sync::RwLock;
  |     ^^^^^^^^^^^^^^^^^^^

warning: unused imports: `HashMap` an
d `HashSet`
  --> src\claude_agent_port.rs:12:24
   |
12 | use std::collections::{HashMap, 
HashSet};
   |                        ^^^^^^^  
^^^^^^^

warning: unused import: `std::sync::A
rc`
  --> src\claude_agent_port.rs:14:5
   |
14 | use std::sync::Arc;
   |     ^^^^^^^^^^^^^^

warning: unused import: `tokio::sync:
:RwLock`
  --> src\claude_agent_port.rs:16:5
   |
16 | use tokio::sync::RwLock;
   |     ^^^^^^^^^^^^^^^^^^^

warning: unused imports: `SystemTime`
 and `UNIX_EPOCH`
  --> src\completion_quality.rs:15:27
   |
15 | use std::time::{Duration, System
Time, UNIX_EPOCH};
   |                           ^^^^^^
^^^^  ^^^^^^^^^^

warning: unused import: `std::collect
ions::HashMap`
 --> src\diff_integration.rs:9:5
  |
9 | use std::collections::HashMap;
  |     ^^^^^^^^^^^^^^^^^^^^^^^^^

warning: unused import: `std::collect
ions::HashMap`
  --> src\compilation_engine.rs:12:5
   |
12 | use std::collections::HashMap;
   |     ^^^^^^^^^^^^^^^^^^^^^^^^^

warning: unused import: `tokio::time:
:sleep`
  --> src\compilation_engine.rs:17:5
   |
17 | use tokio::time::sleep;
   |     ^^^^^^^^^^^^^^^^^^

warning: unused imports: `Duration` a
nd `Instant`
  --> src\agent_runtime.rs:19:17
   |
19 | use std::time::{Duration, Instan
t};
   |                 ^^^^^^^^  ^^^^^^
^

warning: unused imports: `AutoFallbac
kRouter` and `InferenceTarget`
  --> src\agent_runtime.rs:22:28
   |
22 | use crate::auto_fallback::{AutoF
allbackRouter, InferenceTarget};
   |                            ^^^^^
^^^^^^^^^^^^^  ^^^^^^^^^^^^^^^

warning: unused imports: `CompileErro
r` and `FixCycleResult`
  --> src\agent_runtime.rs:24:37
   |
24 |     AutoFixLoop, CompilationEngi
ne, CompileError, FixLoopConfig, FixC
ycleResult, OutputRecoveryManager,
   |                                 
    ^^^^^^^^^^^^                 ^^^^
^^^^^^^^^^

warning: unused imports: `AgentLoopCo
nfig`, `partition_tool_calls`, `struc
tured_error`, `tool_is_readonly`, and
 `with_memory_hint`
  --> src\agent_runtime.rs:27:18
   |
27 |     PlanManager, partition_tool_
calls, tool_is_readonly, RetryHook,
   |                  ^^^^^^^^^^^^^^^
^^^^^  ^^^^^^^^^^^^^^^^
28 |     structured_error, with_memor
y_hint, AgentLoopConfig,
   |     ^^^^^^^^^^^^^^^^  ^^^^^^^^^^
^^^^^^  ^^^^^^^^^^^^^^^

warning: unused imports: `CodeActionP
rovider` and `RefactoringEngine`
  --> src\agent_runtime.rs:30:31
   |
30 | use crate::lsp_code_actions::{Re
factoringEngine, CodeActionProvider};
   |                               ^^
^^^^^^^^^^^^^^^  ^^^^^^^^^^^^^^^^^^

warning: unused import: `std::sync::A
rc`
  --> src\completion\integration.rs:1
0:5
   |
10 | use std::sync::Arc;
   |     ^^^^^^^^^^^^^^

warning: ambiguous glob re-exports
 --> src\completion\mod.rs:4:9
  |
4 | pub use bash::*;
  |         ^^^^^^^ the name `Complet
ionKind` in the type namespace is fir
st re-exported here
5 | pub use integration::*;
  |         -------------- but the na
me `CompletionKind` in the type names
pace is also re-exported here
  |
  = note: `#[warn(ambiguous_glob_reex
ports)]` on by default

warning: unused import: `HashSet`
  --> src\semantic\mod.rs:10:33
   |
10 | use std::collections::{HashMap, 
HashSet};
   |                                 
^^^^^^^

warning: unused import: `anyhow::Resu
lt`
  --> src\cache_optimizer.rs:10:5
   |
10 | use anyhow::Result;
   |     ^^^^^^^^^^^^^^

warning: unused import: `CacheStats`
 --> src\cache_integration.rs:6:73
  |
6 | use crate::cache_optimizer::{Toke
nCacheOptimizer, CacheOptimizerConfig
, CacheStats};
  |                                  
                                     
  ^^^^^^^^^^

warning: unused import: `tokio::sync:
:RwLock`
  --> src\cache_integration.rs:10:5
   |
10 | use tokio::sync::RwLock;
   |     ^^^^^^^^^^^^^^^^^^^

warning: unused import: `Semaphore`
  --> src\inference_optimizer.rs:16:3
4
   |
16 | use tokio::sync::{Mutex, RwLock,
 Semaphore};
   |                                 
 ^^^^^^^^^

warning: unused import: `std::os::win
dows::io::FromRawHandle`
   --> src\inference_optimizer.rs:242
:13
    |
242 |         use std::os::windows::i
o::FromRawHandle;
    |             ^^^^^^^^^^^^^^^^^^^
^^^^^^^^^^^^^^^^

warning: unused import: `Duration`
  --> src\inference_integration.rs:15
:17
   |
15 | use std::time::{Duration, Instan
t};
   |                 ^^^^^^^^

warning: unused import: `uuid::Uuid`
  --> src\distributed\three_layer_loa
d_balancer.rs:17:5
   |
17 | use uuid::Uuid;
   |     ^^^^^^^^^^

warning: unused import: `error`
 --> src\distributed\grpc_comm.rs:9:2
7
  |
9 | use tracing::{info, warn, error, 
debug};
  |                           ^^^^^

warning: unused imports: `Duration` a
nd `Instant`
  --> src\distributed\fault_tolerance
.rs:11:17
   |
11 | use std::time::{Duration, Instan
t};
   |                 ^^^^^^^^  ^^^^^^
^

warning: unused import: `Instant`
  --> src\distributed\partition_toler
ance.rs:13:27
   |
13 | use std::time::{Duration, Instan
t};
   |                           ^^^^^^
^

warning: unused import: `std::sync::A
rc`
  --> src\distributed\partition_toler
ance.rs:14:5
   |
14 | use std::sync::Arc;
   |     ^^^^^^^^^^^^^^

warning: unused import: `tokio::sync:
:RwLock`
  --> src\distributed\partition_toler
ance.rs:15:5
   |
15 | use tokio::sync::RwLock;
   |     ^^^^^^^^^^^^^^^^^^^

warning: unused import: `debug`
  --> src\distributed\partition_toler
ance.rs:16:34
   |
16 | use tracing::{info, warn, error,
 debug};
   |                                 
 ^^^^^

warning: unused import: `SupportedLan
guage`
  --> src\context\intelligent_selecto
r.rs:15:56
   |
15 | use crate::ast::tree_sitter::{As
tParser, FileAnalysis, SupportedLangu
age};
   |                                 
                       ^^^^^^^^^^^^^^
^^^

warning: unused imports: `Incremental
IndexConfig` and `get_or_create_index
er`
  --> src\context\intelligent_selecto
r.rs:16:32
   |
16 | use crate::incremental_index::{g
et_or_create_indexer, IncrementalInde
xConfig};
   |                                ^
^^^^^^^^^^^^^^^^^^^^  ^^^^^^^^^^^^^^^
^^^^^^^

warning: unused import: `HashSet`
 --> src\completion_engine\engine.rs:
2:33
  |
2 | use std::collections::{HashMap, H
ashSet};
  |                                 ^
^^^^^^

warning: unused import: `tracing::inf
o`
 --> src\completion_engine\engine.rs:
7:5
  |
7 | use tracing::info;
  |     ^^^^^^^^^^^^^

warning: unused import: `HashSet`
 --> src\completion_engine\context.rs
:2:33
  |
2 | use std::collections::{HashMap, H
ashSet};
  |                                 ^
^^^^^^

warning: unused imports: `Node` and `
Tree`
 --> src\completion_engine\context.rs
:4:37
  |
4 | use tree_sitter::{Language, Parse
r, Tree, Node};
  |                                  
   ^^^^  ^^^^

warning: ambiguous glob re-exports
  --> src\completion_engine\mod.rs:8:
9
   |
 8 | pub use providers::*;
   |         ^^^^^^^^^^^^ the name `S
nippet` in the type namespace is firs
t re-exported here
...
11 | pub use snippets::*;
   |         ----------- but the name
 `Snippet` in the type namespace is a
lso re-exported here

warning: unused imports: `Architectur
eLayer`, `ComplexityLevel`, `KGEdge`,
 `KGNode`, `KnowledgeGraph`, `NodeKin
d`, and `RelationType`
 --> src\knowledge_agents\project_sca
nner.rs:9:13
  |
9 | use super::{KnowledgeGraph, Pipel
ineConfig, ComplexityLevel, KGNode, N
odeKind, KGEdge, RelationType, Archit
ectureLayer};
  |             ^^^^^^^^^^^^^^       
           ^^^^^^^^^^^^^^^  ^^^^^^  ^
^^^^^^^  ^^^^^^  ^^^^^^^^^^^^  ^^^^^^
^^^^^^^^^^^

warning: unused import: `HashMap`
 --> src\knowledge_agents\file_analyz
er.rs:5:24
  |
5 | use std::collections::{HashMap, H
ashSet};
  |                        ^^^^^^^

warning: unused import: `super::proje
ct_scanner::FileEntry`
  --> src\knowledge_agents\file_analy
zer.rs:10:5
   |
10 | use super::project_scanner::File
Entry;
   |     ^^^^^^^^^^^^^^^^^^^^^^^^^^^^
^^^^^

warning: unused imports: `KGNode`, `N
odeKind`, and `RelationType`
  --> src\knowledge_agents\file_analy
zer.rs:11:13
   |
11 | use super::{KGNode, NodeKind, Re
lationType, ComplexityLevel};
   |             ^^^^^^  ^^^^^^^^  ^^
^^^^^^^^^^

warning: unused import: `std::collect
ions::HashMap`
 --> src\knowledge_agents\architectur
e_analyzer.rs:5:5
  |
5 | use std::collections::HashMap;
  |     ^^^^^^^^^^^^^^^^^^^^^^^^^

warning: unused imports: `KGNode` and
 `NodeKind`
  --> src\knowledge_agents\architectu
re_analyzer.rs:11:32
   |
11 | use super::{ArchitectureLayer, K
GNode, KnowledgeGraph, NodeKind};
   |                                ^
^^^^^                  ^^^^^^^^

warning: unused import: `std::collect
ions::HashMap`
 --> src\knowledge_agents\domain_anal
yzer.rs:5:5
  |
5 | use std::collections::HashMap;
  |     ^^^^^^^^^^^^^^^^^^^^^^^^^

warning: unused import: `KGNode`
  --> src\knowledge_agents\domain_ana
lyzer.rs:10:13
   |
10 | use super::{KGNode, KnowledgeGra
ph};
   |             ^^^^^^

warning: unused import: `RelationType
`
 --> src\knowledge_agents\tour_builde
r.rs:8:39
  |
8 | use super::{KnowledgeGraph, NodeK
ind, RelationType};
  |                                  
     ^^^^^^^^^^^^

warning: unused imports: `KGEdge`, `K
GNode`, and `RelationType`
 --> src\knowledge_agents\graph_revie
wer.rs:5:13
  |
5 | use super::{KGEdge, KGNode, Knowl
edgeGraph, RelationType};
  |             ^^^^^^  ^^^^^^       
           ^^^^^^^^^^^^

warning: unused imports: `KGEdge` and
 `KGNode`
  --> src\knowledge_agents\knowledge_
graph.rs:13:13
   |
13 | use super::{KGEdge, KGNode, Know
ledgeGraph, PipelineConfig};
   |             ^^^^^^  ^^^^^^

warning: unused import: `std::path::P
ath`
  --> src\refactor\mod.rs:16:5
   |
16 | use std::path::Path;
   |     ^^^^^^^^^^^^^^^

warning: unused import: `std::collect
ions::HashMap`
  --> src\transaction\mod.rs:12:5
   |
12 | use std::collections::HashMap;
   |     ^^^^^^^^^^^^^^^^^^^^^^^^^

warning: unused import: `HashSet`
 --> src\orchestrator\mod.rs:9:33
  |
9 | use std::collections::{HashMap, H
ashSet};
  |                                 ^
^^^^^^

warning: unused import: `Duration`
  --> src\orchestrator\mod.rs:11:17
   |
11 | use std::time::{Duration, Instan
t, SystemTime};
   |                 ^^^^^^^^

warning: unused import: `Path`
  --> src\memory_advanced\tencent_por
t.rs:13:17
   |
13 | use std::path::{Path, PathBuf};
   |                 ^^^^

warning: unused import: `Duration`
  --> src\memory_advanced\tencent_por
t.rs:15:17
   |
15 | use std::time::{Duration, System
Time, UNIX_EPOCH};
   |                 ^^^^^^^^

warning: unused import: `UNIX_EPOCH`
  --> src\memory_advanced\mod.rs:20:3
9
   |
20 | use std::time::{Duration, System
Time, UNIX_EPOCH};
   |                                 
      ^^^^^^^^^^

warning: unused import: `async_trait:
:async_trait`
  --> src\tdd\mod.rs:74:5
   |
74 | use async_trait::async_trait;
   |     ^^^^^^^^^^^^^^^^^^^^^^^^

warning: unused import: `ToolDefiniti
on`
  --> src\tdd\mod.rs:76:42
   |
76 | use jcode_message_types::{Messag
e, Role, ToolDefinition, StreamEvent}
;
   |                                 
         ^^^^^^^^^^^^^^

warning: unexpected `cfg` condition v
alue: `redis`
   --> src\performance_advanced\mod.r
s:602:7
    |
602 | #[cfg(feature = "redis")]
    |       ^^^^^^^^^^^^^^^^^
    |
    = note: expected values for `feat
ure` are: `audit`, `default`, `dev-bi
ns`, `embeddings`, `jemalloc`, `jemal
loc-prof`, and `pdf`
    = help: consider adding `redis` a
s a feature in `Cargo.toml`
    = note: see <https://doc.rust-lan
g.org/nightly/rustc/check-cfg/cargo-s
pecifics.html> for more information a
bout checking conditional configurati
on

warning: unexpected `cfg` condition v
alue: `redis`
   --> src\performance_advanced\mod.r
s:608:7
    |
608 | #[cfg(feature = "redis")]
    |       ^^^^^^^^^^^^^^^^^
    |
    = note: expected values for `feat
ure` are: `audit`, `default`, `dev-bi
ns`, `embeddings`, `jemalloc`, `jemal
loc-prof`, and `pdf`
    = help: consider adding `redis` a
s a feature in `Cargo.toml`
    = note: see <https://doc.rust-lan
g.org/nightly/rustc/check-cfg/cargo-s
pecifics.html> for more information a
bout checking conditional configurati
on

warning: unused import: `SystemTime`
  --> src\performance_advanced\cache_
optimizer.rs:12:36
   |
12 | use std::time::{Duration, Instan
t, SystemTime};
   |                                 
   ^^^^^^^^^^

warning: unused import: `Instant`
  --> src\performance_advanced\mod.rs
:14:27
   |
14 | use std::time::{Duration, Instan
t, SystemTime};
   |                           ^^^^^^
^

warning: unused import: `LlmResponseC
ache`
  --> src\p2_integration.rs:15:5
   |
15 |     LlmResponseCache,
   |     ^^^^^^^^^^^^^^^^

error[E0728]: `await` is only allowed
 inside `async` functions and blocks
   --> src\server\server_impl.rs:790:
46
    |
790 |             gc.start_background
_gc(gc_agent).await;
    |                                
              ^^^^^ only allowed insi
de `async` functions and blocks

error[E0728]: `await` is only allowed
 inside `async` functions and blocks
   --> src\compilation_engine.rs:425:
78
    |
425 |         while let Some(Ok(entry
)) = dir.as_mut().and_then(|d| d.next
_entry().await.ok()) {
    |                                
                           ---       
         ^^^^^ only allowed inside `a
sync` functions and blocks
    |                                
                           |
    |                                
                           this is no
t `async`

warning: use of deprecated function `
base64::encode`: Use Engine::encode
   --> src\auth\sso\saml.rs:238:16
    |
238 |     Ok(base64::encode(request))
    |                ^^^^^^
    |
    = note: `#[warn(deprecated)]` on 
by default

warning: use of deprecated function `
base64::decode`: Use Engine::decode
   --> src\auth\sso\saml.rs:246:27
    |
246 |     let decoded = base64::decod
e(response)
    |                           ^^^^^
^

error[E0195]: lifetime parameters or 
bounds on method `provide_completions
` do not match the trait declaration
  --> src\completion_engine\providers
.rs:68:33
   |
34 | #[async_trait]
   | -------------- this bound might 
be missing in the impl
...
38 |     async fn provide_completions
<'a>(
   |                                 
----
   |                                 
||
   |                                 
|this bound might be missing in the i
mpl
   |                                 
lifetimes in impl do not match this m
ethod in trait
...
68 |     async fn provide_completions
<'a>(
   |                                 
^^^^ lifetimes do not match method in
 trait

error[E0195]: lifetime parameters or 
bounds on method `provide_completions
` do not match the trait declaration
   --> src\completion_engine\provider
s.rs:132:33
    |
 34 | #[async_trait]
    | -------------- this bound might
 be missing in the impl
...
 38 |     async fn provide_completion
s<'a>(
    |                                
 ----
    |                                
 ||
    |                                
 |this bound might be missing in the 
impl
    |                                
 lifetimes in impl do not match this 
method in trait
...
132 |     async fn provide_completion
s<'a>(
    |                                
 ^^^^ lifetimes do not match method i
n trait

error[E0195]: lifetime parameters or 
bounds on method `provide_completions
` do not match the trait declaration
   --> src\completion_engine\provider
s.rs:184:33
    |
 34 | #[async_trait]
    | -------------- this bound might
 be missing in the impl
...
 38 |     async fn provide_completion
s<'a>(
    |                                
 ----
    |                                
 ||
    |                                
 |this bound might be missing in the 
impl
    |                                
 lifetimes in impl do not match this 
method in trait
...
184 |     async fn provide_completion
s<'a>(
    |                                
 ^^^^ lifetimes do not match method i
n trait

error[E0195]: lifetime parameters or 
bounds on method `provide_completions
` do not match the trait declaration
   --> src\completion_engine\provider
s.rs:261:33
    |
 34 | #[async_trait]
    | -------------- this bound might
 be missing in the impl
...
 38 |     async fn provide_completion
s<'a>(
    |                                
 ----
    |                                
 ||
    |                                
 |this bound might be missing in the 
impl
    |                                
 lifetimes in impl do not match this 
method in trait
...
261 |     async fn provide_completion
s<'a>(
    |                                
 ^^^^ lifetimes do not match method i
n trait

error[E0277]: `F` is not a future
   --> src\agent\concurrency_integrat
ion.rs:55:41
    |
 55 |     optimizer.execute(prompt, p
riority, f).await
    |               -------          
         ^ `F` is not a future
    |               |
    |               required by a bou
nd introduced by this call
    |
note: required by a bound in `Concurr
encyOptimizer::execute`
   --> src\concurrency_optimizer.rs:2
49:12
    |
247 |     pub async fn execute<F, T>(
&self, prompt: &str, priority: Reques
tPriority, f: F) -> Result<T>
    |                  ------- requir
ed by a bound in this associated func
tion
248 |     where
249 |         F: Future<Output = Resu
lt<T>> + Send,
    |            ^^^^^^^^^^^^^^^^^^^^
^^^^^^ required by this bound in `Con
currencyOptimizer::execute`
help: use parentheses to call this ty
pe parameter
    |
 55 |     optimizer.execute(prompt, p
riority, f()).await
    |                                
          ++
help: consider further restricting ty
pe parameter `F` with trait `Future`
    |
 42 |     F: FnOnce() -> Fut + Send +
 futures::Future,
    |                               +
++++++++++++++++

error[E0277]: `F` is not a future
   --> src\agent\concurrency_integrat
ion.rs:55:5
    |
 55 |     optimizer.execute(prompt, p
riority, f).await
    |     ^^^^^^^^^^^^^^^^^^^^^^^^^^^
^^^^^^^^^^^ `F` is not a future
    |
note: required by a bound in `Concurr
encyOptimizer::execute`
   --> src\concurrency_optimizer.rs:2
49:12
    |
247 |     pub async fn execute<F, T>(
&self, prompt: &str, priority: Reques
tPriority, f: F) -> Result<T>
    |                  ------- requir
ed by a bound in this associated func
tion
248 |     where
249 |         F: Future<Output = Resu
lt<T>> + Send,
    |            ^^^^^^^^^^^^^^^^^^^^
^^^^^^ required by this bound in `Con
currencyOptimizer::execute`
help: consider further restricting ty
pe parameter `F` with trait `Future`
    |
 42 |     F: FnOnce() -> Fut + Send +
 futures::Future,
    |                               +
++++++++++++++++

error[E0277]: `F` is not a future
   --> src\agent\concurrency_integrat
ion.rs:55:44
    |
 55 |     optimizer.execute(prompt, p
riority, f).await
    |                                
            ^^^^^ `F` is not a future
    |
note: required by a bound in `Concurr
encyOptimizer::execute`
   --> src\concurrency_optimizer.rs:2
49:12
    |
247 |     pub async fn execute<F, T>(
&self, prompt: &str, priority: Reques
tPriority, f: F) -> Result<T>
    |                  ------- requir
ed by a bound in this associated func
tion
248 |     where
249 |         F: Future<Output = Resu
lt<T>> + Send,
    |            ^^^^^^^^^^^^^^^^^^^^
^^^^^^ required by this bound in `Con
currencyOptimizer::execute`
help: consider further restricting ty
pe parameter `F` with trait `Future`
    |
 42 |     F: FnOnce() -> Fut + Send +
 futures::Future,
    |                               +
++++++++++++++++

error[E0282]: type annotations needed
   --> src\agent\turn_loops.rs:929:78
    |
929 |                 if let Some(fil
e_path) = tc.input.get("file_path").a
nd_then(|v| v.as_str()) {
    |                                
                                     
         ^  - type must be known at t
his point
    |
help: consider giving this closure pa
rameter an explicit type
    |
929 |                 if let Some(fil
e_path) = tc.input.get("file_path").a
nd_then(|v: /* Type */| v.as_str()) {
    |                                
                                     
          ++++++++++++

error[E0282]: type annotations needed
   --> src\agent\turn_loops.rs:930:58
    |
930 |                     if !self.re
cent_edit_files.contains(&file_path.t
o_string()) {
    |                                
                          ^^^^^^^^^ c
annot infer type

error[E0282]: type annotations needed
   --> src\agent\turn_loops.rs:936:74
    |
936 |                     if let Some
(files) = tc.input.get("files").and_t
hen(|v| v.as_array()) {
    |                                
                                     
     ^  - type must be known at this 
point
    |
help: consider giving this closure pa
rameter an explicit type
    |
936 |                     if let Some
(files) = tc.input.get("files").and_t
hen(|v: /* Type */| v.as_array()) {
    |                                
                                     
      ++++++++++++

error[E0282]: type annotations needed
   --> src\agent\turn_loops.rs:938:49
    |
938 | ...                   if let So
me(path) = f.as_str() {
    |                                
           ^ cannot infer type

error[E0282]: type annotations needed
   --> src\agent\turn_loops.rs:939:70
    |
939 | ...                   if !self.
recent_edit_files.contains(&path.to_s
tring()) {
    |                                
                            ^^^^ cann
ot infer type

error[E0277]: the trait bound `Tokeni
zer<'_>: From<&std::string::String>` 
is not satisfied
   --> src\auth\sso\saml.rs:278:22
    |
278 |     let mut parser = Tokenizer:
:from(&body);
    |                      ^^^^^^^^^ 
the trait `From<&std::string::String>
` is not implemented for `Tokenizer<'
_>`
    |
help: the trait `From<&std::string::S
tring>` is not implemented for `Token
izer<'_>`
      but trait `From<&str>` is imple
mented for it
   --> C:\Users\lenovo\.cargo\registr
y\src\index.crates.io-1949cf8c6b5b557
f\xmlparser-0.13.6\src\lib.rs:348:1
    |
348 | impl<'a> From<&'a str> for Toke
nizer<'a> {
    | ^^^^^^^^^^^^^^^^^^^^^^^^^^^^^^^
^^^^^^^^^
    = help: for that trait implementa
tion, expected `str`, found `std::str
ing::String`

warning: variable does not need to be
 mutable
   --> src\auth\sso\mod.rs:218:13
    |
218 |         let mut providers = sel
f.providers.read().await;
    |             ----^^^^^^^^^
    |             |
    |             help: remove this `
mut`
    |
    = note: `#[warn(unused_mut)]` (pa
rt of `#[warn(unused)]`) on by defaul
t

warning: variable does not need to be
 mutable
  --> src\cli\dispatch.rs:52:17
   |
52 |             let mut server = ser
ver::Server::new(provider);
   |                 ----^^^^^^
   |                 |
   |                 help: remove thi
s `mut`

error[E0282]: type annotations needed
   --> src\cache_optimizer.rs:220:22
    |
220 |         let l1_len = self.l1.re
ad().await.len();
    |                      ^^^^^^^^^^
^^^^^^^^^^ cannot infer type

error[E0308]: `match` arms have incom
patible types
   --> src\cli\management_commands.rs
:336:28
    |
333 |               let desktop_path 
= match std::env::consts::OS {
    |                                
  -------------------------- `match` 
arms have incompatible types
334 |                   "windows" => 
std::env::var("APPDATA")
    |  ______________________________
-
335 | |                     .map(|a| 
std::path::PathBuf::from(a).join("Cla
ude").join("claude_desktop_config.jso
n")),
    | |______________________________
_____________________________________
_____________________________________
___- this is found to be of type `std
::result::Result<std::path::PathBuf, 
VarError>`
336 |                   "macos" => di
rs::home_dir()
    |  ____________________________^
337 | |                     .map(|h| 
h.join("Library/Application Support/C
laude/claude_desktop_config.json")),
    | |______________________________
_____________________________________
__________________________________^ e
xpected `Result<PathBuf, VarError>`, 
found `Option<PathBuf>`
    |
    = note: expected enum `std::resul
t::Result<std::path::PathBuf, VarErro
r>`
               found enum `std::optio
n::Option<std::path::PathBuf>`

error[E0282]: type annotations needed
   --> src\cli\management_commands.rs
:342:20
    |
342 |                 if path.exists(
) {
    |                    ^^^^ cannot 
infer type

error[E0277]: the size for values of 
type `str` cannot be known at compila
tion time
   --> src\cli\management_commands.rs
:343:25
    |
343 |                     let content
 = tokio::fs::read_to_string(&path).a
wait?;
    |                         ^^^^^^^
 doesn't have a size known at compile
-time
    |
    = help: the trait `Sized` is not 
implemented for `str`
    = note: all local variables must 
have a statically known size

error[E0277]: the size for values of 
type `str` cannot be known at compila
tion time
   --> src\cli\management_commands.rs
:343:35
    |
343 |                     let content
 = tokio::fs::read_to_string(&path).a
wait?;
    |                                
   ^^^^^^^^^^^^^^^^^^^^^^^^^^^^^^^^^^
^^^^^ doesn't have a size known at co
mpile-time
    |
    = help: the trait `Sized` is not 
implemented for `str`
    = note: all local variables must 
have a statically known size

error[E0277]: the size for values of 
type `str` cannot be known at compila
tion time
   --> src\cli\management_commands.rs
:343:73
    |
343 |                     let content
 = tokio::fs::read_to_string(&path).a
wait?;
    |                                
                                     
    ^ doesn't have a size known at co
mpile-time
    |
    = help: the trait `Sized` is not 
implemented for `str`
note: required by an implicit `Sized`
 bound in `ControlFlow`
   --> C:\Users\lenovo\.rustup\toolch
ains\stable-x86_64-pc-windows-msvc\li
b/rustlib/src/rust\library\core\src\o
ps\control_flow.rs:89:25
    |
 89 | pub enum ControlFlow<B, C = ()>
 {
    |                         ^^^^^^ 
required by the implicit `Sized` requ
irement on this type parameter in `Co
ntrolFlow`

error[E0277]: the size for values of 
type `str` cannot be known at compila
tion time
   --> src\cli\management_commands.rs
:343:35
    |
343 |                     let content
 = tokio::fs::read_to_string(&path).a
wait?;
    |                                
   ^^^^^^^^^^^^^^^^^^^^^^^^^^^^^^^^^^
^^^^^ doesn't have a size known at co
mpile-time
    |
    = help: the trait `Sized` is not 
implemented for `str`
note: required by an implicit `Sized`
 bound in `ControlFlow`
   --> C:\Users\lenovo\.rustup\toolch
ains\stable-x86_64-pc-windows-msvc\li
b/rustlib/src/rust\library\core\src\o
ps\control_flow.rs:89:25
    |
 89 | pub enum ControlFlow<B, C = ()>
 {
    |                         ^^^^^^ 
required by the implicit `Sized` requ
irement on this type parameter in `Co
ntrolFlow`

error[E0308]: mismatched types
   --> src\mcp\auto_mcp.rs:107:52
    |
107 |             let result = self.c
onnect_single(name, server_config).aw
ait;
    |                               -
-------------       ^^^^^^^^^^^^^ exp
ected `mcp::server::McpServerConfig`,
 found `mcp::protocol::McpServerConfi
g`
    |                               |
    |                               a
rguments to this method are incorrect
    |
    = note: `mcp::protocol::McpServer
Config` and `mcp::server::McpServerCo
nfig` have similar names, but are act
ually distinct types
note: `mcp::protocol::McpServerConfig
` is defined in module `crate::mcp::p
rotocol` of the current crate
   --> src\mcp\protocol.rs:248:1
    |
248 | pub struct McpServerConfig {
    | ^^^^^^^^^^^^^^^^^^^^^^^^^^
note: `mcp::server::McpServerConfig` 
is defined in module `crate::mcp::ser
ver` of the current crate
   --> src\mcp\server.rs:26:1
    |
 26 | pub struct McpServerConfig {
    | ^^^^^^^^^^^^^^^^^^^^^^^^^^
note: method defined here
   --> src\mcp\auto_mcp.rs:133:14
    |
133 |     async fn connect_single(&se
lf, name: &str, config: &McpServerCon
fig) -> Result<()> {
    |              ^^^^^^^^^^^^^^    
                ---------------------
---

error[E0308]: mismatched types
   --> src\mcp\auto_mcp.rs:135:31
    |
135 |         manager.connect(name, c
onfig).await?;
    |                 -------       ^
^^^^^ expected `mcp::protocol::McpSer
verConfig`, found `mcp::server::McpSe
rverConfig`
    |                 |
    |                 arguments to th
is method are incorrect
    |
    = note: `mcp::server::McpServerCo
nfig` and `mcp::protocol::McpServerCo
nfig` have similar names, but are act
ually distinct types
note: `mcp::server::McpServerConfig` 
is defined in module `crate::mcp::ser
ver` of the current crate
   --> src\mcp\server.rs:26:1
    |
 26 | pub struct McpServerConfig {
    | ^^^^^^^^^^^^^^^^^^^^^^^^^^
note: `mcp::protocol::McpServerConfig
` is defined in module `crate::mcp::p
rotocol` of the current crate
   --> src\mcp\protocol.rs:248:1
    |
248 | pub struct McpServerConfig {
    | ^^^^^^^^^^^^^^^^^^^^^^^^^^
note: method defined here
   --> src\mcp\manager.rs:167:18
    |
167 |     pub async fn connect(&self,
 name: &str, config: &McpServerConfig
) -> Result<()> {
    |                  ^^^^^^^       
             ------------------------

error[E0308]: mismatched types
   --> src\mcp\auto_mcp.rs:194:35
    |
194 |         self.connect_single(nam
e, server_config).await
    |              --------------    
   ^^^^^^^^^^^^^ expected `mcp::serve
r::McpServerConfig`, found `mcp::prot
ocol::McpServerConfig`
    |              |
    |              arguments to this 
method are incorrect
    |
    = note: `mcp::protocol::McpServer
Config` and `mcp::server::McpServerCo
nfig` have similar names, but are act
ually distinct types
note: `mcp::protocol::McpServerConfig
` is defined in module `crate::mcp::p
rotocol` of the current crate
   --> src\mcp\protocol.rs:248:1
    |
248 | pub struct McpServerConfig {
    | ^^^^^^^^^^^^^^^^^^^^^^^^^^
note: `mcp::server::McpServerConfig` 
is defined in module `crate::mcp::ser
ver` of the current crate
   --> src\mcp\server.rs:26:1
    |
 26 | pub struct McpServerConfig {
    | ^^^^^^^^^^^^^^^^^^^^^^^^^^
note: method defined here
   --> src\mcp\auto_mcp.rs:133:14
    |
133 |     async fn connect_single(&se
lf, name: &str, config: &McpServerCon
fig) -> Result<()> {
    |              ^^^^^^^^^^^^^^    
                ---------------------
---

error[E0061]: this method takes 1 arg
ument but 0 arguments were supplied
   --> src\mcp\auto_mcp.rs:232:30
    |
232 |                 let defs = r.de
finitions().await;
    |                              ^^
^^^^^^^^^-- argument #1 of type `std:
:option::Option<&std::collections::Ha
shSet<std::string::String>>` is missi
ng
    |
note: method defined here
   --> src\tool\mod.rs:312:18
    |
312 |     pub async fn definitions(
    |                  ^^^^^^^^^^^
313 |         &self,
314 |         allowed_tools: Option<&
HashSet<String>>,
    |         -----------------------
----------------
help: provide the argument
    |
232 |                 let defs = r.de
finitions(/* std::option::Option<&std
::collections::HashSet<std::string::S
tring>> */).await;
    |                                
          +++++++++++++++++++++++++++
+++++++++++++++++++++++++++++++++++++
++++++++++

error[E0282]: type annotations needed
   --> src\mcp\auto_mcp.rs:339:66
    |
339 | ...                   status.la
st_error = Some(e.to_string());
    |                                
                ^ cannot infer type

error[E0599]: no method named `list_a
ll_tools` found for struct `std::sync
::Arc<DynamicToolRegistry>` in the cu
rrent scope
  --> src\mcp\tool_discovery.rs:99:35
   |
99 |         let tools = self.registr
y.list_all_tools().await?;
   |                                 
  ^^^^^^^^^^^^^^
   |
help: there is a method `list_tools` 
with a similar name
   |
99 -         let tools = self.registr
y.list_all_tools().await?;
99 +         let tools = self.registr
y.list_tools().await?;
   |

error[E0282]: type annotations needed
   --> src\mcp\tool_discovery.rs:99:1
3
    |
 99 |         let tools = self.regist
ry.list_all_tools().await?;
    |             ^^^^^
100 |         let documents: Vec<&str
> = tools.iter()
    |                                
    ----- type must be known at this 
point
    |
help: consider giving `tools` an expl
icit type
    |
 99 |         let tools: /* Type */ =
 self.registry.list_all_tools().await
?;
    |                  ++++++++++++

error[E0599]: no method named `list_a
ll_tools` found for struct `std::sync
::Arc<DynamicToolRegistry>` in the cu
rrent scope
   --> src\mcp\tool_discovery.rs:116:
39
    |
116 |         let all_tools = self.re
gistry.list_all_tools().await?;
    |                                
       ^^^^^^^^^^^^^^
    |
help: there is a method `list_tools` 
with a similar name
    |
116 -         let all_tools = self.re
gistry.list_all_tools().await?;
116 +         let all_tools = self.re
gistry.list_tools().await?;
    |

error[E0282]: type annotations needed
   --> src\mcp\tool_discovery.rs:116:
13
    |
116 |         let all_tools = self.re
gistry.list_all_tools().await?;
    |             ^^^^^^^^^
117 |         let total_candidates = 
all_tools.len();
    |                                
--------- type must be known at this 
point
    |
help: consider giving `all_tools` an 
explicit type
    |
116 |         let all_tools: /* Type 
*/ = self.registry.list_all_tools().a
wait?;
    |                      ++++++++++
++

error[E0308]: mismatched types
   --> src\mcp\tool_discovery.rs:130:
35
    |
130 |                     input_schem
a: tool.input_schema.clone(),
    |                                
   ^^^^^^^^^^^^^^^^^^^^^^^^^ expected
 `Option<Value>`, found `Value`
    |
    = note: expected enum `std::optio
n::Option<serde_json::Value>`
               found enum `serde_json
::Value`
help: try wrapping the expression in 
`Some`
    |
130 |                     input_schem
a: Some(tool.input_schema.clone()),
    |                                
   +++++                         +

error[E0282]: type annotations needed
  --> src\prometheus.rs:33:13
   |
33 |         let mut counters = self.
counters.write().await;
   |             ^^^^^^^^^^^^
34 |         if !counters.contains_ke
y(name) {
   |             -------- type must b
e known at this point
   |
help: consider giving `counters` an e
xplicit type
   |
33 |         let mut counters: /* Typ
e */ = self.counters.write().await;
   |                         ++++++++
++++

error[E0282]: type annotations needed
  --> src\prometheus.rs:36:13
   |
36 |             self.registry.write(
).await.register(
   |             ^^^^^^^^^^^^^^^^^^^^
^^^^^^^ cannot infer type

error[E0282]: type annotations needed
  --> src\prometheus.rs:46:13
   |
46 |         let counters = self.coun
ters.read().await;
   |             ^^^^^^^^
47 |         if let Some(counter) = c
ounters.get(name) {
   |                                -
------- type must be known at this po
int
   |
help: consider giving `counters` an e
xplicit type
   |
46 |         let counters: /* Type */
 = self.counters.read().await;
   |                     ++++++++++++

error[E0282]: type annotations needed
  --> src\prometheus.rs:48:13
   |
48 |             counter.inc();
   |             ^^^^^^^ cannot infer
 type

error[E0282]: type annotations needed
  --> src\prometheus.rs:53:13
   |
53 |         let mut gauges = self.ga
uges.write().await;
   |             ^^^^^^^^^^
54 |         if !gauges.contains_key(
name) {
   |             ------ type must be 
known at this point
   |
help: consider giving `gauges` an exp
licit type
   |
53 |         let mut gauges: /* Type 
*/ = self.gauges.write().await;
   |                       ++++++++++
++

error[E0282]: type annotations needed
  --> src\prometheus.rs:56:13
   |
56 |             self.registry.write(
).await.register(
   |             ^^^^^^^^^^^^^^^^^^^^
^^^^^^^ cannot infer type

error[E0282]: type annotations needed
  --> src\prometheus.rs:66:13
   |
66 |         let gauges = self.gauges
.read().await;
   |             ^^^^^^
67 |         if let Some(gauge) = gau
ges.get(name) {
   |                              ---
--- type must be known at this point
   |
help: consider giving `gauges` an exp
licit type
   |
66 |         let gauges: /* Type */ =
 self.gauges.read().await;
   |                   ++++++++++++

error[E0282]: type annotations needed
  --> src\prometheus.rs:68:13
   |
68 |             gauge.set(value);
   |             ^^^^^ cannot infer t
ype

error[E0282]: type annotations needed
  --> src\prometheus.rs:73:13
   |
73 |         let mut histograms = sel
f.histograms.write().await;
   |             ^^^^^^^^^^^^^^
74 |         if !histograms.contains_
key(name) {
   |             ---------- type must
 be known at this point
   |
help: consider giving `histograms` an
 explicit type
   |
73 |         let mut histograms: /* T
ype */ = self.histograms.write().awai
t;
   |                           ++++++
++++++

error[E0282]: type annotations needed
  --> src\prometheus.rs:76:13
   |
76 |             self.registry.write(
).await.register(
   |             ^^^^^^^^^^^^^^^^^^^^
^^^^^^^ cannot infer type

error[E0282]: type annotations needed
  --> src\prometheus.rs:86:13
   |
86 |         let histograms = self.hi
stograms.read().await;
   |             ^^^^^^^^^^
87 |         if let Some(histogram) =
 histograms.get(name) {
   |                                 
 ---------- type must be known at thi
s point
   |
help: consider giving `histograms` an
 explicit type
   |
86 |         let histograms: /* Type 
*/ = self.histograms.read().await;
   |                       ++++++++++
++

error[E0282]: type annotations needed
  --> src\prometheus.rs:88:13
   |
88 |             histogram.observe(va
lue);
   |             ^^^^^^^^^ cannot inf
er type

error[E0004]: non-exhaustive patterns
: `&LspOperation::CodeAction { .. }` 
and `&LspOperation::Rename { .. }` no
t covered
   --> src\lsp_client.rs:113:24
    |
113 |         let fp = match op {
    |                        ^^ patte
rns `&LspOperation::CodeAction { .. }
` and `&LspOperation::Rename { .. }` 
not covered
    |
note: `LspOperation` defined here
   --> src\lsp_client.rs:73:10
    |
 73 | pub enum LspOperation {
    |          ^^^^^^^^^^^^
...
 80 |     CodeAction { file_path: Str
ing, line: u32, character: u32 },
    |     ---------- not covered
 81 |     /// textDocument/rename 鈥?閲
嶅懡鍚嶇鍙? 82 |     Rename { file_path: 
String, line: u32, character: u32, ne
w_name: String },
    |     ------ not covered
    = note: the matched value is of t
ype `&LspOperation`
help: ensure that all possible cases 
are being handled by adding a match a
rm with a wildcard pattern, a match a
rm with multiple or-patterns as shown
, or multiple match arms
    |
115 ~             LspOperation::Works
paceSymbol { .. } => return format!("
Workspace symbol query: {}", op.name(
)),
116 ~             &LspOperation::Code
Action { .. } | &LspOperation::Rename
 { .. } => todo!(),
    |

error[E0277]: a value of type `Vec<&s
tr>` cannot be built from an iterator
 over elements of type `&&str`
    --> src\lsp_code_actions.rs:215:7
0
     |
 215 |         let selected: Vec<&str
> = lines[start_line..end_line].iter(
).collect();
     |                               
                                     
  ^^^^^^^ value of type `Vec<&str>` c
annot be built from `std::iter::Itera
tor<Item=&&str>`
     |
help: the trait `FromIterator<&&_>` i
s not implemented for `Vec<&str>`
      but trait `FromIterator<&_>` is
 implemented for it
    --> C:\Users\lenovo\.rustup\toolc
hains\stable-x86_64-pc-windows-msvc\l
ib/rustlib/src/rust\library\alloc\src
\vec\mod.rs:3798:1
     |
3798 | impl<T> FromIterator<T> for Ve
c<T> {
     | ^^^^^^^^^^^^^^^^^^^^^^^^^^^^^^
^^^^
     = help: for that trait implement
ation, expected `str`, found `&str`
note: the method call chain might not
 have had the expected associated typ
es
    --> src\lsp_code_actions.rs:215:6
3
     |
 215 |         let selected: Vec<&str
> = lines[start_line..end_line].iter(
).collect();
     |                               
    --------------------------- ^^^^^
^ `Iterator::Item` is `&&str` here
     |                               
    |
     |                               
    this expression has type `[&str]`
note: required by a bound in `std::it
er::Iterator::collect`
    --> C:\Users\lenovo\.rustup\toolc
hains\stable-x86_64-pc-windows-msvc\l
ib/rustlib/src/rust\library\core\src\
iter\traits\iterator.rs:2022:19
     |
2022 |     fn collect<B: FromIterator
<Self::Item>>(self) -> B
     |                   ^^^^^^^^^^^^
^^^^^^^^^^^^ required by this bound i
n `Iterator::collect`

error[E0061]: this method takes 3 arg
uments but 1 argument was supplied
   --> src\lsp_server.rs:139:32
    |
139 |         let actions = provider.
provide_code_actions(&params).await;
    |                                
^^^^^^^^^^^^^^^^^^^^---------
    |                                
                    ||
    |                                
                    |expected `&str`,
 found `&CodeActionParams`
    |                                
                    two arguments of 
type `u32` and `u32` are missing
    |
    = note: expected reference `&str`
               found reference `&lsp_
code_actions::CodeActionParams`
note: method defined here
   --> src\lsp_code_actions.rs:109:18
    |
109 |     pub async fn provide_code_a
ctions(&self, file_path: &str, line: 
u32, character: u32) -> Vec<CodeActio
n> {
    |                  ^^^^^^^^^^^^^^
^^^^^^        ---------------  ------
---  --------------
help: provide the arguments
    |
139 -         let actions = provider.
provide_code_actions(&params).await;
139 +         let actions = provider.
provide_code_actions(/* &str */, /* u
32 */, /* u32 */).await;
    |

error[E0282]: type annotations needed
   --> src\claude_agent_port.rs:459:3
4
    |
459 |                     last_error 
= e.clone();
    |                                
  ^ cannot infer type

error[E0282]: type annotations needed
 for `std::option::Option<std::result
::Result<_, _>>`
   --> src\compilation_engine.rs:425:
59
    |
425 |         while let Some(Ok(entry
)) = dir.as_mut().and_then(|d| d.next
_entry().await.ok()) {
    |                                
                           ^^^
426 |             if let Ok(metadata)
 = entry.metadata() {
    |                                
   ----- type must be known at this p
oint
    |
help: try giving this closure an expl
icit return type
    |
425 |         while let Some(Ok(entry
)) = dir.as_mut().and_then(|d| -> std
::option::Option<std::result::Result<
_, E>> { d.next_entry().await.ok() })
 {
    |                                
                               ++++++
+++++++++++++++++++++++++++++++++++++
++++++++                           +

error[E0282]: type annotations needed
   --> src\compilation_engine.rs:427:
39
    |
427 |                 if let Ok(modif
ied) = metadata.modified() {
    |                                
       ^^^^^^^^ cannot infer type

error[E0282]: type annotations needed
   --> src\compilation_engine.rs:428:
24
    |
428 |                     if modified
.elapsed().unwrap_or(Duration::ZERO) 
> max_age {
    |                        ^^^^^^^^
 cannot infer type

error[E0277]: `()` is not a future
   --> src\agent_runtime.rs:239:54
    |
239 |             self.collect_files(
&src_dir, &mut files).await;
    |                                
                      ^^^^^ `()` is n
ot a future
    |
    = help: the trait `futures::Futur
e` is not implemented for `()`
    = note: () must be a future or mu
st implement `IntoFuture` to be await
ed
    = note: required for `()` to impl
ement `std::future::IntoFuture`
help: remove the `.await`
    |
239 -             self.collect_files(
&src_dir, &mut files).await;
239 +             self.collect_files(
&src_dir, &mut files);
    |

error[E0277]: `()` is not a future
  --> src\semantic\mod.rs:59:37
   |
59 |         self.resolve_dependencie
s().await;
   |                                 
    ^^^^^ `()` is not a future
   |
   = help: the trait `futures::Future
` is not implemented for `()`
   = note: () must be a future or mus
t implement `IntoFuture` to be awaite
d
   = note: required for `()` to imple
ment `std::future::IntoFuture`
help: remove the `.await`
   |
59 -         self.resolve_dependencie
s().await;
59 +         self.resolve_dependencie
s();
   |

error[E0382]: borrow of moved value: 
`result.errors`
   --> src\verify\mod.rs:167:29
    |
160 |                     iteration_i
ssues.extend(result.errors);
    |                                
             ------------- value move
d here
...
167 |                             res
ult.errors.len()
    |                             ^^^
^^^^^^^^^^ value borrowed here after 
move
    |
    = note: move occurs because `resu
lt.errors` has type `Vec<verify::Diag
nostic>`, which does not implement th
e `Copy` trait

error[E0308]: mismatched types
   --> src\verify\mod.rs:303:58
    |
303 |             ("rust", false) => 
run_command_timeout(root, &self.confi
g.timeout_secs, "cargo", &["test", "-
-color=never"]).await,
    |                                
-------------------       ^^^^^^^^^^^
^^^^^^^^^^^^^^ expected `u64`, found 
`&u64`
    |                                
|
    |                                
arguments to this function are incorr
ect
    |
note: function defined here
   --> src\verify\mod.rs:405:10
    |
405 | async fn run_command_timeout(ro
ot: &Path, timeout_secs: u64, cmd: &s
tr, args: &[&str]) -> String {
    |          ^^^^^^^^^^^^^^^^^^^   
           -----------------
help: consider removing the borrow
    |
303 -             ("rust", false) => 
run_command_timeout(root, &self.confi
g.timeout_secs, "cargo", &["test", "-
-color=never"]).await,
303 +             ("rust", false) => 
run_command_timeout(root, self.config
.timeout_secs, "cargo", &["test", "--
color=never"]).await,
    |

error[E0308]: mismatched types
   --> src\verify\mod.rs:304:57
    |
304 | ...   ("rust", true) => run_com
mand_timeout(root, &self.config.timeo
ut_secs, "cargo", &["test", "--color=
never", "--test", "*"]).aw...
    |                         -------
------------       ^^^^^^^^^^^^^^^^^^
^^^^^^^ expected `u64`, found `&u64`
    |                         |
    |                         argumen
ts to this function are incorrect
    |
note: function defined here
   --> src\verify\mod.rs:405:10
    |
405 | async fn run_command_timeout(ro
ot: &Path, timeout_secs: u64, cmd: &s
tr, args: &[&str]) -> String {
    |          ^^^^^^^^^^^^^^^^^^^   
           -----------------
help: consider removing the borrow
    |
304 -             ("rust", true) => r
un_command_timeout(root, &self.config
.timeout_secs, "cargo", &["test", "--
color=never", "--test", "*"]).await,
304 +             ("rust", true) => r
un_command_timeout(root, self.config.
timeout_secs, "cargo", &["test", "--c
olor=never", "--test", "*"]).await,
    |

error[E0308]: mismatched types
   --> src\verify\mod.rs:305:58
    |
305 |             ("node", false) => 
run_command_timeout(root, &self.confi
g.timeout_secs, "npx", &["jest", "--p
assWithNoTests"]).await,
    |                                
-------------------       ^^^^^^^^^^^
^^^^^^^^^^^^^^ expected `u64`, found 
`&u64`
    |                                
|
    |                                
arguments to this function are incorr
ect
    |
note: function defined here
   --> src\verify\mod.rs:405:10
    |
405 | async fn run_command_timeout(ro
ot: &Path, timeout_secs: u64, cmd: &s
tr, args: &[&str]) -> String {
    |          ^^^^^^^^^^^^^^^^^^^   
           -----------------
help: consider removing the borrow
    |
305 -             ("node", false) => 
run_command_timeout(root, &self.confi
g.timeout_secs, "npx", &["jest", "--p
assWithNoTests"]).await,
305 +             ("node", false) => 
run_command_timeout(root, self.config
.timeout_secs, "npx", &["jest", "--pa
ssWithNoTests"]).await,
    |

error[E0308]: mismatched types
   --> src\verify\mod.rs:306:60
    |
306 |             ("python", false) =
> run_command_timeout(root, &self.con
fig.timeout_secs, "python", &["-m", "
pytest"]).await,
    |                                
  -------------------       ^^^^^^^^^
^^^^^^^^^^^^^^^^ expected `u64`, foun
d `&u64`
    |                                
  |
    |                                
  arguments to this function are inco
rrect
    |
note: function defined here
   --> src\verify\mod.rs:405:10
    |
405 | async fn run_command_timeout(ro
ot: &Path, timeout_secs: u64, cmd: &s
tr, args: &[&str]) -> String {
    |          ^^^^^^^^^^^^^^^^^^^   
           -----------------
help: consider removing the borrow
    |
306 -             ("python", false) =
> run_command_timeout(root, &self.con
fig.timeout_secs, "python", &["-m", "
pytest"]).await,
306 +             ("python", false) =
> run_command_timeout(root, self.conf
ig.timeout_secs, "python", &["-m", "p
ytest"]).await,
    |

error[E0282]: type annotations needed
   --> src\cache_optimizer.rs:107:17
    |
107 |             let mut l1 = self.l
1.write().await;
    |                 ^^^^^^
108 |             if let Some(entry) 
= l1.get(&key) {
    |                                
  -- type must be known at this point
    |
help: consider giving `l1` an explici
t type
    |
107 |             let mut l1: /* Type
 */ = self.l1.write().await;
    |                       +++++++++
+++

error[E0282]: type annotations needed
   --> src\cache_optimizer.rs:116:29
    |
116 |                 return Some(ent
ry.clone());
    |                             ^^^
^^ cannot infer type

error[E0282]: type annotations needed
   --> src\cache_optimizer.rs:125:21
    |
125 |                 let mut l1 = se
lf.l1.write().await;
    |                     ^^^^^^
126 |                 l1.put(key, ent
ry.clone());
    |                 -- type must be
 known at this point
    |
help: consider giving `l1` an explici
t type
    |
125 |                 let mut l1: /* 
Type */ = self.l1.write().await;
    |                           +++++
+++++++

error[E0282]: type annotations needed
   --> src\cache_optimizer.rs:150:17
    |
150 |             let mut l1 = self.l
1.write().await;
    |                 ^^^^^^
151 |             l1.put(key, entry);
    |             -- type must be kno
wn at this point
    |
help: consider giving `l1` an explici
t type
    |
150 |             let mut l1: /* Type
 */ = self.l1.write().await;
    |                       +++++++++
+++

error[E0282]: type annotations needed
   --> src\cache_optimizer.rs:180:17
    |
180 |             let mut l1 = self.l
1.write().await;
    |                 ^^^^^^
...
183 |                     l1.put(*key
, entry.clone());
    |                     -- type mus
t be known at this point
    |
help: consider giving `l1` an explici
t type
    |
180 |             let mut l1: /* Type
 */ = self.l1.write().await;
    |                       +++++++++
+++

error[E0502]: cannot borrow `hist` as
 immutable because it is also borrowe
d as mutable
   --> src\concurrency_optimizer.rs:1
61:27
    |
161 |             hist.drain(0..hist.
len() - 10_000);
    |             ---- -----    ^^^^ 
immutable borrow occurs here
    |             |    |
    |             |    mutable borrow
 later used by call
    |             mutable borrow occu
rs here

error[E0618]: expected function, foun
d `F`
   --> src\concurrency_optimizer.rs:2
88:61
    |
247 |     pub async fn execute<F, T>(
&self, prompt: &str, priority: Reques
tPriority, f: F) -> Result<T>
    |                                
                                     
           - `f` has type `F`
...
288 |         let result = match time
out(Duration::from_secs(30), f()).awa
it {
    |                                
                             ^--
    |                                
                             |
    |                                
                             call exp
ression requires function

error[E0502]: cannot borrow `free` as
 immutable because it is also borrowe
d as mutable
  --> src\inference_optimizer.rs:98:2
3
   |
98 |         Ok(free.drain(free.len()
 - count..).collect())
   |            ---- ----- ^^^^ immut
able borrow occurs here
   |            |    |
   |            |    mutable borrow l
ater used by call
   |            mutable borrow occurs
 here

error[E0502]: cannot borrow `queue` a
s immutable because it is also borrow
ed as mutable
   --> src\inference_optimizer.rs:212
:66
    |
212 |                 let batch: Vec<
InferenceRequest> = queue.drain(..que
ue.len().min(self.config.max_batch_si
ze)).collect();
    |                                
                    ----- -----   ^^^
^^ immutable borrow occurs here
    |                                
                    |     |
    |                                
                    |     mutable bor
row later used by call
    |                                
                    mutable borrow oc
curs here

error[E0616]: field `block_size` of s
truct `KvCacheManager` is private
  --> src\inference_integration.rs:91
:60
   |
91 |     let num_blocks = (request.ma
x_tokens as f64 / kv_cache.block_size
 as f64).ceil() as usize;
   |                                 
                           ^^^^^^^^^^
 private field

error[E0433]: failed to resolve: use 
of undeclared type `RenderRect`
   --> src\render_optimizer.rs:101:31
    |
101 |                 region.rect = R
enderRect::new(new_x, new_y, new_widt
h, new_height);
    |                               ^
^^^^^^^^^ use of undeclared type `Ren
derRect`

error[E0369]: binary operation `==` c
annot be applied to type `dashboard::
audit_log::ActionType`
   --> src\dashboard\audit_log.rs:157
:47
    |
157 |             filtered.retain(|e|
 e.action_type == action_type);
    |                                
 ------------- ^^ ----------- dashboa
rd::audit_log::ActionType
    |                                
 |
    |                                
 dashboard::audit_log::ActionType
    |
note: an implementation of `PartialEq
` might be missing for `dashboard::au
dit_log::ActionType`
   --> src\dashboard\audit_log.rs:29:
1
    |
 29 | pub enum ActionType {
    | ^^^^^^^^^^^^^^^^^^^ must implem
ent `PartialEq`
help: consider annotating `dashboard:
:audit_log::ActionType` with `#[deriv
e(PartialEq)]`
    |
 29 + #[derive(PartialEq)]
 30 | pub enum ActionType {
    |

error[E0369]: binary operation `==` c
annot be applied to type `LogSeverity
`
   --> src\dashboard\audit_log.rs:161
:44
    |
161 |             filtered.retain(|e|
 e.severity == severity);
    |                                
 ---------- ^^ -------- LogSeverity
    |                                
 |
    |                                
 LogSeverity
    |
note: an implementation of `PartialEq
` might be missing for `LogSeverity`
   --> src\dashboard\audit_log.rs:60:
1
    |
 60 | pub enum LogSeverity {
    | ^^^^^^^^^^^^^^^^^^^^ must imple
ment `PartialEq`
help: consider annotating `LogSeverit
y` with `#[derive(PartialEq)]`
    |
 60 + #[derive(PartialEq)]
 61 | pub enum LogSeverity {
    |

error[E0282]: type annotations needed
   --> src\dashboard\routes.rs:238:8
    |
238 |     if sender.send(axum::extrac
t::ws::Message::Text(init_msg.to_stri
ng())).await.is_err() {
    |        ^^^^^^ cannot infer type

error[E0282]: type annotations needed
   --> src\dashboard\routes.rs:238:8
    |
238 |     if sender.send(axum::extrac
t::ws::Message::Text(init_msg.to_stri
ng())).await.is_err() {
    |        ^^^^^^^^^^^^^^^^^^^^^^^^
^^^^^^^^^^^^^^^^^^^^^^^^^^^^^^^^^^^^^
^^^^^^^^^^^^ cannot infer type

error[E0282]: type annotations needed
   --> src\dashboard\routes.rs:244:35
    |
244 |         while let Some(Ok(msg))
 = receiver.next().await {
    |                                
   ^^^^^^^^ cannot infer type

error[E0502]: cannot borrow `entries`
 as immutable because it is also borr
owed as mutable
   --> src\dashboard\audit_log.rs:111
:30
    |
111 |             entries.drain(0..en
tries.len() - self.max_in_memory);
    |             ------- -----    ^^
^^^^^ immutable borrow occurs here
    |             |       |
    |             |       mutable bor
row later used by call
    |             mutable borrow occu
rs here

error[E0521]: borrowed data escapes o
utside of method
   --> src\dashboard\audit_log.rs:115
:9
    |
104 |     pub async fn log_action(&se
lf, entry: AuditLogEntry) -> Result<(
), String> {
    |                             ---
--
    |                             |
    |                             `se
lf` is a reference that is only valid
 in the method body
    |                             let
's call the lifetime of this referenc
e `'1`
...
115 |         tokio::spawn(self.write
_to_file(entry));
    |         ^^^^^^^^^^^^^^^^^^^^^^^
^^^^^^^^^^^^^^^^
    |         |
    |         `self` escapes the meth
od body here
    |         argument requires that 
`'1` must outlive `'static`

error[E0599]: no method named `analyz
e_file` found for struct `std::sync::
Arc<AstParser>` in the current scope
   --> src\context\intelligent_select
or.rs:116:47
    |
116 |             if let Ok(analysis)
 = self.parser.analyze_file(file_path
).await {
    |                                
               ^^^^^^^^^^^^ method no
t found in `std::sync::Arc<AstParser>
`

error[E0282]: type annotations needed
   --> src\context\intelligent_select
or.rs:120:32
    |
120 |                         .entry(
caller.clone())
    |                                
^^^^^^ cannot infer type

error[E0282]: type annotations needed
   --> src\context\intelligent_select
or.rs:122:33
    |
122 |                         .extend
(callees.iter().cloned());
    |                                
 ^^^^^^^ cannot infer type

error[E0609]: no field `signature` on
 type `&tree_sitter::SymbolInfo`
   --> src\context\intelligent_select
or.rs:308:51
    |
308 | ...                   signature
: symbol.signature.clone(),
    |                                
         ^^^^^^^^^ unknown field
    |
    = note: available fields are: `na
me`, `node_type`, `start_position`, `
end_position`, `scope_path` ... and 3
 others

error[E0609]: no field `range` on typ
e `&tree_sitter::SymbolInfo`
   --> src\context\intelligent_select
or.rs:310:52
    |
310 | ...                   line_star
t: symbol.range.0,
    |                                
          ^^^^^ unknown field
    |
    = note: available fields are: `na
me`, `node_type`, `start_position`, `
end_position`, `scope_path` ... and 3
 others

error[E0609]: no field `range` on typ
e `&tree_sitter::SymbolInfo`
   --> src\context\intelligent_select
or.rs:311:50
    |
311 | ...                   line_end:
 symbol.range.1,
    |                                
        ^^^^^ unknown field
    |
    = note: available fields are: `na
me`, `node_type`, `start_position`, `
end_position`, `scope_path` ... and 3
 others

error[E0609]: no field `kind` on type
 `&tree_sitter::SymbolInfo`
   --> src\context\intelligent_select
or.rs:407:35
    |
407 |                         if symb
ol.kind == "function" || symbol.kind 
== "method" {
    |                                
   ^^^^ unknown field
    |
    = note: available fields are: `na
me`, `node_type`, `start_position`, `
end_position`, `scope_path` ... and 3
 others

error[E0609]: no field `kind` on type
 `&tree_sitter::SymbolInfo`
   --> src\context\intelligent_select
or.rs:407:64
    |
407 |                         if symb
ol.kind == "function" || symbol.kind 
== "method" {
    |                                
                                ^^^^ 
unknown field
    |
    = note: available fields are: `na
me`, `node_type`, `start_position`, `
end_position`, `scope_path` ... and 3
 others

error[E0609]: no field `range` on typ
e `&tree_sitter::SymbolInfo`
   --> src\context\intelligent_select
or.rs:440:19
    |
440 |         if symbol.range.0 < lin
es.len() && symbol.range.1 <= lines.l
en() {
    |                   ^^^^^ unknown
 field
    |
    = note: available fields are: `na
me`, `node_type`, `start_position`, `
end_position`, `scope_path` ... and 3
 others

error[E0609]: no field `range` on typ
e `&tree_sitter::SymbolInfo`
   --> src\context\intelligent_select
or.rs:440:51
    |
440 |         if symbol.range.0 < lin
es.len() && symbol.range.1 <= lines.l
en() {
    |                                
                   ^^^^^ unknown fiel
d
    |
    = note: available fields are: `na
me`, `node_type`, `start_position`, `
end_position`, `scope_path` ... and 3
 others

error[E0609]: no field `range` on typ
e `&tree_sitter::SymbolInfo`
   --> src\context\intelligent_select
or.rs:441:37
    |
441 |             let code = lines[sy
mbol.range.0..symbol.range.1].join("\
n");
    |                                
     ^^^^^ unknown field
    |
    = note: available fields are: `na
me`, `node_type`, `start_position`, `
end_position`, `scope_path` ... and 3
 others

error[E0609]: no field `range` on typ
e `&tree_sitter::SymbolInfo`
   --> src\context\intelligent_select
or.rs:441:53
    |
441 |             let code = lines[sy
mbol.range.0..symbol.range.1].join("\
n");
    |                                
                     ^^^^^ unknown fi
eld
    |
    = note: available fields are: `na
me`, `node_type`, `start_position`, `
end_position`, `scope_path` ... and 3
 others

error[E0609]: no field `range` on typ
e `&tree_sitter::SymbolInfo`
   --> src\context\intelligent_select
or.rs:444:77
    |
444 |             Ok(format!("// Func
tion {} at lines {}-{}", symbol.name,
 symbol.range.0, symbol.range.1))
    |                                
                                     
        ^^^^^ unknown field
    |
    = note: available fields are: `na
me`, `node_type`, `start_position`, `
end_position`, `scope_path` ... and 3
 others

error[E0609]: no field `range` on typ
e `&tree_sitter::SymbolInfo`
   --> src\context\intelligent_select
or.rs:444:93
    |
444 |             Ok(format!("// Func
tion {} at lines {}-{}", symbol.name,
 symbol.range.0, symbol.range.1))
    |                                
                                     
                        ^^^^^ unknown
 field
    |
    = note: available fields are: `na
me`, `node_type`, `start_position`, `
end_position`, `scope_path` ... and 3
 others

error[E0599]: no method named `analyz
e_file` found for struct `std::sync::
Arc<AstParser>` in the current scope
   --> src\context\intelligent_select
or.rs:456:43
    |
456 |         if let Ok(analysis) = s
elf.parser.analyze_file(changed_file)
.await {
    |                                
           ^^^^^^^^^^^^ method not fo
und in `std::sync::Arc<AstParser>`

error[E0282]: type annotations needed
   --> src\context\intelligent_select
or.rs:469:28
    |
469 |                     .entry(call
er.clone())
    |                            ^^^^
^^ cannot infer type

error[E0282]: type annotations needed
   --> src\context\intelligent_select
or.rs:471:29
    |
471 |                     .extend(cal
lees.iter().cloned());
    |                             ^^^
^^^^ cannot infer type

error[E0277]: the `?` operator can on
ly be applied to values that implemen
t `Try`
  --> src\knowledge_agents\article_an
alyzer.rs:74:9
   |
74 |         export::to_json(&graph, 
output_path)?;
   |         ^^^^^^^^^^^^^^^^^^^^^^^^
^^^^^^^^^^^^^ the `?` operator cannot
 be applied to type `impl futures::Fu
ture<Output = std::result::Result<(),
 std::string::String>>`
   |
   = help: the nightly-only, unstable
 trait `Try` is not implemented for `
impl futures::Future<Output = std::re
sult::Result<(), std::string::String>
>`
help: consider `await`ing on the `Fut
ure`
   |
74 |         export::to_json(&graph, 
output_path).await?;
   |                                 
            ++++++

error[E0308]: mismatched types
   --> src\knowledge_agents\mod.rs:20
5:67
    |
205 |         let analysis_results = 
file_analyzer::analyze_files(root, &f
iles, self.config.max_concurrent_file
s).await
    |                                
----------------------------       ^^
^^^^ expected `&[String]`, found `&Ve
c<FileEntry>`
    |                                
|
    |                                
arguments to this function are incorr
ect
    |
    = note: expected reference `&[std
::string::String]`
               found reference `&Vec<
FileEntry>`
note: function defined here
   --> src\knowledge_agents\file_anal
yzer.rs:42:14
    |
 42 | pub async fn analyze_files(
    |              ^^^^^^^^^^^^^
 43 |     root: &Path,
 44 |     files: &[String],
    |     ----------------

error[E0308]: mismatched types
   --> src\transaction\mod.rs:266:20
    |
266 |             *txn = None;
    |             ----   ^^^^ expecte
d `Transaction`, found `Option<_>`
    |             |
    |             expected due to the
 type of this binding
    |
    = note: expected struct `Transact
ion`
                 found enum `std::opt
ion::Option<_>`

error[E0308]: mismatched types
   --> src\transaction\mod.rs:288:20
    |
288 |             *txn = None;
    |             ----   ^^^^ expecte
d `Transaction`, found `Option<_>`
    |             |
    |             expected due to the
 type of this binding
    |
    = note: expected struct `Transact
ion`
                 found enum `std::opt
ion::Option<_>`

error[E0599]: no method named `succes
s` found for struct `jcode_tool_types
::ToolOutput` in the current scope
   --> src\transaction\mod.rs:343:11
    |
343 | if result.success() {
    |           ^^^^^^^ method not fo
und in `jcode_tool_types::ToolOutput`

error[E0382]: borrow of moved value: 
`persona`
   --> src\memory_advanced\tencent_po
rt.rs:372:42
    |
354 |         let persona = TieredMem
oryItem {
    |             ------- move occurs
 because `persona` has type `TieredMe
moryItem`, which does not implement t
he `Copy` trait
...
369 |         self.personas.write().a
wait.push(persona);
    |                                
          ------- value moved here
...
372 |         self.persist_persona_to
_markdown(&persona).await;
    |                                
          ^^^^^^^^ value borrowed her
e after move
    |
help: consider cloning the value if t
he performance cost is acceptable
    |
369 |         self.personas.write().a
wait.push(persona.clone());
    |                                
                 ++++++++

error[E0433]: failed to resolve: use 
of undeclared type `Bm25Scorer`
   --> src\memory_advanced\tencent_po
rt.rs:748:24
    |
748 |         let mut bm25 = Bm25Scor
er::new(self.config.bm25_k1, self.con
fig.bm25_b);
    |                        ^^^^^^^^
^^ use of undeclared type `Bm25Scorer
`

error[E0433]: failed to resolve: use 
of undeclared type `VectorSearchEngin
e`
   --> src\memory_advanced\tencent_po
rt.rs:754:34
    |
754 |             let mut vec_engine 
= VectorSearchEngine::new();
    |                                
  ^^^^^^^^^^^^^^^^^^ use of undeclare
d type `VectorSearchEngine`

error[E0282]: type annotations needed
   --> src\tdd\mod.rs:231:35
    |
231 |             if let Some(cached)
 = cache.get(&cache_key).await {
    |                                
   ^^^^^ cannot infer type

error[E0599]: no variant named `Conte
ntDelta` found for enum `jcode_messag
e_types::StreamEvent`
   --> src\tdd\mod.rs:275:33
    |
275 |                 Ok(StreamEvent:
:ContentDelta { delta, .. }) => {
    |                                
 ^^^^^^^^^^^^ variant not found in `j
code_message_types::StreamEvent`

error[E0599]: no variant named `Conte
ntBlockStop` found for enum `jcode_me
ssage_types::StreamEvent`
   --> src\tdd\mod.rs:278:33
    |
278 |                 Ok(StreamEvent:
:ContentBlockStop { .. }) => {
    |                                
 ^^^^^^^^^^^^^^^^ variant not found i
n `jcode_message_types::StreamEvent`

error[E0282]: type annotations needed
   --> src\tdd\mod.rs:302:13
    |
302 |             cache.set(&cache_ke
y, test_code.clone()).await;
    |             ^^^^^ cannot infer 
type

error[E0599]: no method named `genera
te_unit_test_llm` found for struct `T
estGenerator` in the current scope
   --> src\tdd\mod.rs:998:33
    |
188 | pub struct TestGenerator {
    | ------------------------ method
 `generate_unit_test_llm` not found f
or this struct
...
998 |                 match generator
.generate_unit_test_llm(&file, &func,
 provider).await {
    |                                
 ^^^^^^^^^^^^^^^^^^^^^^ this is an as
sociated function, not a method
    |
    = note: found the following assoc
iated functions; to be used as method
s, functions must have a `self` param
eter
note: the candidate is defined in an 
impl for the type `TestGenerator`
   --> src\tdd\mod.rs:223:5
    |
223 | /     pub async fn generate_uni
t_test_llm(
224 | |         file_path: &str,
225 | |         function_name: &str,
226 | |         provider: Arc<dyn Pro
vider>,
227 | |     ) -> Result<String, Strin
g> {
    | |______________________________
_^
help: use associated function syntax 
instead
    |
998 -                 match generator
.generate_unit_test_llm(&file, &func,
 provider).await {
998 +                 match TestGener
ator::generate_unit_test_llm(&file, &
func, provider).await {
    |

error[E0277]: `?` couldn't convert th
e error to `(std::string::String, _)`
   --> src\tdd\mod.rs:990:77
    |
990 |                 let _permit = s
em.acquire().await.map_err(|e| e.to_s
tring())?;
    |                               -
------------------ ------------------
--------^ the trait `From<std::string
::String>` is not implemented for `(s
td::string::String, _)`
    |                               |
                   |
    |                               |
                   this can't be anno
tated with `?` because it has type `R
esult<_, std::string::String>`
    |                               t
his has type `Result<_, AcquireError>
`
    |
    = note: the question mark operati
on (`?`) implicitly performs a conver
sion on the error value using the `Fr
om` trait
    = help: the following other types
 implement trait `From<T>`:
              `()` implements `From<a
ws_lc_rs::error::Unspecified>`
              `(S, S)` implements `Fr
om<rgb::formats::gray_alpha::GrayAlph
a_v08<R>>`
              `(S, S, S)` implements 
`From<rgb::formats::bgr::Bgr<R>>`
              `(S, S, S)` implements 
`From<rgb::formats::grb::Grb<R>>`
              `(S, S, S)` implements 
`From<rgb::formats::rgb::Rgb<R>>`
              `(S, S, S, S)` implemen
ts `From<rgb::formats::abgr::Abgr<R>>
`
              `(S, S, S, S)` implemen
ts `From<rgb::formats::argb::Argb<R>>
`
              `(S, S, S, S)` implemen
ts `From<rgb::formats::bgra::Bgra<R>>
`
            and 85 others
    = note: the full name for the typ
e has been written to 'D:\studying\Co
decargo\CarpAI\target\debug\deps\jcod
e-d142603c7e44ff4e.long-type-29832374
00770997575.txt'
    = note: consider using `--verbose
` to print the full type name to the 
console

error[E0599]: no method named `genera
te_unit_test_llm` found for struct `T
estGenerator` in the current scope
    --> src\tdd\mod.rs:1101:29
     |
 188 | pub struct TestGenerator {
     | ------------------------ metho
d `generate_unit_test_llm` not found 
for this struct
...
1101 |             match generator.ge
nerate_unit_test_llm(file_path, func_
name, provider.clone()).await {
     |                             ^^
^^^^^^^^^^^^^^^^^^^^ this is an assoc
iated function, not a method
     |
     = note: found the following asso
ciated functions; to be used as metho
ds, functions must have a `self` para
meter
note: the candidate is defined in an 
impl for the type `TestGenerator`
    --> src\tdd\mod.rs:223:5
     |
 223 | /     pub async fn generate_un
it_test_llm(
 224 | |         file_path: &str,
 225 | |         function_name: &str,
 226 | |         provider: Arc<dyn Pr
ovider>,
 227 | |     ) -> Result<String, Stri
ng> {
     | |_____________________________
__^
help: use associated function syntax 
instead
     |
1101 -             match generator.ge
nerate_unit_test_llm(file_path, func_
name, provider.clone()).await {
1101 +             match TestGenerato
r::generate_unit_test_llm(file_path, 
func_name, provider.clone()).await {
     |

error[E0282]: type annotations needed
  --> src\performance_advanced\mod.rs
:83:17
   |
83 |             let mut l1 = self.l1
_memory.write().await;
   |                 ^^^^^^
84 |             if let Some(entry) =
 l1.get(&key) {
   |                                 
 -- type must be known at this point
   |
help: consider giving `l1` an explici
t type
   |
83 |             let mut l1: /* Type 
*/ = self.l1_memory.write().await;
   |                       ++++++++++
++

error[E0282]: type annotations needed
   --> src\performance_advanced\mod.r
s:100:25
    |
100 |                     let mut l1 
= self.l1_memory.write().await;
    |                         ^^^^^^
101 |                     l1.put(key,
 entry.clone());
    |                     -- type mus
t be known at this point
    |
help: consider giving `l1` an explici
t type
    |
100 |                     let mut l1:
 /* Type */ = self.l1_memory.write().
await;
    |                               +
+++++++++++

error[E0282]: type annotations needed
   --> src\performance_advanced\mod.r
s:118:31
    |
118 |                     response: r
esponse.clone(),
    |                               ^
^^^^^^^ cannot infer type

error[E0282]: type annotations needed
   --> src\performance_advanced\mod.r
s:125:17
    |
125 |                 self.l1_memory.
write().await.put(key, entry);
    |                 ^^^^^^^^^^^^^^^
^^^^^^^^^^^^^ cannot infer type

error[E0282]: type annotations needed
   --> src\performance_advanced\mod.r
s:146:17
    |
146 |                 self.l1_memory.
write().await.put(key, entry);
    |                 ^^^^^^^^^^^^^^^
^^^^^^^^^^^^^ cannot infer type

error[E0282]: type annotations needed
   --> src\performance_advanced\mod.r
s:166:17
    |
166 |                 self.l1_memory.
write().await.put(key, entry);
    |                 ^^^^^^^^^^^^^^^
^^^^^^^^^^^^^ cannot infer type

error[E0282]: type annotations needed
   --> src\performance_advanced\mod.r
s:186:17
    |
186 |                 self.l1_memory.
write().await.put(key, entry);
    |                 ^^^^^^^^^^^^^^^
^^^^^^^^^^^^^ cannot infer type

error[E0282]: type annotations needed
   --> src\performance_advanced\mod.r
s:213:13
    |
213 |             self.l1_memory.writ
e().await.put(key, entry);
    |             ^^^^^^^^^^^^^^^^^^^
^^^^^^^^^ cannot infer type

error[E0038]: the trait `VectorDataba
se` is not dyn compatible
   --> src\memory_advanced\mod.rs:151
:27
    |
151 |     vector_db: Option<Arc<dyn V
ectorDatabase>>,
    |                           ^^^^^
^^^^^^^^^^^^^ `VectorDatabase` is not
 dyn compatible
    |
note: for a trait to be dyn compatibl
e it needs to allow building a vtable
      for more information, visit <ht
tps://doc.rust-lang.org/reference/ite
ms/traits.html#dyn-compatibility>
   --> src\memory_advanced\mod.rs:110
:14
    |
108 | pub trait VectorDatabase: Send 
+ Sync {
    |           -------------- this t
rait is not dyn compatible...
109 |     /// 瀛樺偍鍚戦噺
110 |     async fn upsert(&self, id: 
&str, embedding: Vec<f32>, metadata: 
HashMap<String, String>) -> Result<()
, String>;
    |              ^^^^^^ ...because 
method `upsert` is `async`
111 |     /// 鎼滅储鐩镐技鍚戦噺
112 |     async fn search(&self, embe
dding: &[f32], limit: usize) -> Resul
t<Vec<(String, f64)>, String>;
    |              ^^^^^^ ...because 
method `search` is `async`
113 |     /// 鍒犻櫎鍚戦噺
114 |     async fn delete(&self, id: 
&str) -> Result<(), String>;
    |              ^^^^^^ ...because 
method `delete` is `async`
    = help: consider moving `delete` 
to another trait
    = help: consider moving `upsert` 
to another trait
    = help: consider moving `search` 
to another trait
    = help: only type `memory_advance
d::PgVectorAdapter` implements `Vecto
rDatabase` within this crate; conside
r using it directly instead.
    = note: `VectorDatabase` may be i
mplemented in other crates; if you wa
nt to support your users passing thei
r own types here, you can't refer to 
a specific type

error[E0038]: the trait `VectorDataba
se` is not dyn compatible
   --> src\memory_advanced\mod.rs:155
:38
    |
155 |     pub fn new(vector_db: Optio
n<Arc<dyn VectorDatabase>>) -> Self {
    |                                
      ^^^^^^^^^^^^^^^^^^ `VectorDatab
ase` is not dyn compatible
    |
note: for a trait to be dyn compatibl
e it needs to allow building a vtable
      for more information, visit <ht
tps://doc.rust-lang.org/reference/ite
ms/traits.html#dyn-compatibility>
   --> src\memory_advanced\mod.rs:110
:14
    |
108 | pub trait VectorDatabase: Send 
+ Sync {
    |           -------------- this t
rait is not dyn compatible...
109 |     /// 瀛樺偍鍚戦噺
110 |     async fn upsert(&self, id: 
&str, embedding: Vec<f32>, metadata: 
HashMap<String, String>) -> Result<()
, String>;
    |              ^^^^^^ ...because 
method `upsert` is `async`
111 |     /// 鎼滅储鐩镐技鍚戦噺
112 |     async fn search(&self, embe
dding: &[f32], limit: usize) -> Resul
t<Vec<(String, f64)>, String>;
    |              ^^^^^^ ...because 
method `search` is `async`
113 |     /// 鍒犻櫎鍚戦噺
114 |     async fn delete(&self, id: 
&str) -> Result<(), String>;
    |              ^^^^^^ ...because 
method `delete` is `async`
    = help: consider moving `delete` 
to another trait
    = help: consider moving `upsert` 
to another trait
    = help: consider moving `search` 
to another trait
    = help: only type `memory_advance
d::PgVectorAdapter` implements `Vecto
rDatabase` within this crate; conside
r using it directly instead.
    = note: `VectorDatabase` may be i
mplemented in other crates; if you wa
nt to support your users passing thei
r own types here, you can't refer to 
a specific type
help: you might have meant to use `Se
lf` to refer to the implementing type
    |
155 -     pub fn new(vector_db: Optio
n<Arc<dyn VectorDatabase>>) -> Self {
155 +     pub fn new(vector_db: Optio
n<Arc<Self>>) -> Self {
    |

error[E0061]: this function takes 1 a
rgument but 0 arguments were supplied
  --> src\agent\cross_file_repair.rs:
22:36
   |
22 |         let ast_adapter = Arc::n
ew(TreeSitterAstAdapter::new());
   |                                 
   ^^^^^^^^^^^^^^^^^^^^^^^^^-- argume
nt #1 of type `LanguageKind` is missi
ng
   |
note: associated function defined her
e
  --> crates\jcode-cross-file-repair\
src\ast.rs:73:12
   |
73 |     pub fn new(language: Languag
eKind) -> Self {
   |            ^^^
help: provide the argument
   |
22 |         let ast_adapter = Arc::n
ew(TreeSitterAstAdapter::new(/* Langu
ageKind */));
   |                                 
                             ++++++++
++++++++++

error[E0599]: no variant or associate
d item named `Insert` found for enum 
`AstEditOp` in the current scope
  --> src\agent\cross_file_repair.rs:
68:40
   |
68 |                 "insert" => AstE
ditOp::Insert,
   |                                 
       ^^^^^^ variant or associated i
tem not found in `AstEditOp`

error[E0599]: no variant or associate
d item named `Delete` found for enum 
`AstEditOp` in the current scope
  --> src\agent\cross_file_repair.rs:
69:40
   |
69 |                 "delete" => AstE
ditOp::Delete,
   |                                 
       ^^^^^^ variant or associated i
tem not found in `AstEditOp`

error[E0599]: no variant or associate
d item named `Replace` found for enum
 `AstEditOp` in the current scope
  --> src\agent\cross_file_repair.rs:
70:41
   |
70 |                 "replace" => Ast
EditOp::Replace,
   |                                 
        ^^^^^^^ variant or associated
 item not found in `AstEditOp`

error[E0560]: struct `AstEdit` has no
 field named `operation`
  --> src\agent\cross_file_repair.rs:
76:17
   |
76 |                 operation: op,
   |                 ^^^^^^^^^ unknow
n field
   |
help: a field with a similar name exi
sts
   |
76 |                 operations: op,
   |                          +

error[E0560]: struct `AstEdit` has no
 field named `start_line`
  --> src\agent\cross_file_repair.rs:
77:17
   |
77 |                 start_line: edit
.start_line,
   |                 ^^^^^^^^^^ `AstE
dit` does not have this field
   |
   = note: available fields are: `lan
guage`, `operations`

error[E0560]: struct `AstEdit` has no
 field named `end_line`
  --> src\agent\cross_file_repair.rs:
78:17
   |
78 |                 end_line: edit.e
nd_line,
   |                 ^^^^^^^^ `AstEdi
t` does not have this field
   |
   = note: available fields are: `lan
guage`, `operations`

error[E0560]: struct `AstEdit` has no
 field named `content`
  --> src\agent\cross_file_repair.rs:
79:17
   |
79 |                 content: edit.co
ntent,
   |                 ^^^^^^^ `AstEdit
` does not have this field
   |
   = note: available fields are: `lan
guage`, `operations`

error[E0609]: no field `operation` on
 type `AstEdit`
  --> src\agent\cross_file_repair.rs:
91:40
   |
91 |             let operation = matc
h edit.operation {
   |                                 
       ^^^^^^^^^ unknown field
   |
help: a field with a similar name exi
sts
   |
91 |             let operation = matc
h edit.operations {
   |                                 
                +

error[E0599]: no variant or associate
d item named `Insert` found for enum 
`AstEditOp` in the current scope
  --> src\agent\cross_file_repair.rs:
92:28
   |
92 |                 AstEditOp::Inser
t => "insert".to_string(),
   |                            ^^^^^
^ variant or associated item not foun
d in `AstEditOp`

error[E0599]: no variant or associate
d item named `Delete` found for enum 
`AstEditOp` in the current scope
  --> src\agent\cross_file_repair.rs:
93:28
   |
93 |                 AstEditOp::Delet
e => "delete".to_string(),
   |                            ^^^^^
^ variant or associated item not foun
d in `AstEditOp`

error[E0599]: no variant or associate
d item named `Replace` found for enum
 `AstEditOp` in the current scope
  --> src\agent\cross_file_repair.rs:
94:28
   |
94 |                 AstEditOp::Repla
ce => "replace".to_string(),
   |                            ^^^^^
^^ variant or associated item not fou
nd in `AstEditOp`

error[E0609]: no field `start_line` o
n type `AstEdit`
   --> src\agent\cross_file_repair.rs
:100:34
    |
100 |                 start_line: edi
t.start_line,
    |                                
  ^^^^^^^^^^ unknown field
    |
    = note: available fields are: `fi
le_path`, `language`, `operations`

error[E0609]: no field `end_line` on 
type `AstEdit`
   --> src\agent\cross_file_repair.rs
:101:32
    |
101 |                 end_line: edit.
end_line,
    |                                
^^^^^^^^ unknown field
    |
    = note: available fields are: `fi
le_path`, `language`, `operations`

error[E0609]: no field `content` on t
ype `AstEdit`
   --> src\agent\cross_file_repair.rs
:102:31
    |
102 |                 content: edit.c
ontent,
    |                               ^
^^^^^^ unknown field
    |
    = note: available fields are: `fi
le_path`, `language`, `operations`

error[E0308]: mismatched types
   --> src\tui\app\tui_lifecycle.rs:8
54:13
    |
853 |         let provider = Box::new
(ProviderCandidateGenerator::new(
    |                                
 ------------------------------- argu
ments to this function are incorrect
854 |             Arc::clone(&self.pr
ovider),
    |             ^^^^^^^^^^^^^^^^^^^
^^^^^^^ expected `Box<dyn CompletionP
rovider>`, found `Arc<dyn Provider>`
    |
    = note: expected struct `Box<(dyn
 jcode_completion::CompletionProvider
 + 'static)>`
               found struct `std::syn
c::Arc<dyn jcode_provider_core::Provi
der>`
note: associated function defined her
e
   --> crates\jcode-completion\src\ll
m_candidate.rs:39:12
    |
 39 |     pub fn new(provider: Box<dy
n CompletionProvider>) -> Self {
    |            ^^^

error[E0277]: the trait bound `Provid
erCandidateGenerator: jcode_completio
n::CompletionProvider` is not satisfi
ed
   --> src\tui\app\tui_lifecycle.rs:8
58:13
    |
858 |             provider,
    |             ^^^^^^^^ the trait 
`jcode_completion::CompletionProvider
` is not implemented for `ProviderCan
didateGenerator`
    |
    = note: required for the cast fro
m `Box<ProviderCandidateGenerator>` t
o `Box<(dyn jcode_completion::Complet
ionProvider + 'static)>`

error[E0433]: failed to resolve: use 
of unresolved module or unlinked crat
e `num_cpus`
  --> src\runtime_manager.rs:45:25
   |
45 |         let cpu_count = num_cpus
::get();
   |                         ^^^^^^^^
 use of unresolved module or unlinked
 crate `num_cpus`
   |
   = help: if you wanted to use a cra
te named `num_cpus`, use `cargo add n
um_cpus` to add it to your `Cargo.tom
l`

error[E0433]: failed to resolve: use 
of unresolved module or unlinked crat
e `num_cpus`
  --> src\runtime_manager.rs:56:25
   |
56 |         let cpu_count = num_cpus
::get();
   |                         ^^^^^^^^
 use of unresolved module or unlinked
 crate `num_cpus`
   |
   = help: if you wanted to use a cra
te named `num_cpus`, use `cargo add n
um_cpus` to add it to your `Cargo.tom
l`

error[E0433]: failed to resolve: use 
of unresolved module or unlinked crat
e `num_cpus`
  --> src\runtime_manager.rs:69:35
   |
69 |             worker_threads: 2.mi
n(num_cpus::get()),
   |                                 
  ^^^^^^^^ use of unresolved module o
r unlinked crate `num_cpus`
   |
   = help: if you wanted to use a cra
te named `num_cpus`, use `cargo add n
um_cpus` to add it to your `Cargo.tom
l`

error[E0433]: failed to resolve: use 
of unresolved module or unlinked crat
e `num_cpus`
  --> src\runtime_manager.rs:79:35
   |
79 |             worker_threads: 1.mi
n(num_cpus::get()),
   |                                 
  ^^^^^^^^ use of unresolved module o
r unlinked crate `num_cpus`
   |
   = help: if you wanted to use a cra
te named `num_cpus`, use `cargo add n
um_cpus` to add it to your `Cargo.tom
l`

error[E0284]: type annotations needed
 for `std::option::Option<_>`
   --> src\compilation_engine.rs:151:
25
    |
151 |                     let line_nu
m = parts.get(1).and_then(|s| s.parse
().ok());
    |                         ^^^^^^^
^                               -----
 type must be known at this point
    |
    = note: cannot satisfy `<_ as Fro
mStr>::Err == _`
help: consider giving `line_num` an e
xplicit type, where the type for type
 parameter `F` is specified
    |
151 |                     let line_nu
m: std::option::Option<U> = parts.get
(1).and_then(|s| s.parse().ok());
    |                                
 ++++++++++++++++++++++++

error[E0308]: mismatched types
   --> src\semantic\mod.rs:118:51
    |
118 |                     doc_comment
: self.extract_doc(lines, i),
    |                                
       ----------- ^^^^^ expected `&[
&str]`, found `Vec<&str>`
    |                                
       |
    |                                
       arguments to this method are i
ncorrect
    |
    = note: expected reference `&[&st
r]`
                  found struct `Vec<&
str>`
note: method defined here
   --> src\semantic\mod.rs:170:8
    |
170 |     fn extract_doc(&self, lines
: &[&str], current: usize) -> Option<
String> {
    |        ^^^^^^^^^^^        -----
---------
help: consider borrowing here
    |
118 |                     doc_comment
: self.extract_doc(&lines, i),
    |                                
                   +

error[E0308]: mismatched types
   --> src\semantic\mod.rs:128:83
    |
128 |                     signature: 
trimmed.to_string(), doc_comment: sel
f.extract_doc(lines, i),
    |                                
                                     
  ----------- ^^^^^ expected `&[&str]
`, found `Vec<&str>`
    |                                
                                     
  |
    |                                
                                     
  arguments to this method are incorr
ect
    |
    = note: expected reference `&[&st
r]`
                  found struct `Vec<&
str>`
note: method defined here
   --> src\semantic\mod.rs:170:8
    |
170 |     fn extract_doc(&self, lines
: &[&str], current: usize) -> Option<
String> {
    |        ^^^^^^^^^^^        -----
---------
help: consider borrowing here
    |
128 |                     signature: 
trimmed.to_string(), doc_comment: sel
f.extract_doc(&lines, i),
    |                                
                                     
              +

error[E0308]: mismatched types
   --> src\semantic\mod.rs:137:83
    |
137 |                     signature: 
trimmed.to_string(), doc_comment: sel
f.extract_doc(lines, i),
    |                                
                                     
  ----------- ^^^^^ expected `&[&str]
`, found `Vec<&str>`
    |                                
                                     
  |
    |                                
                                     
  arguments to this method are incorr
ect
    |
    = note: expected reference `&[&st
r]`
                  found struct `Vec<&
str>`
note: method defined here
   --> src\semantic\mod.rs:170:8
    |
170 |     fn extract_doc(&self, lines
: &[&str], current: usize) -> Option<
String> {
    |        ^^^^^^^^^^^        -----
---------
help: consider borrowing here
    |
137 |                     signature: 
trimmed.to_string(), doc_comment: sel
f.extract_doc(&lines, i),
    |                                
                                     
              +

error[E0308]: mismatched types
   --> src\semantic\mod.rs:146:83
    |
146 |                     signature: 
trimmed.to_string(), doc_comment: sel
f.extract_doc(lines, i),
    |                                
                                     
  ----------- ^^^^^ expected `&[&str]
`, found `Vec<&str>`
    |                                
                                     
  |
    |                                
                                     
  arguments to this method are incorr
ect
    |
    = note: expected reference `&[&st
r]`
                  found struct `Vec<&
str>`
note: method defined here
   --> src\semantic\mod.rs:170:8
    |
170 |     fn extract_doc(&self, lines
: &[&str], current: usize) -> Option<
String> {
    |        ^^^^^^^^^^^        -----
---------
help: consider borrowing here
    |
146 |                     signature: 
trimmed.to_string(), doc_comment: sel
f.extract_doc(&lines, i),
    |                                
                                     
              +

error[E0308]: mismatched types
   --> src\semantic\mod.rs:324:23
    |
324 |                 name: "CRUD",
    |                       ^^^^^^ ex
pected `String`, found `&str`
    |
help: try using a conversion method
    |
324 |                 name: "CRUD".to
_string(),
    |                             +++
+++++++++

error[E0308]: mismatched types
   --> src\semantic\mod.rs:326:30
    |
326 |                 description: "C
reate-Read-Update-Delete resource pat
tern",
    |                              ^^
^^^^^^^^^^^^^^^^^^^^^^^^^^^^^^^^^^^^^
^^^^^ expected `String`, found `&str`
    |
help: try using a conversion method
    |
326 |                 description: "C
reate-Read-Update-Delete resource pat
tern".to_string(),
    |                                
                                     
     ++++++++++++

error[E0308]: mismatched types
   --> src\semantic\mod.rs:327:27
    |
327 |                 location: "File
 level",
    |                           ^^^^^
^^^^^^^ expected `String`, found `&st
r`
    |
help: try using a conversion method
    |
327 |                 location: "File
 level".to_string(),
    |                                
       ++++++++++++

error[E0308]: mismatched types
   --> src\semantic\mod.rs:334:23
    |
334 |                 name: "Builder"
, confidence: 0.85,
    |                       ^^^^^^^^^
 expected `String`, found `&str`
    |
help: try using a conversion method
    |
334 |                 name: "Builder"
.to_string(), confidence: 0.85,
    |                                
++++++++++++

error[E0308]: mismatched types
   --> src\semantic\mod.rs:335:30
    |
335 |                 description: "B
uilder pattern for constructing compl
ex objects",
    |                              ^^
^^^^^^^^^^^^^^^^^^^^^^^^^^^^^^^^^^^^^
^^^^^^^^^^^ expected `String`, found 
`&str`
    |
help: try using a conversion method
    |
335 |                 description: "B
uilder pattern for constructing compl
ex objects".to_string(),
    |                                
                                     
           ++++++++++++

error[E0308]: mismatched types
   --> src\semantic\mod.rs:343:23
    |
343 |                 name: "Error Ha
ndling (thiserror)",
    |                       ^^^^^^^^^
^^^^^^^^^^^^^^^^^^^ expected `String`
, found `&str`
    |
help: try using a conversion method
    |
343 |                 name: "Error Ha
ndling (thiserror)".to_string(),
    |                                
                   ++++++++++++

error[E0308]: mismatched types
   --> src\semantic\mod.rs:345:30
    |
345 |                 description: "C
ustom error types with thiserror deri
ve macros",
    |                              ^^
^^^^^^^^^^^^^^^^^^^^^^^^^^^^^^^^^^^^^
^^^^^^^^^^ expected `String`, found `
&str`
    |
help: try using a conversion method
    |
345 |                 description: "C
ustom error types with thiserror deri
ve macros".to_string(),
    |                                
                                     
          ++++++++++++

error[E0308]: mismatched types
   --> src\semantic\mod.rs:353:23
    |
353 |                 name: "Middlewa
re", confidence: 0.8,
    |                       ^^^^^^^^^
^^^ expected `String`, found `&str`
    |
help: try using a conversion method
    |
353 |                 name: "Middlewa
re".to_string(), confidence: 0.8,
    |                                
   ++++++++++++

error[E0308]: mismatched types
   --> src\semantic\mod.rs:354:30
    |
354 |                 description: "R
equest/response middleware chain",
    |                              ^^
^^^^^^^^^^^^^^^^^^^^^^^^^^^^^^^^^ exp
ected `String`, found `&str`
    |
help: try using a conversion method
    |
354 |                 description: "R
equest/response middleware chain".to_
string(),
    |                                
                                 ++++
++++++++

error[E0308]: mismatched types
   --> src\semantic\mod.rs:362:23
    |
362 |                 name: "Singleto
n (lazy init)", confidence: 0.85,
    |                       ^^^^^^^^^
^^^^^^^^^^^^^^ expected `String`, fou
nd `&str`
    |
help: try using a conversion method
    |
362 |                 name: "Singleto
n (lazy init)".to_string(), confidenc
e: 0.85,
    |                                
              ++++++++++++

error[E0308]: mismatched types
   --> src\semantic\mod.rs:363:30
    |
363 |                 description: "L
azily initialized global state",
    |                              ^^
^^^^^^^^^^^^^^^^^^^^^^^^^^^^^^^ expec
ted `String`, found `&str`
    |
help: try using a conversion method
    |
363 |                 description: "L
azily initialized global state".to_st
ring(),
    |                                
                               ++++++
++++++

error[E0277]: `tree_sitter::Parser` d
oesn't implement `std::fmt::Debug`
    --> src\completion_engine\context
.rs:42:5
     |
  40 | #[derive(Debug, Clone)]
     |          ----- in this derive 
macro expansion
  41 | pub struct ContextAnalyzer {
  42 |     parsers: Arc<RwLock<HashMa
p<String, Parser>>>,
     |     ^^^^^^^^^^^^^^^^^^^^^^^^^^
^^^^^^^^^^^^^^^^^^^ the trait `std::f
mt::Debug` is not implemented for `tr
ee_sitter::Parser`
     |
help: the trait `std::fmt::Debug` is 
implemented for `std::sync::Arc<T, A>
`
    --> C:\Users\lenovo\.rustup\toolc
hains\stable-x86_64-pc-windows-msvc\l
ib/rustlib/src/rust\library\alloc\src
\sync.rs:3700:1
     |
3700 | impl<T: ?Sized + fmt::Debug, A
: Allocator> fmt::Debug for Arc<T, A>
 {
     | ^^^^^^^^^^^^^^^^^^^^^^^^^^^^^^
^^^^^^^^^^^^^^^^^^^^^^^^^^^^^^^^^^^^^

error[E0010]: allocations are not all
owed in constants
  --> src\knowledge_agents\architectu
re_analyzer.rs:24:23
   |
24 |     LayerRule { dirs: vec!["api"
, "routes", "endpoints", "controllers
", "handlers"],
   |                       ^^^^^^^^^^
^^^^^^^^^^^^^^^^^^^^^^^^^^^^^^^^^^^^^
^^^^^^^^^^^^^^ allocation not allowed
 in constants
   |
   = note: this error originates in t
he macro `vec` (in Nightly builds, ru
n with -Z macro-backtrace for more in
fo)

error[E0015]: cannot call non-const m
ethod `std::slice::<impl [&str]>::int
o_vec::<std::alloc::Global>` in const
ants
  --> src\knowledge_agents\architectu
re_analyzer.rs:24:23
   |
24 |     LayerRule { dirs: vec!["api"
, "routes", "endpoints", "controllers
", "handlers"],
   |                       ^^^^^^^^^^
^^^^^^^^^^^^^^^^^^^^^^^^^^^^^^^^^^^^^
^^^^^^^^^^^^^^
   |
   = note: calls in constants are lim
ited to constant functions, tuple str
ucts and tuple variants
   = note: this error originates in t
he macro `vec` (in Nightly builds, ru
n with -Z macro-backtrace for more in
fo)

error[E0010]: allocations are not all
owed in constants
  --> src\knowledge_agents\architectu
re_analyzer.rs:25:24
   |
25 |         file_patterns: vec!["api
", "route", "endpoint", "controller",
 "handler"], layer: ArchitectureLayer
::Api },
   |                        ^^^^^^^^^
^^^^^^^^^^^^^^^^^^^^^^^^^^^^^^^^^^^^^
^^^^^^^^^^^ allocation not allowed in
 constants
   |
   = note: this error originates in t
he macro `vec` (in Nightly builds, ru
n with -Z macro-backtrace for more in
fo)

error[E0015]: cannot call non-const m
ethod `std::slice::<impl [&str]>::int
o_vec::<std::alloc::Global>` in const
ants
  --> src\knowledge_agents\architectu
re_analyzer.rs:25:24
   |
25 |         file_patterns: vec!["api
", "route", "endpoint", "controller",
 "handler"], layer: ArchitectureLayer
::Api },
   |                        ^^^^^^^^^
^^^^^^^^^^^^^^^^^^^^^^^^^^^^^^^^^^^^^
^^^^^^^^^^^
   |
   = note: calls in constants are lim
ited to constant functions, tuple str
ucts and tuple variants
   = note: this error originates in t
he macro `vec` (in Nightly builds, ru
n with -Z macro-backtrace for more in
fo)

error[E0010]: allocations are not all
owed in constants
  --> src\knowledge_agents\architectu
re_analyzer.rs:26:23
   |
26 |     LayerRule { dirs: vec!["serv
ice", "services", "use-cases", "useca
ses"],
   |                       ^^^^^^^^^^
^^^^^^^^^^^^^^^^^^^^^^^^^^^^^^^^^^^^^
^^^^^ allocation not allowed in const
ants
   |
   = note: this error originates in t
he macro `vec` (in Nightly builds, ru
n with -Z macro-backtrace for more in
fo)

error[E0015]: cannot call non-const m
ethod `std::slice::<impl [&str]>::int
o_vec::<std::alloc::Global>` in const
ants
  --> src\knowledge_agents\architectu
re_analyzer.rs:26:23
   |
26 |     LayerRule { dirs: vec!["serv
ice", "services", "use-cases", "useca
ses"],
   |                       ^^^^^^^^^^
^^^^^^^^^^^^^^^^^^^^^^^^^^^^^^^^^^^^^
^^^^^
   |
   = note: calls in constants are lim
ited to constant functions, tuple str
ucts and tuple variants
   = note: this error originates in t
he macro `vec` (in Nightly builds, ru
n with -Z macro-backtrace for more in
fo)

error[E0010]: allocations are not all
owed in constants
  --> src\knowledge_agents\architectu
re_analyzer.rs:27:24
   |
27 |         file_patterns: vec!["ser
vice", "use_case", "usecase"], layer:
 ArchitectureLayer::Service },
   |                        ^^^^^^^^^
^^^^^^^^^^^^^^^^^^^^^^^^^^^^^ allocat
ion not allowed in constants
   |
   = note: this error originates in t
he macro `vec` (in Nightly builds, ru
n with -Z macro-backtrace for more in
fo)

error[E0015]: cannot call non-const m
ethod `std::slice::<impl [&str]>::int
o_vec::<std::alloc::Global>` in const
ants
  --> src\knowledge_agents\architectu
re_analyzer.rs:27:24
   |
27 |         file_patterns: vec!["ser
vice", "use_case", "usecase"], layer:
 ArchitectureLayer::Service },
   |                        ^^^^^^^^^
^^^^^^^^^^^^^^^^^^^^^^^^^^^^^
   |
   = note: calls in constants are lim
ited to constant functions, tuple str
ucts and tuple variants
   = note: this error originates in t
he macro `vec` (in Nightly builds, ru
n with -Z macro-backtrace for more in
fo)

error[E0010]: allocations are not all
owed in constants
  --> src\knowledge_agents\architectu
re_analyzer.rs:28:23
   |
28 |     LayerRule { dirs: vec!["busi
ness", "domain", "model", "models", "
entity", "entities"],
   |                       ^^^^^^^^^^
^^^^^^^^^^^^^^^^^^^^^^^^^^^^^^^^^^^^^
^^^^^^^^^^^^^^^^^^^^ allocation not a
llowed in constants
   |
   = note: this error originates in t
he macro `vec` (in Nightly builds, ru
n with -Z macro-backtrace for more in
fo)

error[E0015]: cannot call non-const m
ethod `std::slice::<impl [&str]>::int
o_vec::<std::alloc::Global>` in const
ants
  --> src\knowledge_agents\architectu
re_analyzer.rs:28:23
   |
28 |     LayerRule { dirs: vec!["busi
ness", "domain", "model", "models", "
entity", "entities"],
   |                       ^^^^^^^^^^
^^^^^^^^^^^^^^^^^^^^^^^^^^^^^^^^^^^^^
^^^^^^^^^^^^^^^^^^^^
   |
   = note: calls in constants are lim
ited to constant functions, tuple str
ucts and tuple variants
   = note: this error originates in t
he macro `vec` (in Nightly builds, ru
n with -Z macro-backtrace for more in
fo)

error[E0010]: allocations are not all
owed in constants
  --> src\knowledge_agents\architectu
re_analyzer.rs:29:24
   |
29 |         file_patterns: vec!["dom
ain", "model", "entity", "business"],
 layer: ArchitectureLayer::Business }
,
   |                        ^^^^^^^^^
^^^^^^^^^^^^^^^^^^^^^^^^^^^^^^^^^^^^ 
allocation not allowed in constants
   |
   = note: this error originates in t
he macro `vec` (in Nightly builds, ru
n with -Z macro-backtrace for more in
fo)

error[E0015]: cannot call non-const m
ethod `std::slice::<impl [&str]>::int
o_vec::<std::alloc::Global>` in const
ants
  --> src\knowledge_agents\architectu
re_analyzer.rs:29:24
   |
29 |         file_patterns: vec!["dom
ain", "model", "entity", "business"],
 layer: ArchitectureLayer::Business }
,
   |                        ^^^^^^^^^
^^^^^^^^^^^^^^^^^^^^^^^^^^^^^^^^^^^^
   |
   = note: calls in constants are lim
ited to constant functions, tuple str
ucts and tuple variants
   = note: this error originates in t
he macro `vec` (in Nightly builds, ru
n with -Z macro-backtrace for more in
fo)

error[E0010]: allocations are not all
owed in constants
  --> src\knowledge_agents\architectu
re_analyzer.rs:30:23
   |
30 |     LayerRule { dirs: vec!["data
", "repository", "repositories", "dao
", "persistence", "db", "database", "
sql"],
   |                       ^^^^^^^^^^
^^^^^^^^^^^^^^^^^^^^^^^^^^^^^^^^^^^^^
^^^^^^^^^^^^^^^^^^^^^^^^^^^^^^^^^^^^^
^^^^^ allocation not allowed in const
ants
   |
   = note: this error originates in t
he macro `vec` (in Nightly builds, ru
n with -Z macro-backtrace for more in
fo)

error[E0015]: cannot call non-const m
ethod `std::slice::<impl [&str]>::int
o_vec::<std::alloc::Global>` in const
ants
  --> src\knowledge_agents\architectu
re_analyzer.rs:30:23
   |
30 |     LayerRule { dirs: vec!["data
", "repository", "repositories", "dao
", "persistence", "db", "database", "
sql"],
   |                       ^^^^^^^^^^
^^^^^^^^^^^^^^^^^^^^^^^^^^^^^^^^^^^^^
^^^^^^^^^^^^^^^^^^^^^^^^^^^^^^^^^^^^^
^^^^^
   |
   = note: calls in constants are lim
ited to constant functions, tuple str
ucts and tuple variants
   = note: this error originates in t
he macro `vec` (in Nightly builds, ru
n with -Z macro-backtrace for more in
fo)

error[E0010]: allocations are not all
owed in constants
  --> src\knowledge_agents\architectu
re_analyzer.rs:31:24
   |
31 |         file_patterns: vec!["rep
o", "repository", "dao", "data", "db"
, "database", "sql"], layer: Architec
tureLayer::Data },
   |                        ^^^^^^^^^
^^^^^^^^^^^^^^^^^^^^^^^^^^^^^^^^^^^^^
^^^^^^^^^^^^^^^^^^^^ allocation not a
llowed in constants
   |
   = note: this error originates in t
he macro `vec` (in Nightly builds, ru
n with -Z macro-backtrace for more in
fo)

error[E0015]: cannot call non-const m
ethod `std::slice::<impl [&str]>::int
o_vec::<std::alloc::Global>` in const
ants
  --> src\knowledge_agents\architectu
re_analyzer.rs:31:24
   |
31 |         file_patterns: vec!["rep
o", "repository", "dao", "data", "db"
, "database", "sql"], layer: Architec
tureLayer::Data },
   |                        ^^^^^^^^^
^^^^^^^^^^^^^^^^^^^^^^^^^^^^^^^^^^^^^
^^^^^^^^^^^^^^^^^^^^
   |
   = note: calls in constants are lim
ited to constant functions, tuple str
ucts and tuple variants
   = note: this error originates in t
he macro `vec` (in Nightly builds, ru
n with -Z macro-backtrace for more in
fo)

error[E0010]: allocations are not all
owed in constants
  --> src\knowledge_agents\architectu
re_analyzer.rs:32:23
   |
32 |     LayerRule { dirs: vec!["infr
a", "infrastructure", "config", "conf
iguration", "deploy", "deployment", "
k8s", "docker"],
   |                       ^^^^^^^^^^
^^^^^^^^^^^^^^^^^^^^^^^^^^^^^^^^^^^^^
^^^^^^^^^^^^^^^^^^^^^^^^^^^^^^^^^^^^^
^^^^^^^^^^^^^^^ allocation not allowe
d in constants
   |
   = note: this error originates in t
he macro `vec` (in Nightly builds, ru
n with -Z macro-backtrace for more in
fo)

error[E0015]: cannot call non-const m
ethod `std::slice::<impl [&str]>::int
o_vec::<std::alloc::Global>` in const
ants
  --> src\knowledge_agents\architectu
re_analyzer.rs:32:23
   |
32 |     LayerRule { dirs: vec!["infr
a", "infrastructure", "config", "conf
iguration", "deploy", "deployment", "
k8s", "docker"],
   |                       ^^^^^^^^^^
^^^^^^^^^^^^^^^^^^^^^^^^^^^^^^^^^^^^^
^^^^^^^^^^^^^^^^^^^^^^^^^^^^^^^^^^^^^
^^^^^^^^^^^^^^^
   |
   = note: calls in constants are lim
ited to constant functions, tuple str
ucts and tuple variants
   = note: this error originates in t
he macro `vec` (in Nightly builds, ru
n with -Z macro-backtrace for more in
fo)

error[E0010]: allocations are not all
owed in constants
  --> src\knowledge_agents\architectu
re_analyzer.rs:33:24
   |
33 |         file_patterns: vec!["inf
ra", "config", "deploy", "k8s"], laye
r: ArchitectureLayer::Infrastructure 
},
   |                        ^^^^^^^^^
^^^^^^^^^^^^^^^^^^^^^^^^^^^^^^^ alloc
ation not allowed in constants
   |
   = note: this error originates in t
he macro `vec` (in Nightly builds, ru
n with -Z macro-backtrace for more in
fo)

error[E0015]: cannot call non-const m
ethod `std::slice::<impl [&str]>::int
o_vec::<std::alloc::Global>` in const
ants
  --> src\knowledge_agents\architectu
re_analyzer.rs:33:24
   |
33 |         file_patterns: vec!["inf
ra", "config", "deploy", "k8s"], laye
r: ArchitectureLayer::Infrastructure 
},
   |                        ^^^^^^^^^
^^^^^^^^^^^^^^^^^^^^^^^^^^^^^^^
   |
   = note: calls in constants are lim
ited to constant functions, tuple str
ucts and tuple variants
   = note: this error originates in t
he macro `vec` (in Nightly builds, ru
n with -Z macro-backtrace for more in
fo)

error[E0010]: allocations are not all
owed in constants
  --> src\knowledge_agents\architectu
re_analyzer.rs:34:23
   |
34 |     LayerRule { dirs: vec!["ui",
 "components", "pages", "views", "scr
eens", "widgets", "templates"],
   |                       ^^^^^^^^^^
^^^^^^^^^^^^^^^^^^^^^^^^^^^^^^^^^^^^^
^^^^^^^^^^^^^^^^^^^^^^^^^^^^^^ alloca
tion not allowed in constants
   |
   = note: this error originates in t
he macro `vec` (in Nightly builds, ru
n with -Z macro-backtrace for more in
fo)

error[E0015]: cannot call non-const m
ethod `std::slice::<impl [&str]>::int
o_vec::<std::alloc::Global>` in const
ants
  --> src\knowledge_agents\architectu
re_analyzer.rs:34:23
   |
34 |     LayerRule { dirs: vec!["ui",
 "components", "pages", "views", "scr
eens", "widgets", "templates"],
   |                       ^^^^^^^^^^
^^^^^^^^^^^^^^^^^^^^^^^^^^^^^^^^^^^^^
^^^^^^^^^^^^^^^^^^^^^^^^^^^^^^
   |
   = note: calls in constants are lim
ited to constant functions, tuple str
ucts and tuple variants
   = note: this error originates in t
he macro `vec` (in Nightly builds, ru
n with -Z macro-backtrace for more in
fo)

error[E0010]: allocations are not all
owed in constants
  --> src\knowledge_agents\architectu
re_analyzer.rs:35:24
   |
35 |         file_patterns: vec!["ui"
, "component", "page", "view", "scree
n", "widget"], layer: ArchitectureLay
er::Ui },
   |                        ^^^^^^^^^
^^^^^^^^^^^^^^^^^^^^^^^^^^^^^^^^^^^^^
^^^^^^^^^^^^^ allocation not allowed 
in constants
   |
   = note: this error originates in t
he macro `vec` (in Nightly builds, ru
n with -Z macro-backtrace for more in
fo)

error[E0015]: cannot call non-const m
ethod `std::slice::<impl [&str]>::int
o_vec::<std::alloc::Global>` in const
ants
  --> src\knowledge_agents\architectu
re_analyzer.rs:35:24
   |
35 |         file_patterns: vec!["ui"
, "component", "page", "view", "scree
n", "widget"], layer: ArchitectureLay
er::Ui },
   |                        ^^^^^^^^^
^^^^^^^^^^^^^^^^^^^^^^^^^^^^^^^^^^^^^
^^^^^^^^^^^^^
   |
   = note: calls in constants are lim
ited to constant functions, tuple str
ucts and tuple variants
   = note: this error originates in t
he macro `vec` (in Nightly builds, ru
n with -Z macro-backtrace for more in
fo)

error[E0010]: allocations are not all
owed in constants
  --> src\knowledge_agents\architectu
re_analyzer.rs:36:23
   |
36 |     LayerRule { dirs: vec!["util
s", "util", "helpers", "helper", "com
mon", "shared", "lib"],
   |                       ^^^^^^^^^^
^^^^^^^^^^^^^^^^^^^^^^^^^^^^^^^^^^^^^
^^^^^^^^^^^^^^^^^^^^^^ allocation not
 allowed in constants
   |
   = note: this error originates in t
he macro `vec` (in Nightly builds, ru
n with -Z macro-backtrace for more in
fo)

error[E0015]: cannot call non-const m
ethod `std::slice::<impl [&str]>::int
o_vec::<std::alloc::Global>` in const
ants
  --> src\knowledge_agents\architectu
re_analyzer.rs:36:23
   |
36 |     LayerRule { dirs: vec!["util
s", "util", "helpers", "helper", "com
mon", "shared", "lib"],
   |                       ^^^^^^^^^^
^^^^^^^^^^^^^^^^^^^^^^^^^^^^^^^^^^^^^
^^^^^^^^^^^^^^^^^^^^^^
   |
   = note: calls in constants are lim
ited to constant functions, tuple str
ucts and tuple variants
   = note: this error originates in t
he macro `vec` (in Nightly builds, ru
n with -Z macro-backtrace for more in
fo)

error[E0010]: allocations are not all
owed in constants
  --> src\knowledge_agents\architectu
re_analyzer.rs:37:24
   |
37 |         file_patterns: vec!["uti
l", "helper", "common", "shared"], la
yer: ArchitectureLayer::Utility },
   |                        ^^^^^^^^^
^^^^^^^^^^^^^^^^^^^^^^^^^^^^^^^^^ all
ocation not allowed in constants
   |
   = note: this error originates in t
he macro `vec` (in Nightly builds, ru
n with -Z macro-backtrace for more in
fo)

error[E0015]: cannot call non-const m
ethod `std::slice::<impl [&str]>::int
o_vec::<std::alloc::Global>` in const
ants
  --> src\knowledge_agents\architectu
re_analyzer.rs:37:24
   |
37 |         file_patterns: vec!["uti
l", "helper", "common", "shared"], la
yer: ArchitectureLayer::Utility },
   |                        ^^^^^^^^^
^^^^^^^^^^^^^^^^^^^^^^^^^^^^^^^^^
   |
   = note: calls in constants are lim
ited to constant functions, tuple str
ucts and tuple variants
   = note: this error originates in t
he macro `vec` (in Nightly builds, ru
n with -Z macro-backtrace for more in
fo)

error[E0010]: allocations are not all
owed in constants
  --> src\knowledge_agents\architectu
re_analyzer.rs:38:23
   |
38 |     LayerRule { dirs: vec!["test
", "tests", "spec", "specs", "__tests
__", "__test__"],
   |                       ^^^^^^^^^^
^^^^^^^^^^^^^^^^^^^^^^^^^^^^^^^^^^^^^
^^^^^^^^^^^^^^^^ allocation not allow
ed in constants
   |
   = note: this error originates in t
he macro `vec` (in Nightly builds, ru
n with -Z macro-backtrace for more in
fo)

error[E0015]: cannot call non-const m
ethod `std::slice::<impl [&str]>::int
o_vec::<std::alloc::Global>` in const
ants
  --> src\knowledge_agents\architectu
re_analyzer.rs:38:23
   |
38 |     LayerRule { dirs: vec!["test
", "tests", "spec", "specs", "__tests
__", "__test__"],
   |                       ^^^^^^^^^^
^^^^^^^^^^^^^^^^^^^^^^^^^^^^^^^^^^^^^
^^^^^^^^^^^^^^^^
   |
   = note: calls in constants are lim
ited to constant functions, tuple str
ucts and tuple variants
   = note: this error originates in t
he macro `vec` (in Nightly builds, ru
n with -Z macro-backtrace for more in
fo)

error[E0010]: allocations are not all
owed in constants
  --> src\knowledge_agents\architectu
re_analyzer.rs:39:24
   |
39 |         file_patterns: vec!["tes
t", "spec", "mock", "stub", "fixture"
], layer: ArchitectureLayer::Testing 
},
   |                        ^^^^^^^^^
^^^^^^^^^^^^^^^^^^^^^^^^^^^^^^^^^^^^^
^ allocation not allowed in constants
   |
   = note: this error originates in t
he macro `vec` (in Nightly builds, ru
n with -Z macro-backtrace for more in
fo)

error[E0015]: cannot call non-const m
ethod `std::slice::<impl [&str]>::int
o_vec::<std::alloc::Global>` in const
ants
  --> src\knowledge_agents\architectu
re_analyzer.rs:39:24
   |
39 |         file_patterns: vec!["tes
t", "spec", "mock", "stub", "fixture"
], layer: ArchitectureLayer::Testing 
},
   |                        ^^^^^^^^^
^^^^^^^^^^^^^^^^^^^^^^^^^^^^^^^^^^^^^
^
   |
   = note: calls in constants are lim
ited to constant functions, tuple str
ucts and tuple variants
   = note: this error originates in t
he macro `vec` (in Nightly builds, ru
n with -Z macro-backtrace for more in
fo)

error[E0010]: allocations are not all
owed in constants
  --> src\knowledge_agents\architectu
re_analyzer.rs:40:23
   |
40 |     LayerRule { dirs: vec!["conf
ig", "configuration", "settings", "en
v"],
   |                       ^^^^^^^^^^
^^^^^^^^^^^^^^^^^^^^^^^^^^^^^^^^^^^^^
^^^ allocation not allowed in constan
ts
   |
   = note: this error originates in t
he macro `vec` (in Nightly builds, ru
n with -Z macro-backtrace for more in
fo)

error[E0015]: cannot call non-const m
ethod `std::slice::<impl [&str]>::int
o_vec::<std::alloc::Global>` in const
ants
  --> src\knowledge_agents\architectu
re_analyzer.rs:40:23
   |
40 |     LayerRule { dirs: vec!["conf
ig", "configuration", "settings", "en
v"],
   |                       ^^^^^^^^^^
^^^^^^^^^^^^^^^^^^^^^^^^^^^^^^^^^^^^^
^^^
   |
   = note: calls in constants are lim
ited to constant functions, tuple str
ucts and tuple variants
   = note: this error originates in t
he macro `vec` (in Nightly builds, ru
n with -Z macro-backtrace for more in
fo)

error[E0010]: allocations are not all
owed in constants
  --> src\knowledge_agents\architectu
re_analyzer.rs:41:24
   |
41 |         file_patterns: vec!["con
fig", "setting", "env"], layer: Archi
tectureLayer::Config },
   |                        ^^^^^^^^^
^^^^^^^^^^^^^^^^^^^^^^^ allocation no
t allowed in constants
   |
   = note: this error originates in t
he macro `vec` (in Nightly builds, ru
n with -Z macro-backtrace for more in
fo)

error[E0015]: cannot call non-const m
ethod `std::slice::<impl [&str]>::int
o_vec::<std::alloc::Global>` in const
ants
  --> src\knowledge_agents\architectu
re_analyzer.rs:41:24
   |
41 |         file_patterns: vec!["con
fig", "setting", "env"], layer: Archi
tectureLayer::Config },
   |                        ^^^^^^^^^
^^^^^^^^^^^^^^^^^^^^^^^
   |
   = note: calls in constants are lim
ited to constant functions, tuple str
ucts and tuple variants
   = note: this error originates in t
he macro `vec` (in Nightly builds, ru
n with -Z macro-backtrace for more in
fo)

error[E0010]: allocations are not all
owed in constants
  --> src\knowledge_agents\domain_ana
lyzer.rs:20:28
   |
20 |       DomainRule { keywords: vec
!["auth", "login", "logout", "session
", "token", "password", "oauth",
   |  ____________________________^
21 | |         "璁よ瘉", "鐧诲綍", "鎺堟潈", "
閴存潈"],
   | |_______________________________
________^ allocation not allowed in c
onstants
   |
   = note: this error originates in t
he macro `vec` (in Nightly builds, ru
n with -Z macro-backtrace for more in
fo)

error[E0015]: cannot call non-const m
ethod `std::slice::<impl [&str]>::int
o_vec::<std::alloc::Global>` in const
ants
  --> src\knowledge_agents\domain_ana
lyzer.rs:20:28
   |
20 |       DomainRule { keywords: vec
!["auth", "login", "logout", "session
", "token", "password", "oauth",
   |  ____________________________^
21 | |         "璁よ瘉", "鐧诲綍", "鎺堟潈", "
閴存潈"],
   | |_______________________________
________^
   |
   = note: calls in constants are lim
ited to constant functions, tuple str
ucts and tuple variants
   = note: this error originates in t
he macro `vec` (in Nightly builds, ru
n with -Z macro-backtrace for more in
fo)

error[E0010]: allocations are not all
owed in constants
  --> src\knowledge_agents\domain_ana
lyzer.rs:23:28
   |
23 |       DomainRule { keywords: vec
!["user", "profile", "account", "memb
er", "customer",
   |  ____________________________^
24 | |         "鐢ㄦ埛", "浼氬憳", "璐︽埛"],
   | |_______________________________
^ allocation not allowed in constants
   |
   = note: this error originates in t
he macro `vec` (in Nightly builds, ru
n with -Z macro-backtrace for more in
fo)

error[E0015]: cannot call non-const m
ethod `std::slice::<impl [&str]>::int
o_vec::<std::alloc::Global>` in const
ants
  --> src\knowledge_agents\domain_ana
lyzer.rs:23:28
   |
23 |       DomainRule { keywords: vec
!["user", "profile", "account", "memb
er", "customer",
   |  ____________________________^
24 | |         "鐢ㄦ埛", "浼氬憳", "璐︽埛"],
   | |_______________________________
^
   |
   = note: calls in constants are lim
ited to constant functions, tuple str
ucts and tuple variants
   = note: this error originates in t
he macro `vec` (in Nightly builds, ru
n with -Z macro-backtrace for more in
fo)

error[E0010]: allocations are not all
owed in constants
  --> src\knowledge_agents\domain_ana
lyzer.rs:26:28
   |
26 |       DomainRule { keywords: vec
!["payment", "billing", "invoice", "t
ransaction", "order", "checkout",
   |  ____________________________^
27 | |         "鏀粯", "璐﹀崟", "璁㈠崟", "
缁撶畻"],
   | |_______________________________
________^ allocation not allowed in c
onstants
   |
   = note: this error originates in t
he macro `vec` (in Nightly builds, ru
n with -Z macro-backtrace for more in
fo)

error[E0015]: cannot call non-const m
ethod `std::slice::<impl [&str]>::int
o_vec::<std::alloc::Global>` in const
ants
  --> src\knowledge_agents\domain_ana
lyzer.rs:26:28
   |
26 |       DomainRule { keywords: vec
!["payment", "billing", "invoice", "t
ransaction", "order", "checkout",
   |  ____________________________^
27 | |         "鏀粯", "璐﹀崟", "璁㈠崟", "
缁撶畻"],
   | |_______________________________
________^
   |
   = note: calls in constants are lim
ited to constant functions, tuple str
ucts and tuple variants
   = note: this error originates in t
he macro `vec` (in Nightly builds, ru
n with -Z macro-backtrace for more in
fo)

error[E0010]: allocations are not all
owed in constants
  --> src\knowledge_agents\domain_ana
lyzer.rs:29:28
   |
29 |       DomainRule { keywords: vec
!["notification", "email", "sms", "pu
sh", "alert", "message",
   |  ____________________________^
30 | |         "閫氱煡", "閭欢", "鐭俊", "
鎺ㄩ€?],
   | |_______________________________
________^ allocation not allowed in c
onstants
   |
   = note: this error originates in t
he macro `vec` (in Nightly builds, ru
n with -Z macro-backtrace for more in
fo)

error[E0015]: cannot call non-const m
ethod `std::slice::<impl [&str]>::int
o_vec::<std::alloc::Global>` in const
ants
  --> src\knowledge_agents\domain_ana
lyzer.rs:29:28
   |
29 |       DomainRule { keywords: vec
!["notification", "email", "sms", "pu
sh", "alert", "message",
   |  ____________________________^
30 | |         "閫氱煡", "閭欢", "鐭俊", "
鎺ㄩ€?],
   | |_______________________________
________^
   |
   = note: calls in constants are lim
ited to constant functions, tuple str
ucts and tuple variants
   = note: this error originates in t
he macro `vec` (in Nightly builds, ru
n with -Z macro-backtrace for more in
fo)

error[E0010]: allocations are not all
owed in constants
  --> src\knowledge_agents\domain_ana
lyzer.rs:32:28
   |
32 |     DomainRule { keywords: vec![
"search", "index", "query", "妫€绱?, "鎼
滅储", "绱㈠紩"],
   |                            ^^^^^
^^^^^^^^^^^^^^^^^^^^^^^^^^^^^^^^^^^^^
^^^^^^^^^^^^^^ allocation not allowed
 in constants
   |
   = note: this error originates in t
he macro `vec` (in Nightly builds, ru
n with -Z macro-backtrace for more in
fo)

error[E0015]: cannot call non-const m
ethod `std::slice::<impl [&str]>::int
o_vec::<std::alloc::Global>` in const
ants
  --> src\knowledge_agents\domain_ana
lyzer.rs:32:28
   |
32 |     DomainRule { keywords: vec![
"search", "index", "query", "妫€绱?, "鎼
滅储", "绱㈠紩"],
   |                            ^^^^^
^^^^^^^^^^^^^^^^^^^^^^^^^^^^^^^^^^^^^
^^^^^^^^^^^^^^
   |
   = note: calls in constants are lim
ited to constant functions, tuple str
ucts and tuple variants
   = note: this error originates in t
he macro `vec` (in Nightly builds, ru
n with -Z macro-backtrace for more in
fo)

error[E0010]: allocations are not all
owed in constants
  --> src\knowledge_agents\domain_ana
lyzer.rs:34:28
   |
34 |       DomainRule { keywords: vec
!["report", "analytics", "dashboard",
 "statistic", "metric",
   |  ____________________________^
35 | |         "鎶ヨ〃", "缁熻", "鍒嗘瀽", "
鐪嬫澘"],
   | |_______________________________
________^ allocation not allowed in c
onstants
   |
   = note: this error originates in t
he macro `vec` (in Nightly builds, ru
n with -Z macro-backtrace for more in
fo)

error[E0015]: cannot call non-const m
ethod `std::slice::<impl [&str]>::int
o_vec::<std::alloc::Global>` in const
ants
  --> src\knowledge_agents\domain_ana
lyzer.rs:34:28
   |
34 |       DomainRule { keywords: vec
!["report", "analytics", "dashboard",
 "statistic", "metric",
   |  ____________________________^
35 | |         "鎶ヨ〃", "缁熻", "鍒嗘瀽", "
鐪嬫澘"],
   | |_______________________________
________^
   |
   = note: calls in constants are lim
ited to constant functions, tuple str
ucts and tuple variants
   = note: this error originates in t
he macro `vec` (in Nightly builds, ru
n with -Z macro-backtrace for more in
fo)

error[E0010]: allocations are not all
owed in constants
  --> src\knowledge_agents\domain_ana
lyzer.rs:37:28
   |
37 |     DomainRule { keywords: vec![
"admin", "management", "dashboard", "
鍚庡彴", "绠＄悊"],
   |                            ^^^^^
^^^^^^^^^^^^^^^^^^^^^^^^^^^^^^^^^^^^^
^^^^^^^^^^^^^^ allocation not allowed
 in constants
   |
   = note: this error originates in t
he macro `vec` (in Nightly builds, ru
n with -Z macro-backtrace for more in
fo)

error[E0015]: cannot call non-const m
ethod `std::slice::<impl [&str]>::int
o_vec::<std::alloc::Global>` in const
ants
  --> src\knowledge_agents\domain_ana
lyzer.rs:37:28
   |
37 |     DomainRule { keywords: vec![
"admin", "management", "dashboard", "
鍚庡彴", "绠＄悊"],
   |                            ^^^^^
^^^^^^^^^^^^^^^^^^^^^^^^^^^^^^^^^^^^^
^^^^^^^^^^^^^^
   |
   = note: calls in constants are lim
ited to constant functions, tuple str
ucts and tuple variants
   = note: this error originates in t
he macro `vec` (in Nightly builds, ru
n with -Z macro-backtrace for more in
fo)

error[E0010]: allocations are not all
owed in constants
  --> src\knowledge_agents\domain_ana
lyzer.rs:39:28
   |
39 |     DomainRule { keywords: vec![
"file", "upload", "download", "storag
e", "image", "鏂囨。", "鏂囦欢", "涓婁紶", "涓嬭
浇"],
   |                            ^^^^^
^^^^^^^^^^^^^^^^^^^^^^^^^^^^^^^^^^^^^
^^^^^^^^^^^^^^^^^^^^^^^^^^^^^^^^^^^^^
^^^^^^^ allocation not allowed in con
stants
   |
   = note: this error originates in t
he macro `vec` (in Nightly builds, ru
n with -Z macro-backtrace for more in
fo)

error[E0015]: cannot call non-const m
ethod `std::slice::<impl [&str]>::int
o_vec::<std::alloc::Global>` in const
ants
  --> src\knowledge_agents\domain_ana
lyzer.rs:39:28
   |
39 |     DomainRule { keywords: vec![
"file", "upload", "download", "storag
e", "image", "鏂囨。", "鏂囦欢", "涓婁紶", "涓嬭
浇"],
   |                            ^^^^^
^^^^^^^^^^^^^^^^^^^^^^^^^^^^^^^^^^^^^
^^^^^^^^^^^^^^^^^^^^^^^^^^^^^^^^^^^^^
^^^^^^^
   |
   = note: calls in constants are lim
ited to constant functions, tuple str
ucts and tuple variants
   = note: this error originates in t
he macro `vec` (in Nightly builds, ru
n with -Z macro-backtrace for more in
fo)

error[E0010]: allocations are not all
owed in constants
  --> src\knowledge_agents\domain_ana
lyzer.rs:41:28
   |
41 |     DomainRule { keywords: vec![
"log", "logging", "audit", "monitor",
 "鏃ュ織", "瀹¤", "鐩戞帶"],
   |                            ^^^^^
^^^^^^^^^^^^^^^^^^^^^^^^^^^^^^^^^^^^^
^^^^^^^^^^^^^^^^^^^^^^^^ allocation n
ot allowed in constants
   |
   = note: this error originates in t
he macro `vec` (in Nightly builds, ru
n with -Z macro-backtrace for more in
fo)

error[E0015]: cannot call non-const m
ethod `std::slice::<impl [&str]>::int
o_vec::<std::alloc::Global>` in const
ants
  --> src\knowledge_agents\domain_ana
lyzer.rs:41:28
   |
41 |     DomainRule { keywords: vec![
"log", "logging", "audit", "monitor",
 "鏃ュ織", "瀹¤", "鐩戞帶"],
   |                            ^^^^^
^^^^^^^^^^^^^^^^^^^^^^^^^^^^^^^^^^^^^
^^^^^^^^^^^^^^^^^^^^^^^^
   |
   = note: calls in constants are lim
ited to constant functions, tuple str
ucts and tuple variants
   = note: this error originates in t
he macro `vec` (in Nightly builds, ru
n with -Z macro-backtrace for more in
fo)

error[E0010]: allocations are not all
owed in constants
  --> src\knowledge_agents\domain_ana
lyzer.rs:43:28
   |
43 |     DomainRule { keywords: vec![
"cache", "redis", "缂撳瓨"],
   |                            ^^^^^
^^^^^^^^^^^^^^^^^^^^^^^^^ allocation 
not allowed in constants
   |
   = note: this error originates in t
he macro `vec` (in Nightly builds, ru
n with -Z macro-backtrace for more in
fo)

error[E0015]: cannot call non-const m
ethod `std::slice::<impl [&str]>::int
o_vec::<std::alloc::Global>` in const
ants
  --> src\knowledge_agents\domain_ana
lyzer.rs:43:28
   |
43 |     DomainRule { keywords: vec![
"cache", "redis", "缂撳瓨"],
   |                            ^^^^^
^^^^^^^^^^^^^^^^^^^^^^^^^
   |
   = note: calls in constants are lim
ited to constant functions, tuple str
ucts and tuple variants
   = note: this error originates in t
he macro `vec` (in Nightly builds, ru
n with -Z macro-backtrace for more in
fo)

error[E0010]: allocations are not all
owed in constants
  --> src\knowledge_agents\domain_ana
lyzer.rs:45:28
   |
45 |     DomainRule { keywords: vec![
"api", "graphql", "rest", "grpc", "rp
c", "endpoint", "鎺ュ彛"],
   |                            ^^^^^
^^^^^^^^^^^^^^^^^^^^^^^^^^^^^^^^^^^^^
^^^^^^^^^^^^^^^^^^^^^^^ allocation no
t allowed in constants
   |
   = note: this error originates in t
he macro `vec` (in Nightly builds, ru
n with -Z macro-backtrace for more in
fo)

error[E0015]: cannot call non-const m
ethod `std::slice::<impl [&str]>::int
o_vec::<std::alloc::Global>` in const
ants
  --> src\knowledge_agents\domain_ana
lyzer.rs:45:28
   |
45 |     DomainRule { keywords: vec![
"api", "graphql", "rest", "grpc", "rp
c", "endpoint", "鎺ュ彛"],
   |                            ^^^^^
^^^^^^^^^^^^^^^^^^^^^^^^^^^^^^^^^^^^^
^^^^^^^^^^^^^^^^^^^^^^^
   |
   = note: calls in constants are lim
ited to constant functions, tuple str
ucts and tuple variants
   = note: this error originates in t
he macro `vec` (in Nightly builds, ru
n with -Z macro-backtrace for more in
fo)

error[E0010]: allocations are not all
owed in constants
  --> src\knowledge_agents\domain_ana
lyzer.rs:47:28
   |
47 |       DomainRule { keywords: vec
!["workflow", "pipeline", "job", "tas
k", "schedule", "cron",
   |  ____________________________^
48 | |         "宸ヤ綔娴?, "娴佹按绾?, "瀹氭椂",
 "璋冨害"],
   | |_______________________________
____________^ allocation not allowed 
in constants
   |
   = note: this error originates in t
he macro `vec` (in Nightly builds, ru
n with -Z macro-backtrace for more in
fo)

error[E0015]: cannot call non-const m
ethod `std::slice::<impl [&str]>::int
o_vec::<std::alloc::Global>` in const
ants
  --> src\knowledge_agents\domain_ana
lyzer.rs:47:28
   |
47 |       DomainRule { keywords: vec
!["workflow", "pipeline", "job", "tas
k", "schedule", "cron",
   |  ____________________________^
48 | |         "宸ヤ綔娴?, "娴佹按绾?, "瀹氭椂",
 "璋冨害"],
   | |_______________________________
____________^
   |
   = note: calls in constants are lim
ited to constant functions, tuple str
ucts and tuple variants
   = note: this error originates in t
he macro `vec` (in Nightly builds, ru
n with -Z macro-backtrace for more in
fo)

error[E0010]: allocations are not all
owed in constants
  --> src\knowledge_agents\domain_ana
lyzer.rs:50:28
   |
50 |       DomainRule { keywords: vec
!["content", "article", "post", "blog
", "page",
   |  ____________________________^
51 | |         "鍐呭", "鏂囩珷", "鍗氬"],
   | |_______________________________
^ allocation not allowed in constants
   |
   = note: this error originates in t
he macro `vec` (in Nightly builds, ru
n with -Z macro-backtrace for more in
fo)

error[E0015]: cannot call non-const m
ethod `std::slice::<impl [&str]>::int
o_vec::<std::alloc::Global>` in const
ants
  --> src\knowledge_agents\domain_ana
lyzer.rs:50:28
   |
50 |       DomainRule { keywords: vec
!["content", "article", "post", "blog
", "page",
   |  ____________________________^
51 | |         "鍐呭", "鏂囩珷", "鍗氬"],
   | |_______________________________
^
   |
   = note: calls in constants are lim
ited to constant functions, tuple str
ucts and tuple variants
   = note: this error originates in t
he macro `vec` (in Nightly builds, ru
n with -Z macro-backtrace for more in
fo)

error[E0010]: allocations are not all
owed in constants
  --> src\knowledge_agents\domain_ana
lyzer.rs:53:28
   |
53 |       DomainRule { keywords: vec
!["product", "inventory", "catalog", 
"product", "sku",
   |  ____________________________^
54 | |         "鍟嗗搧", "搴撳瓨", "浜у搧", "
鐩綍"],
   | |_______________________________
________^ allocation not allowed in c
onstants
   |
   = note: this error originates in t
he macro `vec` (in Nightly builds, ru
n with -Z macro-backtrace for more in
fo)

error[E0015]: cannot call non-const m
ethod `std::slice::<impl [&str]>::int
o_vec::<std::alloc::Global>` in const
ants
  --> src\knowledge_agents\domain_ana
lyzer.rs:53:28
   |
53 |       DomainRule { keywords: vec
!["product", "inventory", "catalog", 
"product", "sku",
   |  ____________________________^
54 | |         "鍟嗗搧", "搴撳瓨", "浜у搧", "
鐩綍"],
   | |_______________________________
________^
   |
   = note: calls in constants are lim
ited to constant functions, tuple str
ucts and tuple variants
   = note: this error originates in t
he macro `vec` (in Nightly builds, ru
n with -Z macro-backtrace for more in
fo)

error[E0599]: no method named `finish
` found for struct `CoreWrapper<T>` i
n the current scope
  --> src\file_history.rs:63:37
   |
63 |             format!("{:x}", &has
her.finish()[..16])
   |                                 
    ^^^^^^ method not found in `CoreW
rapper<CtVariableCoreWrapper<Sha256Va
rCore, UInt<..., ...>, ...>>`
   |
   = note: the full name for the type
 has been written to 'D:\studying\Cod
ecargo\CarpAI\target\debug\deps\jcode
-d142603c7e44ff4e.long-type-929829975
6485372532.txt'
   = note: consider using `--verbose`
 to print the full type name to the c
onsole

error[E0038]: the trait `VectorDataba
se` is not dyn compatible
   --> src\memory_advanced\mod.rs:158
:13
    |
158 |             vector_db,
    |             ^^^^^^^^^ `VectorDa
tabase` is not dyn compatible
    |
note: for a trait to be dyn compatibl
e it needs to allow building a vtable
      for more information, visit <ht
tps://doc.rust-lang.org/reference/ite
ms/traits.html#dyn-compatibility>
   --> src\memory_advanced\mod.rs:110
:14
    |
108 | pub trait VectorDatabase: Send 
+ Sync {
    |           -------------- this t
rait is not dyn compatible...
109 |     /// 瀛樺偍鍚戦噺
110 |     async fn upsert(&self, id: 
&str, embedding: Vec<f32>, metadata: 
HashMap<String, String>) -> Result<()
, String>;
    |              ^^^^^^ ...because 
method `upsert` is `async`
111 |     /// 鎼滅储鐩镐技鍚戦噺
112 |     async fn search(&self, embe
dding: &[f32], limit: usize) -> Resul
t<Vec<(String, f64)>, String>;
    |              ^^^^^^ ...because 
method `search` is `async`
113 |     /// 鍒犻櫎鍚戦噺
114 |     async fn delete(&self, id: 
&str) -> Result<(), String>;
    |              ^^^^^^ ...because 
method `delete` is `async`
    = help: consider moving `delete` 
to another trait
    = help: consider moving `upsert` 
to another trait
    = help: consider moving `search` 
to another trait
    = help: only type `memory_advance
d::PgVectorAdapter` implements `Vecto
rDatabase` within this crate; conside
r using it directly instead.
    = note: `VectorDatabase` may be i
mplemented in other crates; if you wa
nt to support your users passing thei
r own types here, you can't refer to 
a specific type

error[E0061]: this function takes 0 a
rguments but 1 argument was supplied
   --> src\p2_integration.rs:110:34
    |
110 |         let generator = Arc::ne
w(TestGenerator::new(config));
    |                                
  ^^^^^^^^^^^^^^^^^^ ------ unexpecte
d argument
    |
note: associated function defined her
e
   --> src\tdd\mod.rs:194:12
    |
194 |     pub fn new() -> Self {
    |            ^^^
help: remove the extra argument
    |
110 -         let generator = Arc::ne
w(TestGenerator::new(config));
110 +         let generator = Arc::ne
w(TestGenerator::new());
    |

warning: unused import: `Hasher`
  --> src\crdt\mod.rs:13:23
   |
13 | use std::hash::{Hash, Hasher};
   |                       ^^^^^^

warning: unused import: `Hash`
  --> src\memory\cache.rs:12:17
   |
12 | use std::hash::{Hash, Hasher};
   |                 ^^^^

warning: unused import: `std::hash::H
ash`
  --> src\cache_optimizer.rs:13:5
   |
13 | use std::hash::Hash;
   |     ^^^^^^^^^^^^^^^

warning: variable `in_status_code` is
 assigned to, but never used
  --> src\auth\sso\saml.rs:74:9
   |
74 |     let mut in_status_code = fal
se;
   |         ^^^^^^^^^^^^^^^^^^
   |
   = note: consider using `_in_status
_code` instead
   = note: `#[warn(unused_variables)]
` (part of `#[warn(unused)]`) on by d
efault

warning: value assigned to `in_status
_code` is never read
   --> src\auth\sso\saml.rs:125:41
    |
125 |                         "Status
Code" => in_status_code = true,
    |                                
         ^^^^^^^^^^^^^^^^^^^^^
    |
    = help: maybe it is overwritten b
efore being read?
    = note: `#[warn(unused_assignment
s)]` (part of `#[warn(unused)]`) on b
y default

warning: unused variable: `response`
   --> src\auth\sso\saml.rs:146:5
    |
146 |     response: &str,
    |     ^^^^^^^^ help: if this is i
ntentional, prefix it with an undersc
ore: `_response`

warning: unused variable: `relay_stat
e`
   --> src\auth\sso\saml.rs:206:5
    |
206 |     relay_state: &str,
    |     ^^^^^^^^^^^ help: if this i
s intentional, prefix it with an unde
rscore: `_relay_state`

warning: unused variable: `provider`
   --> src\auth\sso\saml.rs:244:5
    |
244 |     provider: &SsoProviderConfi
g,
    |     ^^^^^^^^ help: if this is i
ntentional, prefix it with an undersc
ore: `_provider`

warning: unused variable: `event_rece
iver`
  --> src\dap\adapter.rs:54:28
   |
54 |         let (event_sender, event
_receiver) = mpsc::channel(100);
   |                            ^^^^^
^^^^^^^^^ help: if this is intentiona
l, prefix it with an underscore: `_ev
ent_receiver`

warning: value assigned to `all_passe
d` is never read
   --> src\cli\slash_commands.rs:441:
26
    |
441 |     let mut all_passed = true;
    |                          ^^^^
    |
    = help: maybe it is overwritten b
efore being read?

warning: unused variable: `p`
   --> src\crdt\sequence_crdt.rs:119:
90
    |
119 | ...e { Some(positions.last().ma
p(|p| format!("{}:{}:{}", self.node_i
d.node_id, self.node_id.client_id, cl
ock.get(&self.node_id) + (...
    |                                
   ^ help: if this is intentional, pr
efix it with an underscore: `_p`

warning: variable does not need to be
 mutable
  --> src\crdt\mod.rs:76:13
   |
76 |         let mut all_less = true;
   |             ----^^^^^^^^
   |             |
   |             help: remove this `m
ut`

warning: unused variable: `id`
   --> src\crdt\mod.rs:456:32
    |
456 |     fn apply_update(&mut self, 
id: &CrdtNodeId, key: &str, value: &s
tr, clock: &LogicalClock) {
    |                                
^^ help: if this is intentional, pref
ix it with an underscore: `_id`

warning: unused variable: `max_age_se
cs`
   --> src\crdt\mod.rs:508:42
    |
508 |     pub fn cleanup_tombstones(&
mut self, max_age_secs: u64) {
    |                                
          ^^^^^^^^^^^^ help: if this 
is intentional, prefix it with an und
erscore: `_max_age_secs`

warning: unused variable: `effective_
concurrent`
   --> src\backpressure.rs:163:13
    |
163 |         let effective_concurren
t = self.current_max_concurrent.load(
Ordering::Relaxed);
    |             ^^^^^^^^^^^^^^^^^^^
^ help: if this is intentional, prefi
x it with an underscore: `_effective_
concurrent`

warning: unused variable: `buf`
   --> src\tui\ui_blocks_integration.
rs:265:5
    |
265 |     buf: &mut ratatui::buffer::
Buffer,
    |     ^^^ help: if this is intent
ional, prefix it with an underscore: 
`_buf`

warning: unused variable: `frame_star
t`
  --> src\tui\render_integration.rs:6
6:9
   |
66 |     let frame_start = Instant::n
ow();
   |         ^^^^^^^^^^^ help: if thi
s is intentional, prefix it with an u
nderscore: `_frame_start`

error[E0499]: cannot borrow `*self` a
s mutable more than once at a time
   --> src\dap\session.rs:104:13
    |
100 |     pub fn pause(&mut self, thr
ead_id: ThreadId) -> Option<&ThreadSt
ate> {
    |                  - let's call t
he lifetime of this reference `'1`
101 |         if let Some(thread) = s
elf.threads.get_mut(&thread_id) {
    |                               -
----------- first mutable borrow occu
rs here
...
104 |             self.generate_stack
_frames(thread_id);
    |             ^^^^ second mutable
 borrow occurs here
105 |             Some(thread)
    |             ------------ return
ing this value requires that `self.th
reads` is borrowed for `'1`

error[E0502]: cannot borrow `self.thr
eads` as immutable because it is also
 borrowed as mutable
   --> src\dap\session.rs:115:31
    |
111 |     pub fn continue_execution(&
mut self, thread_id: ThreadId) -> Opt
ion<&ThreadState> {
    |                               -
 let's call the lifetime of this refe
rence `'1`
112 |         if let Some(thread) = s
elf.threads.get_mut(&thread_id) {
    |                               -
----------- mutable borrow occurs her
e
...
115 |             let all_running = s
elf.threads.values().all(|t| t.state 
== ThreadStateEnum::Running);
    |                               ^
^^^^^^^^^^^ immutable borrow occurs h
ere
...
119 |             Some(thread)
    |             ------------ return
ing this value requires that `self.th
reads` is borrowed for `'1`

warning: unused variable: `filter`
   --> src\dap\session.rs:217:13
    |
217 |         for filter in filters {
    |             ^^^^^^ help: if thi
s is intentional, prefix it with an u
nderscore: `_filter`

warning: unused variable: `frame_id`
   --> src\dap\session.rs:250:46
    |
250 |     pub fn evaluate(&self, expr
ession: &str, frame_id: Option<StackF
rameId>) -> EvaluateResponse {
    |                                
              ^^^^^^^^ help: if this 
is intentional, prefix it with an und
erscore: `_frame_id`

warning: unused variable: `frame_id`
   --> src\dap\session.rs:353:35
    |
353 |     fn generate_scopes(&mut sel
f, frame_id: StackFrameId) -> Vec<Sco
pe> {
    |                                
   ^^^^^^^^ help: if this is intentio
nal, prefix it with an underscore: `_
frame_id`

warning: unused variable: `id`
   --> src\dap\adapter.rs:336:44
    |
336 |                 AdapterCommand:
:Initialize(id, _) => {
    |                                
            ^^ help: if this is inten
tional, prefix it with an underscore:
 `_id`

warning: unused variable: `id`
   --> src\dap\adapter.rs:339:40
    |
339 |                 AdapterCommand:
:Launch(id, params) => {
    |                                
        ^^ help: if this is intention
al, prefix it with an underscore: `_i
d`

warning: unused variable: `id`
   --> src\dap\adapter.rs:352:40
    |
352 |                 AdapterCommand:
:Attach(id, params) => {
    |                                
        ^^ help: if this is intention
al, prefix it with an underscore: `_i
d`

warning: unused variable: `id`
   --> src\dap\adapter.rs:355:48
    |
355 |                 AdapterCommand:
:SetBreakpoints(id, params) => {
    |                                
                ^^ help: if this is i
ntentional, prefix it with an undersc
ore: `_id`

warning: unused variable: `id`
   --> src\dap\adapter.rs:367:41
    |
367 |                 AdapterCommand:
:Threads(id) => {
    |                                
         ^^ help: if this is intentio
nal, prefix it with an underscore: `_
id`

warning: unused variable: `id`
   --> src\dap\adapter.rs:370:44
    |
370 |                 AdapterCommand:
:StackTrace(id, params) => {
    |                                
            ^^ help: if this is inten
tional, prefix it with an underscore:
 `_id`

warning: unused variable: `id`
   --> src\dap\adapter.rs:373:39
    |
373 |                 AdapterCommand:
:Pause(id, params) => {
    |                                
       ^^ help: if this is intentiona
l, prefix it with an underscore: `_id
`

warning: unused variable: `id`
   --> src\dap\adapter.rs:394:42
    |
394 |                 AdapterCommand:
:Continue(id, params) => {
    |                                
          ^^ help: if this is intenti
onal, prefix it with an underscore: `
_id`

warning: unused variable: `id`
   --> src\dap\adapter.rs:411:43
    |
411 |                 AdapterCommand:
:Terminate(id, params) => {
    |                                
           ^^ help: if this is intent
ional, prefix it with an underscore: 
`_id`

warning: unused variable: `id`
   --> src\dap\adapter.rs:427:44
    |
427 |                 AdapterCommand:
:Disconnect(id, params) => {
    |                                
            ^^ help: if this is inten
tional, prefix it with an underscore:
 `_id`

error[E0004]: non-exhaustive patterns
: `&LspOperation::CodeAction { .. }` 
and `&LspOperation::Rename { .. }` no
t covered
  --> src\lsp_client.rs:87:15
   |
87 | ...   match self { Self::GoToDef
inition { .. } => "goToDefinition", S
elf::FindReferences { .. } => "findRe
ferences", Self::Hover { ....
   |             ^^^^ patterns `&LspO
peration::CodeAction { .. }` and `&Ls
pOperation::Rename { .. }` not covere
d
   |
note: `LspOperation` defined here
  --> src\lsp_client.rs:73:10
   |
73 | pub enum LspOperation {
   |          ^^^^^^^^^^^^
...
80 |     CodeAction { file_path: Stri
ng, line: u32, character: u32 },
   |     ---------- not covered
81 |     /// textDocument/rename 鈥?閲嶅
懡鍚嶇鍙?82 |     Rename { file_path: St
ring, line: u32, character: u32, new_
name: String },
   |     ------ not covered
   = note: the matched value is of ty
pe `&LspOperation`
help: ensure that all possible cases 
are being handled by adding a match a
rm with a wildcard pattern, a match a
rm with multiple or-patterns as shown
, or multiple match arms
   |
87 |         match self { Self::GoToD
efinition { .. } => "goToDefinition",
 Self::FindReferences { .. } => "find
References", Self::Hover { .. } => "h
over", Self::DocumentSymbol { .. } =>
 "documentSymbol", Self::WorkspaceSym
bol { .. } => "workspaceSymbol", &Lsp
Operation::CodeAction { .. } | &LspOp
eration::Rename { .. } => todo!() }
   |                                 
                                     
                                     
                                     
                                     
                                     
                               ++++++
+++++++++++++++++++++++++++++++++++++
+++++++++++++++++++++++++++++++++

error[E0004]: non-exhaustive patterns
: `&LspOperation::CodeAction { .. }` 
and `&LspOperation::Rename { .. }` no
t covered
   --> src\lsp_client.rs:190:15
    |
190 |         match op {
    |               ^^ patterns `&Lsp
Operation::CodeAction { .. }` and `&L
spOperation::Rename { .. }` not cover
ed
    |
note: `LspOperation` defined here
   --> src\lsp_client.rs:73:10
    |
 73 | pub enum LspOperation {
    |          ^^^^^^^^^^^^
...
 80 |     CodeAction { file_path: Str
ing, line: u32, character: u32 },
    |     ---------- not covered
 81 |     /// textDocument/rename 鈥?閲
嶅懡鍚嶇鍙? 82 |     Rename { file_path: 
String, line: u32, character: u32, ne
w_name: String },
    |     ------ not covered
    = note: the matched value is of t
ype `&LspOperation`
help: ensure that all possible cases 
are being handled by adding a match a
rm with a wildcard pattern, a match a
rm with multiple or-patterns as shown
, or multiple match arms
    |
195 ~             LspOperation::Works
paceSymbol { query } => ("workspace/s
ymbol".to_string(), serde_json::json!
({ "query": query })),
196 ~             &LspOperation::Code
Action { .. } | &LspOperation::Rename
 { .. } => todo!(),
    |

warning: unused variable: `i`
  --> src\completion_quality.rs:74:13
   |
74 |         for i in 0..3 {
   |             ^ help: if this is i
ntentional, prefix it with an undersc
ore: `_i`

warning: unused variable: `hint`
   --> src\completion_quality.rs:497:
21
    |
497 |         if let Some(hint) = &ct
x.syntax_hint {
    |                     ^^^^ help: 
if this is intentional, prefix it wit
h an underscore: `_hint`

warning: unused variable: `normalized
_new`
   --> src\diff_integration.rs:166:13
    |
166 |         let normalized_new = no
rmalize_for_match(&op.new_string);
    |             ^^^^^^^^^^^^^^ help
: if this is intentional, prefix it w
ith an underscore: `_normalized_new`

warning: unused variable: `prompt`
   --> src\compilation_engine.rs:313:
13
    |
313 |         let prompt = self.engin
e.read().await.format_fix_prompt(&res
ult);
    |             ^^^^^^ help: if thi
s is intentional, prefix it with an u
nderscore: `_prompt`

warning: unused variable: `fix_prompt
`
   --> src\agent_runtime.rs:127:17
    |
127 |             let fix_prompt = se
lf.compiler.read().await.format_fix_p
rompt(&compile_result);
    |                 ^^^^^^^^^^ help
: if this is intentional, prefix it w
ith an underscore: `_fix_prompt`

error: cannot explicitly dereference 
within an implicitly-borrowing patter
n
   --> src\agent_runtime.rs:308:22
    |
308 |         .filter(|(_, &d)| d == 
0)
    |                      ^ referenc
e pattern not allowed when implicitly
 borrowing
    |
    = note: for more information, see
 <https://doc.rust-lang.org/reference
/patterns.html#binding-modes>
note: matching on a reference type wi
th a non-reference pattern implicitly
 borrows the contents
   --> src\agent_runtime.rs:308:18
    |
308 |         .filter(|(_, &d)| d == 
0)
    |                  ^^^^^^^ this n
on-reference pattern matches on a ref
erence type `&_`
help: match on the reference with a r
eference pattern to avoid implicitly 
borrowing
    |
308 |         .filter(|&(_, &d)| d ==
 0)
    |                  +

warning: value assigned to `current_c
md_words` is never read
   --> src\completion\bash\fish.rs:75
3:25
    |
753 |                         current
_cmd_words = vec![];
    |                         ^^^^^^^
^^^^^^^^^^
    |
    = help: maybe it is overwritten b
efore being read?

warning: value assigned to `current_c
md_words` is never read
   --> src\completion\bash\fish.rs:77
5:25
    |
775 |                         current
_cmd_words = vec![];
    |                         ^^^^^^^
^^^^^^^^^^
    |
    = help: maybe it is overwritten b
efore being read?

warning: unused variable: `expected_t
ype`
   --> src\completion\integration.rs:
198:55
    |
198 |     pub fn filter_by_type(items
: Vec<CompletionItem>, expected_type:
 &str) -> Vec<CompletionItem> {
    |                                
                       ^^^^^^^^^^^^^ 
help: if this is intentional, prefix 
it with an underscore: `_expected_typ
e`

warning: unused variable: `file_path`
   --> src\semantic\mod.rs:261:26
    |
261 |     pub async fn predict(file_p
ath: &str, content: &str, cursor_line
: usize) -> Vec<Intent> {
    |                          ^^^^^^
^^^ help: if this is intentional, pre
fix it with an underscore: `_file_pat
h`

warning: unused variable: `suggestion
`
   --> src\verify\mod.rs:163:33
    |
163 |                     if let Some
(ref suggestion) = result.fix_suggest
ion {
    |                                
 ^^^^^^^^^^^^^^ help: if this is inte
ntional, prefix it with an underscore
: `_suggestion`

warning: unused variable: `adjusted_m
ax`
   --> src\concurrency_optimizer.rs:1
35:13
    |
135 |         let adjusted_max = if p
99 > P99_TARGET_MS {
    |             ^^^^^^^^^^^^ help: 
if this is intentional, prefix it wit
h an underscore: `_adjusted_max`

warning: unused variable: `batch_dura
tion`
   --> src\inference_optimizer.rs:180
:17
    |
180 |             let batch_duration 
= batch_start.elapsed();
    |                 ^^^^^^^^^^^^^^ 
help: if this is intentional, prefix 
it with an underscore: `_batch_durati
on`

warning: unused variable: `model_path
`
  --> src\inference_integration.rs:60
:5
   |
60 |     model_path: &str,
   |     ^^^^^^^^^^ help: if this is 
intentional, prefix it with an unders
core: `_model_path`

warning: unused variable: `ctx_size`
  --> src\inference_integration.rs:61
:5
   |
61 |     ctx_size: u32,
   |     ^^^^^^^^ help: if this is in
tentional, prefix it with an undersco
re: `_ctx_size`

warning: unused variable: `threads`
  --> src\inference_integration.rs:62
:5
   |
62 |     threads: u32,
   |     ^^^^^^^ help: if this is int
entional, prefix it with an underscor
e: `_threads`

error[E0499]: cannot borrow `*self` a
s mutable more than once at a time
   --> src\distributed\fault_toleranc
e.rs:302:13
    |
293 |           let tracker = self
    |  _______________________-
294 | |             .node_trackers
    | |__________________________- fi
rst mutable borrow occurs here
...
302 |               self.send_alert(n
ode_id, new_state, tracker.consecutiv
e_failures);
    |               ^^^^             
                   ------------------
---------- first borrow later used he
re
    |               |
    |               second mutable bo
rrow occurs here

warning: unused variable: `call_graph
`
   --> src\context\intelligent_select
or.rs:194:9
    |
194 |         call_graph: &HashMap<St
ring, Vec<String>>,
    |         ^^^^^^^^^^ help: if thi
s is intentional, prefix it with an u
nderscore: `_call_graph`

warning: unused variable: `content`
   --> src\completion_engine\context.
rs:222:35
    |
222 |     fn analyze_syntax_tree(&sel
f, content: &str, position: Position,
 language: &str) -> Option<TreeContex
t> {
    |                                
   ^^^^^^^ help: if this is intention
al, prefix it with an underscore: `_c
ontent`

warning: unused variable: `position`
   --> src\completion_engine\context.
rs:222:50
    |
222 |     fn analyze_syntax_tree(&sel
f, content: &str, position: Position,
 language: &str) -> Option<TreeContex
t> {
    |                                
                  ^^^^^^^^ help: if t
his is intentional, prefix it with an
 underscore: `_position`

warning: unreachable pattern
  --> src\knowledge_agents\project_sc
anner.rs:39:9
   |
26 |         "rs" => Some("Rust"),
   |         ---- matches all the rel
evant values
...
39 |         "rs"  => Some("Rust"),
   |         ^^^^ no value can reach 
this
   |
   = note: `#[warn(unreachable_patter
ns)]` (part of `#[warn(unused)]`) on 
by default

warning: unused variable: `config`
   --> src\knowledge_agents\project_s
canner.rs:113:40
    |
113 | pub async fn scan_project(root:
 &Path, config: &PipelineConfig) -> R
esult<Vec<FileEntry>, String> {
    |                                
        ^^^^^^ help: if this is inten
tional, prefix it with an underscore:
 `_config`

warning: unused variable: `style`
   --> src\knowledge_agents\knowledge
_graph.rs:192:17
    |
192 |             let style = match l
ayer {
    |                 ^^^^^ help: if 
this is intentional, prefix it with a
n underscore: `_style`

warning: unused variable: `bracket_st
art`
   --> src\knowledge_agents\article_a
nalyzer.rs:160:29
    |
160 |                 if let Some(bra
cket_start) = before.rfind('[') {
    |                             ^^^
^^^^^^^^^^ help: if this is intention
al, prefix it with an underscore: `_b
racket_start`

error[E0733]: recursion in an async f
n requires boxing
   --> src\memory_advanced\tencent_po
rt.rs:796:5
    |
796 |     pub async fn drill_down(&se
lf, item_id: &str) -> Vec<TieredMemor
yItem> {
    |     ^^^^^^^^^^^^^^^^^^^^^^^^^^^
^^^^^^^^^^^^^^^^^^^^^^^^^^^^^^^^^^^^^
^^^^^^
...
819 |             let sub_chain = sel
f.drill_down(source_id).await;
    |                             ---
----------------------------- recursi
ve call here
    |
    = note: a recursive `async fn` ca
ll must introduce indirection such as
 `Box::pin` to avoid an infinitely si
zed future

warning: unused variable: `prompt`
   --> src\performance_advanced\cache
_optimizer.rs:184:50
    |
184 |     pub async fn record_request
(&self, key: u64, prompt: &str, hit_l
evel: CacheHitLevel, response_time_ms
: f64, tokens_saved: u32) {
    |                                
                  ^^^^^^ help: if thi
s is intentional, prefix it with an u
nderscore: `_prompt`

warning: unused variable: `records`
   --> src\performance_advanced\cache
_optimizer.rs:311:21
    |
311 |         if let Some(records) = 
patterns.get(&current_key) {
    |                     ^^^^^^^ hel
p: if this is intentional, prefix it 
with an underscore: `_records`

warning: unused variable: `now`
   --> src\performance_advanced\mod.r
s:228:13
    |
228 |         let now = SystemTime::n
ow();
    |             ^^^ help: if this i
s intentional, prefix it with an unde
rscore: `_now`

warning: unused variable: `key`
   --> src\performance_advanced\mod.r
s:746:29
    |
746 |     pub async fn get(&self, key
: u64) -> Option<String> {
    |                             ^^^
 help: if this is intentional, prefix
 it with an underscore: `_key`

warning: unused variable: `key`
   --> src\performance_advanced\mod.r
s:752:29
    |
752 |     pub async fn set(&self, key
: u64, value: &str, ttl: Duration) ->
 Result<(), String> {
    |                             ^^^
 help: if this is intentional, prefix
 it with an underscore: `_key`

warning: unused variable: `value`
   --> src\performance_advanced\mod.r
s:752:39
    |
752 |     pub async fn set(&self, key
: u64, value: &str, ttl: Duration) ->
 Result<(), String> {
    |                                
       ^^^^^ help: if this is intenti
onal, prefix it with an underscore: `
_value`

warning: unused variable: `ttl`
   --> src\performance_advanced\mod.r
s:752:52
    |
752 |     pub async fn set(&self, key
: u64, value: &str, ttl: Duration) ->
 Result<(), String> {
    |                                
                    ^^^ help: if this
 is intentional, prefix it with an un
derscore: `_ttl`

warning: unused variable: `url`
   --> src\p2_integration.rs:131:13
    |
131 |         let url = server.url();
    |             ^^^ help: if this i
s intentional, prefix it with an unde
rscore: `_url`

error[E0433]: failed to resolve: use 
of unresolved module or unlinked crat
e `lru`
  --> src\performance_advanced\mod.rs
:21:27
   |
21 |     l1_memory: Arc<RwLock<lru::L
ruCache<u64, CachedResponse>>>,  // L
1: 鐑紦瀛?(<1ms)
   |                           ^^^ us
e of unresolved module or unlinked cr
ate `lru`
   |
   = help: if you wanted to use a cra
te named `lru`, use `cargo add lru` t
o add it to your `Cargo.toml`

error[E0308]: mismatched types
   --> src\tdd\mod.rs:259:26
    |
259 |                 content: prompt
,
    |                          ^^^^^^
 expected `Vec<ContentBlock>`, found 
`String`
    |
    = note: expected struct `Vec<jcod
e_message_types::ContentBlock>`
               found struct `std::str
ing::String`

Some errors have detailed explanation
s: E0004, E0010, E0015, E0038, E0061,
 E0106, E0195, E0277, E0282...
For more information about an error, 
try `rustc --explain E0004`.
warning: `carpai` (lib) generated 149
 warnings
error: could not compile `carpai` (li
b) due to 282 previous errors; 149 wa
rnings emitted
