error: could not compile `carpai` (lib) due to 153 previous errors; 156 warnings emitted
